Number of rows in the embedding table: 10000
Batch size: 8

Embedding dimension: 768
block size: 128
Average execution time of dense embedding kernel (k1): 6918.998535 (us)
Average execution time of dense embedding kernel (k2): 2317.697998 (us)
Average execution time of dense embedding kernel (k3): 2063.706055 (us)
FAIL
block size: 256
Average execution time of dense embedding kernel (k1): 2063.656006 (us)
Average execution time of dense embedding kernel (k2): 2001.296143 (us)
Average execution time of dense embedding kernel (k3): 2046.312134 (us)
FAIL
block size: 512
Average execution time of dense embedding kernel (k1): 2150.875000 (us)
Average execution time of dense embedding kernel (k2): 2061.552002 (us)
Average execution time of dense embedding kernel (k3): 1891.092041 (us)
FAIL
block size: 1024
Average execution time of dense embedding kernel (k1): 2142.349121 (us)
Average execution time of dense embedding kernel (k2): 2039.318115 (us)
Average execution time of dense embedding kernel (k3): 1874.751099 (us)
FAIL

Embedding dimension: 2048
block size: 128
Average execution time of dense embedding kernel (k1): 1996.667114 (us)
Average execution time of dense embedding kernel (k2): 1961.178101 (us)
Average execution time of dense embedding kernel (k3): 2064.156982 (us)
FAIL
block size: 256
Average execution time of dense embedding kernel (k1): 2163.169189 (us)
Average execution time of dense embedding kernel (k2): 1797.280029 (us)
Average execution time of dense embedding kernel (k3): 1884.710083 (us)
FAIL
block size: 512
Average execution time of dense embedding kernel (k1): 2301.226074 (us)
Average execution time of dense embedding kernel (k2): 1937.812134 (us)
Average execution time of dense embedding kernel (k3): 1917.543091 (us)
FAIL
block size: 1024
Average execution time of dense embedding kernel (k1): 2023.979126 (us)
Average execution time of dense embedding kernel (k2): 1831.426147 (us)
Average execution time of dense embedding kernel (k3): 2006.335083 (us)
FAIL

Embedding dimension: 12288
block size: 128
Average execution time of dense embedding kernel (k1): 2889.766113 (us)
Average execution time of dense embedding kernel (k2): 2894.475098 (us)
Average execution time of dense embedding kernel (k3): 3751.784180 (us)
FAIL
block size: 256
Average execution time of dense embedding kernel (k1): 2517.586182 (us)
Average execution time of dense embedding kernel (k2): 2238.114014 (us)
Average execution time of dense embedding kernel (k3): 2858.655029 (us)
FAIL
block size: 512
Average execution time of dense embedding kernel (k1): 2328.920166 (us)
Average execution time of dense embedding kernel (k2): 2076.291016 (us)
Average execution time of dense embedding kernel (k3): 2541.712158 (us)
FAIL
block size: 1024
Average execution time of dense embedding kernel (k1): 2183.517090 (us)
Average execution time of dense embedding kernel (k2): 2130.425049 (us)
Average execution time of dense embedding kernel (k3): 2204.559082 (us)
FAIL
dense-embedding snapshot written to /tmp/bitir_fault_path_dense-embedding_site381_bit31_trial2/dense-embedding_site381_bit31_trial2.bin
mismatch
