Number of rows in the embedding table: 10000
Batch size: 8

Embedding dimension: 768
block size: 128
Average execution time of dense embedding kernel (k1): 415.920013 (us)
Average execution time of dense embedding kernel (k2): 189.596008 (us)
Average execution time of dense embedding kernel (k3): 338.294006 (us)
PASS
block size: 256
Average execution time of dense embedding kernel (k1): 106.670006 (us)
Average execution time of dense embedding kernel (k2): 94.457001 (us)
Average execution time of dense embedding kernel (k3): 168.737015 (us)
PASS
block size: 512
Average execution time of dense embedding kernel (k1): 76.274002 (us)
Average execution time of dense embedding kernel (k2): 67.837006 (us)
Average execution time of dense embedding kernel (k3): 93.996002 (us)
PASS
block size: 1024
Average execution time of dense embedding kernel (k1): 47.519001 (us)
Average execution time of dense embedding kernel (k2): 44.143002 (us)
Average execution time of dense embedding kernel (k3): 57.227001 (us)
PASS

Embedding dimension: 2048
block size: 128
Average execution time of dense embedding kernel (k1): 497.063019 (us)
Average execution time of dense embedding kernel (k2): 430.117035 (us)
Average execution time of dense embedding kernel (k3): 824.266052 (us)
PASS
block size: 256
Average execution time of dense embedding kernel (k1): 257.764008 (us)
Average execution time of dense embedding kernel (k2): 224.871017 (us)
Average execution time of dense embedding kernel (k3): 421.511017 (us)
PASS
block size: 512
Average execution time of dense embedding kernel (k1): 140.574005 (us)
Average execution time of dense embedding kernel (k2): 122.470009 (us)
Average execution time of dense embedding kernel (k3): 222.207016 (us)
PASS
block size: 1024
Average execution time of dense embedding kernel (k1): 82.194000 (us)
Average execution time of dense embedding kernel (k2): 72.376007 (us)
Average execution time of dense embedding kernel (k3): 122.539009 (us)
PASS

Embedding dimension: 12288
block size: 128
Average execution time of dense embedding kernel (k1): 2863.671143 (us)
Average execution time of dense embedding kernel (k2): 2479.380127 (us)
Average execution time of dense embedding kernel (k3): 4858.683105 (us)
PASS
block size: 256
Average execution time of dense embedding kernel (k1): 1445.010010 (us)
Average execution time of dense embedding kernel (k2): 1253.731079 (us)
Average execution time of dense embedding kernel (k3): 2452.540039 (us)
PASS
block size: 512
Average execution time of dense embedding kernel (k1): 738.565063 (us)
Average execution time of dense embedding kernel (k2): 640.852051 (us)
Average execution time of dense embedding kernel (k3): 1248.482056 (us)
PASS
block size: 1024
Average execution time of dense embedding kernel (k1): 399.870026 (us)
Average execution time of dense embedding kernel (k2): 339.757019 (us)
Average execution time of dense embedding kernel (k3): 653.626038 (us)
PASS
dense-embedding snapshot written to /var/tmp/pbs.7277572.polaris-pbs-01.hsn.cm.polaris.alcf.anl.gov/nvidia_divergence_dense-embedding_124_9_7277572.polaris-pbs-01.hsn.cm.polaris.alcf.anl.gov/dense-embedding_site124_bit9.bin
mismatch
