Number of rows in the embedding table: 10000
Batch size: 8

Embedding dimension: 768
block size: 128
Average execution time of dense embedding kernel (k1): 402.375031 (us)
Average execution time of dense embedding kernel (k2): 175.850006 (us)
Average execution time of dense embedding kernel (k3): 316.303009 (us)
PASS
block size: 256
Average execution time of dense embedding kernel (k1): 99.547005 (us)
Average execution time of dense embedding kernel (k2): 87.844002 (us)
Average execution time of dense embedding kernel (k3): 155.231003 (us)
PASS
block size: 512
Average execution time of dense embedding kernel (k1): 71.274002 (us)
Average execution time of dense embedding kernel (k2): 63.970001 (us)
Average execution time of dense embedding kernel (k3): 87.013000 (us)
PASS
block size: 1024
Average execution time of dense embedding kernel (k1): 44.634003 (us)
Average execution time of dense embedding kernel (k2): 41.628002 (us)
Average execution time of dense embedding kernel (k3): 52.959003 (us)
PASS

Embedding dimension: 2048
block size: 128
Average execution time of dense embedding kernel (k1): 461.265015 (us)
Average execution time of dense embedding kernel (k2): 400.531006 (us)
Average execution time of dense embedding kernel (k3): 763.251038 (us)
PASS
block size: 256
Average execution time of dense embedding kernel (k1): 240.090012 (us)
Average execution time of dense embedding kernel (k2): 209.533005 (us)
Average execution time of dense embedding kernel (k3): 391.805023 (us)
PASS
block size: 512
Average execution time of dense embedding kernel (k1): 130.134003 (us)
Average execution time of dense embedding kernel (k2): 114.074005 (us)
Average execution time of dense embedding kernel (k3): 206.317017 (us)
PASS
block size: 1024
Average execution time of dense embedding kernel (k1): 75.732002 (us)
Average execution time of dense embedding kernel (k2): 67.887001 (us)
Average execution time of dense embedding kernel (k3): 114.144005 (us)
PASS

Embedding dimension: 12288
block size: 128
Average execution time of dense embedding kernel (k1): 2862.859131 (us)
Average execution time of dense embedding kernel (k2): 2479.540039 (us)
Average execution time of dense embedding kernel (k3): 4845.347168 (us)
PASS
block size: 256
Average execution time of dense embedding kernel (k1): 1446.714111 (us)
Average execution time of dense embedding kernel (k2): 1253.531006 (us)
Average execution time of dense embedding kernel (k3): 2445.546143 (us)
PASS
block size: 512
Average execution time of dense embedding kernel (k1): 739.197021 (us)
Average execution time of dense embedding kernel (k2): 639.950012 (us)
Average execution time of dense embedding kernel (k3): 1246.077026 (us)
PASS
block size: 1024
Average execution time of dense embedding kernel (k1): 396.574005 (us)
Average execution time of dense embedding kernel (k2): 340.087006 (us)
Average execution time of dense embedding kernel (k3): 651.331055 (us)
PASS
dense-embedding snapshot written to /var/tmp/pbs.7277572.polaris-pbs-01.hsn.cm.polaris.alcf.anl.gov/nvidia_divergence_dense-embedding_122_9_7277572.polaris-pbs-01.hsn.cm.polaris.alcf.anl.gov/dense-embedding_site122_bit9.bin
mismatch
