:3:rocdevice.cpp            :465 : 4394836625930 us: [pid:109312 tid: 0x7faa730f3200] Initializing HSA stack.
:3:rocdevice.cpp            :551 : 4394836984042 us: [pid:109312 tid: 0x7faa730f3200] Enumerated GPU agents = 1
:3:rocdevice.cpp            :230 : 4394836984111 us: [pid:109312 tid: 0x7faa730f3200] Numa selects cpu agent[0]=0x14150bd0(fine=0x141cabd0,coarse=0x141d77f0) for gpu agent=0x141d9a30 CPU<->GPU XGMI=0
:3:rocsettings.cpp          :284 : 4394836984137 us: [pid:109312 tid: 0x7faa730f3200] Using dev kernel arg wa = 0
:3:comgrctx.cpp             :33  : 4394836984154 us: [pid:109312 tid: 0x7faa730f3200] Loading COMGR library.
:3:comgrctx.cpp             :128 : 4394836984190 us: [pid:109312 tid: 0x7faa730f3200] Loaded COMGR library version 3.0.
:3:rocdevice.cpp            :1785: 4394836984703 us: [pid:109312 tid: 0x7faa730f3200] Gfx Major/Minor/Stepping: 9/0/10
:3:rocdevice.cpp            :1787: 4394836984714 us: [pid:109312 tid: 0x7faa730f3200] HMM support: 1, XNACK: 0, Direct host access: 0
:3:rocdevice.cpp            :1789: 4394836984723 us: [pid:109312 tid: 0x7faa730f3200] Max SDMA Read Mask: 0x1e, Max SDMA Write Mask: 0x1f
:4:rocdevice.cpp            :2210: 4394836985155 us: [pid:109312 tid: 0x7faa730f3200] Allocate hsa host memory 0x7faa60800000, size 0x100000, numa_node = 0
:4:rocdevice.cpp            :2210: 4394837038652 us: [pid:109312 tid: 0x7faa730f3200] Allocate hsa host memory 0x7faa60200000, size 0x400000, numa_node = 0
:4:rocdevice.cpp            :2210: 4394837038836 us: [pid:109312 tid: 0x7faa730f3200] Allocate hsa host memory 0x7faa7d536000, size 0x38, numa_node = 0
:3:hip_context.cpp          :54  : 4394837039239 us: [pid:109312 tid: 0x7faa730f3200] Direct Dispatch: 1
:3:hip_fatbin.cpp           :427 : 4394837039438 us: [pid:109312 tid: 0x7faa730f3200] Searching for code objects, HIP_FORCE_SPIRV_CODEOBJECT: 0
:3:hip_fatbin.cpp           :435 : 4394837039784 us: [pid:109312 tid: 0x7faa730f3200] Using Native code object: gfx90a:sramecc+:xnack-
:3:hip_memory.cpp           :756 : 4394837039827 us: [pid:109312 tid: 0x7faa730f3200] [32m hipMalloc ( 0x7fff784a3e18, 192 ) [0m
:4:rocdevice.cpp            :2371: 4394837039931 us: [pid:109312 tid: 0x7faa730f3200] Allocate hsa device memory 0x7fa949600000, size 0xc0, hsa_mem_flags 0x0h
:3:rocdevice.cpp            :2411: 4394837040240 us: [pid:109312 tid: 0x7faa730f3200] Device=0x142c3c50, freeMem_ = 0xffeffff40
:3:hip_memory.cpp           :758 : 4394837040258 us: [pid:109312 tid: 0x7faa730f3200] hipMalloc: Returned hipSuccess : 0x7fa949600000: duration: 431 us
:3:hip_memory.cpp           :3476: 4394837040277 us: [pid:109312 tid: 0x7faa730f3200] [32m hipMemset ( 0x7fa949600000, 0, 192 ) [0m
:3:rocdevice.cpp            :3048: 4394837040298 us: [pid:109312 tid: 0x7faa730f3200] Number of allocated hardware queues with low priority: 0, with normal priority: 0, with high priority: 0, maximum per priority is: 4
:3:rocdevice.cpp            :3129: 4394837051824 us: [pid:109312 tid: 0x7faa730f3200] Created SWq=0x7faa730de000 to map on HWq=0x7fa933200000 with size 16384 with priority 1, cooperative: 0
:3:rocdevice.cpp            :3222: 4394837051854 us: [pid:109312 tid: 0x7faa730f3200] acquireQueue refCount: 0x7fa933200000 (1)
:4:rocdevice.cpp            :2210: 4394837052260 us: [pid:109312 tid: 0x7faa730f3200] Allocate hsa host memory 0x7fa933000000, size 0x100000, numa_node = 0
:3:devprogram.cpp           :2658: 4394837344283 us: [pid:109312 tid: 0x7faa730f3200] Using Code Object V5.
:4:rocdevice.cpp            :2210: 4394838100657 us: [pid:109312 tid: 0x7faa730f3200] Allocate hsa host memory 0x7fa932a00000, size 0x400000, numa_node = 0
:4:command.cpp              :359 : 4394838100789 us: [pid:109312 tid: 0x7faa730f3200] Command (FillBuffer) enqueued: 0x143f3940
:3:rocvirtual.cpp           :762 : 4394838100803 us: [pid:109312 tid: 0x7faa730f3200] Arg0: void* buf = ptr:0x7fa949600000
:3:rocvirtual.cpp           :778 : 4394838100809 us: [pid:109312 tid: 0x7faa730f3200] Arg0: void* buf = ptr:0x7fa949600000 obj:[0x7fa949600000-0x7fa9496000c0]
:3:rocvirtual.cpp           :762 : 4394838100817 us: [pid:109312 tid: 0x7faa730f3200] Arg1: uchar* pattern = ptr:0x7fa933000000
:3:rocvirtual.cpp           :853 : 4394838100828 us: [pid:109312 tid: 0x7faa730f3200] Arg2: uint pattern_size = val:1
:3:rocvirtual.cpp           :853 : 4394838100833 us: [pid:109312 tid: 0x7faa730f3200] Arg3: uint alignment = val:16
:3:rocvirtual.cpp           :853 : 4394838100838 us: [pid:109312 tid: 0x7faa730f3200] Arg4: ulong end_ptr = val:140365057228992
:3:rocvirtual.cpp           :853 : 4394838100843 us: [pid:109312 tid: 0x7faa730f3200] Arg5: uint next_chunk = val:256
:3:rocvirtual.cpp           :3236: 4394838100855 us: [pid:109312 tid: 0x7faa730f3200] ShaderName : __amd_rocclr_fillBufferAligned
:3:rocvirtual.cpp           :3449: 4394838100865 us: [pid:109312 tid: 0x7faa730f3200] KernargSegmentByteSize = 296 KernargSegmentAlignment = 128
:4:rocvirtual.cpp           :965 : 4394838102222 us: [pid:109312 tid: 0x7faa730f3200] SWq=0x7faa730de000, HWq=0x7fa933200000, id=1, Dispatch Header = 0xb02 (type=2, barrier=1, acquire=1, release=1), setup=1, grid=[256, 1, 1], workgroup=[256, 1, 1], private_seg_size=0, group_seg_size=0, kernel_obj=0x7faa730cdd40, kernarg_address=0x7fa933000100, completion_signal=0x0, correlation_id=0, rptr=0, wptr=0
:3:hip_memory.cpp           :3477: 4394838102240 us: [pid:109312 tid: 0x7faa730f3200] hipMemset: Returned hipSuccess : 
:3:hip_device_runtime.cpp   :641 : 4394838102249 us: [pid:109312 tid: 0x7faa730f3200] [32m hipDeviceSynchronize (  ) [0m
:4:commandqueue.cpp         :161 : 4394838102256 us: [pid:109312 tid: 0x7faa730f3200] Marker queued to ensure finish
:4:command.cpp              :359 : 4394838102261 us: [pid:109312 tid: 0x7faa730f3200] Command (InternalMarker) enqueued: 0x14b52540
:3:rocvirtual.cpp           :533 : 4394838102280 us: [pid:109312 tid: 0x7faa730f3200] Set Handler: handle(0x7faa72ffd600), timestamp(0x1431c9c0)
:4:rocvirtual.cpp           :1147: 4394838102288 us: [pid:109312 tid: 0x7faa730f3200] SWq=0x7faa730de000, HWq=0x7fa933200000, id=1, BarrierAND Header = 0x1503 (type=3, barrier=1, acquire=2, release=2), dep_signal=[0x0, 0x0, 0x0, 0x0, 0x0], completion_signal=0x7faa72ffd600
:3:rocvirtual.hpp           :56  : 4394838102300 us: [pid:109312 tid: 0x7faa730f3200] Host active wait for Signal = (0x7faa72ffd600) for -1 ns
:4:commandqueue.cpp         :184 : 4394838102310 us: [pid:109312 tid: 0x7faa730f3200] All commands finished
:3:hip_device_runtime.cpp   :645 : 4394838102325 us: [pid:109312 tid: 0x7faa730f3200] hipDeviceSynchronize: Returned hipSuccess : 
:3:rocvirtual.cpp           :226 : 4394838102341 us: [pid:109312 tid: 0x7fa9457ff6c0] Handler: value(0), timestamp(0x147e34e0), handle(0x7faa72ffd600)
:3:hip_platform.cpp         :237 : 4394838106148 us: [pid:109312 tid: 0x7faa730f3200] [32m __hipPushCallConfiguration ( {1,1,1}, {16,16,1}, 0, stream:<null> ) [0m
:3:hip_platform.cpp         :241 : 4394838106181 us: [pid:109312 tid: 0x7faa730f3200] __hipPushCallConfiguration: Returned hipSuccess : 
:4:command.cpp              :169 : 4394838106170 us: [pid:109312 tid: 0x7fa9457ff6c0] Command 0x143f3940 complete
:3:hip_platform.cpp         :246 : 4394838106194 us: [pid:109312 tid: 0x7faa730f3200] [32m __hipPopCallConfiguration ( {2018131864,32767,0}, {2105907282,32682,16}, 0x7fff784a3d10, 0x7fff784a3d08 ) [0m
:3:hip_platform.cpp         :255 : 4394838106214 us: [pid:109312 tid: 0x7faa730f3200] __hipPopCallConfiguration: Returned hipSuccess : 
:4:command.cpp              :163 : 4394838106207 us: [pid:109312 tid: 0x7fa9457ff6c0] Command 0x14b52540 complete (Wall: 4394838106205, CPU: 0, GPU: 3937 us)
:3:hip_module.cpp           :744 : 4394838106258 us: [pid:109312 tid: 0x7faa730f3200] [32m hipLaunchKernel ( 0x200d38, {1,1,1}, {16,16,1}, 0x7fff784a3cc0, 0, stream:<null> ) [0m
:3:devprogram.cpp           :2658: 4394838108405 us: [pid:109312 tid: 0x7faa730f3200] Using Code Object V5.
:4:command.cpp              :359 : 4394838112594 us: [pid:109312 tid: 0x7faa730f3200] Command (KernelExecution) enqueued: 0x1435d580
:3:rocvirtual.cpp           :762 : 4394838114178 us: [pid:109312 tid: 0x7faa730f3200] Arg0:   = ptr:0x7fa949600000
:3:rocvirtual.cpp           :778 : 4394838114188 us: [pid:109312 tid: 0x7faa730f3200] Arg0:   = ptr:0x7fa949600000 obj:[0x7fa949600000-0x7fa9496000c0]
:3:rocvirtual.cpp           :853 : 4394838114196 us: [pid:109312 tid: 0x7faa730f3200] Arg1:   = val:8
:3:rocvirtual.cpp           :853 : 4394838114201 us: [pid:109312 tid: 0x7faa730f3200] Arg2:   = val:4
:3:rocvirtual.cpp           :853 : 4394838114205 us: [pid:109312 tid: 0x7faa730f3200] Arg3:   = val:1176666112
:3:rocvirtual.cpp           :853 : 4394838114210 us: [pid:109312 tid: 0x7faa730f3200] Arg4:   = val:1176256512
:3:rocvirtual.cpp           :3236: 4394838114222 us: [pid:109312 tid: 0x7faa730f3200] ShaderName : color(unsigned char*, int, int, float, float)
:4:rocdevice.cpp            :2210: 4394842847701 us: [pid:109312 tid: 0x7faa730f3200] Allocate hsa host memory 0x7fa931c00000, size 0xd13838, numa_node = 0
:3:rocdevice.cpp            :3322: 4394842848605 us: [pid:109312 tid: 0x7faa730f3200] Created hostcall buffer 0x7fa931c00000 for hardware queue 0x7fa933200000
:4:rocsignal.cpp            :38  : 4394842849019 us: [pid:109312 tid: 0x7faa730f3200] Initialize Hostcall signal=0x7faa72ffd380
:3:devhostcall.cpp          :428 : 4394842849214 us: [pid:109312 tid: 0x7faa730f3200] Launched hostcall listener at 0x143ebd00
:3:devhostcall.cpp          :441 : 4394842849223 us: [pid:109312 tid: 0x7faa730f3200] Registered hostcall buffer 0x7fa931c00000 with listener 0x143ebd00
:4:rocdevice.cpp            :2371: 4394842849247 us: [pid:109312 tid: 0x7faa730f3200] Allocate hsa device memory 0x7fa949601000, size 0x20000, hsa_mem_flags 0x0h
:4:rocdevice.cpp            :2371: 4394842849336 us: [pid:109312 tid: 0x7faa730f3200] Allocate hsa device memory 0x7fa931200000, size 0x800000, hsa_mem_flags 0x0h
:3:rocvirtual.cpp           :853 : 4394842849356 us: [pid:109312 tid: 0x7faa730f3200] Arg0: ulong heap_to_initialize = val:140365057232896
:3:rocvirtual.cpp           :853 : 4394842849367 us: [pid:109312 tid: 0x7faa730f3200] Arg1: ulong initial_blocks = val:140364650381312
:3:rocvirtual.cpp           :853 : 4394842849378 us: [pid:109312 tid: 0x7faa730f3200] Arg2: uint heap_size = val:131072
:3:rocvirtual.cpp           :853 : 4394842849776 us: [pid:109312 tid: 0x7faa730f3200] Arg3: uint number_of_initial_blocks = val:4
:3:rocvirtual.cpp           :3236: 4394842849793 us: [pid:109312 tid: 0x7faa730f3200] ShaderName : __amd_rocclr_initHeap
:3:rocvirtual.cpp           :3449: 4394842849802 us: [pid:109312 tid: 0x7faa730f3200] KernargSegmentByteSize = 24 KernargSegmentAlignment = 128
:4:rocvirtual.cpp           :965 : 4394842849819 us: [pid:109312 tid: 0x7faa730f3200] SWq=0x7faa730de000, HWq=0x7fa933200000, id=1, Dispatch Header = 0xb02 (type=2, barrier=1, acquire=1, release=1), setup=1, grid=[256, 1, 1], workgroup=[256, 1, 1], private_seg_size=0, group_seg_size=0, kernel_obj=0x7faa730ce0c0, kernarg_address=0x7fa933000280, completion_signal=0x0, correlation_id=0, rptr=2, wptr=2
:4:rocvirtual.cpp           :1147: 4394842849846 us: [pid:109312 tid: 0x7faa730f3200] SWq=0x7faa730de000, HWq=0x7fa933200000, id=1, BarrierAND Header = 0x1503 (type=3, barrier=1, acquire=2, release=2), dep_signal=[0x0, 0x0, 0x0, 0x0, 0x0], completion_signal=0x7faa72fff700
:4:rocvirtual.cpp           :622 : 4394842849864 us: [pid:109312 tid: 0x7faa730f3200] Host wait on completion_signal=0x7faa72fff700
:3:rocvirtual.hpp           :56  : 4394842849877 us: [pid:109312 tid: 0x7faa730f3200] Host active wait for Signal = (0x7faa72fff700) for -1 ns
:3:rocvirtual.cpp           :3449: 4394842856171 us: [pid:109312 tid: 0x7faa730f3200] KernargSegmentByteSize = 280 KernargSegmentAlignment = 128
:4:rocvirtual.cpp           :965 : 4394842856188 us: [pid:109312 tid: 0x7faa730f3200] SWq=0x7faa730de000, HWq=0x7fa933200000, id=1, Dispatch Header = 0xb02 (type=2, barrier=1, acquire=1, release=1), setup=3, grid=[16, 16, 1], workgroup=[16, 16, 1], private_seg_size=1024, group_seg_size=0, kernel_obj=0x7faa730a8a80, kernarg_address=0x7fa933000000, completion_signal=0x0, correlation_id=0, rptr=4, wptr=4
:3:hip_module.cpp           :745 : 4394842856218 us: [pid:109312 tid: 0x7faa730f3200] hipLaunchKernel: Returned hipSuccess : : duration: 4749960 us
:3:hip_device_runtime.cpp   :641 : 4394842856228 us: [pid:109312 tid: 0x7faa730f3200] [32m hipDeviceSynchronize (  ) [0m
:4:commandqueue.cpp         :161 : 4394842856235 us: [pid:109312 tid: 0x7faa730f3200] Marker queued to ensure finish
:4:command.cpp              :359 : 4394842856240 us: [pid:109312 tid: 0x7faa730f3200] Command (InternalMarker) enqueued: 0x14b52540
:3:rocvirtual.cpp           :533 : 4394842856256 us: [pid:109312 tid: 0x7faa730f3200] Set Handler: handle(0x7faa72ffd680), timestamp(0x148e7450)
:4:rocvirtual.cpp           :1147: 4394842856264 us: [pid:109312 tid: 0x7faa730f3200] SWq=0x7faa730de000, HWq=0x7fa933200000, id=1, BarrierAND Header = 0x1503 (type=3, barrier=1, acquire=2, release=2), dep_signal=[0x0, 0x0, 0x0, 0x0, 0x0], completion_signal=0x7faa72ffd680
:3:rocvirtual.hpp           :56  : 4394842856276 us: [pid:109312 tid: 0x7faa730f3200] Host active wait for Signal = (0x7faa72ffd680) for -1 ns
:4:commandqueue.cpp         :184 : 4394842856723 us: [pid:109312 tid: 0x7faa730f3200] All commands finished
:3:hip_device_runtime.cpp   :645 : 4394842856731 us: [pid:109312 tid: 0x7faa730f3200] hipDeviceSynchronize: Returned hipSuccess : 
:3:rocvirtual.cpp           :226 : 4394842856749 us: [pid:109312 tid: 0x7fa9457ff6c0] Handler: value(0), timestamp(0x1479b980), handle(0x7faa72ffd680)
:3:hip_memory.cpp           :795 : 4394842856762 us: [pid:109312 tid: 0x7faa730f3200] [32m hipMemcpy ( 0x141c7c40, 0x7fa949600000, 192, hipMemcpyDeviceToHost ) [0m
:4:command.cpp              :359 : 4394842856796 us: [pid:109312 tid: 0x7faa730f3200] Command (CopyDeviceToHost) enqueued: 0x14320f20
:4:rocblit.cpp              :1673: 4394842856808 us: [pid:109312 tid: 0x7faa730f3200] Unpinned read path, Async = 0
:4:command.cpp              :169 : 4394842856776 us: [pid:109312 tid: 0x7fa9457ff6c0] Command 0x1435d580 complete
:4:rocblit.cpp              :1702: 4394842856815 us: [pid:109312 tid: 0x7faa730f3200] Blit staging D2H copy stg buf=0x7faa60800000, src=0x7fa949600000, dstOrigin=0x0, size=192
:3:rocvirtual.cpp           :762 : 4394842856837 us: [pid:109312 tid: 0x7faa730f3200] Arg0: uchar* src = ptr:0x7fa949600000
:4:command.cpp              :163 : 4394842856828 us: [pid:109312 tid: 0x7fa9457ff6c0] Command 0x14b52540 complete (Wall: 4394842856826, CPU: 0, GPU: 578 us)
:3:rocvirtual.cpp           :762 : 4394842860159 us: [pid:109312 tid: 0x7faa730f3200] Arg1: uchar* dst = ptr:0x7faa60800000
:3:rocvirtual.cpp           :853 : 4394842860189 us: [pid:109312 tid: 0x7faa730f3200] Arg2: ulong size = val:192
:3:rocvirtual.cpp           :853 : 4394842860195 us: [pid:109312 tid: 0x7faa730f3200] Arg3: uint remainder = val:0
:3:rocvirtual.cpp           :853 : 4394842860200 us: [pid:109312 tid: 0x7faa730f3200] Arg4: uint aligned_size = val:16
:3:rocvirtual.cpp           :853 : 4394842860204 us: [pid:109312 tid: 0x7faa730f3200] Arg5: ulong end_ptr = val:140369740169408
:3:rocvirtual.cpp           :853 : 4394842860209 us: [pid:109312 tid: 0x7faa730f3200] Arg6: uint next_chunk = val:512
:3:rocvirtual.cpp           :3236: 4394842860215 us: [pid:109312 tid: 0x7faa730f3200] ShaderName : __amd_rocclr_copyBuffer
:3:rocvirtual.cpp           :3449: 4394842860220 us: [pid:109312 tid: 0x7faa730f3200] KernargSegmentByteSize = 304 KernargSegmentAlignment = 128
:4:rocvirtual.cpp           :965 : 4394842860231 us: [pid:109312 tid: 0x7faa730f3200] SWq=0x7faa730de000, HWq=0x7fa933200000, id=1, Dispatch Header = 0x1502 (type=2, barrier=1, acquire=2, release=2), setup=1, grid=[512, 1, 1], workgroup=[512, 1, 1], private_seg_size=0, group_seg_size=0, kernel_obj=0x7faa730cddc0, kernarg_address=0x7fa933000180, completion_signal=0x7faa72fff600, correlation_id=0, rptr=6, wptr=6
:4:rocvirtual.cpp           :622 : 4394842860245 us: [pid:109312 tid: 0x7faa730f3200] Host wait on completion_signal=0x7faa72fff600
:3:rocvirtual.hpp           :56  : 4394842860253 us: [pid:109312 tid: 0x7faa730f3200] Host active wait for Signal = (0x7faa72fff600) for -1 ns
:4:rocblit.cpp              :1716: 4394842860266 us: [pid:109312 tid: 0x7faa730f3200] memcpy host dst=0x141c7c40, stg buf=0x7faa60800000, size=192
:4:commandqueue.cpp         :161 : 4394842860275 us: [pid:109312 tid: 0x7faa730f3200] Marker queued to ensure finish
:4:command.cpp              :359 : 4394842860757 us: [pid:109312 tid: 0x7faa730f3200] Command (InternalMarker) enqueued: 0x1463ac00
:3:rocvirtual.cpp           :533 : 4394842860772 us: [pid:109312 tid: 0x7faa730f3200] Set Handler: handle(0x7faa72ffd700), timestamp(0x148e7340)
:4:rocvirtual.cpp           :1147: 4394842860781 us: [pid:109312 tid: 0x7faa730f3200] SWq=0x7faa730de000, HWq=0x7fa933200000, id=1, BarrierAND Header = 0x1503 (type=3, barrier=1, acquire=2, release=2), dep_signal=[0x0, 0x0, 0x0, 0x0, 0x0], completion_signal=0x7faa72ffd700
:4:commandqueue.cpp         :184 : 4394842861248 us: [pid:109312 tid: 0x7faa730f3200] All commands finished
:3:hip_memory.cpp           :796 : 4394842861256 us: [pid:109312 tid: 0x7faa730f3200] hipMemcpy: Returned hipSuccess : : duration: 4494 us
:3:rocvirtual.cpp           :226 : 4394842860809 us: [pid:109312 tid: 0x7fa9457ff6c0] Handler: value(0), timestamp(0x1479b910), handle(0x7faa72ffd700)
:4:command.cpp              :169 : 4394842861287 us: [pid:109312 tid: 0x7fa9457ff6c0] Command 0x14320f20 complete
:4:command.cpp              :163 : 4394842861295 us: [pid:109312 tid: 0x7fa9457ff6c0] Command 0x1463ac00 complete (Wall: 4394842861294, CPU: 0, GPU: 528 us)
:3:hip_memory.cpp           :772 : 4394842861312 us: [pid:109312 tid: 0x7faa730f3200] [32m hipFree ( 0x7fa949600000 ) [0m
:4:commandqueue.cpp         :167 : 4394842861320 us: [pid:109312 tid: 0x7faa730f3200] HW Event not ready, awaiting completion instead
:4:commandqueue.cpp         :184 : 4394842861329 us: [pid:109312 tid: 0x7faa730f3200] All commands finished
:4:rocdevice.cpp            :2388: 4394842861344 us: [pid:109312 tid: 0x7faa730f3200] Free hsa memory 0x7fa949600000
:3:rocdevice.cpp            :2411: 4394842862096 us: [pid:109312 tid: 0x7faa730f3200] Device=0x142c3c50, freeMem_ = 0xfff000000
:3:hip_memory.cpp           :774 : 4394842862103 us: [pid:109312 tid: 0x7faa730f3200] hipFree: Returned hipSuccess : 
:4:rocdevice.cpp            :2388: 4394842876076 us: [pid:109312 tid: 0x7faa730f3200] Free hsa memory (nil)
:3:rocdevice.cpp            :3254: 4394842876095 us: [pid:109312 tid: 0x7faa730f3200] releaseQueue refCount:0x7fa933200000 (0)
:4:rocdevice.cpp            :2388: 4394842876288 us: [pid:109312 tid: 0x7faa730f3200] Free hsa memory 0x7fa933000000
:4:rocdevice.cpp            :2388: 4394842878919 us: [pid:109312 tid: 0x7faa730f3200] Free hsa memory 0x7fa932a00000
:4:rocdevice.cpp            :2388: 4394842879635 us: [pid:109312 tid: 0x7faa730f3200] Free hsa memory 0x7faa60200000
:4:rocdevice.cpp            :2388: 4394842879681 us: [pid:109312 tid: 0x7faa730f3200] Free hsa memory 0x7faa7d536000
:3:rocdevice.cpp            :278 : 4394842879703 us: [pid:109312 tid: 0x7faa730f3200] Deleting hostcall buffer 0x7fa931c00000 for hardware queue 0x7fa933200000
:3:devhostcall.cpp          :460 : 4394842879717 us: [pid:109312 tid: 0x7faa730f3200] Terminated hostcall listener
:4:rocdevice.cpp            :2388: 4394842881133 us: [pid:109312 tid: 0x7faa730f3200] Free hsa memory 0x7fa931c00000
:3:rocdevice.cpp            :283 : 4394842882203 us: [pid:109312 tid: 0x7faa730f3200] Deleting hardware queue 0x7fa933200000 with refCount 0
:4:rocdevice.cpp            :2388: 4394842886560 us: [pid:109312 tid: 0x7faa730f3200] Free hsa memory 0x7faa60800000
:4:rocdevice.cpp            :2388: 4394842886884 us: [pid:109312 tid: 0x7faa730f3200] Free hsa memory 0x7fa949601000
:4:rocdevice.cpp            :2388: 4394842888287 us: [pid:109312 tid: 0x7faa730f3200] Free hsa memory 0x7fa931200000
