/ccs/home/mdunlavy/GPU_Fault_Injection/HeCBench/src/colorwheel-hip/main.cu:117:3: warning: ignoring return value of function declared with 'nodiscard' attribute [-Wunused-result]
  117 |   hipMalloc((void**)&d_pix, imgSize);
      |   ^~~~~~~~~ ~~~~~~~~~~~~~~~~~~~~~~~
/ccs/home/mdunlavy/GPU_Fault_Injection/HeCBench/src/colorwheel-hip/main.cu:118:3: warning: ignoring return value of function declared with 'nodiscard' attribute [-Wunused-result]
  118 |   hipMemset(d_pix, 0, imgSize);
      |   ^~~~~~~~~ ~~~~~~~~~~~~~~~~~
/ccs/home/mdunlavy/GPU_Fault_Injection/HeCBench/src/colorwheel-hip/main.cu:123:3: warning: ignoring return value of function declared with 'nodiscard' attribute [-Wunused-result]
  123 |   hipDeviceSynchronize();
      |   ^~~~~~~~~~~~~~~~~~~~
/ccs/home/mdunlavy/GPU_Fault_Injection/HeCBench/src/colorwheel-hip/main.cu:130:3: warning: ignoring return value of function declared with 'nodiscard' attribute [-Wunused-result]
  130 |   hipDeviceSynchronize();
      |   ^~~~~~~~~~~~~~~~~~~~
/ccs/home/mdunlavy/GPU_Fault_Injection/HeCBench/src/colorwheel-hip/main.cu:135:3: warning: ignoring return value of function declared with 'nodiscard' attribute [-Wunused-result]
  135 |   hipMemcpy(res, d_pix, imgSize, hipMemcpyDeviceToHost);
      |   ^~~~~~~~~ ~~~~~~~~~~~~~~~~~~~~~~~~~~~~~~~~~~~~~~~~~~
/ccs/home/mdunlavy/GPU_Fault_Injection/HeCBench/src/colorwheel-hip/main.cu:175:3: warning: ignoring return value of function declared with 'nodiscard' attribute [-Wunused-result]
  175 |   hipFree(d_pix);
      |   ^~~~~~~ ~~~~~
6 warnings generated when compiling for gfx90a.
/ccs/home/mdunlavy/GPU_Fault_Injection/HeCBench/src/colorwheel-hip/main.cu:117:3: warning: ignoring return value of function declared with 'nodiscard' attribute [-Wunused-result]
  117 |   hipMalloc((void**)&d_pix, imgSize);
      |   ^~~~~~~~~ ~~~~~~~~~~~~~~~~~~~~~~~
/ccs/home/mdunlavy/GPU_Fault_Injection/HeCBench/src/colorwheel-hip/main.cu:118:3: warning: ignoring return value of function declared with 'nodiscard' attribute [-Wunused-result]
  118 |   hipMemset(d_pix, 0, imgSize);
      |   ^~~~~~~~~ ~~~~~~~~~~~~~~~~~
/ccs/home/mdunlavy/GPU_Fault_Injection/HeCBench/src/colorwheel-hip/main.cu:123:3: warning: ignoring return value of function declared with 'nodiscard' attribute [-Wunused-result]
  123 |   hipDeviceSynchronize();
      |   ^~~~~~~~~~~~~~~~~~~~
/ccs/home/mdunlavy/GPU_Fault_Injection/HeCBench/src/colorwheel-hip/main.cu:130:3: warning: ignoring return value of function declared with 'nodiscard' attribute [-Wunused-result]
  130 |   hipDeviceSynchronize();
      |   ^~~~~~~~~~~~~~~~~~~~
/ccs/home/mdunlavy/GPU_Fault_Injection/HeCBench/src/colorwheel-hip/main.cu:135:3: warning: ignoring return value of function declared with 'nodiscard' attribute [-Wunused-result]
  135 |   hipMemcpy(res, d_pix, imgSize, hipMemcpyDeviceToHost);
      |   ^~~~~~~~~ ~~~~~~~~~~~~~~~~~~~~~~~~~~~~~~~~~~~~~~~~~~
/ccs/home/mdunlavy/GPU_Fault_Injection/HeCBench/src/colorwheel-hip/main.cu:175:3: warning: ignoring return value of function declared with 'nodiscard' attribute [-Wunused-result]
  175 |   hipFree(d_pix);
      |   ^~~~~~~ ~~~~~
6 warnings generated when compiling for host.
