:3:rocdevice.cpp            :465 : 4394857232271 us: [pid:111257 tid: 0x7fb6d3ed9200] Initializing HSA stack.
:3:rocdevice.cpp            :551 : 4394858855195 us: [pid:111257 tid: 0x7fb6d3ed9200] Enumerated GPU agents = 1
:3:rocdevice.cpp            :230 : 4394858855265 us: [pid:111257 tid: 0x7fb6d3ed9200] Numa selects cpu agent[0]=0x2341ebd0(fine=0x2349ca20,coarse=0x23499dc0) for gpu agent=0x234a5bf0 CPU<->GPU XGMI=0
:3:rocsettings.cpp          :284 : 4394858855278 us: [pid:111257 tid: 0x7fb6d3ed9200] Using dev kernel arg wa = 0
:3:comgrctx.cpp             :33  : 4394858855292 us: [pid:111257 tid: 0x7fb6d3ed9200] Loading COMGR library.
:3:comgrctx.cpp             :128 : 4394858855329 us: [pid:111257 tid: 0x7fb6d3ed9200] Loaded COMGR library version 3.0.
:3:rocdevice.cpp            :1785: 4394858855863 us: [pid:111257 tid: 0x7fb6d3ed9200] Gfx Major/Minor/Stepping: 9/0/10
:3:rocdevice.cpp            :1787: 4394858855920 us: [pid:111257 tid: 0x7fb6d3ed9200] HMM support: 1, XNACK: 0, Direct host access: 0
:3:rocdevice.cpp            :1789: 4394858855929 us: [pid:111257 tid: 0x7fb6d3ed9200] Max SDMA Read Mask: 0x1e, Max SDMA Write Mask: 0x1f
:4:rocdevice.cpp            :2210: 4394858856305 us: [pid:111257 tid: 0x7fb6d3ed9200] Allocate hsa host memory 0x7fb6bbc00000, size 0x100000, numa_node = 0
:4:rocdevice.cpp            :2210: 4394858960933 us: [pid:111257 tid: 0x7fb6d3ed9200] Allocate hsa host memory 0x7fb6bb600000, size 0x400000, numa_node = 0
:4:rocdevice.cpp            :2210: 4394858961081 us: [pid:111257 tid: 0x7fb6d3ed9200] Allocate hsa host memory 0x7fb6de11a000, size 0x38, numa_node = 0
:3:hip_context.cpp          :54  : 4394858961109 us: [pid:111257 tid: 0x7fb6d3ed9200] Direct Dispatch: 1
:3:hip_fatbin.cpp           :427 : 4394858961890 us: [pid:111257 tid: 0x7fb6d3ed9200] Searching for code objects, HIP_FORCE_SPIRV_CODEOBJECT: 0
:3:hip_fatbin.cpp           :435 : 4394858962378 us: [pid:111257 tid: 0x7fb6d3ed9200] Using Native code object: gfx90a:sramecc+:xnack-
:3:hip_memory.cpp           :756 : 4394858962429 us: [pid:111257 tid: 0x7fb6d3ed9200] [32m hipMalloc ( 0x7ffc2e795a20, 10240000 ) [0m
:4:rocdevice.cpp            :2371: 4394858962500 us: [pid:111257 tid: 0x7fb6d3ed9200] Allocate hsa device memory 0x7fb6baa00000, size 0x9c4000, hsa_mem_flags 0x0h
:3:rocdevice.cpp            :2411: 4394858963133 us: [pid:111257 tid: 0x7fb6d3ed9200] Device=0x2358fcf0, freeMem_ = 0xffe63c000
:3:hip_memory.cpp           :758 : 4394858963143 us: [pid:111257 tid: 0x7fb6d3ed9200] hipMalloc: Returned hipSuccess : 0x7fb6baa00000: duration: 714 us
:3:hip_memory.cpp           :795 : 4394858963163 us: [pid:111257 tid: 0x7fb6d3ed9200] [32m hipMemcpy ( 0x7fb6baa00000, 0x7fb6d323b010, 10240000, hipMemcpyHostToDevice ) [0m
:3:rocdevice.cpp            :3048: 4394858963818 us: [pid:111257 tid: 0x7fb6d3ed9200] Number of allocated hardware queues with low priority: 0, with normal priority: 0, with high priority: 0, maximum per priority is: 4
:3:rocdevice.cpp            :3129: 4394858975111 us: [pid:111257 tid: 0x7fb6d3ed9200] Created SWq=0x7fb6d3ec4000 to map on HWq=0x7fb6ba800000 with size 16384 with priority 1, cooperative: 0
:3:rocdevice.cpp            :3222: 4394858975137 us: [pid:111257 tid: 0x7fb6d3ed9200] acquireQueue refCount: 0x7fb6ba800000 (1)
:4:rocdevice.cpp            :2210: 4394858975592 us: [pid:111257 tid: 0x7fb6d3ed9200] Allocate hsa host memory 0x7fb6ba600000, size 0x100000, numa_node = 0
:3:devprogram.cpp           :2658: 4394859279287 us: [pid:111257 tid: 0x7fb6d3ed9200] Using Code Object V5.
:4:rocdevice.cpp            :2210: 4394861568443 us: [pid:111257 tid: 0x7fb6d3ed9200] Allocate hsa host memory 0x7fb6ba000000, size 0x400000, numa_node = 0
:4:command.cpp              :359 : 4394861569272 us: [pid:111257 tid: 0x7fb6d3ed9200] Command (CopyHostToDevice) enqueued: 0x23cb22f0
:4:rocblit.cpp              :1803: 4394861569296 us: [pid:111257 tid: 0x7fb6d3ed9200] Unpinned write path, Async = 0
:4:rocmemory.cpp            :1018: 4394861569600 us: [pid:111257 tid: 0x7fb6d3ed9200] Locking to pool 0x23499dc0, size 0x9c5000, HostPtr = 0x7fb6d323b000, DevPtr = 0x7fb6d323b000
:4:rocblit.cpp              :623 : 4394861569827 us: [pid:111257 tid: 0x7fb6d3ed9200] HSA Copy Using Pinned resource size 10240000
:4:rocblit.cpp              :680 : 4394861569835 us: [pid:111257 tid: 0x7fb6d3ed9200] HSA Async Copy staged H2D
:4:rocblit.cpp              :503 : 4394861569847 us: [pid:111257 tid: 0x7fb6d3ed9200] Last copy mask 0x0
:4:rocblit.cpp              :509 : 4394861569853 us: [pid:111257 tid: 0x7fb6d3ed9200] Query copy engine status 0, free_engine mask 0x1f
:4:rocblit.cpp              :520 : 4394861569861 us: [pid:111257 tid: 0x7fb6d3ed9200] HSA Async Copy on copy_engine=0x1, dst=0x7fb6baa00000, src=0x7fb6d323b010, size=10240000, forceSDMA=0, wait_event=0x0, completion_signal=0x7fb6ce3ff780
:4:rocvirtual.cpp           :622 : 4394861575772 us: [pid:111257 tid: 0x7fb6d3ed9200] Host wait on completion_signal=0x7fb6ce3ff780
:3:rocvirtual.hpp           :56  : 4394861575810 us: [pid:111257 tid: 0x7fb6d3ed9200] Host active wait for Signal = (0x7fb6ce3ff780) for -1 ns
:4:commandqueue.cpp         :161 : 4394861576556 us: [pid:111257 tid: 0x7fb6d3ed9200] Marker queued to ensure finish
:4:command.cpp              :359 : 4394861576577 us: [pid:111257 tid: 0x7fb6d3ed9200] Command (InternalMarker) enqueued: 0x23baa2d0
:3:rocvirtual.cpp           :533 : 4394861576613 us: [pid:111257 tid: 0x7fb6d3ed9200] Set Handler: handle(0x7fb6ce3fd600), timestamp(0x23b950f0)
:4:rocvirtual.cpp           :1147: 4394861576628 us: [pid:111257 tid: 0x7fb6d3ed9200] SWq=0x7fb6d3ec4000, HWq=0x7fb6ba800000, id=1, BarrierAND Header = 0x1503 (type=3, barrier=1, acquire=2, release=2), dep_signal=[0x0, 0x0, 0x0, 0x0, 0x0], completion_signal=0x7fb6ce3fd600
:4:commandqueue.cpp         :184 : 4394861576643 us: [pid:111257 tid: 0x7fb6d3ed9200] All commands finished
:3:hip_memory.cpp           :796 : 4394861576651 us: [pid:111257 tid: 0x7fb6d3ed9200] hipMemcpy: Returned hipSuccess : : duration: 2613488 us
:3:hip_memory.cpp           :756 : 4394861576663 us: [pid:111257 tid: 0x7fb6d3ed9200] [32m hipMalloc ( 0x7ffc2e795a18, 40960000 ) [0m
:3:rocvirtual.cpp           :226 : 4394861576693 us: [pid:111257 tid: 0x7fb59dbff6c0] Handler: value(0), timestamp(0x23cfae60), handle(0x7fb6ce3fd600)
:4:command.cpp              :169 : 4394861576714 us: [pid:111257 tid: 0x7fb59dbff6c0] Command 0x23cb22f0 complete
:4:command.cpp              :163 : 4394861576724 us: [pid:111257 tid: 0x7fb59dbff6c0] Command 0x23baa2d0 complete (Wall: 4394861576722, CPU: 0, GPU: 134 us)
:4:rocdevice.cpp            :2371: 4394861576751 us: [pid:111257 tid: 0x7fb6d3ed9200] Allocate hsa device memory 0x7fb588e00000, size 0x2710000, hsa_mem_flags 0x0h
:3:rocdevice.cpp            :2411: 4394861577256 us: [pid:111257 tid: 0x7fb6d3ed9200] Device=0x2358fcf0, freeMem_ = 0xffbf2c000
:3:hip_memory.cpp           :758 : 4394861577267 us: [pid:111257 tid: 0x7fb6d3ed9200] hipMalloc: Returned hipSuccess : 0x7fb588e00000: duration: 604 us
:3:hip_device_runtime.cpp   :641 : 4394861577279 us: [pid:111257 tid: 0x7fb6d3ed9200] [32m hipDeviceSynchronize (  ) [0m
:4:commandqueue.cpp         :184 : 4394861577286 us: [pid:111257 tid: 0x7fb6d3ed9200] All commands finished
:3:hip_device_runtime.cpp   :645 : 4394861577308 us: [pid:111257 tid: 0x7fb6d3ed9200] hipDeviceSynchronize: Returned hipSuccess : 
:3:hip_platform.cpp         :237 : 4394861577332 us: [pid:111257 tid: 0x7fb6d3ed9200] [32m __hipPushCallConfiguration ( {625,64,1}, {16,16,1}, 0, stream:<null> ) [0m
:3:hip_platform.cpp         :241 : 4394861577341 us: [pid:111257 tid: 0x7fb6d3ed9200] __hipPushCallConfiguration: Returned hipSuccess : 
:3:hip_platform.cpp         :246 : 4394861577352 us: [pid:111257 tid: 0x7fb6d3ed9200] [32m __hipPopCallConfiguration ( {779705240,32764,0}, {3728947282,32694,16}, 0x7ffc2e795830, 0x7ffc2e795828 ) [0m
:3:hip_platform.cpp         :255 : 4394861577360 us: [pid:111257 tid: 0x7fb6d3ed9200] __hipPopCallConfiguration: Returned hipSuccess : 
:3:hip_module.cpp           :744 : 4394861577838 us: [pid:111257 tid: 0x7fb6d3ed9200] [32m hipLaunchKernel ( 0x200cc0, {625,64,1}, {16,16,1}, 0x7ffc2e7957e0, 0, stream:<null> ) [0m
:3:devprogram.cpp           :2658: 4394861578009 us: [pid:111257 tid: 0x7fb6d3ed9200] Using Code Object V5.
:4:command.cpp              :359 : 4394861578988 us: [pid:111257 tid: 0x7fb6d3ed9200] Command (KernelExecution) enqueued: 0x23dec8c0
:3:rocvirtual.cpp           :762 : 4394861579015 us: [pid:111257 tid: 0x7fb6d3ed9200] Arg0:   = ptr:0x7fb588e00000
:3:rocvirtual.cpp           :778 : 4394861579023 us: [pid:111257 tid: 0x7fb6d3ed9200] Arg0:   = ptr:0x7fb588e00000 obj:[0x7fb588e00000-0x7fb58b510000]
:3:rocvirtual.cpp           :762 : 4394861579035 us: [pid:111257 tid: 0x7fb6d3ed9200] Arg1:   = ptr:0x7fb6baa00000
:3:rocvirtual.cpp           :778 : 4394861579042 us: [pid:111257 tid: 0x7fb6d3ed9200] Arg1:   = ptr:0x7fb6baa00000 obj:[0x7fb6baa00000-0x7fb6bb3c4000]
:3:rocvirtual.cpp           :853 : 4394861579053 us: [pid:111257 tid: 0x7fb6d3ed9200] Arg2:   = val:1024
:3:rocvirtual.cpp           :853 : 4394861579060 us: [pid:111257 tid: 0x7fb6d3ed9200] Arg3:   = val:10000
:3:rocvirtual.cpp           :3236: 4394861579078 us: [pid:111257 tid: 0x7fb6d3ed9200] ShaderName : entropy(float*, char const*, int, int)
:4:rocdevice.cpp            :2210: 4394862356267 us: [pid:111257 tid: 0x7fb6d3ed9200] Allocate hsa host memory 0x7fb6b9000000, size 0xd13838, numa_node = 0
:3:rocdevice.cpp            :3322: 4394862356474 us: [pid:111257 tid: 0x7fb6d3ed9200] Created hostcall buffer 0x7fb6b9000000 for hardware queue 0x7fb6ba800000
:4:rocsignal.cpp            :38  : 4394862357161 us: [pid:111257 tid: 0x7fb6d3ed9200] Initialize Hostcall signal=0x7fb6ce3fd280
:3:devhostcall.cpp          :428 : 4394862357364 us: [pid:111257 tid: 0x7fb6d3ed9200] Launched hostcall listener at 0x236a6390
:3:devhostcall.cpp          :441 : 4394862357372 us: [pid:111257 tid: 0x7fb6d3ed9200] Registered hostcall buffer 0x7fb6b9000000 with listener 0x236a6390
:4:rocdevice.cpp            :2371: 4394862357448 us: [pid:111257 tid: 0x7fb6d3ed9200] Allocate hsa device memory 0x7fb6b8c00000, size 0x20000, hsa_mem_flags 0x0h
:4:rocdevice.cpp            :2371: 4394862357492 us: [pid:111257 tid: 0x7fb6d3ed9200] Allocate hsa device memory 0x7fb6b8200000, size 0x800000, hsa_mem_flags 0x0h
:3:rocvirtual.cpp           :853 : 4394862357508 us: [pid:111257 tid: 0x7fb6d3ed9200] Arg0: ulong heap_to_initialize = val:140422760366080
:3:rocvirtual.cpp           :853 : 4394862357516 us: [pid:111257 tid: 0x7fb6d3ed9200] Arg1: ulong initial_blocks = val:140422749880320
:3:rocvirtual.cpp           :853 : 4394862357525 us: [pid:111257 tid: 0x7fb6d3ed9200] Arg2: uint heap_size = val:131072
:3:rocvirtual.cpp           :853 : 4394862357879 us: [pid:111257 tid: 0x7fb6d3ed9200] Arg3: uint number_of_initial_blocks = val:4
:3:rocvirtual.cpp           :3236: 4394862357892 us: [pid:111257 tid: 0x7fb6d3ed9200] ShaderName : __amd_rocclr_initHeap
:3:rocvirtual.cpp           :3449: 4394862357898 us: [pid:111257 tid: 0x7fb6d3ed9200] KernargSegmentByteSize = 24 KernargSegmentAlignment = 128
:4:rocvirtual.cpp           :965 : 4394862357909 us: [pid:111257 tid: 0x7fb6d3ed9200] SWq=0x7fb6d3ec4000, HWq=0x7fb6ba800000, id=1, Dispatch Header = 0x1502 (type=2, barrier=1, acquire=2, release=2), setup=1, grid=[256, 1, 1], workgroup=[256, 1, 1], private_seg_size=0, group_seg_size=0, kernel_obj=0x7fb6d3eb60c0, kernarg_address=0x7fb6ba600000, completion_signal=0x0, correlation_id=0, rptr=1, wptr=1
:4:rocvirtual.cpp           :1147: 4394862357930 us: [pid:111257 tid: 0x7fb6d3ed9200] SWq=0x7fb6d3ec4000, HWq=0x7fb6ba800000, id=1, BarrierAND Header = 0x1503 (type=3, barrier=1, acquire=2, release=2), dep_signal=[0x0, 0x0, 0x0, 0x0, 0x0], completion_signal=0x7fb6ce3ff680
:4:rocvirtual.cpp           :622 : 4394862357946 us: [pid:111257 tid: 0x7fb6d3ed9200] Host wait on completion_signal=0x7fb6ce3ff680
:3:rocvirtual.cpp           :3449: 4394862357959 us: [pid:111257 tid: 0x7fb6d3ed9200] KernargSegmentByteSize = 280 KernargSegmentAlignment = 128
:4:rocvirtual.cpp           :965 : 4394862357968 us: [pid:111257 tid: 0x7fb6d3ed9200] SWq=0x7fb6d3ec4000, HWq=0x7fb6ba800000, id=1, Dispatch Header = 0xb02 (type=2, barrier=1, acquire=1, release=1), setup=3, grid=[10000, 1024, 1], workgroup=[16, 16, 1], private_seg_size=192, group_seg_size=0, kernel_obj=0x7fb6d3e911c0, kernarg_address=0x7fb6ba600000, completion_signal=0x0, correlation_id=0, rptr=3, wptr=3
:3:hip_module.cpp           :745 : 4394862358462 us: [pid:111257 tid: 0x7fb6d3ed9200] hipLaunchKernel: Returned hipSuccess : : duration: 780624 us
:3:hip_device_runtime.cpp   :641 : 4394862358477 us: [pid:111257 tid: 0x7fb6d3ed9200] [32m hipDeviceSynchronize (  ) [0m
:4:commandqueue.cpp         :161 : 4394862358484 us: [pid:111257 tid: 0x7fb6d3ed9200] Marker queued to ensure finish
:4:command.cpp              :359 : 4394862358489 us: [pid:111257 tid: 0x7fb6d3ed9200] Command (InternalMarker) enqueued: 0x23baa2d0
:3:rocvirtual.cpp           :533 : 4394862358507 us: [pid:111257 tid: 0x7fb6d3ed9200] Set Handler: handle(0x7fb6ce3fd680), timestamp(0x23b94fe0)
:4:rocvirtual.cpp           :1147: 4394862358515 us: [pid:111257 tid: 0x7fb6d3ed9200] SWq=0x7fb6d3ec4000, HWq=0x7fb6ba800000, id=1, BarrierAND Header = 0x1503 (type=3, barrier=1, acquire=2, release=2), dep_signal=[0x0, 0x0, 0x0, 0x0, 0x0], completion_signal=0x7fb6ce3fd680
:3:rocvirtual.hpp           :56  : 4394862358526 us: [pid:111257 tid: 0x7fb6d3ed9200] Host active wait for Signal = (0x7fb6ce3fd680) for -1 ns
:4:commandqueue.cpp         :184 : 4394862394340 us: [pid:111257 tid: 0x7fb6d3ed9200] All commands finished
:3:hip_device_runtime.cpp   :645 : 4394862394369 us: [pid:111257 tid: 0x7fb6d3ed9200] hipDeviceSynchronize: Returned hipSuccess : 
:3:rocvirtual.cpp           :226 : 4394862394377 us: [pid:111257 tid: 0x7fb59dbff6c0] Handler: value(0), timestamp(0x23bc34f0), handle(0x7fb6ce3fd680)
:4:command.cpp              :169 : 4394862394402 us: [pid:111257 tid: 0x7fb59dbff6c0] Command 0x23dec8c0 complete
:4:command.cpp              :163 : 4394862394417 us: [pid:111257 tid: 0x7fb59dbff6c0] Command 0x23baa2d0 complete (Wall: 4394862394415, CPU: 0, GPU: 35917 us)
:3:hip_memory.cpp           :756 : 4394862394651 us: [pid:111257 tid: 0x7fb6d3ed9200] [32m hipMalloc ( 0x7ffc2e795920, 104 ) [0m
:4:rocdevice.cpp            :2371: 4394862395046 us: [pid:111257 tid: 0x7fb6d3ed9200] Allocate hsa device memory 0x7fb6b8c20000, size 0x68, hsa_mem_flags 0x0h
:3:rocdevice.cpp            :2411: 4394862395054 us: [pid:111257 tid: 0x7fb6d3ed9200] Device=0x2358fcf0, freeMem_ = 0xffbf2bf98
:3:hip_memory.cpp           :758 : 4394862395063 us: [pid:111257 tid: 0x7fb6d3ed9200] hipMalloc: Returned hipSuccess : 0x7fb6b8c20000: duration: 412 us
:3:hip_memory.cpp           :795 : 4394862395074 us: [pid:111257 tid: 0x7fb6d3ed9200] [32m hipMemcpy ( 0x7fb6b8c20000, 0x7ffc2e795930, 104, hipMemcpyHostToDevice ) [0m
:4:command.cpp              :359 : 4394862395089 us: [pid:111257 tid: 0x7fb6d3ed9200] Command (CopyHostToDevice) enqueued: 0x23abb8b0
:4:rocblit.cpp              :1803: 4394862395101 us: [pid:111257 tid: 0x7fb6d3ed9200] Unpinned write path, Async = 0
:4:rocblit.cpp              :1832: 4394862395106 us: [pid:111257 tid: 0x7fb6d3ed9200] memcpy stg buf=0x7fb6ba000000, host src=0x7ffc2e795930, size=104
:4:rocblit.cpp              :1835: 4394862395114 us: [pid:111257 tid: 0x7fb6d3ed9200] Blit staging H2D copy dst=0x7fb6b8c20000, stg buf=0x7fb6ba000000, dstOrigin=0x0, size=104
:3:rocvirtual.cpp           :762 : 4394862395125 us: [pid:111257 tid: 0x7fb6d3ed9200] Arg0: uchar* src = ptr:0x7fb6ba000000
:3:rocvirtual.cpp           :762 : 4394862395129 us: [pid:111257 tid: 0x7fb6d3ed9200] Arg1: uchar* dst = ptr:0x7fb6b8c20000
:3:rocvirtual.cpp           :853 : 4394862395134 us: [pid:111257 tid: 0x7fb6d3ed9200] Arg2: ulong size = val:104
:3:rocvirtual.cpp           :853 : 4394862395139 us: [pid:111257 tid: 0x7fb6d3ed9200] Arg3: uint remainder = val:8
:3:rocvirtual.cpp           :853 : 4394862395144 us: [pid:111257 tid: 0x7fb6d3ed9200] Arg4: uint aligned_size = val:16
:3:rocvirtual.cpp           :853 : 4394862395525 us: [pid:111257 tid: 0x7fb6d3ed9200] Arg5: ulong end_ptr = val:140422760497248
:3:rocvirtual.cpp           :853 : 4394862395533 us: [pid:111257 tid: 0x7fb6d3ed9200] Arg6: uint next_chunk = val:512
:3:rocvirtual.cpp           :3236: 4394862395545 us: [pid:111257 tid: 0x7fb6d3ed9200] ShaderName : __amd_rocclr_copyBuffer
:3:rocvirtual.cpp           :3449: 4394862395551 us: [pid:111257 tid: 0x7fb6d3ed9200] KernargSegmentByteSize = 304 KernargSegmentAlignment = 128
:4:rocvirtual.cpp           :965 : 4394862395562 us: [pid:111257 tid: 0x7fb6d3ed9200] SWq=0x7fb6d3ec4000, HWq=0x7fb6ba800000, id=1, Dispatch Header = 0xb02 (type=2, barrier=1, acquire=1, release=1), setup=1, grid=[512, 1, 1], workgroup=[512, 1, 1], private_seg_size=0, group_seg_size=0, kernel_obj=0x7fb6d3eb5dc0, kernarg_address=0x7fb6ba600180, completion_signal=0x0, correlation_id=0, rptr=5, wptr=5
:4:commandqueue.cpp         :161 : 4394862395577 us: [pid:111257 tid: 0x7fb6d3ed9200] Marker queued to ensure finish
:4:command.cpp              :359 : 4394862395582 us: [pid:111257 tid: 0x7fb6d3ed9200] Command (InternalMarker) enqueued: 0x23baa2d0
:3:rocvirtual.cpp           :533 : 4394862395602 us: [pid:111257 tid: 0x7fb6d3ed9200] Set Handler: handle(0x7fb6ce3fd700), timestamp(0x23cf7950)
:4:rocvirtual.cpp           :1147: 4394862395611 us: [pid:111257 tid: 0x7fb6d3ed9200] SWq=0x7fb6d3ec4000, HWq=0x7fb6ba800000, id=1, BarrierAND Header = 0x1503 (type=3, barrier=1, acquire=2, release=2), dep_signal=[0x0, 0x0, 0x0, 0x0, 0x0], completion_signal=0x7fb6ce3fd700
:4:commandqueue.cpp         :184 : 4394862395623 us: [pid:111257 tid: 0x7fb6d3ed9200] All commands finished
:3:hip_memory.cpp           :796 : 4394862395628 us: [pid:111257 tid: 0x7fb6d3ed9200] hipMemcpy: Returned hipSuccess : : duration: 554 us
:3:hip_device_runtime.cpp   :641 : 4394862395636 us: [pid:111257 tid: 0x7fb6d3ed9200] [32m hipDeviceSynchronize (  ) [0m
:4:commandqueue.cpp         :184 : 4394862395642 us: [pid:111257 tid: 0x7fb6d3ed9200] All commands finished
:3:rocvirtual.cpp           :226 : 4394862395646 us: [pid:111257 tid: 0x7fb59dbff6c0] Handler: value(0), timestamp(0x23cfed80), handle(0x7fb6ce3fd700)
:3:hip_device_runtime.cpp   :645 : 4394862395647 us: [pid:111257 tid: 0x7fb6d3ed9200] hipDeviceSynchronize: Returned hipSuccess : 
:4:command.cpp              :169 : 4394862395671 us: [pid:111257 tid: 0x7fb59dbff6c0] Command 0x23abb8b0 complete
:3:hip_platform.cpp         :237 : 4394862396570 us: [pid:111257 tid: 0x7fb6d3ed9200] [32m __hipPushCallConfiguration ( {625,64,1}, {16,16,1}, 0, stream:<null> ) [0m
:3:hip_platform.cpp         :241 : 4394862396596 us: [pid:111257 tid: 0x7fb6d3ed9200] __hipPushCallConfiguration: Returned hipSuccess : 
:3:hip_platform.cpp         :246 : 4394862396610 us: [pid:111257 tid: 0x7fb6d3ed9200] [32m __hipPopCallConfiguration ( {16,16,779705240}, {779704960,32764,3728947282}, 0x7ffc2e795828, 0x7ffc2e795820 ) [0m
:3:hip_platform.cpp         :255 : 4394862396620 us: [pid:111257 tid: 0x7fb6d3ed9200] __hipPopCallConfiguration: Returned hipSuccess : 
:4:command.cpp              :163 : 4394862396588 us: [pid:111257 tid: 0x7fb59dbff6c0] Command 0x23baa2d0 complete (Wall: 4394862396583, CPU: 0, GPU: 991 us)
:3:hip_module.cpp           :744 : 4394862396634 us: [pid:111257 tid: 0x7fb6d3ed9200] [32m hipLaunchKernel ( 0x200e20, {625,64,1}, {16,16,1}, 0x7ffc2e7957d0, 0, stream:<null> ) [0m
:4:command.cpp              :359 : 4394862397089 us: [pid:111257 tid: 0x7fb6d3ed9200] Command (KernelExecution) enqueued: 0x23de9ab0
:3:rocvirtual.cpp           :762 : 4394862397102 us: [pid:111257 tid: 0x7fb6d3ed9200] Arg0:   = ptr:0x7fb588e00000
:3:rocvirtual.cpp           :778 : 4394862397109 us: [pid:111257 tid: 0x7fb6d3ed9200] Arg0:   = ptr:0x7fb588e00000 obj:[0x7fb588e00000-0x7fb58b510000]
:3:rocvirtual.cpp           :762 : 4394862397121 us: [pid:111257 tid: 0x7fb6d3ed9200] Arg1:   = ptr:0x7fb6baa00000
:3:rocvirtual.cpp           :778 : 4394862397127 us: [pid:111257 tid: 0x7fb6d3ed9200] Arg1:   = ptr:0x7fb6baa00000 obj:[0x7fb6baa00000-0x7fb6bb3c4000]
:3:rocvirtual.cpp           :762 : 4394862397135 us: [pid:111257 tid: 0x7fb6d3ed9200] Arg2:   = ptr:0x7fb6b8c20000
:3:rocvirtual.cpp           :778 : 4394862397140 us: [pid:111257 tid: 0x7fb6d3ed9200] Arg2:   = ptr:0x7fb6b8c20000 obj:[0x7fb6b8c20000-0x7fb6b8c20068]
:3:rocvirtual.cpp           :853 : 4394862397152 us: [pid:111257 tid: 0x7fb6d3ed9200] Arg3:   = val:1024
:3:rocvirtual.cpp           :853 : 4394862397157 us: [pid:111257 tid: 0x7fb6d3ed9200] Arg4:   = val:10000
:3:rocvirtual.cpp           :3236: 4394862397173 us: [pid:111257 tid: 0x7fb6d3ed9200] ShaderName : void entropy_opt<16, 16>(float*, char const*, float const*, int, int)
:3:rocvirtual.cpp           :3449: 4394862397183 us: [pid:111257 tid: 0x7fb6d3ed9200] KernargSegmentByteSize = 288 KernargSegmentAlignment = 128
:4:rocvirtual.cpp           :965 : 4394862397197 us: [pid:111257 tid: 0x7fb6d3ed9200] SWq=0x7fb6d3ec4000, HWq=0x7fb6ba800000, id=1, Dispatch Header = 0xb02 (type=2, barrier=1, acquire=1, release=1), setup=3, grid=[10000, 1024, 1], workgroup=[16, 16, 1], private_seg_size=176, group_seg_size=16384, kernel_obj=0x7fb6d3e91200, kernarg_address=0x7fb6ba600300, completion_signal=0x0, correlation_id=0, rptr=7, wptr=7
:3:hip_module.cpp           :745 : 4394862397617 us: [pid:111257 tid: 0x7fb6d3ed9200] hipLaunchKernel: Returned hipSuccess : : duration: 983 us
:3:hip_device_runtime.cpp   :641 : 4394862397627 us: [pid:111257 tid: 0x7fb6d3ed9200] [32m hipDeviceSynchronize (  ) [0m
:4:commandqueue.cpp         :161 : 4394862397635 us: [pid:111257 tid: 0x7fb6d3ed9200] Marker queued to ensure finish
:4:command.cpp              :359 : 4394862397642 us: [pid:111257 tid: 0x7fb6d3ed9200] Command (InternalMarker) enqueued: 0x23baa2d0
:3:rocvirtual.cpp           :533 : 4394862397665 us: [pid:111257 tid: 0x7fb6d3ed9200] Set Handler: handle(0x7fb6ce3fd780), timestamp(0x23cf7840)
:4:rocvirtual.cpp           :1147: 4394862397675 us: [pid:111257 tid: 0x7fb6d3ed9200] SWq=0x7fb6d3ec4000, HWq=0x7fb6ba800000, id=1, BarrierAND Header = 0x1503 (type=3, barrier=1, acquire=2, release=2), dep_signal=[0x0, 0x0, 0x0, 0x0, 0x0], completion_signal=0x7fb6ce3fd780
:3:rocvirtual.hpp           :56  : 4394862397686 us: [pid:111257 tid: 0x7fb6d3ed9200] Host active wait for Signal = (0x7fb6ce3fd780) for -1 ns
:4:commandqueue.cpp         :184 : 4394862409767 us: [pid:111257 tid: 0x7fb6d3ed9200] All commands finished
:3:hip_device_runtime.cpp   :645 : 4394862409783 us: [pid:111257 tid: 0x7fb6d3ed9200] hipDeviceSynchronize: Returned hipSuccess : 
:3:rocvirtual.cpp           :226 : 4394862409789 us: [pid:111257 tid: 0x7fb59dbff6c0] Handler: value(0), timestamp(0x23ce8b80), handle(0x7fb6ce3fd780)
:4:command.cpp              :169 : 4394862409817 us: [pid:111257 tid: 0x7fb59dbff6c0] Command 0x23de9ab0 complete
:4:command.cpp              :163 : 4394862409827 us: [pid:111257 tid: 0x7fb59dbff6c0] Command 0x23baa2d0 complete (Wall: 4394862409826, CPU: 0, GPU: 12173 us)
:3:hip_memory.cpp           :795 : 4394862409801 us: [pid:111257 tid: 0x7fb6d3ed9200] [32m hipMemcpy ( 0x7fb6d0b2a010, 0x7fb588e00000, 40960000, hipMemcpyDeviceToHost ) [0m
:4:command.cpp              :359 : 4394862409860 us: [pid:111257 tid: 0x7fb6d3ed9200] Command (CopyDeviceToHost) enqueued: 0x23dac930
:4:rocblit.cpp              :1673: 4394862409871 us: [pid:111257 tid: 0x7fb6d3ed9200] Unpinned read path, Async = 0
:4:rocmemory.cpp            :1018: 4394862423231 us: [pid:111257 tid: 0x7fb6d3ed9200] Locking to pool 0x23499dc0, size 0x2001000, HostPtr = 0x7fb6d0b2a000, DevPtr = 0x7fb6d0b2a000
:4:rocblit.cpp              :623 : 4394862423260 us: [pid:111257 tid: 0x7fb6d3ed9200] HSA Copy Using Pinned resource size 33554432
:4:rocblit.cpp              :687 : 4394862423268 us: [pid:111257 tid: 0x7fb6d3ed9200] HSA Async Copy staged D2H
:4:rocblit.cpp              :503 : 4394862423277 us: [pid:111257 tid: 0x7fb6d3ed9200] Last copy mask 0x0
:4:rocblit.cpp              :509 : 4394862423285 us: [pid:111257 tid: 0x7fb6d3ed9200] Query copy engine status 0, free_engine mask 0x1e
:4:rocblit.cpp              :520 : 4394862423293 us: [pid:111257 tid: 0x7fb6d3ed9200] HSA Async Copy on copy_engine=0x2, dst=0x7fb6d0b2a010, src=0x7fb588e00000, size=33554432, forceSDMA=0, wait_event=0x0, completion_signal=0x7fb6ce3ff480
:4:rocvirtual.cpp           :622 : 4394862429672 us: [pid:111257 tid: 0x7fb6d3ed9200] Host wait on completion_signal=0x7fb6ce3ff480
:3:rocvirtual.hpp           :56  : 4394862429701 us: [pid:111257 tid: 0x7fb6d3ed9200] Host active wait for Signal = (0x7fb6ce3ff480) for -1 ns
:4:rocmemory.cpp            :1018: 4394862433800 us: [pid:111257 tid: 0x7fb6d3ed9200] Locking to pool 0x23499dc0, size 0x711000, HostPtr = 0x7fb6d2b2a000, DevPtr = 0x7fb6d2b2a000
:4:rocblit.cpp              :623 : 4394862433817 us: [pid:111257 tid: 0x7fb6d3ed9200] HSA Copy Using Pinned resource size 7405568
:4:rocblit.cpp              :687 : 4394862433825 us: [pid:111257 tid: 0x7fb6d3ed9200] HSA Async Copy staged D2H
:4:rocblit.cpp              :503 : 4394862433830 us: [pid:111257 tid: 0x7fb6d3ed9200] Last copy mask 0x2
:4:rocblit.cpp              :520 : 4394862433835 us: [pid:111257 tid: 0x7fb6d3ed9200] HSA Async Copy on copy_engine=0x2, dst=0x7fb6d2b2a010, src=0x7fb58ae00000, size=7405568, forceSDMA=0, wait_event=0x0, completion_signal=0x7fb6ce3ff400
:4:rocvirtual.cpp           :622 : 4394862433846 us: [pid:111257 tid: 0x7fb6d3ed9200] Host wait on completion_signal=0x7fb6ce3ff400
:3:rocvirtual.hpp           :56  : 4394862433854 us: [pid:111257 tid: 0x7fb6d3ed9200] Host active wait for Signal = (0x7fb6ce3ff400) for -1 ns
:4:commandqueue.cpp         :161 : 4394862434125 us: [pid:111257 tid: 0x7fb6d3ed9200] Marker queued to ensure finish
:4:command.cpp              :359 : 4394862434313 us: [pid:111257 tid: 0x7fb6d3ed9200] Command (InternalMarker) enqueued: 0x23baa2d0
:3:rocvirtual.cpp           :533 : 4394862434337 us: [pid:111257 tid: 0x7fb6d3ed9200] Set Handler: handle(0x7fb6ce3fd800), timestamp(0x23cf7770)
:4:rocvirtual.cpp           :1147: 4394862434349 us: [pid:111257 tid: 0x7fb6d3ed9200] SWq=0x7fb6d3ec4000, HWq=0x7fb6ba800000, id=1, BarrierAND Header = 0x1503 (type=3, barrier=1, acquire=2, release=2), dep_signal=[0x0, 0x0, 0x0, 0x0, 0x0], completion_signal=0x7fb6ce3fd800
:4:commandqueue.cpp         :184 : 4394862434360 us: [pid:111257 tid: 0x7fb6d3ed9200] All commands finished
:3:rocvirtual.cpp           :226 : 4394862434362 us: [pid:111257 tid: 0x7fb59dbff6c0] Handler: value(0), timestamp(0x23ce8b80), handle(0x7fb6ce3fd800)
:4:command.cpp              :169 : 4394862434759 us: [pid:111257 tid: 0x7fb59dbff6c0] Command 0x23dac930 complete
:4:command.cpp              :163 : 4394862434768 us: [pid:111257 tid: 0x7fb59dbff6c0] Command 0x23baa2d0 complete (Wall: 4394862434767, CPU: 0, GPU: 439 us)
:3:hip_memory.cpp           :796 : 4394862434370 us: [pid:111257 tid: 0x7fb6d3ed9200] hipMemcpy: Returned hipSuccess : : duration: 24569 us
:3:hip_memory.cpp           :772 : 4394862435269 us: [pid:111257 tid: 0x7fb6d3ed9200] [32m hipFree ( 0x7fb6baa00000 ) [0m
:4:commandqueue.cpp         :167 : 4394862435277 us: [pid:111257 tid: 0x7fb6d3ed9200] HW Event not ready, awaiting completion instead
:4:commandqueue.cpp         :184 : 4394862435287 us: [pid:111257 tid: 0x7fb6d3ed9200] All commands finished
:4:rocdevice.cpp            :2388: 4394862435369 us: [pid:111257 tid: 0x7fb6d3ed9200] Free hsa memory 0x7fb6baa00000
:3:rocdevice.cpp            :2411: 4394862435726 us: [pid:111257 tid: 0x7fb6d3ed9200] Device=0x2358fcf0, freeMem_ = 0xffc8eff98
:3:hip_memory.cpp           :774 : 4394862435733 us: [pid:111257 tid: 0x7fb6d3ed9200] hipFree: Returned hipSuccess : 
:3:hip_memory.cpp           :772 : 4394862435739 us: [pid:111257 tid: 0x7fb6d3ed9200] [32m hipFree ( 0x7fb588e00000 ) [0m
:4:rocdevice.cpp            :2388: 4394862435789 us: [pid:111257 tid: 0x7fb6d3ed9200] Free hsa memory 0x7fb588e00000
:3:rocdevice.cpp            :2411: 4394862436090 us: [pid:111257 tid: 0x7fb6d3ed9200] Device=0x2358fcf0, freeMem_ = 0xffeffff98
:3:hip_memory.cpp           :774 : 4394862436097 us: [pid:111257 tid: 0x7fb6d3ed9200] hipFree: Returned hipSuccess : 
:3:hip_memory.cpp           :772 : 4394862436102 us: [pid:111257 tid: 0x7fb6d3ed9200] [32m hipFree ( 0x7fb6b8c20000 ) [0m
:4:rocdevice.cpp            :2388: 4394862436110 us: [pid:111257 tid: 0x7fb6d3ed9200] Free hsa memory 0x7fb6b8c20000
:3:rocdevice.cpp            :2411: 4394862436118 us: [pid:111257 tid: 0x7fb6d3ed9200] Device=0x2358fcf0, freeMem_ = 0xfff000000
:3:hip_memory.cpp           :774 : 4394862436123 us: [pid:111257 tid: 0x7fb6d3ed9200] hipFree: Returned hipSuccess : 
:4:rocdevice.cpp            :2388: 4394865976075 us: [pid:111257 tid: 0x7fb6d3ed9200] Free hsa memory (nil)
:3:rocdevice.cpp            :3254: 4394865976106 us: [pid:111257 tid: 0x7fb6d3ed9200] releaseQueue refCount:0x7fb6ba800000 (0)
:4:rocdevice.cpp            :2388: 4394865976302 us: [pid:111257 tid: 0x7fb6d3ed9200] Free hsa memory 0x7fb6ba600000
:4:rocdevice.cpp            :2388: 4394865977169 us: [pid:111257 tid: 0x7fb6d3ed9200] Free hsa memory 0x7fb6ba000000
:4:rocdevice.cpp            :2388: 4394865977690 us: [pid:111257 tid: 0x7fb6d3ed9200] Free hsa memory 0x7fb6bb600000
:4:rocdevice.cpp            :2388: 4394865977759 us: [pid:111257 tid: 0x7fb6d3ed9200] Free hsa memory 0x7fb6de11a000
:3:rocdevice.cpp            :278 : 4394865977767 us: [pid:111257 tid: 0x7fb6d3ed9200] Deleting hostcall buffer 0x7fb6b9000000 for hardware queue 0x7fb6ba800000
:3:devhostcall.cpp          :460 : 4394865977779 us: [pid:111257 tid: 0x7fb6d3ed9200] Terminated hostcall listener
:4:rocdevice.cpp            :2388: 4394865979170 us: [pid:111257 tid: 0x7fb6d3ed9200] Free hsa memory 0x7fb6b9000000
:3:rocdevice.cpp            :283 : 4394865979181 us: [pid:111257 tid: 0x7fb6d3ed9200] Deleting hardware queue 0x7fb6ba800000 with refCount 0
:4:rocdevice.cpp            :2388: 4394865983766 us: [pid:111257 tid: 0x7fb6d3ed9200] Free hsa memory 0x7fb6bbc00000
:4:rocdevice.cpp            :2388: 4394865984154 us: [pid:111257 tid: 0x7fb6d3ed9200] Free hsa memory 0x7fb6b8c00000
:4:rocdevice.cpp            :2388: 4394865984313 us: [pid:111257 tid: 0x7fb6d3ed9200] Free hsa memory 0x7fb6b8200000
