Number of rows in the embedding table: 10000
Batch size: 8

Embedding dimension: 768
block size: 128
Average execution time of dense embedding kernel (k1): 8502.725586 (us)
Average execution time of dense embedding kernel (k2): 113.724007 (us)
Average execution time of dense embedding kernel (k3): 196.731003 (us)
PASS
block size: 256
Average execution time of dense embedding kernel (k1): 86.353004 (us)
Average execution time of dense embedding kernel (k2): 63.439003 (us)
Average execution time of dense embedding kernel (k3): 129.464005 (us)
PASS
block size: 512
Average execution time of dense embedding kernel (k1): 67.197006 (us)
Average execution time of dense embedding kernel (k2): 56.978004 (us)
Average execution time of dense embedding kernel (k3): 83.377007 (us)
PASS
block size: 1024
Average execution time of dense embedding kernel (k1): 62.066002 (us)
Average execution time of dense embedding kernel (k2): 46.989002 (us)
Average execution time of dense embedding kernel (k3): 65.344002 (us)
PASS

Embedding dimension: 2048
block size: 128
Average execution time of dense embedding kernel (k1): 241.455017 (us)
Average execution time of dense embedding kernel (k2): 228.150009 (us)
Average execution time of dense embedding kernel (k3): 502.887024 (us)
PASS
block size: 256
Average execution time of dense embedding kernel (k1): 153.529007 (us)
Average execution time of dense embedding kernel (k2): 133.772003 (us)
Average execution time of dense embedding kernel (k3): 300.357025 (us)
PASS
block size: 512
Average execution time of dense embedding kernel (k1): 132.569000 (us)
Average execution time of dense embedding kernel (k2): 95.761002 (us)
Average execution time of dense embedding kernel (k3): 183.737015 (us)
PASS
block size: 1024
Average execution time of dense embedding kernel (k1): 97.253006 (us)
Average execution time of dense embedding kernel (k2): 68.589005 (us)
Average execution time of dense embedding kernel (k3): 124.365005 (us)
PASS

Embedding dimension: 12288
block size: 128
Average execution time of dense embedding kernel (k1): 1236.730103 (us)
Average execution time of dense embedding kernel (k2): 1197.267090 (us)
Average execution time of dense embedding kernel (k3): 2855.332031 (us)
PASS
block size: 256
Average execution time of dense embedding kernel (k1): 771.424011 (us)
Average execution time of dense embedding kernel (k2): 694.378052 (us)
Average execution time of dense embedding kernel (k3): 1640.232056 (us)
PASS
block size: 512
Average execution time of dense embedding kernel (k1): 505.873016 (us)
Average execution time of dense embedding kernel (k2): 421.965027 (us)
Average execution time of dense embedding kernel (k3): 932.657043 (us)
PASS
block size: 1024
Average execution time of dense embedding kernel (k1): 327.658020 (us)
Average execution time of dense embedding kernel (k2): 269.016998 (us)
Average execution time of dense embedding kernel (k3): 588.580017 (us)
PASS
dense-embedding snapshot written to /tmp/bitir_amd_dense-embedding_site381_bit31_trial2/dense-embedding_site381_bit31_trial2.bin
compare_ok
