Number of rows in the embedding table: 10000
Batch size: 8

Embedding dimension: 768
block size: 128
Average execution time of dense embedding kernel (k1): 750043.000000 (us)
Average execution time of dense embedding kernel (k2): 7715.136230 (us)
Average execution time of dense embedding kernel (k3): 1428.963013 (us)
PASS
block size: 256
Average execution time of dense embedding kernel (k1): 1264.895020 (us)
Average execution time of dense embedding kernel (k2): 6794.567383 (us)
Average execution time of dense embedding kernel (k3): 22542.837891 (us)
PASS
block size: 512
Average execution time of dense embedding kernel (k1): 11873.333984 (us)
Average execution time of dense embedding kernel (k2): 23576.177734 (us)
Average execution time of dense embedding kernel (k3): 1125.062012 (us)
PASS
block size: 1024
Average execution time of dense embedding kernel (k1): 31791.632812 (us)
Average execution time of dense embedding kernel (k2): 18856.304688 (us)
Average execution time of dense embedding kernel (k3): 8802.488281 (us)
PASS

Embedding dimension: 2048
block size: 128
Average execution time of dense embedding kernel (k1): 12297.439453 (us)
Average execution time of dense embedding kernel (k2): 1508.924072 (us)
Average execution time of dense embedding kernel (k3): 1683.120117 (us)
PASS
block size: 256
Average execution time of dense embedding kernel (k1): 1040.944092 (us)
Average execution time of dense embedding kernel (k2): 1010.067078 (us)
Average execution time of dense embedding kernel (k3): 1485.039062 (us)
PASS
block size: 512
Average execution time of dense embedding kernel (k1): 1168.854004 (us)
Average execution time of dense embedding kernel (k2): 1312.955078 (us)
Average execution time of dense embedding kernel (k3): 1089.776001 (us)
PASS
block size: 1024
Average execution time of dense embedding kernel (k1): 1485.920044 (us)
Average execution time of dense embedding kernel (k2): 1708.318115 (us)
Average execution time of dense embedding kernel (k3): 1202.017090 (us)
PASS

Embedding dimension: 12288
block size: 128
Average execution time of dense embedding kernel (k1): 2088.120117 (us)
Average execution time of dense embedding kernel (k2): 1910.237061 (us)
Average execution time of dense embedding kernel (k3): 3235.385254 (us)
PASS
block size: 256
Average execution time of dense embedding kernel (k1): 2173.361084 (us)
Average execution time of dense embedding kernel (k2): 1538.979126 (us)
Average execution time of dense embedding kernel (k3): 2240.577148 (us)
PASS
block size: 512
Average execution time of dense embedding kernel (k1): 1652.452026 (us)
Average execution time of dense embedding kernel (k2): 1012.481018 (us)
Average execution time of dense embedding kernel (k3): 1731.772095 (us)
PASS
block size: 1024
Average execution time of dense embedding kernel (k1): 1693.570068 (us)
Average execution time of dense embedding kernel (k2): 1527.288086 (us)
Average execution time of dense embedding kernel (k3): 1445.624023 (us)
PASS
dense-embedding snapshot written to /tmp/bitir_exploratory_v4_amd_dense-embedding_site362_bit0_trial2/dense-embedding_site362_bit0_trial2.bin
compare_ok
