:3:rocdevice.cpp            :465 : 4393729579504 us: [pid:4182930 tid: 0x7fa3cce15200] Initializing HSA stack.
:3:rocdevice.cpp            :551 : 4393729895707 us: [pid:4182930 tid: 0x7fa3cce15200] Enumerated GPU agents = 1
:3:rocdevice.cpp            :230 : 4393729895772 us: [pid:4182930 tid: 0x7fa3cce15200] Numa selects cpu agent[0]=0x66b2bd0(fine=0x6730590,coarse=0x672abe0) for gpu agent=0x673a0a0 CPU<->GPU XGMI=0
:3:rocsettings.cpp          :284 : 4393729895786 us: [pid:4182930 tid: 0x7fa3cce15200] Using dev kernel arg wa = 0
:3:comgrctx.cpp             :33  : 4393729895792 us: [pid:4182930 tid: 0x7fa3cce15200] Loading COMGR library.
:3:comgrctx.cpp             :128 : 4393729895825 us: [pid:4182930 tid: 0x7fa3cce15200] Loaded COMGR library version 3.0.
:3:rocdevice.cpp            :1785: 4393729896487 us: [pid:4182930 tid: 0x7fa3cce15200] Gfx Major/Minor/Stepping: 9/0/10
:3:rocdevice.cpp            :1787: 4393729949130 us: [pid:4182930 tid: 0x7fa3cce15200] HMM support: 1, XNACK: 0, Direct host access: 0
:3:rocdevice.cpp            :1789: 4393729949146 us: [pid:4182930 tid: 0x7fa3cce15200] Max SDMA Read Mask: 0x1e, Max SDMA Write Mask: 0x1f
:4:rocdevice.cpp            :2210: 4393729949639 us: [pid:4182930 tid: 0x7fa3cce15200] Allocate hsa host memory 0x7fa3b4c00000, size 0x100000, numa_node = 0
:4:rocdevice.cpp            :2210: 4393730244814 us: [pid:4182930 tid: 0x7fa3cce15200] Allocate hsa host memory 0x7fa3b4600000, size 0x400000, numa_node = 0
:4:rocdevice.cpp            :2210: 4393730244983 us: [pid:4182930 tid: 0x7fa3cce15200] Allocate hsa host memory 0x7fa3d704c000, size 0x38, numa_node = 0
:3:hip_context.cpp          :54  : 4393730486322 us: [pid:4182930 tid: 0x7fa3cce15200] Direct Dispatch: 1
:3:hip_fatbin.cpp           :427 : 4393730486528 us: [pid:4182930 tid: 0x7fa3cce15200] Searching for code objects, HIP_FORCE_SPIRV_CODEOBJECT: 0
:3:hip_fatbin.cpp           :435 : 4393730710361 us: [pid:4182930 tid: 0x7fa3cce15200] Using Native code object: gfx90a:sramecc+:xnack-
:3:hip_memory.cpp           :756 : 4393730710415 us: [pid:4182930 tid: 0x7fa3cce15200] [32m hipMalloc ( 0x7ffd3f717d60, 10240000 ) [0m
:4:rocdevice.cpp            :2371: 4393730710526 us: [pid:4182930 tid: 0x7fa3cce15200] Allocate hsa device memory 0x7fa3af400000, size 0x9c4000, hsa_mem_flags 0x0h
:3:rocdevice.cpp            :2411: 4393730948585 us: [pid:4182930 tid: 0x7fa3cce15200] Device=0x68241b0, freeMem_ = 0xffe63c000
:3:hip_memory.cpp           :758 : 4393730948606 us: [pid:4182930 tid: 0x7fa3cce15200] hipMalloc: Returned hipSuccess : 0x7fa3af400000: duration: 238191 us
:3:hip_memory.cpp           :795 : 4393730948637 us: [pid:4182930 tid: 0x7fa3cce15200] [32m hipMemcpy ( 0x7fa3af400000, 0x7fa3cc239010, 10240000, hipMemcpyHostToDevice ) [0m
:3:rocdevice.cpp            :3048: 4393730948658 us: [pid:4182930 tid: 0x7fa3cce15200] Number of allocated hardware queues with low priority: 0, with normal priority: 0, with high priority: 0, maximum per priority is: 4
:3:rocdevice.cpp            :3129: 4393730959665 us: [pid:4182930 tid: 0x7fa3cce15200] Created SWq=0x7fa3c740c000 to map on HWq=0x7fa3b4400000 with size 16384 with priority 1, cooperative: 0
:3:rocdevice.cpp            :3222: 4393731194004 us: [pid:4182930 tid: 0x7fa3cce15200] acquireQueue refCount: 0x7fa3b4400000 (1)
:4:rocdevice.cpp            :2210: 4393731194500 us: [pid:4182930 tid: 0x7fa3cce15200] Allocate hsa host memory 0x7fa3b4200000, size 0x100000, numa_node = 0
:3:devprogram.cpp           :2658: 4393731735738 us: [pid:4182930 tid: 0x7fa3cce15200] Using Code Object V5.
:4:rocdevice.cpp            :2210: 4393732016981 us: [pid:4182930 tid: 0x7fa3cce15200] Allocate hsa host memory 0x7fa3aee00000, size 0x400000, numa_node = 0
:4:command.cpp              :359 : 4393732017133 us: [pid:4182930 tid: 0x7fa3cce15200] Command (CopyHostToDevice) enqueued: 0x6ddf3c0
:4:rocblit.cpp              :1803: 4393732017156 us: [pid:4182930 tid: 0x7fa3cce15200] Unpinned write path, Async = 0
:4:rocmemory.cpp            :1018: 4393732017436 us: [pid:4182930 tid: 0x7fa3cce15200] Locking to pool 0x672abe0, size 0x9c5000, HostPtr = 0x7fa3cc239000, DevPtr = 0x7fa3cc239000
:4:rocblit.cpp              :623 : 4393732017554 us: [pid:4182930 tid: 0x7fa3cce15200] HSA Copy Using Pinned resource size 10240000
:4:rocblit.cpp              :680 : 4393732017562 us: [pid:4182930 tid: 0x7fa3cce15200] HSA Async Copy staged H2D
:4:rocblit.cpp              :503 : 4393732017572 us: [pid:4182930 tid: 0x7fa3cce15200] Last copy mask 0x0
:4:rocblit.cpp              :509 : 4393732017578 us: [pid:4182930 tid: 0x7fa3cce15200] Query copy engine status 0, free_engine mask 0x1f
:4:rocblit.cpp              :520 : 4393732017586 us: [pid:4182930 tid: 0x7fa3cce15200] HSA Async Copy on copy_engine=0x1, dst=0x7fa3af400000, src=0x7fa3cc239010, size=10240000, forceSDMA=0, wait_event=0x0, completion_signal=0x7fa3c73ff780
:4:rocvirtual.cpp           :622 : 4393732023060 us: [pid:4182930 tid: 0x7fa3cce15200] Host wait on completion_signal=0x7fa3c73ff780
:3:rocvirtual.hpp           :56  : 4393732023078 us: [pid:4182930 tid: 0x7fa3cce15200] Host active wait for Signal = (0x7fa3c73ff780) for -1 ns
:4:commandqueue.cpp         :161 : 4393732023455 us: [pid:4182930 tid: 0x7fa3cce15200] Marker queued to ensure finish
:4:command.cpp              :359 : 4393732023543 us: [pid:4182930 tid: 0x7fa3cce15200] Command (InternalMarker) enqueued: 0x6ca7fd0
:3:rocvirtual.cpp           :533 : 4393732023566 us: [pid:4182930 tid: 0x7fa3cce15200] Set Handler: handle(0x7fa3c73fd600), timestamp(0x707bbd0)
:4:rocvirtual.cpp           :1147: 4393732023577 us: [pid:4182930 tid: 0x7fa3cce15200] SWq=0x7fa3c740c000, HWq=0x7fa3b4400000, id=1, BarrierAND Header = 0x1503 (type=3, barrier=1, acquire=2, release=2), dep_signal=[0x0, 0x0, 0x0, 0x0, 0x0], completion_signal=0x7fa3c73fd600
:4:commandqueue.cpp         :184 : 4393732023588 us: [pid:4182930 tid: 0x7fa3cce15200] All commands finished
:3:hip_memory.cpp           :796 : 4393732023594 us: [pid:4182930 tid: 0x7fa3cce15200] hipMemcpy: Returned hipSuccess : : duration: 1074957 us
:3:hip_memory.cpp           :756 : 4393732023606 us: [pid:4182930 tid: 0x7fa3cce15200] [32m hipMalloc ( 0x7ffd3f717d58, 40960000 ) [0m
:3:rocvirtual.cpp           :226 : 4393732023636 us: [pid:4182930 tid: 0x7fa2969ff6c0] Handler: value(0), timestamp(0x6f84b90), handle(0x7fa3c73fd600)
:4:command.cpp              :169 : 4393732023658 us: [pid:4182930 tid: 0x7fa2969ff6c0] Command 0x6ddf3c0 complete
:4:rocdevice.cpp            :2371: 4393732023668 us: [pid:4182930 tid: 0x7fa3cce15200] Allocate hsa device memory 0x7fa275a00000, size 0x2710000, hsa_mem_flags 0x0h
:3:rocdevice.cpp            :2411: 4393732024096 us: [pid:4182930 tid: 0x7fa3cce15200] Device=0x68241b0, freeMem_ = 0xffbf2c000
:4:command.cpp              :163 : 4393732023670 us: [pid:4182930 tid: 0x7fa2969ff6c0] Command 0x6ca7fd0 complete (Wall: 4393732023668, CPU: 0, GPU: 116 us)
:3:hip_memory.cpp           :758 : 4393732024104 us: [pid:4182930 tid: 0x7fa3cce15200] hipMalloc: Returned hipSuccess : 0x7fa275a00000: duration: 498 us
:3:hip_device_runtime.cpp   :641 : 4393732024148 us: [pid:4182930 tid: 0x7fa3cce15200] [32m hipDeviceSynchronize (  ) [0m
:4:commandqueue.cpp         :184 : 4393732024155 us: [pid:4182930 tid: 0x7fa3cce15200] All commands finished
:3:hip_device_runtime.cpp   :645 : 4393732024171 us: [pid:4182930 tid: 0x7fa3cce15200] hipDeviceSynchronize: Returned hipSuccess : 
:3:hip_platform.cpp         :237 : 4393732024186 us: [pid:4182930 tid: 0x7fa3cce15200] [32m __hipPushCallConfiguration ( {625,64,1}, {16,16,1}, 0, stream:<null> ) [0m
:3:hip_platform.cpp         :241 : 4393732024195 us: [pid:4182930 tid: 0x7fa3cce15200] __hipPushCallConfiguration: Returned hipSuccess : 
:3:hip_platform.cpp         :246 : 4393732024205 us: [pid:4182930 tid: 0x7fa3cce15200] [32m __hipPopCallConfiguration ( {1064402648,32765,0}, {3610703954,32675,16}, 0x7ffd3f717b70, 0x7ffd3f717b68 ) [0m
:3:hip_platform.cpp         :255 : 4393732024660 us: [pid:4182930 tid: 0x7fa3cce15200] __hipPopCallConfiguration: Returned hipSuccess : 
:3:hip_module.cpp           :744 : 4393732024691 us: [pid:4182930 tid: 0x7fa3cce15200] [32m hipLaunchKernel ( 0x200cc0, {625,64,1}, {16,16,1}, 0x7ffd3f717b20, 0, stream:<null> ) [0m
:3:devprogram.cpp           :2658: 4393732024888 us: [pid:4182930 tid: 0x7fa3cce15200] Using Code Object V5.
:4:command.cpp              :359 : 4393732025757 us: [pid:4182930 tid: 0x7fa3cce15200] Command (KernelExecution) enqueued: 0x7077750
:3:rocvirtual.cpp           :762 : 4393732025774 us: [pid:4182930 tid: 0x7fa3cce15200] Arg0:   = ptr:0x7fa275a00000
:3:rocvirtual.cpp           :778 : 4393732025780 us: [pid:4182930 tid: 0x7fa3cce15200] Arg0:   = ptr:0x7fa275a00000 obj:[0x7fa275a00000-0x7fa278110000]
:3:rocvirtual.cpp           :762 : 4393732025787 us: [pid:4182930 tid: 0x7fa3cce15200] Arg1:   = ptr:0x7fa3af400000
:3:rocvirtual.cpp           :778 : 4393732025792 us: [pid:4182930 tid: 0x7fa3cce15200] Arg1:   = ptr:0x7fa3af400000 obj:[0x7fa3af400000-0x7fa3afdc4000]
:3:rocvirtual.cpp           :853 : 4393732025800 us: [pid:4182930 tid: 0x7fa3cce15200] Arg2:   = val:1024
:3:rocvirtual.cpp           :853 : 4393732025805 us: [pid:4182930 tid: 0x7fa3cce15200] Arg3:   = val:10000
:3:rocvirtual.cpp           :3236: 4393732025819 us: [pid:4182930 tid: 0x7fa3cce15200] ShaderName : entropy(float*, char const*, int, int)
:4:rocdevice.cpp            :2210: 4393733569696 us: [pid:4182930 tid: 0x7fa3cce15200] Allocate hsa host memory 0x7fa3ade00000, size 0xd13838, numa_node = 0
:3:rocdevice.cpp            :3322: 4393733570425 us: [pid:4182930 tid: 0x7fa3cce15200] Created hostcall buffer 0x7fa3ade00000 for hardware queue 0x7fa3b4400000
:4:rocsignal.cpp            :38  : 4393733570779 us: [pid:4182930 tid: 0x7fa3cce15200] Initialize Hostcall signal=0x7fa3c73fd280
:3:devhostcall.cpp          :428 : 4393733571005 us: [pid:4182930 tid: 0x7fa3cce15200] Launched hostcall listener at 0x691b300
:3:devhostcall.cpp          :441 : 4393733571011 us: [pid:4182930 tid: 0x7fa3cce15200] Registered hostcall buffer 0x7fa3ade00000 with listener 0x691b300
:4:rocdevice.cpp            :2371: 4393733571082 us: [pid:4182930 tid: 0x7fa3cce15200] Allocate hsa device memory 0x7fa3ada00000, size 0x20000, hsa_mem_flags 0x0h
:4:rocdevice.cpp            :2371: 4393733571129 us: [pid:4182930 tid: 0x7fa3cce15200] Allocate hsa device memory 0x7fa3ad000000, size 0x800000, hsa_mem_flags 0x0h
:3:rocvirtual.cpp           :853 : 4393733571559 us: [pid:4182930 tid: 0x7fa3cce15200] Arg0: ulong heap_to_initialize = val:140340969340928
:3:rocvirtual.cpp           :853 : 4393733571568 us: [pid:4182930 tid: 0x7fa3cce15200] Arg1: ulong initial_blocks = val:140340958855168
:3:rocvirtual.cpp           :853 : 4393733571575 us: [pid:4182930 tid: 0x7fa3cce15200] Arg2: uint heap_size = val:131072
:3:rocvirtual.cpp           :853 : 4393733571580 us: [pid:4182930 tid: 0x7fa3cce15200] Arg3: uint number_of_initial_blocks = val:4
:3:rocvirtual.cpp           :3236: 4393733571593 us: [pid:4182930 tid: 0x7fa3cce15200] ShaderName : __amd_rocclr_initHeap
:3:rocvirtual.cpp           :3449: 4393733571598 us: [pid:4182930 tid: 0x7fa3cce15200] KernargSegmentByteSize = 24 KernargSegmentAlignment = 128
:4:rocvirtual.cpp           :965 : 4393733571608 us: [pid:4182930 tid: 0x7fa3cce15200] SWq=0x7fa3c740c000, HWq=0x7fa3b4400000, id=1, Dispatch Header = 0x1502 (type=2, barrier=1, acquire=2, release=2), setup=1, grid=[256, 1, 1], workgroup=[256, 1, 1], private_seg_size=0, group_seg_size=0, kernel_obj=0x7fa3b4bf60c0, kernarg_address=0x7fa3b4200000, completion_signal=0x0, correlation_id=0, rptr=1, wptr=1
:4:rocvirtual.cpp           :1147: 4393733571625 us: [pid:4182930 tid: 0x7fa3cce15200] SWq=0x7fa3c740c000, HWq=0x7fa3b4400000, id=1, BarrierAND Header = 0x1503 (type=3, barrier=1, acquire=2, release=2), dep_signal=[0x0, 0x0, 0x0, 0x0, 0x0], completion_signal=0x7fa3c73ff680
:4:rocvirtual.cpp           :622 : 4393733571635 us: [pid:4182930 tid: 0x7fa3cce15200] Host wait on completion_signal=0x7fa3c73ff680
:3:rocvirtual.cpp           :3449: 4393733571646 us: [pid:4182930 tid: 0x7fa3cce15200] KernargSegmentByteSize = 280 KernargSegmentAlignment = 128
:4:rocvirtual.cpp           :965 : 4393733571655 us: [pid:4182930 tid: 0x7fa3cce15200] SWq=0x7fa3c740c000, HWq=0x7fa3b4400000, id=1, Dispatch Header = 0xb02 (type=2, barrier=1, acquire=1, release=1), setup=3, grid=[10000, 1024, 1], workgroup=[16, 16, 1], private_seg_size=220, group_seg_size=0, kernel_obj=0x7fa3b4bc11c0, kernarg_address=0x7fa3b4200000, completion_signal=0x0, correlation_id=0, rptr=3, wptr=3
:3:hip_module.cpp           :745 : 4393733572062 us: [pid:4182930 tid: 0x7fa3cce15200] hipLaunchKernel: Returned hipSuccess : : duration: 1547371 us
:3:hip_device_runtime.cpp   :641 : 4393733572075 us: [pid:4182930 tid: 0x7fa3cce15200] [32m hipDeviceSynchronize (  ) [0m
:4:commandqueue.cpp         :161 : 4393733572084 us: [pid:4182930 tid: 0x7fa3cce15200] Marker queued to ensure finish
:4:command.cpp              :359 : 4393733572090 us: [pid:4182930 tid: 0x7fa3cce15200] Command (InternalMarker) enqueued: 0x6ca7fd0
:3:rocvirtual.cpp           :533 : 4393733572105 us: [pid:4182930 tid: 0x7fa3cce15200] Set Handler: handle(0x7fa3c73fd680), timestamp(0x707bac0)
:4:rocvirtual.cpp           :1147: 4393733572114 us: [pid:4182930 tid: 0x7fa3cce15200] SWq=0x7fa3c740c000, HWq=0x7fa3b4400000, id=1, BarrierAND Header = 0x1503 (type=3, barrier=1, acquire=2, release=2), dep_signal=[0x0, 0x0, 0x0, 0x0, 0x0], completion_signal=0x7fa3c73fd680
:3:rocvirtual.hpp           :56  : 4393733572125 us: [pid:4182930 tid: 0x7fa3cce15200] Host active wait for Signal = (0x7fa3c73fd680) for -1 ns
:4:commandqueue.cpp         :184 : 4393733606978 us: [pid:4182930 tid: 0x7fa3cce15200] All commands finished
:3:hip_device_runtime.cpp   :645 : 4393733607008 us: [pid:4182930 tid: 0x7fa3cce15200] hipDeviceSynchronize: Returned hipSuccess : 
:3:rocvirtual.cpp           :226 : 4393733607026 us: [pid:4182930 tid: 0x7fa2969ff6c0] Handler: value(0), timestamp(0x703cd70), handle(0x7fa3c73fd680)
:4:command.cpp              :169 : 4393733607063 us: [pid:4182930 tid: 0x7fa2969ff6c0] Command 0x7077750 complete
:4:command.cpp              :163 : 4393733607084 us: [pid:4182930 tid: 0x7fa2969ff6c0] Command 0x6ca7fd0 complete (Wall: 4393733607083, CPU: 0, GPU: 34984 us)
:3:hip_memory.cpp           :756 : 4393733607523 us: [pid:4182930 tid: 0x7fa3cce15200] [32m hipMalloc ( 0x7ffd3f717c60, 104 ) [0m
:4:rocdevice.cpp            :2371: 4393733607788 us: [pid:4182930 tid: 0x7fa3cce15200] Allocate hsa device memory 0x7fa3ada20000, size 0x68, hsa_mem_flags 0x0h
:3:rocdevice.cpp            :2411: 4393733607797 us: [pid:4182930 tid: 0x7fa3cce15200] Device=0x68241b0, freeMem_ = 0xffbf2bf98
:3:hip_memory.cpp           :758 : 4393733607806 us: [pid:4182930 tid: 0x7fa3cce15200] hipMalloc: Returned hipSuccess : 0x7fa3ada20000: duration: 283 us
:3:hip_memory.cpp           :795 : 4393733607818 us: [pid:4182930 tid: 0x7fa3cce15200] [32m hipMemcpy ( 0x7fa3ada20000, 0x7ffd3f717c70, 104, hipMemcpyHostToDevice ) [0m
:4:command.cpp              :359 : 4393733607833 us: [pid:4182930 tid: 0x7fa3cce15200] Command (CopyHostToDevice) enqueued: 0x6ed0420
:4:rocblit.cpp              :1803: 4393733607845 us: [pid:4182930 tid: 0x7fa3cce15200] Unpinned write path, Async = 0
:4:rocblit.cpp              :1832: 4393733607850 us: [pid:4182930 tid: 0x7fa3cce15200] memcpy stg buf=0x7fa3aee00000, host src=0x7ffd3f717c70, size=104
:4:rocblit.cpp              :1835: 4393733607858 us: [pid:4182930 tid: 0x7fa3cce15200] Blit staging H2D copy dst=0x7fa3ada20000, stg buf=0x7fa3aee00000, dstOrigin=0x0, size=104
:3:rocvirtual.cpp           :762 : 4393733607869 us: [pid:4182930 tid: 0x7fa3cce15200] Arg0: uchar* src = ptr:0x7fa3aee00000
:3:rocvirtual.cpp           :762 : 4393733607873 us: [pid:4182930 tid: 0x7fa3cce15200] Arg1: uchar* dst = ptr:0x7fa3ada20000
:3:rocvirtual.cpp           :853 : 4393733607878 us: [pid:4182930 tid: 0x7fa3cce15200] Arg2: ulong size = val:104
:3:rocvirtual.cpp           :853 : 4393733607886 us: [pid:4182930 tid: 0x7fa3cce15200] Arg3: uint remainder = val:8
:3:rocvirtual.cpp           :853 : 4393733608517 us: [pid:4182930 tid: 0x7fa3cce15200] Arg4: uint aligned_size = val:16
:3:rocvirtual.cpp           :853 : 4393733608522 us: [pid:4182930 tid: 0x7fa3cce15200] Arg5: ulong end_ptr = val:140340969472096
:3:rocvirtual.cpp           :853 : 4393733608537 us: [pid:4182930 tid: 0x7fa3cce15200] Arg6: uint next_chunk = val:512
:3:rocvirtual.cpp           :3236: 4393733608543 us: [pid:4182930 tid: 0x7fa3cce15200] ShaderName : __amd_rocclr_copyBuffer
:3:rocvirtual.cpp           :3449: 4393733608549 us: [pid:4182930 tid: 0x7fa3cce15200] KernargSegmentByteSize = 304 KernargSegmentAlignment = 128
:4:rocvirtual.cpp           :965 : 4393733608560 us: [pid:4182930 tid: 0x7fa3cce15200] SWq=0x7fa3c740c000, HWq=0x7fa3b4400000, id=1, Dispatch Header = 0xb02 (type=2, barrier=1, acquire=1, release=1), setup=1, grid=[512, 1, 1], workgroup=[512, 1, 1], private_seg_size=0, group_seg_size=0, kernel_obj=0x7fa3b4bf5dc0, kernarg_address=0x7fa3b4200180, completion_signal=0x0, correlation_id=0, rptr=5, wptr=5
:4:commandqueue.cpp         :161 : 4393733608577 us: [pid:4182930 tid: 0x7fa3cce15200] Marker queued to ensure finish
:4:command.cpp              :359 : 4393733608582 us: [pid:4182930 tid: 0x7fa3cce15200] Command (InternalMarker) enqueued: 0x6ca7fd0
:3:rocvirtual.cpp           :533 : 4393733608604 us: [pid:4182930 tid: 0x7fa3cce15200] Set Handler: handle(0x7fa3c73fd700), timestamp(0x707b9b0)
:4:rocvirtual.cpp           :1147: 4393733608613 us: [pid:4182930 tid: 0x7fa3cce15200] SWq=0x7fa3c740c000, HWq=0x7fa3b4400000, id=1, BarrierAND Header = 0x1503 (type=3, barrier=1, acquire=2, release=2), dep_signal=[0x0, 0x0, 0x0, 0x0, 0x0], completion_signal=0x7fa3c73fd700
:4:commandqueue.cpp         :184 : 4393733608624 us: [pid:4182930 tid: 0x7fa3cce15200] All commands finished
:3:hip_memory.cpp           :796 : 4393733608629 us: [pid:4182930 tid: 0x7fa3cce15200] hipMemcpy: Returned hipSuccess : : duration: 811 us
:3:rocvirtual.cpp           :226 : 4393733608637 us: [pid:4182930 tid: 0x7fa2969ff6c0] Handler: value(0), timestamp(0x7069820), handle(0x7fa3c73fd700)
:4:command.cpp              :169 : 4393733608653 us: [pid:4182930 tid: 0x7fa2969ff6c0] Command 0x6ed0420 complete
:3:hip_device_runtime.cpp   :641 : 4393733608638 us: [pid:4182930 tid: 0x7fa3cce15200] [32m hipDeviceSynchronize (  ) [0m
:4:commandqueue.cpp         :184 : 4393733608670 us: [pid:4182930 tid: 0x7fa3cce15200] All commands finished
:3:hip_device_runtime.cpp   :645 : 4393733608676 us: [pid:4182930 tid: 0x7fa3cce15200] hipDeviceSynchronize: Returned hipSuccess : 
:4:command.cpp              :163 : 4393733608660 us: [pid:4182930 tid: 0x7fa2969ff6c0] Command 0x6ca7fd0 complete (Wall: 4393733608659, CPU: 0, GPU: 69 us)
:3:hip_platform.cpp         :237 : 4393733609408 us: [pid:4182930 tid: 0x7fa3cce15200] [32m __hipPushCallConfiguration ( {625,64,1}, {16,16,1}, 0, stream:<null> ) [0m
:3:hip_platform.cpp         :241 : 4393733609445 us: [pid:4182930 tid: 0x7fa3cce15200] __hipPushCallConfiguration: Returned hipSuccess : 
:3:hip_platform.cpp         :246 : 4393733609455 us: [pid:4182930 tid: 0x7fa3cce15200] [32m __hipPopCallConfiguration ( {16,16,1064402648}, {1064402368,32765,3610703954}, 0x7ffd3f717b68, 0x7ffd3f717b60 ) [0m
:3:hip_platform.cpp         :255 : 4393733609463 us: [pid:4182930 tid: 0x7fa3cce15200] __hipPopCallConfiguration: Returned hipSuccess : 
:3:hip_module.cpp           :744 : 4393733609475 us: [pid:4182930 tid: 0x7fa3cce15200] [32m hipLaunchKernel ( 0x200e20, {625,64,1}, {16,16,1}, 0x7ffd3f717b10, 0, stream:<null> ) [0m
:4:command.cpp              :359 : 4393733609491 us: [pid:4182930 tid: 0x7fa3cce15200] Command (KernelExecution) enqueued: 0x7071380
:3:rocvirtual.cpp           :762 : 4393733609500 us: [pid:4182930 tid: 0x7fa3cce15200] Arg0:   = ptr:0x7fa275a00000
:3:rocvirtual.cpp           :778 : 4393733609505 us: [pid:4182930 tid: 0x7fa3cce15200] Arg0:   = ptr:0x7fa275a00000 obj:[0x7fa275a00000-0x7fa278110000]
:3:rocvirtual.cpp           :762 : 4393733610028 us: [pid:4182930 tid: 0x7fa3cce15200] Arg1:   = ptr:0x7fa3af400000
:3:rocvirtual.cpp           :778 : 4393733610041 us: [pid:4182930 tid: 0x7fa3cce15200] Arg1:   = ptr:0x7fa3af400000 obj:[0x7fa3af400000-0x7fa3afdc4000]
:3:rocvirtual.cpp           :762 : 4393733610052 us: [pid:4182930 tid: 0x7fa3cce15200] Arg2:   = ptr:0x7fa3ada20000
:3:rocvirtual.cpp           :778 : 4393733610068 us: [pid:4182930 tid: 0x7fa3cce15200] Arg2:   = ptr:0x7fa3ada20000 obj:[0x7fa3ada20000-0x7fa3ada20068]
:3:rocvirtual.cpp           :853 : 4393733610504 us: [pid:4182930 tid: 0x7fa3cce15200] Arg3:   = val:1024
:3:rocvirtual.cpp           :853 : 4393733610510 us: [pid:4182930 tid: 0x7fa3cce15200] Arg4:   = val:10000
:3:rocvirtual.cpp           :3236: 4393733610527 us: [pid:4182930 tid: 0x7fa3cce15200] ShaderName : void entropy_opt<16, 16>(float*, char const*, float const*, int, int)
:3:rocvirtual.cpp           :3449: 4393733610539 us: [pid:4182930 tid: 0x7fa3cce15200] KernargSegmentByteSize = 288 KernargSegmentAlignment = 128
:4:rocvirtual.cpp           :965 : 4393733610551 us: [pid:4182930 tid: 0x7fa3cce15200] SWq=0x7fa3c740c000, HWq=0x7fa3b4400000, id=1, Dispatch Header = 0xb02 (type=2, barrier=1, acquire=1, release=1), setup=3, grid=[10000, 1024, 1], workgroup=[16, 16, 1], private_seg_size=204, group_seg_size=16384, kernel_obj=0x7fa3b4bc1200, kernarg_address=0x7fa3b4200300, completion_signal=0x0, correlation_id=0, rptr=7, wptr=7
:3:hip_module.cpp           :745 : 4393733610573 us: [pid:4182930 tid: 0x7fa3cce15200] hipLaunchKernel: Returned hipSuccess : : duration: 1098 us
:3:hip_device_runtime.cpp   :641 : 4393733610585 us: [pid:4182930 tid: 0x7fa3cce15200] [32m hipDeviceSynchronize (  ) [0m
:4:commandqueue.cpp         :161 : 4393733610594 us: [pid:4182930 tid: 0x7fa3cce15200] Marker queued to ensure finish
:4:command.cpp              :359 : 4393733610600 us: [pid:4182930 tid: 0x7fa3cce15200] Command (InternalMarker) enqueued: 0x6ca7fd0
:3:rocvirtual.cpp           :533 : 4393733610622 us: [pid:4182930 tid: 0x7fa3cce15200] Set Handler: handle(0x7fa3c73fd780), timestamp(0x703b8c0)
:4:rocvirtual.cpp           :1147: 4393733611186 us: [pid:4182930 tid: 0x7fa3cce15200] SWq=0x7fa3c740c000, HWq=0x7fa3b4400000, id=1, BarrierAND Header = 0x1503 (type=3, barrier=1, acquire=2, release=2), dep_signal=[0x0, 0x0, 0x0, 0x0, 0x0], completion_signal=0x7fa3c73fd780
:3:rocvirtual.hpp           :56  : 4393733611198 us: [pid:4182930 tid: 0x7fa3cce15200] Host active wait for Signal = (0x7fa3c73fd780) for -1 ns
:4:commandqueue.cpp         :184 : 4393733634348 us: [pid:4182930 tid: 0x7fa3cce15200] All commands finished
:3:hip_device_runtime.cpp   :645 : 4393733634367 us: [pid:4182930 tid: 0x7fa3cce15200] hipDeviceSynchronize: Returned hipSuccess : 
:3:rocvirtual.cpp           :226 : 4393733634368 us: [pid:4182930 tid: 0x7fa2969ff6c0] Handler: value(0), timestamp(0x7069600), handle(0x7fa3c73fd780)
:4:command.cpp              :169 : 4393733634406 us: [pid:4182930 tid: 0x7fa2969ff6c0] Command 0x7071380 complete
:3:hip_memory.cpp           :795 : 4393733634389 us: [pid:4182930 tid: 0x7fa3cce15200] [32m hipMemcpy ( 0x7fa3c9b28010, 0x7fa275a00000, 40960000, hipMemcpyDeviceToHost ) [0m
:4:command.cpp              :163 : 4393733634415 us: [pid:4182930 tid: 0x7fa2969ff6c0] Command 0x6ca7fd0 complete (Wall: 4393733634413, CPU: 0, GPU: 23803 us)
:4:command.cpp              :359 : 4393733634430 us: [pid:4182930 tid: 0x7fa3cce15200] Command (CopyDeviceToHost) enqueued: 0x7052b90
:4:rocblit.cpp              :1673: 4393733634442 us: [pid:4182930 tid: 0x7fa3cce15200] Unpinned read path, Async = 0
:4:rocmemory.cpp            :1018: 4393733644428 us: [pid:4182930 tid: 0x7fa3cce15200] Locking to pool 0x672abe0, size 0x2001000, HostPtr = 0x7fa3c9b28000, DevPtr = 0x7fa3c9b28000
:4:rocblit.cpp              :623 : 4393733644442 us: [pid:4182930 tid: 0x7fa3cce15200] HSA Copy Using Pinned resource size 33554432
:4:rocblit.cpp              :687 : 4393733644450 us: [pid:4182930 tid: 0x7fa3cce15200] HSA Async Copy staged D2H
:4:rocblit.cpp              :503 : 4393733644456 us: [pid:4182930 tid: 0x7fa3cce15200] Last copy mask 0x0
:4:rocblit.cpp              :509 : 4393733644463 us: [pid:4182930 tid: 0x7fa3cce15200] Query copy engine status 0, free_engine mask 0x1e
:4:rocblit.cpp              :520 : 4393733644471 us: [pid:4182930 tid: 0x7fa3cce15200] HSA Async Copy on copy_engine=0x2, dst=0x7fa3c9b28010, src=0x7fa275a00000, size=33554432, forceSDMA=0, wait_event=0x0, completion_signal=0x7fa3c73ff480
:4:rocvirtual.cpp           :622 : 4393733650409 us: [pid:4182930 tid: 0x7fa3cce15200] Host wait on completion_signal=0x7fa3c73ff480
:3:rocvirtual.hpp           :56  : 4393733650427 us: [pid:4182930 tid: 0x7fa3cce15200] Host active wait for Signal = (0x7fa3c73ff480) for -1 ns
:4:rocmemory.cpp            :1018: 4393733654314 us: [pid:4182930 tid: 0x7fa3cce15200] Locking to pool 0x672abe0, size 0x711000, HostPtr = 0x7fa3cbb28000, DevPtr = 0x7fa3cbb28000
:4:rocblit.cpp              :623 : 4393733654331 us: [pid:4182930 tid: 0x7fa3cce15200] HSA Copy Using Pinned resource size 7405568
:4:rocblit.cpp              :687 : 4393733654340 us: [pid:4182930 tid: 0x7fa3cce15200] HSA Async Copy staged D2H
:4:rocblit.cpp              :503 : 4393733654345 us: [pid:4182930 tid: 0x7fa3cce15200] Last copy mask 0x2
:4:rocblit.cpp              :520 : 4393733654350 us: [pid:4182930 tid: 0x7fa3cce15200] HSA Async Copy on copy_engine=0x2, dst=0x7fa3cbb28010, src=0x7fa277a00000, size=7405568, forceSDMA=0, wait_event=0x0, completion_signal=0x7fa3c73ff400
:4:rocvirtual.cpp           :622 : 4393733654360 us: [pid:4182930 tid: 0x7fa3cce15200] Host wait on completion_signal=0x7fa3c73ff400
:3:rocvirtual.hpp           :56  : 4393733654368 us: [pid:4182930 tid: 0x7fa3cce15200] Host active wait for Signal = (0x7fa3c73ff400) for -1 ns
:4:commandqueue.cpp         :161 : 4393733654635 us: [pid:4182930 tid: 0x7fa3cce15200] Marker queued to ensure finish
:4:command.cpp              :359 : 4393733654967 us: [pid:4182930 tid: 0x7fa3cce15200] Command (InternalMarker) enqueued: 0x6bcff90
:3:rocvirtual.cpp           :533 : 4393733654981 us: [pid:4182930 tid: 0x7fa3cce15200] Set Handler: handle(0x7fa3c73fd800), timestamp(0x703b7f0)
:4:rocvirtual.cpp           :1147: 4393733654991 us: [pid:4182930 tid: 0x7fa3cce15200] SWq=0x7fa3c740c000, HWq=0x7fa3b4400000, id=1, BarrierAND Header = 0x1503 (type=3, barrier=1, acquire=2, release=2), dep_signal=[0x0, 0x0, 0x0, 0x0, 0x0], completion_signal=0x7fa3c73fd800
:4:commandqueue.cpp         :184 : 4393733655002 us: [pid:4182930 tid: 0x7fa3cce15200] All commands finished
:3:rocvirtual.cpp           :226 : 4393733655004 us: [pid:4182930 tid: 0x7fa2969ff6c0] Handler: value(0), timestamp(0x7069600), handle(0x7fa3c73fd800)
:4:command.cpp              :169 : 4393733655024 us: [pid:4182930 tid: 0x7fa2969ff6c0] Command 0x7052b90 complete
:4:command.cpp              :163 : 4393733655032 us: [pid:4182930 tid: 0x7fa2969ff6c0] Command 0x6bcff90 complete (Wall: 4393733655031, CPU: 0, GPU: 56 us)
:3:hip_memory.cpp           :796 : 4393733655010 us: [pid:4182930 tid: 0x7fa3cce15200] hipMemcpy: Returned hipSuccess : : duration: 20621 us
:3:hip_memory.cpp           :772 : 4393733655066 us: [pid:4182930 tid: 0x7fa3cce15200] [32m hipFree ( 0x7fa3af400000 ) [0m
:4:commandqueue.cpp         :167 : 4393733655072 us: [pid:4182930 tid: 0x7fa3cce15200] HW Event not ready, awaiting completion instead
:4:commandqueue.cpp         :184 : 4393733655084 us: [pid:4182930 tid: 0x7fa3cce15200] All commands finished
:4:rocdevice.cpp            :2388: 4393733655553 us: [pid:4182930 tid: 0x7fa3cce15200] Free hsa memory 0x7fa3af400000
:3:rocdevice.cpp            :2411: 4393733656066 us: [pid:4182930 tid: 0x7fa3cce15200] Device=0x68241b0, freeMem_ = 0xffc8eff98
:3:hip_memory.cpp           :774 : 4393733656079 us: [pid:4182930 tid: 0x7fa3cce15200] hipFree: Returned hipSuccess : 
:3:hip_memory.cpp           :772 : 4393733656088 us: [pid:4182930 tid: 0x7fa3cce15200] [32m hipFree ( 0x7fa275a00000 ) [0m
:4:rocdevice.cpp            :2388: 4393733656162 us: [pid:4182930 tid: 0x7fa3cce15200] Free hsa memory 0x7fa275a00000
:3:rocdevice.cpp            :2411: 4393733656555 us: [pid:4182930 tid: 0x7fa3cce15200] Device=0x68241b0, freeMem_ = 0xffeffff98
:3:hip_memory.cpp           :774 : 4393733656562 us: [pid:4182930 tid: 0x7fa3cce15200] hipFree: Returned hipSuccess : 
:3:hip_memory.cpp           :772 : 4393733656567 us: [pid:4182930 tid: 0x7fa3cce15200] [32m hipFree ( 0x7fa3ada20000 ) [0m
:4:rocdevice.cpp            :2388: 4393733656580 us: [pid:4182930 tid: 0x7fa3cce15200] Free hsa memory 0x7fa3ada20000
:3:rocdevice.cpp            :2411: 4393733656585 us: [pid:4182930 tid: 0x7fa3cce15200] Device=0x68241b0, freeMem_ = 0xfff000000
:3:hip_memory.cpp           :774 : 4393733656590 us: [pid:4182930 tid: 0x7fa3cce15200] hipFree: Returned hipSuccess : 
:4:rocdevice.cpp            :2388: 4393737100039 us: [pid:4182930 tid: 0x7fa3cce15200] Free hsa memory (nil)
:3:rocdevice.cpp            :3254: 4393737100061 us: [pid:4182930 tid: 0x7fa3cce15200] releaseQueue refCount:0x7fa3b4400000 (0)
:4:rocdevice.cpp            :2388: 4393737100219 us: [pid:4182930 tid: 0x7fa3cce15200] Free hsa memory 0x7fa3b4200000
:4:rocdevice.cpp            :2388: 4393737100719 us: [pid:4182930 tid: 0x7fa3cce15200] Free hsa memory 0x7fa3aee00000
:4:rocdevice.cpp            :2388: 4393737257956 us: [pid:4182930 tid: 0x7fa3cce15200] Free hsa memory 0x7fa3b4600000
:4:rocdevice.cpp            :2388: 4393737496755 us: [pid:4182930 tid: 0x7fa3cce15200] Free hsa memory 0x7fa3d704c000
:3:rocdevice.cpp            :278 : 4393737496767 us: [pid:4182930 tid: 0x7fa3cce15200] Deleting hostcall buffer 0x7fa3ade00000 for hardware queue 0x7fa3b4400000
:3:devhostcall.cpp          :460 : 4393737496780 us: [pid:4182930 tid: 0x7fa3cce15200] Terminated hostcall listener
:4:rocdevice.cpp            :2388: 4393737498071 us: [pid:4182930 tid: 0x7fa3cce15200] Free hsa memory 0x7fa3ade00000
:3:rocdevice.cpp            :283 : 4393737736534 us: [pid:4182930 tid: 0x7fa3cce15200] Deleting hardware queue 0x7fa3b4400000 with refCount 0
:4:rocdevice.cpp            :2388: 4393737741489 us: [pid:4182930 tid: 0x7fa3cce15200] Free hsa memory 0x7fa3b4c00000
:4:rocdevice.cpp            :2388: 4393737985303 us: [pid:4182930 tid: 0x7fa3cce15200] Free hsa memory 0x7fa3ada00000
:4:rocdevice.cpp            :2388: 4393738212045 us: [pid:4182930 tid: 0x7fa3cce15200] Free hsa memory 0x7fa3ad000000
