
Currently Loaded Modules:
  1) rocm/6.4.2   2) rocm-llvm-toolchain

 

[semantic-rerun] baseline bench=colorwheel
Result: BASELINE (exit 0)
[semantic-rerun] baseline bench=randomAccess
Result: BASELINE (exit 0)
[semantic-rerun] trace_case=TRACE001 bench=colorwheel site=65 bit=2 trial=1
Result: SDC (exit 0)
[semantic-rerun] trace_case=TRACE001 bench=colorwheel site=65 bit=2 trial=2
Result: SDC (exit 0)
[semantic-rerun] trace_case=TRACE002 bench=colorwheel site=65 bit=6 trial=1
Result: SDC (exit 0)
[semantic-rerun] trace_case=TRACE002 bench=colorwheel site=65 bit=6 trial=2
Result: SDC (exit 0)
[semantic-rerun] trace_case=TRACE003 bench=colorwheel site=67 bit=2 trial=1
Result: SDC (exit 0)
[semantic-rerun] trace_case=TRACE003 bench=colorwheel site=67 bit=2 trial=2
Result: SDC (exit 0)
[semantic-rerun] trace_case=TRACE004 bench=colorwheel site=68 bit=0 trial=1
Result: SDC (exit 0)
[semantic-rerun] trace_case=TRACE004 bench=colorwheel site=68 bit=0 trial=2
Result: SDC (exit 0)
[semantic-rerun] trace_case=TRACE005 bench=colorwheel site=69 bit=0 trial=1
Result: SDC (exit 0)
[semantic-rerun] trace_case=TRACE005 bench=colorwheel site=69 bit=0 trial=2
Result: SDC (exit 0)
[semantic-rerun] trace_case=TRACE006 bench=colorwheel site=69 bit=4 trial=1
Result: SDC (exit 0)
[semantic-rerun] trace_case=TRACE006 bench=colorwheel site=69 bit=4 trial=2
Result: SDC (exit 0)
[semantic-rerun] trace_case=TRACE007 bench=colorwheel site=139 bit=2 trial=1
Result: SDC (exit 0)
[semantic-rerun] trace_case=TRACE007 bench=colorwheel site=139 bit=2 trial=2
Result: SDC (exit 0)
[semantic-rerun] trace_case=TRACE008 bench=colorwheel site=140 bit=7 trial=1
Result: SDC (exit 0)
[semantic-rerun] trace_case=TRACE008 bench=colorwheel site=140 bit=7 trial=2
Result: SDC (exit 0)
[semantic-rerun] trace_case=TRACE009 bench=colorwheel site=52 bit=1 trial=1
Result: SDC (exit 0)
[semantic-rerun] trace_case=TRACE009 bench=colorwheel site=52 bit=1 trial=2
Result: SDC (exit 0)
[semantic-rerun] trace_case=TRACE010 bench=randomAccess site=151 bit=1 trial=1
Result: SDC (exit 1)
[semantic-rerun] trace_case=TRACE010 bench=randomAccess site=151 bit=1 trial=2
Result: SDC (exit 1)
[semantic-rerun] trace_case=TRACE011 bench=randomAccess site=151 bit=2 trial=1
Result: SDC (exit 1)
[semantic-rerun] trace_case=TRACE011 bench=randomAccess site=151 bit=2 trial=2
Result: SDC (exit 1)
[semantic-rerun] trace_case=TRACE012 bench=randomAccess site=64 bit=0 trial=1
Result: SDC (exit 1)
[semantic-rerun] trace_case=TRACE012 bench=randomAccess site=64 bit=0 trial=2
Result: SDC (exit 1)
[semantic-rerun] trace_case=TRACE013 bench=randomAccess site=63 bit=7 trial=1
Result: MASKED (exit 0)
[semantic-rerun] trace_case=TRACE013 bench=randomAccess site=63 bit=7 trial=2
Result: MASKED (exit 0)
[semantic-rerun] trace_case=TRACE014 bench=randomAccess site=63 bit=8 trial=1
Result: MASKED (exit 0)
[semantic-rerun] trace_case=TRACE014 bench=randomAccess site=63 bit=8 trial=2
Result: MASKED (exit 0)
[semantic-rerun] trace_case=TRACE015 bench=randomAccess site=116 bit=0 trial=1
Result: SDC (exit 1)
[semantic-rerun] trace_case=TRACE015 bench=randomAccess site=116 bit=0 trial=2
Result: SDC (exit 1)
[semantic-rerun] trace_case=TRACE016 bench=randomAccess site=113 bit=0 trial=1
Result: SDC (exit 1)
[semantic-rerun] trace_case=TRACE016 bench=randomAccess site=113 bit=0 trial=2
Result: SDC (exit 1)
[semantic-rerun] trace_case=TRACE017 bench=randomAccess site=113 bit=1 trial=1
Result: SDC (exit 1)
[semantic-rerun] trace_case=TRACE017 bench=randomAccess site=113 bit=1 trial=2
Result: SDC (exit 1)
[semantic-rerun] trace_case=TRACE018 bench=randomAccess site=115 bit=63 trial=1
Result: SDC (exit 1)
[semantic-rerun] trace_case=TRACE018 bench=randomAccess site=115 bit=63 trial=2
Result: SDC (exit 1)
[semantic-rerun] trace_case=TRACE019 bench=randomAccess site=118 bit=0 trial=1
Result: SDC (exit 1)
[semantic-rerun] trace_case=TRACE019 bench=randomAccess site=118 bit=0 trial=2
Result: SDC (exit 1)
[semantic-rerun] trace_case=TRACE020 bench=randomAccess site=118 bit=1 trial=1
Result: SDC (exit 1)
[semantic-rerun] trace_case=TRACE020 bench=randomAccess site=118 bit=1 trial=2
Result: SDC (exit 1)
[semantic-rerun] trace_case=TRACE021 bench=randomAccess site=114 bit=0 trial=1
Result: SDC (exit 1)
[semantic-rerun] trace_case=TRACE021 bench=randomAccess site=114 bit=0 trial=2
Result: SDC (exit 1)
[semantic-rerun] trace_case=TRACE022 bench=randomAccess site=114 bit=1 trial=1
Result: SDC (exit 1)
[semantic-rerun] trace_case=TRACE022 bench=randomAccess site=114 bit=1 trial=2
Result: SDC (exit 1)
[semantic-rerun] trace_case=TRACE023 bench=randomAccess site=119 bit=0 trial=1
Result: SDC (exit 1)
[semantic-rerun] trace_case=TRACE023 bench=randomAccess site=119 bit=0 trial=2
Result: SDC (exit 1)
[semantic-rerun] trace_case=TRACE024 bench=randomAccess site=119 bit=1 trial=1
Result: SDC (exit 1)
[semantic-rerun] trace_case=TRACE024 bench=randomAccess site=119 bit=1 trial=2
Result: SDC (exit 1)
[semantic-rerun] trace_case=TRACE025 bench=randomAccess site=59 bit=0 trial=1
Result: SDC (exit 1)
[semantic-rerun] trace_case=TRACE025 bench=randomAccess site=59 bit=0 trial=2
Result: SDC (exit 1)
[semantic-rerun] complete
