Number of rows in the embedding table: 10000
Batch size: 8

Embedding dimension: 768
block size: 128
Average execution time of dense embedding kernel (k1): 2961.900146 (us)
Average execution time of dense embedding kernel (k2): 86.595001 (us)
Average execution time of dense embedding kernel (k3): 133.525009 (us)
PASS
block size: 256
Average execution time of dense embedding kernel (k1): 62.669003 (us)
Average execution time of dense embedding kernel (k2): 49.264004 (us)
Average execution time of dense embedding kernel (k3): 82.167007 (us)
PASS
block size: 512
Average execution time of dense embedding kernel (k1): 47.500004 (us)
Average execution time of dense embedding kernel (k2): 40.627003 (us)
Average execution time of dense embedding kernel (k3): 53.742004 (us)
PASS
block size: 1024
Average execution time of dense embedding kernel (k1): 40.678001 (us)
Average execution time of dense embedding kernel (k2): 33.604000 (us)
Average execution time of dense embedding kernel (k3): 45.677002 (us)
PASS

Embedding dimension: 2048
block size: 128
Average execution time of dense embedding kernel (k1): 213.607010 (us)
Average execution time of dense embedding kernel (k2): 184.021011 (us)
Average execution time of dense embedding kernel (k3): 341.702026 (us)
PASS
block size: 256
Average execution time of dense embedding kernel (k1): 137.983002 (us)
Average execution time of dense embedding kernel (k2): 105.691002 (us)
Average execution time of dense embedding kernel (k3): 204.841003 (us)
PASS
block size: 512
Average execution time of dense embedding kernel (k1): 89.381004 (us)
Average execution time of dense embedding kernel (k2): 74.001007 (us)
Average execution time of dense embedding kernel (k3): 120.780006 (us)
PASS
block size: 1024
Average execution time of dense embedding kernel (k1): 67.499001 (us)
Average execution time of dense embedding kernel (k2): 57.790001 (us)
Average execution time of dense embedding kernel (k3): 92.186005 (us)
PASS

Embedding dimension: 12288
block size: 128
Average execution time of dense embedding kernel (k1): 1124.114014 (us)
Average execution time of dense embedding kernel (k2): 909.996033 (us)
Average execution time of dense embedding kernel (k3): 1848.385132 (us)
PASS
block size: 256
Average execution time of dense embedding kernel (k1): 730.222046 (us)
Average execution time of dense embedding kernel (k2): 628.849060 (us)
Average execution time of dense embedding kernel (k3): 1064.220093 (us)
PASS
block size: 512
Average execution time of dense embedding kernel (k1): 426.273010 (us)
Average execution time of dense embedding kernel (k2): 382.900024 (us)
Average execution time of dense embedding kernel (k3): 664.678040 (us)
PASS
block size: 1024
Average execution time of dense embedding kernel (k1): 273.411011 (us)
Average execution time of dense embedding kernel (k2): 231.121017 (us)
Average execution time of dense embedding kernel (k3): 418.338013 (us)
PASS
dense-embedding snapshot written to /tmp/bitir_failure_audit_injected_ir_dense-embedding_site362_bit0_trial1/dense-embedding_site362_bit0.bin
compare_ok
Result: MASKED (exit 0)
