Number of rows in the embedding table: 10000
Batch size: 8

Embedding dimension: 768
block size: 128
Average execution time of dense embedding kernel (k1): 426870.968750 (us)
Average execution time of dense embedding kernel (k2): 124.345009 (us)
Average execution time of dense embedding kernel (k3): 206.609009 (us)
PASS
block size: 256
Average execution time of dense embedding kernel (k1): 85.692001 (us)
Average execution time of dense embedding kernel (k2): 64.672005 (us)
Average execution time of dense embedding kernel (k3): 131.638000 (us)
PASS
block size: 512
Average execution time of dense embedding kernel (k1): 74.962006 (us)
Average execution time of dense embedding kernel (k2): 55.014004 (us)
Average execution time of dense embedding kernel (k3): 86.543007 (us)
PASS
block size: 1024
Average execution time of dense embedding kernel (k1): 61.516003 (us)
Average execution time of dense embedding kernel (k2): 47.931004 (us)
Average execution time of dense embedding kernel (k3): 73.178001 (us)
PASS

Embedding dimension: 2048
block size: 128
Average execution time of dense embedding kernel (k1): 249.419006 (us)
Average execution time of dense embedding kernel (k2): 231.296005 (us)
Average execution time of dense embedding kernel (k3): 502.357025 (us)
PASS
block size: 256
Average execution time of dense embedding kernel (k1): 162.186005 (us)
Average execution time of dense embedding kernel (k2): 128.022003 (us)
Average execution time of dense embedding kernel (k3): 289.215027 (us)
PASS
block size: 512
Average execution time of dense embedding kernel (k1): 108.995003 (us)
Average execution time of dense embedding kernel (k2): 92.975006 (us)
Average execution time of dense embedding kernel (k3): 178.636002 (us)
PASS
block size: 1024
Average execution time of dense embedding kernel (k1): 94.638008 (us)
Average execution time of dense embedding kernel (k2): 69.962006 (us)
Average execution time of dense embedding kernel (k3): 129.073013 (us)
PASS

Embedding dimension: 12288
block size: 128
Average execution time of dense embedding kernel (k1): 1255.766113 (us)
Average execution time of dense embedding kernel (k2): 1220.470093 (us)
Average execution time of dense embedding kernel (k3): 2904.764160 (us)
PASS
block size: 256
Average execution time of dense embedding kernel (k1): 710.018005 (us)
Average execution time of dense embedding kernel (k2): 675.433044 (us)
Average execution time of dense embedding kernel (k3): 1558.547119 (us)
PASS
block size: 512
Average execution time of dense embedding kernel (k1): 487.559021 (us)
Average execution time of dense embedding kernel (k2): 417.116028 (us)
Average execution time of dense embedding kernel (k3): 939.641052 (us)
PASS
block size: 1024
Average execution time of dense embedding kernel (k1): 316.657013 (us)
Average execution time of dense embedding kernel (k2): 277.443024 (us)
Average execution time of dense embedding kernel (k3): 596.945007 (us)
PASS
dense-embedding snapshot written to /tmp/bitir_amd_dense-embedding_site381_bit15_trial2/dense-embedding_site381_bit15_trial2.bin
compare_ok
