:3:rocdevice.cpp            :465 : 4394845575361 us: [pid:110146 tid: 0x7f82d5c28200] Initializing HSA stack.
:3:rocdevice.cpp            :551 : 4394845975637 us: [pid:110146 tid: 0x7f82d5c28200] Enumerated GPU agents = 1
:3:rocdevice.cpp            :230 : 4394845975737 us: [pid:110146 tid: 0x7f82d5c28200] Numa selects cpu agent[0]=0x39fb9bd0(fine=0x3a037a20,coarse=0x3a034dc0) for gpu agent=0x3a040bf0 CPU<->GPU XGMI=0
:3:rocsettings.cpp          :284 : 4394845975755 us: [pid:110146 tid: 0x7f82d5c28200] Using dev kernel arg wa = 0
:3:comgrctx.cpp             :33  : 4394845975771 us: [pid:110146 tid: 0x7f82d5c28200] Loading COMGR library.
:3:comgrctx.cpp             :128 : 4394845975821 us: [pid:110146 tid: 0x7f82d5c28200] Loaded COMGR library version 3.0.
:3:rocdevice.cpp            :1785: 4394845976501 us: [pid:110146 tid: 0x7f82d5c28200] Gfx Major/Minor/Stepping: 9/0/10
:3:rocdevice.cpp            :1787: 4394845976515 us: [pid:110146 tid: 0x7f82d5c28200] HMM support: 1, XNACK: 0, Direct host access: 0
:3:rocdevice.cpp            :1789: 4394845976525 us: [pid:110146 tid: 0x7f82d5c28200] Max SDMA Read Mask: 0x1e, Max SDMA Write Mask: 0x1f
:4:rocdevice.cpp            :2210: 4394845977065 us: [pid:110146 tid: 0x7f82d5c28200] Allocate hsa host memory 0x7f82bda00000, size 0x100000, numa_node = 0
:4:rocdevice.cpp            :2210: 4394846202707 us: [pid:110146 tid: 0x7f82d5c28200] Allocate hsa host memory 0x7f82bd400000, size 0x400000, numa_node = 0
:4:rocdevice.cpp            :2210: 4394846202875 us: [pid:110146 tid: 0x7f82d5c28200] Allocate hsa host memory 0x7f82dfe69000, size 0x38, numa_node = 0
:3:hip_context.cpp          :54  : 4394846203420 us: [pid:110146 tid: 0x7f82d5c28200] Direct Dispatch: 1
:3:hip_fatbin.cpp           :427 : 4394846203567 us: [pid:110146 tid: 0x7f82d5c28200] Searching for code objects, HIP_FORCE_SPIRV_CODEOBJECT: 0
:3:hip_fatbin.cpp           :435 : 4394846203946 us: [pid:110146 tid: 0x7f82d5c28200] Using Native code object: gfx90a:sramecc+:xnack-
:3:hip_memory.cpp           :756 : 4394846203988 us: [pid:110146 tid: 0x7f82d5c28200] [32m hipMalloc ( 0x7ffe06e5eb60, 10240000 ) [0m
:4:rocdevice.cpp            :2371: 4394846204069 us: [pid:110146 tid: 0x7f82d5c28200] Allocate hsa device memory 0x7f82bc800000, size 0x9c4000, hsa_mem_flags 0x0h
:3:rocdevice.cpp            :2411: 4394846204908 us: [pid:110146 tid: 0x7f82d5c28200] Device=0x3a12acf0, freeMem_ = 0xffe63c000
:3:hip_memory.cpp           :758 : 4394846204919 us: [pid:110146 tid: 0x7f82d5c28200] hipMalloc: Returned hipSuccess : 0x7f82bc800000: duration: 931 us
:3:hip_memory.cpp           :795 : 4394846204939 us: [pid:110146 tid: 0x7f82d5c28200] [32m hipMemcpy ( 0x7f82bc800000, 0x7f82d503b010, 10240000, hipMemcpyHostToDevice ) [0m
:3:rocdevice.cpp            :3048: 4394846204959 us: [pid:110146 tid: 0x7f82d5c28200] Number of allocated hardware queues with low priority: 0, with normal priority: 0, with high priority: 0, maximum per priority is: 4
:3:rocdevice.cpp            :3129: 4394846216526 us: [pid:110146 tid: 0x7f82d5c28200] Created SWq=0x7f82d5c14000 to map on HWq=0x7f82bc600000 with size 16384 with priority 1, cooperative: 0
:3:rocdevice.cpp            :3222: 4394846216560 us: [pid:110146 tid: 0x7f82d5c28200] acquireQueue refCount: 0x7f82bc600000 (1)
:4:rocdevice.cpp            :2210: 4394846216960 us: [pid:110146 tid: 0x7f82d5c28200] Allocate hsa host memory 0x7f82bc400000, size 0x100000, numa_node = 0
:3:devprogram.cpp           :2658: 4394846537556 us: [pid:110146 tid: 0x7f82d5c28200] Using Code Object V5.
:4:rocdevice.cpp            :2210: 4394849033812 us: [pid:110146 tid: 0x7f82d5c28200] Allocate hsa host memory 0x7f818f200000, size 0x400000, numa_node = 0
:4:command.cpp              :359 : 4394849033962 us: [pid:110146 tid: 0x7f82d5c28200] Command (CopyHostToDevice) enqueued: 0x3a8cd250
:4:rocblit.cpp              :1803: 4394849033990 us: [pid:110146 tid: 0x7f82d5c28200] Unpinned write path, Async = 0
:4:rocmemory.cpp            :1018: 4394849034773 us: [pid:110146 tid: 0x7f82d5c28200] Locking to pool 0x3a034dc0, size 0x9c5000, HostPtr = 0x7f82d503b000, DevPtr = 0x7f82d503b000
:4:rocblit.cpp              :623 : 4394849034920 us: [pid:110146 tid: 0x7f82d5c28200] HSA Copy Using Pinned resource size 10240000
:4:rocblit.cpp              :680 : 4394849034932 us: [pid:110146 tid: 0x7f82d5c28200] HSA Async Copy staged H2D
:4:rocblit.cpp              :503 : 4394849034945 us: [pid:110146 tid: 0x7f82d5c28200] Last copy mask 0x0
:4:rocblit.cpp              :509 : 4394849034953 us: [pid:110146 tid: 0x7f82d5c28200] Query copy engine status 0, free_engine mask 0x1f
:4:rocblit.cpp              :520 : 4394849034963 us: [pid:110146 tid: 0x7f82d5c28200] HSA Async Copy on copy_engine=0x1, dst=0x7f82bc800000, src=0x7f82d503b010, size=10240000, forceSDMA=0, wait_event=0x0, completion_signal=0x7f82d01ff780
:4:rocvirtual.cpp           :622 : 4394849042078 us: [pid:110146 tid: 0x7f82d5c28200] Host wait on completion_signal=0x7f82d01ff780
:3:rocvirtual.hpp           :56  : 4394849042110 us: [pid:110146 tid: 0x7f82d5c28200] Host active wait for Signal = (0x7f82d01ff780) for -1 ns
:4:commandqueue.cpp         :161 : 4394849042469 us: [pid:110146 tid: 0x7f82d5c28200] Marker queued to ensure finish
:4:command.cpp              :359 : 4394849042597 us: [pid:110146 tid: 0x7f82d5c28200] Command (InternalMarker) enqueued: 0x3a246930
:3:rocvirtual.cpp           :533 : 4394849042627 us: [pid:110146 tid: 0x7f82d5c28200] Set Handler: handle(0x7f82d01fd600), timestamp(0x3a8bfe00)
:4:rocvirtual.cpp           :1147: 4394849042653 us: [pid:110146 tid: 0x7f82d5c28200] SWq=0x7f82d5c14000, HWq=0x7f82bc600000, id=1, BarrierAND Header = 0x1503 (type=3, barrier=1, acquire=2, release=2), dep_signal=[0x0, 0x0, 0x0, 0x0, 0x0], completion_signal=0x7f82d01fd600
:4:commandqueue.cpp         :184 : 4394849042672 us: [pid:110146 tid: 0x7f82d5c28200] All commands finished
:3:hip_memory.cpp           :796 : 4394849042680 us: [pid:110146 tid: 0x7f82d5c28200] hipMemcpy: Returned hipSuccess : : duration: 2837741 us
:3:hip_memory.cpp           :756 : 4394849042696 us: [pid:110146 tid: 0x7f82d5c28200] [32m hipMalloc ( 0x7ffe06e5eb58, 40960000 ) [0m
:3:rocvirtual.cpp           :226 : 4394849042720 us: [pid:110146 tid: 0x7f81a1bff6c0] Handler: value(0), timestamp(0x3a861c20), handle(0x7f82d01fd600)
:4:command.cpp              :169 : 4394849043169 us: [pid:110146 tid: 0x7f81a1bff6c0] Command 0x3a8cd250 complete
:4:command.cpp              :163 : 4394849043181 us: [pid:110146 tid: 0x7f81a1bff6c0] Command 0x3a246930 complete (Wall: 4394849043179, CPU: 0, GPU: 570 us)
:4:rocdevice.cpp            :2371: 4394849042778 us: [pid:110146 tid: 0x7f82d5c28200] Allocate hsa device memory 0x7f818c800000, size 0x2710000, hsa_mem_flags 0x0h
:3:rocdevice.cpp            :2411: 4394849043240 us: [pid:110146 tid: 0x7f82d5c28200] Device=0x3a12acf0, freeMem_ = 0xffbf2c000
:3:hip_memory.cpp           :758 : 4394849043256 us: [pid:110146 tid: 0x7f82d5c28200] hipMalloc: Returned hipSuccess : 0x7f818c800000: duration: 560 us
:3:hip_device_runtime.cpp   :641 : 4394849043281 us: [pid:110146 tid: 0x7f82d5c28200] [32m hipDeviceSynchronize (  ) [0m
:4:commandqueue.cpp         :184 : 4394849043290 us: [pid:110146 tid: 0x7f82d5c28200] All commands finished
:3:hip_device_runtime.cpp   :645 : 4394849043310 us: [pid:110146 tid: 0x7f82d5c28200] hipDeviceSynchronize: Returned hipSuccess : 
:3:hip_platform.cpp         :237 : 4394849043655 us: [pid:110146 tid: 0x7f82d5c28200] [32m __hipPushCallConfiguration ( {625,64,1}, {16,16,1}, 0, stream:<null> ) [0m
:3:hip_platform.cpp         :241 : 4394849043666 us: [pid:110146 tid: 0x7f82d5c28200] __hipPushCallConfiguration: Returned hipSuccess : 
:3:hip_platform.cpp         :246 : 4394849043690 us: [pid:110146 tid: 0x7f82d5c28200] [32m __hipPopCallConfiguration ( {115731672,32766,0}, {3759679570,32642,16}, 0x7ffe06e5e970, 0x7ffe06e5e968 ) [0m
:3:hip_platform.cpp         :255 : 4394849043703 us: [pid:110146 tid: 0x7f82d5c28200] __hipPopCallConfiguration: Returned hipSuccess : 
:3:hip_module.cpp           :744 : 4394849043775 us: [pid:110146 tid: 0x7f82d5c28200] [32m hipLaunchKernel ( 0x200cc0, {625,64,1}, {16,16,1}, 0x7ffe06e5e920, 0, stream:<null> ) [0m
:3:devprogram.cpp           :2658: 4394849044369 us: [pid:110146 tid: 0x7f82d5c28200] Using Code Object V5.
:4:command.cpp              :359 : 4394849045150 us: [pid:110146 tid: 0x7f82d5c28200] Command (KernelExecution) enqueued: 0x3a957f00
:3:rocvirtual.cpp           :762 : 4394849045194 us: [pid:110146 tid: 0x7f82d5c28200] Arg0:   = ptr:0x7f818c800000
:3:rocvirtual.cpp           :778 : 4394849045199 us: [pid:110146 tid: 0x7f82d5c28200] Arg0:   = ptr:0x7f818c800000 obj:[0x7f818c800000-0x7f818ef10000]
:3:rocvirtual.cpp           :762 : 4394849045207 us: [pid:110146 tid: 0x7f82d5c28200] Arg1:   = ptr:0x7f82bc800000
:3:rocvirtual.cpp           :778 : 4394849045212 us: [pid:110146 tid: 0x7f82d5c28200] Arg1:   = ptr:0x7f82bc800000 obj:[0x7f82bc800000-0x7f82bd1c4000]
:3:rocvirtual.cpp           :853 : 4394849045220 us: [pid:110146 tid: 0x7f82d5c28200] Arg2:   = val:1024
:3:rocvirtual.cpp           :853 : 4394849045224 us: [pid:110146 tid: 0x7f82d5c28200] Arg3:   = val:10000
:3:rocvirtual.cpp           :3236: 4394849045239 us: [pid:110146 tid: 0x7f82d5c28200] ShaderName : entropy(float*, char const*, int, int)
:4:rocdevice.cpp            :2210: 4394851116190 us: [pid:110146 tid: 0x7f82d5c28200] Allocate hsa host memory 0x7f817f600000, size 0xd13838, numa_node = 0
:3:rocdevice.cpp            :3322: 4394851116585 us: [pid:110146 tid: 0x7f82d5c28200] Created hostcall buffer 0x7f817f600000 for hardware queue 0x7f82bc600000
:4:rocsignal.cpp            :38  : 4394851117153 us: [pid:110146 tid: 0x7f82d5c28200] Initialize Hostcall signal=0x7f82d01fd280
:3:devhostcall.cpp          :428 : 4394851117343 us: [pid:110146 tid: 0x7f82d5c28200] Launched hostcall listener at 0x3a6ce8f0
:3:devhostcall.cpp          :441 : 4394851117349 us: [pid:110146 tid: 0x7f82d5c28200] Registered hostcall buffer 0x7f817f600000 with listener 0x3a6ce8f0
:4:rocdevice.cpp            :2371: 4394851117426 us: [pid:110146 tid: 0x7f82d5c28200] Allocate hsa device memory 0x7f818c400000, size 0x20000, hsa_mem_flags 0x0h
:4:rocdevice.cpp            :2371: 4394851117498 us: [pid:110146 tid: 0x7f82d5c28200] Allocate hsa device memory 0x7f817ec00000, size 0x800000, hsa_mem_flags 0x0h
:3:rocvirtual.cpp           :853 : 4394851117836 us: [pid:110146 tid: 0x7f82d5c28200] Arg0: ulong heap_to_initialize = val:140194380513280
:3:rocvirtual.cpp           :853 : 4394851117845 us: [pid:110146 tid: 0x7f82d5c28200] Arg1: ulong initial_blocks = val:140194154020864
:3:rocvirtual.cpp           :853 : 4394851117852 us: [pid:110146 tid: 0x7f82d5c28200] Arg2: uint heap_size = val:131072
:3:rocvirtual.cpp           :853 : 4394851117857 us: [pid:110146 tid: 0x7f82d5c28200] Arg3: uint number_of_initial_blocks = val:4
:3:rocvirtual.cpp           :3236: 4394851117870 us: [pid:110146 tid: 0x7f82d5c28200] ShaderName : __amd_rocclr_initHeap
:3:rocvirtual.cpp           :3449: 4394851117876 us: [pid:110146 tid: 0x7f82d5c28200] KernargSegmentByteSize = 24 KernargSegmentAlignment = 128
:4:rocvirtual.cpp           :965 : 4394851117887 us: [pid:110146 tid: 0x7f82d5c28200] SWq=0x7f82d5c14000, HWq=0x7f82bc600000, id=1, Dispatch Header = 0x1502 (type=2, barrier=1, acquire=2, release=2), setup=1, grid=[256, 1, 1], workgroup=[256, 1, 1], private_seg_size=0, group_seg_size=0, kernel_obj=0x7f82d020e0c0, kernarg_address=0x7f82bc400000, completion_signal=0x0, correlation_id=0, rptr=1, wptr=1
:4:rocvirtual.cpp           :1147: 4394851117903 us: [pid:110146 tid: 0x7f82d5c28200] SWq=0x7f82d5c14000, HWq=0x7f82bc600000, id=1, BarrierAND Header = 0x1503 (type=3, barrier=1, acquire=2, release=2), dep_signal=[0x0, 0x0, 0x0, 0x0, 0x0], completion_signal=0x7f82d01ff680
:4:rocvirtual.cpp           :622 : 4394851117914 us: [pid:110146 tid: 0x7f82d5c28200] Host wait on completion_signal=0x7f82d01ff680
:3:rocvirtual.cpp           :3449: 4394851117924 us: [pid:110146 tid: 0x7f82d5c28200] KernargSegmentByteSize = 280 KernargSegmentAlignment = 128
:4:rocvirtual.cpp           :965 : 4394851118401 us: [pid:110146 tid: 0x7f82d5c28200] SWq=0x7f82d5c14000, HWq=0x7f82bc600000, id=1, Dispatch Header = 0xb02 (type=2, barrier=1, acquire=1, release=1), setup=3, grid=[10000, 1024, 1], workgroup=[16, 16, 1], private_seg_size=192, group_seg_size=0, kernel_obj=0x7f82bd9e11c0, kernarg_address=0x7f82bc400000, completion_signal=0x0, correlation_id=0, rptr=3, wptr=3
:3:hip_module.cpp           :745 : 4394851118422 us: [pid:110146 tid: 0x7f82d5c28200] hipLaunchKernel: Returned hipSuccess : : duration: 2074647 us
:3:hip_device_runtime.cpp   :641 : 4394851118432 us: [pid:110146 tid: 0x7f82d5c28200] [32m hipDeviceSynchronize (  ) [0m
:4:commandqueue.cpp         :161 : 4394851118439 us: [pid:110146 tid: 0x7f82d5c28200] Marker queued to ensure finish
:4:command.cpp              :359 : 4394851118444 us: [pid:110146 tid: 0x7f82d5c28200] Command (InternalMarker) enqueued: 0x3a246930
:3:rocvirtual.cpp           :533 : 4394851118460 us: [pid:110146 tid: 0x7f82d5c28200] Set Handler: handle(0x7f82d01fd680), timestamp(0x3a8bfcf0)
:4:rocvirtual.cpp           :1147: 4394851118468 us: [pid:110146 tid: 0x7f82d5c28200] SWq=0x7f82d5c14000, HWq=0x7f82bc600000, id=1, BarrierAND Header = 0x1503 (type=3, barrier=1, acquire=2, release=2), dep_signal=[0x0, 0x0, 0x0, 0x0, 0x0], completion_signal=0x7f82d01fd680
:3:rocvirtual.hpp           :56  : 4394851118479 us: [pid:110146 tid: 0x7f82d5c28200] Host active wait for Signal = (0x7f82d01fd680) for -1 ns
:4:commandqueue.cpp         :184 : 4394851154425 us: [pid:110146 tid: 0x7f82d5c28200] All commands finished
:3:hip_device_runtime.cpp   :645 : 4394851154445 us: [pid:110146 tid: 0x7f82d5c28200] hipDeviceSynchronize: Returned hipSuccess : 
:3:rocvirtual.cpp           :226 : 4394851154469 us: [pid:110146 tid: 0x7f81a1bff6c0] Handler: value(0), timestamp(0x3a7eae10), handle(0x7f82d01fd680)
:4:command.cpp              :169 : 4394851154497 us: [pid:110146 tid: 0x7f81a1bff6c0] Command 0x3a957f00 complete
:4:command.cpp              :163 : 4394851154509 us: [pid:110146 tid: 0x7f81a1bff6c0] Command 0x3a246930 complete (Wall: 4394851154507, CPU: 0, GPU: 36055 us)
:3:hip_memory.cpp           :756 : 4394851154835 us: [pid:110146 tid: 0x7f82d5c28200] [32m hipMalloc ( 0x7ffe06e5ea60, 104 ) [0m
:4:rocdevice.cpp            :2371: 4394851154968 us: [pid:110146 tid: 0x7f82d5c28200] Allocate hsa device memory 0x7f818c420000, size 0x68, hsa_mem_flags 0x0h
:3:rocdevice.cpp            :2411: 4394851154976 us: [pid:110146 tid: 0x7f82d5c28200] Device=0x3a12acf0, freeMem_ = 0xffbf2bf98
:3:hip_memory.cpp           :758 : 4394851154984 us: [pid:110146 tid: 0x7f82d5c28200] hipMalloc: Returned hipSuccess : 0x7f818c420000: duration: 149 us
:3:hip_memory.cpp           :795 : 4394851154995 us: [pid:110146 tid: 0x7f82d5c28200] [32m hipMemcpy ( 0x7f818c420000, 0x7ffe06e5ea70, 104, hipMemcpyHostToDevice ) [0m
:4:command.cpp              :359 : 4394851155009 us: [pid:110146 tid: 0x7f82d5c28200] Command (CopyHostToDevice) enqueued: 0x3a7d27a0
:4:rocblit.cpp              :1803: 4394851155023 us: [pid:110146 tid: 0x7f82d5c28200] Unpinned write path, Async = 0
:4:rocblit.cpp              :1832: 4394851155028 us: [pid:110146 tid: 0x7f82d5c28200] memcpy stg buf=0x7f818f200000, host src=0x7ffe06e5ea70, size=104
:4:rocblit.cpp              :1835: 4394851155037 us: [pid:110146 tid: 0x7f82d5c28200] Blit staging H2D copy dst=0x7f818c420000, stg buf=0x7f818f200000, dstOrigin=0x0, size=104
:3:rocvirtual.cpp           :762 : 4394851155047 us: [pid:110146 tid: 0x7f82d5c28200] Arg0: uchar* src = ptr:0x7f818f200000
:3:rocvirtual.cpp           :762 : 4394851155051 us: [pid:110146 tid: 0x7f82d5c28200] Arg1: uchar* dst = ptr:0x7f818c420000
:3:rocvirtual.cpp           :853 : 4394851155056 us: [pid:110146 tid: 0x7f82d5c28200] Arg2: ulong size = val:104
:3:rocvirtual.cpp           :853 : 4394851155061 us: [pid:110146 tid: 0x7f82d5c28200] Arg3: uint remainder = val:8
:3:rocvirtual.cpp           :853 : 4394851155065 us: [pid:110146 tid: 0x7f82d5c28200] Arg4: uint aligned_size = val:16
:3:rocvirtual.cpp           :853 : 4394851155070 us: [pid:110146 tid: 0x7f82d5c28200] Arg5: ulong end_ptr = val:140194380644448
:3:rocvirtual.cpp           :853 : 4394851155074 us: [pid:110146 tid: 0x7f82d5c28200] Arg6: uint next_chunk = val:512
:3:rocvirtual.cpp           :3236: 4394851155089 us: [pid:110146 tid: 0x7f82d5c28200] ShaderName : __amd_rocclr_copyBuffer
:3:rocvirtual.cpp           :3449: 4394851155094 us: [pid:110146 tid: 0x7f82d5c28200] KernargSegmentByteSize = 304 KernargSegmentAlignment = 128
:4:rocvirtual.cpp           :965 : 4394851155104 us: [pid:110146 tid: 0x7f82d5c28200] SWq=0x7f82d5c14000, HWq=0x7f82bc600000, id=1, Dispatch Header = 0xb02 (type=2, barrier=1, acquire=1, release=1), setup=1, grid=[512, 1, 1], workgroup=[512, 1, 1], private_seg_size=0, group_seg_size=0, kernel_obj=0x7f82d020ddc0, kernarg_address=0x7f82bc400180, completion_signal=0x0, correlation_id=0, rptr=5, wptr=5
:4:commandqueue.cpp         :161 : 4394851155609 us: [pid:110146 tid: 0x7f82d5c28200] Marker queued to ensure finish
:4:command.cpp              :359 : 4394851155614 us: [pid:110146 tid: 0x7f82d5c28200] Command (InternalMarker) enqueued: 0x3a246930
:3:rocvirtual.cpp           :533 : 4394851155645 us: [pid:110146 tid: 0x7f82d5c28200] Set Handler: handle(0x7f82d01fd700), timestamp(0x3a8bfbe0)
:4:rocvirtual.cpp           :1147: 4394851155654 us: [pid:110146 tid: 0x7f82d5c28200] SWq=0x7f82d5c14000, HWq=0x7f82bc600000, id=1, BarrierAND Header = 0x1503 (type=3, barrier=1, acquire=2, release=2), dep_signal=[0x0, 0x0, 0x0, 0x0, 0x0], completion_signal=0x7f82d01fd700
:4:commandqueue.cpp         :184 : 4394851155665 us: [pid:110146 tid: 0x7f82d5c28200] All commands finished
:3:hip_memory.cpp           :796 : 4394851155670 us: [pid:110146 tid: 0x7f82d5c28200] hipMemcpy: Returned hipSuccess : : duration: 675 us
:3:hip_device_runtime.cpp   :641 : 4394851155678 us: [pid:110146 tid: 0x7f82d5c28200] [32m hipDeviceSynchronize (  ) [0m
:4:commandqueue.cpp         :184 : 4394851155684 us: [pid:110146 tid: 0x7f82d5c28200] All commands finished
:3:hip_device_runtime.cpp   :645 : 4394851155694 us: [pid:110146 tid: 0x7f82d5c28200] hipDeviceSynchronize: Returned hipSuccess : 
:3:rocvirtual.cpp           :226 : 4394851155684 us: [pid:110146 tid: 0x7f81a1bff6c0] Handler: value(0), timestamp(0x3a1fdbf0), handle(0x7f82d01fd700)
:3:hip_platform.cpp         :237 : 4394851155707 us: [pid:110146 tid: 0x7f82d5c28200] [32m __hipPushCallConfiguration ( {625,64,1}, {16,16,1}, 0, stream:<null> ) [0m
:3:hip_platform.cpp         :241 : 4394851156205 us: [pid:110146 tid: 0x7f82d5c28200] __hipPushCallConfiguration: Returned hipSuccess : 
:4:command.cpp              :169 : 4394851156192 us: [pid:110146 tid: 0x7f81a1bff6c0] Command 0x3a7d27a0 complete
:4:command.cpp              :163 : 4394851156229 us: [pid:110146 tid: 0x7f81a1bff6c0] Command 0x3a246930 complete (Wall: 4394851156227, CPU: 0, GPU: 595 us)
:3:hip_platform.cpp         :246 : 4394851156217 us: [pid:110146 tid: 0x7f82d5c28200] [32m __hipPopCallConfiguration ( {16,16,115731672}, {115731392,32766,3759679570}, 0x7ffe06e5e968, 0x7ffe06e5e960 ) [0m
:3:hip_platform.cpp         :255 : 4394851156663 us: [pid:110146 tid: 0x7f82d5c28200] __hipPopCallConfiguration: Returned hipSuccess : 
:3:hip_module.cpp           :744 : 4394851156675 us: [pid:110146 tid: 0x7f82d5c28200] [32m hipLaunchKernel ( 0x200e20, {625,64,1}, {16,16,1}, 0x7ffe06e5e910, 0, stream:<null> ) [0m
:4:command.cpp              :359 : 4394851156691 us: [pid:110146 tid: 0x7f82d5c28200] Command (KernelExecution) enqueued: 0x3a956f00
:3:rocvirtual.cpp           :762 : 4394851156700 us: [pid:110146 tid: 0x7f82d5c28200] Arg0:   = ptr:0x7f818c800000
:3:rocvirtual.cpp           :778 : 4394851156705 us: [pid:110146 tid: 0x7f82d5c28200] Arg0:   = ptr:0x7f818c800000 obj:[0x7f818c800000-0x7f818ef10000]
:3:rocvirtual.cpp           :762 : 4394851156714 us: [pid:110146 tid: 0x7f82d5c28200] Arg1:   = ptr:0x7f82bc800000
:3:rocvirtual.cpp           :778 : 4394851156718 us: [pid:110146 tid: 0x7f82d5c28200] Arg1:   = ptr:0x7f82bc800000 obj:[0x7f82bc800000-0x7f82bd1c4000]
:3:rocvirtual.cpp           :762 : 4394851156725 us: [pid:110146 tid: 0x7f82d5c28200] Arg2:   = ptr:0x7f818c420000
:3:rocvirtual.cpp           :778 : 4394851156730 us: [pid:110146 tid: 0x7f82d5c28200] Arg2:   = ptr:0x7f818c420000 obj:[0x7f818c420000-0x7f818c420068]
:3:rocvirtual.cpp           :853 : 4394851156742 us: [pid:110146 tid: 0x7f82d5c28200] Arg3:   = val:1024
:3:rocvirtual.cpp           :853 : 4394851156747 us: [pid:110146 tid: 0x7f82d5c28200] Arg4:   = val:10000
:3:rocvirtual.cpp           :3236: 4394851156761 us: [pid:110146 tid: 0x7f82d5c28200] ShaderName : void entropy_opt<16, 16>(float*, char const*, float const*, int, int)
:3:rocvirtual.cpp           :3449: 4394851157224 us: [pid:110146 tid: 0x7f82d5c28200] KernargSegmentByteSize = 288 KernargSegmentAlignment = 128
:4:rocvirtual.cpp           :965 : 4394851157233 us: [pid:110146 tid: 0x7f82d5c28200] SWq=0x7f82d5c14000, HWq=0x7f82bc600000, id=1, Dispatch Header = 0xb02 (type=2, barrier=1, acquire=1, release=1), setup=3, grid=[10000, 1024, 1], workgroup=[16, 16, 1], private_seg_size=176, group_seg_size=16384, kernel_obj=0x7f82bd9e1200, kernarg_address=0x7f82bc400300, completion_signal=0x0, correlation_id=0, rptr=7, wptr=7
:3:hip_module.cpp           :745 : 4394851157247 us: [pid:110146 tid: 0x7f82d5c28200] hipLaunchKernel: Returned hipSuccess : : duration: 572 us
:3:hip_device_runtime.cpp   :641 : 4394851157256 us: [pid:110146 tid: 0x7f82d5c28200] [32m hipDeviceSynchronize (  ) [0m
:4:commandqueue.cpp         :161 : 4394851157261 us: [pid:110146 tid: 0x7f82d5c28200] Marker queued to ensure finish
:4:command.cpp              :359 : 4394851157265 us: [pid:110146 tid: 0x7f82d5c28200] Command (InternalMarker) enqueued: 0x3a246930
:3:rocvirtual.cpp           :533 : 4394851157278 us: [pid:110146 tid: 0x7f82d5c28200] Set Handler: handle(0x7f82d01fd780), timestamp(0x3a8bfad0)
:4:rocvirtual.cpp           :1147: 4394851157286 us: [pid:110146 tid: 0x7f82d5c28200] SWq=0x7f82d5c14000, HWq=0x7f82bc600000, id=1, BarrierAND Header = 0x1503 (type=3, barrier=1, acquire=2, release=2), dep_signal=[0x0, 0x0, 0x0, 0x0, 0x0], completion_signal=0x7f82d01fd780
:3:rocvirtual.hpp           :56  : 4394851157297 us: [pid:110146 tid: 0x7f82d5c28200] Host active wait for Signal = (0x7f82d01fd780) for -1 ns
:4:commandqueue.cpp         :184 : 4394851169417 us: [pid:110146 tid: 0x7f82d5c28200] All commands finished
:3:hip_device_runtime.cpp   :645 : 4394851169436 us: [pid:110146 tid: 0x7f82d5c28200] hipDeviceSynchronize: Returned hipSuccess : 
:3:hip_memory.cpp           :795 : 4394851169450 us: [pid:110146 tid: 0x7f82d5c28200] [32m hipMemcpy ( 0x7f82d292a010, 0x7f818c800000, 40960000, hipMemcpyDeviceToHost ) [0m
:4:command.cpp              :359 : 4394851169462 us: [pid:110146 tid: 0x7f82d5c28200] Command (CopyDeviceToHost) enqueued: 0x3a97df90
:4:rocblit.cpp              :1673: 4394851169475 us: [pid:110146 tid: 0x7f82d5c28200] Unpinned read path, Async = 0
:3:rocvirtual.cpp           :226 : 4394851169464 us: [pid:110146 tid: 0x7f81a1bff6c0] Handler: value(0), timestamp(0x3a183130), handle(0x7f82d01fd780)
:4:command.cpp              :169 : 4394851169512 us: [pid:110146 tid: 0x7f81a1bff6c0] Command 0x3a956f00 complete
:4:command.cpp              :163 : 4394851169522 us: [pid:110146 tid: 0x7f81a1bff6c0] Command 0x3a246930 complete (Wall: 4394851169520, CPU: 0, GPU: 12248 us)
:4:rocmemory.cpp            :1018: 4394851181540 us: [pid:110146 tid: 0x7f82d5c28200] Locking to pool 0x3a034dc0, size 0x2001000, HostPtr = 0x7f82d292a000, DevPtr = 0x7f82d292a000
:4:rocblit.cpp              :623 : 4394851181560 us: [pid:110146 tid: 0x7f82d5c28200] HSA Copy Using Pinned resource size 33554432
:4:rocblit.cpp              :687 : 4394851181568 us: [pid:110146 tid: 0x7f82d5c28200] HSA Async Copy staged D2H
:4:rocblit.cpp              :503 : 4394851181574 us: [pid:110146 tid: 0x7f82d5c28200] Last copy mask 0x0
:4:rocblit.cpp              :509 : 4394851182179 us: [pid:110146 tid: 0x7f82d5c28200] Query copy engine status 0, free_engine mask 0x1e
:4:rocblit.cpp              :520 : 4394851182189 us: [pid:110146 tid: 0x7f82d5c28200] HSA Async Copy on copy_engine=0x2, dst=0x7f82d292a010, src=0x7f818c800000, size=33554432, forceSDMA=0, wait_event=0x0, completion_signal=0x7f82d01ff480
:4:rocvirtual.cpp           :622 : 4394851188434 us: [pid:110146 tid: 0x7f82d5c28200] Host wait on completion_signal=0x7f82d01ff480
:3:rocvirtual.hpp           :56  : 4394851188454 us: [pid:110146 tid: 0x7f82d5c28200] Host active wait for Signal = (0x7f82d01ff480) for -1 ns
:4:rocmemory.cpp            :1018: 4394851192689 us: [pid:110146 tid: 0x7f82d5c28200] Locking to pool 0x3a034dc0, size 0x711000, HostPtr = 0x7f82d492a000, DevPtr = 0x7f82d492a000
:4:rocblit.cpp              :623 : 4394851192707 us: [pid:110146 tid: 0x7f82d5c28200] HSA Copy Using Pinned resource size 7405568
:4:rocblit.cpp              :687 : 4394851192724 us: [pid:110146 tid: 0x7f82d5c28200] HSA Async Copy staged D2H
:4:rocblit.cpp              :503 : 4394851192730 us: [pid:110146 tid: 0x7f82d5c28200] Last copy mask 0x2
:4:rocblit.cpp              :520 : 4394851192735 us: [pid:110146 tid: 0x7f82d5c28200] HSA Async Copy on copy_engine=0x2, dst=0x7f82d492a010, src=0x7f818e800000, size=7405568, forceSDMA=0, wait_event=0x0, completion_signal=0x7f82d01ff400
:4:rocvirtual.cpp           :622 : 4394851192745 us: [pid:110146 tid: 0x7f82d5c28200] Host wait on completion_signal=0x7f82d01ff400
:3:rocvirtual.hpp           :56  : 4394851192753 us: [pid:110146 tid: 0x7f82d5c28200] Host active wait for Signal = (0x7f82d01ff400) for -1 ns
:4:commandqueue.cpp         :161 : 4394851193073 us: [pid:110146 tid: 0x7f82d5c28200] Marker queued to ensure finish
:4:command.cpp              :359 : 4394851193081 us: [pid:110146 tid: 0x7f82d5c28200] Command (InternalMarker) enqueued: 0x3a25a7f0
:3:rocvirtual.cpp           :533 : 4394851193098 us: [pid:110146 tid: 0x7f82d5c28200] Set Handler: handle(0x7f82d01fd800), timestamp(0x3a8bfa00)
:4:rocvirtual.cpp           :1147: 4394851193108 us: [pid:110146 tid: 0x7f82d5c28200] SWq=0x7f82d5c14000, HWq=0x7f82bc600000, id=1, BarrierAND Header = 0x1503 (type=3, barrier=1, acquire=2, release=2), dep_signal=[0x0, 0x0, 0x0, 0x0, 0x0], completion_signal=0x7f82d01fd800
:4:commandqueue.cpp         :184 : 4394851193119 us: [pid:110146 tid: 0x7f82d5c28200] All commands finished
:3:hip_memory.cpp           :796 : 4394851193126 us: [pid:110146 tid: 0x7f82d5c28200] hipMemcpy: Returned hipSuccess : : duration: 23676 us
:3:rocvirtual.cpp           :226 : 4394851193141 us: [pid:110146 tid: 0x7f81a1bff6c0] Handler: value(0), timestamp(0x3a1fd9b0), handle(0x7f82d01fd800)
:3:hip_memory.cpp           :772 : 4394851193149 us: [pid:110146 tid: 0x7f82d5c28200] [32m hipFree ( 0x7f82bc800000 ) [0m
:4:command.cpp              :169 : 4394851193170 us: [pid:110146 tid: 0x7f81a1bff6c0] Command 0x3a97df90 complete
:4:commandqueue.cpp         :167 : 4394851193189 us: [pid:110146 tid: 0x7f82d5c28200] HW Event not ready, awaiting completion instead
:4:commandqueue.cpp         :184 : 4394851193211 us: [pid:110146 tid: 0x7f82d5c28200] All commands finished
:4:command.cpp              :163 : 4394851193201 us: [pid:110146 tid: 0x7f81a1bff6c0] Command 0x3a25a7f0 complete (Wall: 4394851193200, CPU: 0, GPU: 109 us)
:4:rocdevice.cpp            :2388: 4394851193617 us: [pid:110146 tid: 0x7f82d5c28200] Free hsa memory 0x7f82bc800000
:3:rocdevice.cpp            :2411: 4394851193630 us: [pid:110146 tid: 0x7f82d5c28200] Device=0x3a12acf0, freeMem_ = 0xffc8eff98
:3:hip_memory.cpp           :774 : 4394851193636 us: [pid:110146 tid: 0x7f82d5c28200] hipFree: Returned hipSuccess : 
:3:hip_memory.cpp           :772 : 4394851193642 us: [pid:110146 tid: 0x7f82d5c28200] [32m hipFree ( 0x7f818c800000 ) [0m
:4:rocdevice.cpp            :2388: 4394851194082 us: [pid:110146 tid: 0x7f82d5c28200] Free hsa memory 0x7f818c800000
:3:rocdevice.cpp            :2411: 4394851194490 us: [pid:110146 tid: 0x7f82d5c28200] Device=0x3a12acf0, freeMem_ = 0xffeffff98
:3:hip_memory.cpp           :774 : 4394851194497 us: [pid:110146 tid: 0x7f82d5c28200] hipFree: Returned hipSuccess : 
:3:hip_memory.cpp           :772 : 4394851194502 us: [pid:110146 tid: 0x7f82d5c28200] [32m hipFree ( 0x7f818c420000 ) [0m
:4:rocdevice.cpp            :2388: 4394851194510 us: [pid:110146 tid: 0x7f82d5c28200] Free hsa memory 0x7f818c420000
:3:rocdevice.cpp            :2411: 4394851194518 us: [pid:110146 tid: 0x7f82d5c28200] Device=0x3a12acf0, freeMem_ = 0xfff000000
:3:hip_memory.cpp           :774 : 4394851194524 us: [pid:110146 tid: 0x7f82d5c28200] hipFree: Returned hipSuccess : 
:4:rocdevice.cpp            :2388: 4394854652071 us: [pid:110146 tid: 0x7f82d5c28200] Free hsa memory (nil)
:3:rocdevice.cpp            :3254: 4394854652098 us: [pid:110146 tid: 0x7f82d5c28200] releaseQueue refCount:0x7f82bc600000 (0)
:4:rocdevice.cpp            :2388: 4394854652267 us: [pid:110146 tid: 0x7f82d5c28200] Free hsa memory 0x7f82bc400000
:4:rocdevice.cpp            :2388: 4394854653094 us: [pid:110146 tid: 0x7f82d5c28200] Free hsa memory 0x7f818f200000
:4:rocdevice.cpp            :2388: 4394854653721 us: [pid:110146 tid: 0x7f82d5c28200] Free hsa memory 0x7f82bd400000
:4:rocdevice.cpp            :2388: 4394854653833 us: [pid:110146 tid: 0x7f82d5c28200] Free hsa memory 0x7f82dfe69000
:3:rocdevice.cpp            :278 : 4394854653850 us: [pid:110146 tid: 0x7f82d5c28200] Deleting hostcall buffer 0x7f817f600000 for hardware queue 0x7f82bc600000
:3:devhostcall.cpp          :460 : 4394854653881 us: [pid:110146 tid: 0x7f82d5c28200] Terminated hostcall listener
:4:rocdevice.cpp            :2388: 4394854655729 us: [pid:110146 tid: 0x7f82d5c28200] Free hsa memory 0x7f817f600000
:3:rocdevice.cpp            :283 : 4394854655740 us: [pid:110146 tid: 0x7f82d5c28200] Deleting hardware queue 0x7f82bc600000 with refCount 0
:4:rocdevice.cpp            :2388: 4394854660066 us: [pid:110146 tid: 0x7f82d5c28200] Free hsa memory 0x7f82bda00000
:4:rocdevice.cpp            :2388: 4394854660337 us: [pid:110146 tid: 0x7f82d5c28200] Free hsa memory 0x7f818c400000
:4:rocdevice.cpp            :2388: 4394854660750 us: [pid:110146 tid: 0x7f82d5c28200] Free hsa memory 0x7f817ec00000
