:3:rocdevice.cpp            :465 : 2907860964685 us:  Initializing HSA stack.
:3:rocdevice.cpp            :551 : 2907861055426 us:  Enumerated GPU agents = 1
:3:rocdevice.cpp            :230 : 2907861055787 us:  Numa selects cpu agent[3]=0x2c28a0(fine=0x2c2ab0,coarse=0x2c35f0) for gpu agent=0x2c43c0 CPU<->GPU XGMI=1
:3:rocsettings.cpp          :284 : 2907861056102 us:  Using dev kernel arg wa = 0
:3:comgrctx.cpp             :33  : 2907861056274 us:  Loading COMGR library.
:3:comgrctx.cpp             :128 : 2907861056382 us:  Loaded COMGR library version 3.0.
:3:rocdevice.cpp            :1785: 2907861065565 us:  Gfx Major/Minor/Stepping: 9/0/10
:3:rocdevice.cpp            :1787: 2907861065871 us:  HMM support: 1, XNACK: 0, Direct host access: 1
:3:rocdevice.cpp            :1789: 2907861066027 us:  Max SDMA Read Mask: 0x1e, Max SDMA Write Mask: 0x1f
:3:hip_context.cpp          :54  : 2907861067136 us:  Direct Dispatch: 1
:3:hip_fatbin.cpp           :427 : 2907861067352 us:  Searching for code objects, HIP_FORCE_SPIRV_CODEOBJECT: 0
:3:hip_fatbin.cpp           :435 : 2907861067459 us:  Using Native code object: gfx90a:sramecc+:xnack-
:3:hip_memory.cpp           :756 : 2907861067601 us:  [32m hipMalloc ( 0x7fffffff5e28, 192 ) [0m
:3:rocdevice.cpp            :2411: 2907861067757 us:  Device=0x6db5b0, freeMem_ = 0xffeffff40
:3:hip_memory.cpp           :758 : 2907861067871 us:  hipMalloc: Returned hipSuccess : 0x7ffece800000: duration: 270 us
:3:hip_memory.cpp           :3476: 2907861067970 us:  [32m hipMemset ( 0x7ffece800000, 0, 192 ) [0m
:3:rocdevice.cpp            :3048: 2907861068159 us:  Number of allocated hardware queues with low priority: 0, with normal priority: 0, with high priority: 0, maximum per priority is: 4
:3:rocdevice.cpp            :3129: 2907861073093 us:  Created SWq=0x7fffe204a000 to map on HWq=0x7ffece600000 with size 16384 with priority 1, cooperative: 0
:3:rocdevice.cpp            :3222: 2907861073401 us:  acquireQueue refCount: 0x7ffece600000 (1)
:3:devprogram.cpp           :2658: 2907861688577 us:  Using Code Object V5.
:3:rocvirtual.cpp           :762 : 2907861690350 us:  Arg0: void* buf = ptr:0x7ffece800000
:3:rocvirtual.cpp           :778 : 2907861690564 us:  Arg0: void* buf = ptr:0x7ffece800000 obj:[0x7ffece800000-0x7ffece8000c0]
:3:rocvirtual.cpp           :762 : 2907861690724 us:  Arg1: uchar* pattern = ptr:0x7ffece400000
:3:rocvirtual.cpp           :853 : 2907861690904 us:  Arg2: uint pattern_size = val:1
:3:rocvirtual.cpp           :853 : 2907861691040 us:  Arg3: uint alignment = val:16
:3:rocvirtual.cpp           :853 : 2907861691198 us:  Arg4: ulong end_ptr = val:140732362916032
:3:rocvirtual.cpp           :853 : 2907861691327 us:  Arg5: uint next_chunk = val:256
:3:rocvirtual.cpp           :3236: 2907861691428 us:  ShaderName : __amd_rocclr_fillBufferAligned
:3:rocvirtual.cpp           :3449: 2907861691552 us:  KernargSegmentByteSize = 296 KernargSegmentAlignment = 128
:3:hip_memory.cpp           :3477: 2907861691649 us:  hipMemset: Returned hipSuccess : 
:3:hip_device_runtime.cpp   :641 : 2907861691740 us:  [32m hipDeviceSynchronize (  ) [0m
:3:rocvirtual.cpp           :533 : 2907861691855 us:  Set Handler: handle(0x7fffe1bfd600), timestamp(0x71af90)
:3:rocvirtual.hpp           :56  : 2907861691943 us:  Host active wait for Signal = (0x7fffe1bfd600) for -1 ns
:3:rocvirtual.cpp           :226 : 2907861692022 us:  Handler: value(0), timestamp(0xe4b790), handle(0x7fffe1bfd600)
:3:hip_device_runtime.cpp   :645 : 2907861692040 us:  hipDeviceSynchronize: Returned hipSuccess : 
:3:hip_platform.cpp         :237 : 2907861692208 us:  [32m __hipPushCallConfiguration ( {1,1,1}, {16,16,1}, 0, stream:<null> ) [0m
:3:hip_platform.cpp         :241 : 2907861692428 us:  __hipPushCallConfiguration: Returned hipSuccess : 
:3:hip_platform.cpp         :246 : 2907861692504 us:  [32m __hipPopCallConfiguration ( {4294926248,32767,0}, {3964667986,32767,16}, 0x7fffffff5d20, 0x7fffffff5d18 ) [0m
:3:hip_platform.cpp         :255 : 2907861692659 us:  __hipPopCallConfiguration: Returned hipSuccess : 
:3:hip_module.cpp           :744 : 2907861692746 us:  [32m hipLaunchKernel ( 0x200d38, {1,1,1}, {16,16,1}, 0x7fffffff5cd0, 0, stream:<null> ) [0m
:3:devprogram.cpp           :2658: 2907861693024 us:  Using Code Object V5.
:3:rocvirtual.cpp           :762 : 2907861693383 us:  Arg0:   = ptr:0x7ffece800000
:3:rocvirtual.cpp           :778 : 2907861693470 us:  Arg0:   = ptr:0x7ffece800000 obj:[0x7ffece800000-0x7ffece8000c0]
:3:rocvirtual.cpp           :853 : 2907861693576 us:  Arg1:   = val:8
:3:rocvirtual.cpp           :853 : 2907861693670 us:  Arg2:   = val:4
:3:rocvirtual.cpp           :853 : 2907861693778 us:  Arg3:   = val:1176666112
:3:rocvirtual.cpp           :853 : 2907861693888 us:  Arg4:   = val:1176256512
:3:rocvirtual.cpp           :3236: 2907861693998 us:  ShaderName : color(unsigned char*, int, int, float, float)
:3:rocdevice.cpp            :3322: 2907861696610 us:  Created hostcall buffer 0x7ffecd000000 for hardware queue 0x7ffece600000
:3:devhostcall.cpp          :428 : 2907861696917 us:  Launched hostcall listener at 0x7e39c0
:3:devhostcall.cpp          :441 : 2907861697052 us:  Registered hostcall buffer 0x7ffecd000000 with listener 0x7e39c0
:3:rocvirtual.cpp           :853 : 2907861697213 us:  Arg0: ulong heap_to_initialize = val:140732362919936
:3:rocvirtual.cpp           :853 : 2907861697296 us:  Arg1: ulong initial_blocks = val:140732327264256
:3:rocvirtual.cpp           :853 : 2907861697409 us:  Arg2: uint heap_size = val:131072
:3:rocvirtual.cpp           :853 : 2907861697528 us:  Arg3: uint number_of_initial_blocks = val:4
:3:rocvirtual.cpp           :3236: 2907861697602 us:  ShaderName : __amd_rocclr_initHeap
:3:rocvirtual.cpp           :3449: 2907861697713 us:  KernargSegmentByteSize = 24 KernargSegmentAlignment = 128
:3:rocvirtual.hpp           :56  : 2907861697820 us:  Host active wait for Signal = (0x7fffe1bff700) for -1 ns
:3:rocvirtual.cpp           :3449: 2907861697902 us:  KernargSegmentByteSize = 280 KernargSegmentAlignment = 128
:3:hip_module.cpp           :745 : 2907861698026 us:  hipLaunchKernel: Returned hipSuccess : : duration: 5280 us
:3:hip_device_runtime.cpp   :641 : 2907861698102 us:  [32m hipDeviceSynchronize (  ) [0m
:3:rocvirtual.cpp           :533 : 2907861698214 us:  Set Handler: handle(0x7fffe1bfd680), timestamp(0xe760d0)
:3:rocvirtual.hpp           :56  : 2907861698305 us:  Host active wait for Signal = (0x7fffe1bfd680) for -1 ns
:3:hip_device_runtime.cpp   :645 : 2907861698597 us:  hipDeviceSynchronize: Returned hipSuccess : 
:3:rocvirtual.cpp           :226 : 2907861698631 us:  Handler: value(0), timestamp(0xd9ac00), handle(0x7fffe1bfd680)
:3:hip_memory.cpp           :795 : 2907861698684 us:  [32m hipMemcpy ( 0x28dc40, 0x7ffece800000, 192, hipMemcpyDeviceToHost ) [0m
:3:rocvirtual.cpp           :762 : 2907861698927 us:  Arg0: uchar* src = ptr:0x7ffece800000
:3:rocvirtual.cpp           :762 : 2907861699003 us:  Arg1: uchar* dst = ptr:0x7ffecf200000
:3:rocvirtual.cpp           :853 : 2907861699084 us:  Arg2: ulong size = val:192
:3:rocvirtual.cpp           :853 : 2907861699176 us:  Arg3: uint remainder = val:0
:3:rocvirtual.cpp           :853 : 2907861699250 us:  Arg4: uint aligned_size = val:16
:3:rocvirtual.cpp           :853 : 2907861699354 us:  Arg5: ulong end_ptr = val:140732373401792
:3:rocvirtual.cpp           :853 : 2907861699439 us:  Arg6: uint next_chunk = val:512
:3:rocvirtual.cpp           :3236: 2907861699513 us:  ShaderName : __amd_rocclr_copyBuffer
:3:rocvirtual.cpp           :3449: 2907861699582 us:  KernargSegmentByteSize = 304 KernargSegmentAlignment = 128
:3:rocvirtual.hpp           :56  : 2907861699655 us:  Host active wait for Signal = (0x7fffe1bff600) for -1 ns
:3:rocvirtual.cpp           :533 : 2907861699728 us:  Set Handler: handle(0x7fffe1bfd700), timestamp(0xe75fc0)
:3:rocvirtual.hpp           :56  : 2907861699836 us:  Host active wait for Signal = (0x7fffe1bfd700) for -1 ns
:3:hip_memory.cpp           :796 : 2907861699909 us:  hipMemcpy: Returned hipSuccess : : duration: 1225 us
:3:rocvirtual.cpp           :226 : 2907861699883 us:  Handler: value(0), timestamp(0xf26090), handle(0x7fffe1bfd700)
:3:hip_memory.cpp           :772 : 2907861700016 us:  [32m hipFree ( 0x7ffece800000 ) [0m
:3:rocdevice.cpp            :2411: 2907861700182 us:  Device=0x6db5b0, freeMem_ = 0xfff000000
:3:hip_memory.cpp           :774 : 2907861700254 us:  hipFree: Returned hipSuccess : 
:3:rocdevice.cpp            :3254: 2907861712050 us:  releaseQueue refCount:0x7ffece600000 (0)
:3:rocdevice.cpp            :278 : 2907861712835 us:  Deleting hostcall buffer 0x7ffecd000000 for hardware queue 0x7ffece600000
:3:devhostcall.cpp          :460 : 2907861712999 us:  Terminated hostcall listener
:3:rocdevice.cpp            :283 : 2907861713726 us:  Deleting hardware queue 0x7ffece600000 with refCount 0
