Number of rows in the embedding table: 10000
Batch size: 8

Embedding dimension: 768
block size: 128
Average execution time of dense embedding kernel (k1): 6518.824219 (us)
Average execution time of dense embedding kernel (k2): 2430.326172 (us)
Average execution time of dense embedding kernel (k3): 2104.836182 (us)
FAIL
block size: 256
Average execution time of dense embedding kernel (k1): 2450.586182 (us)
Average execution time of dense embedding kernel (k2): 1927.232056 (us)
Average execution time of dense embedding kernel (k3): 1869.781128 (us)
FAIL
block size: 512
Average execution time of dense embedding kernel (k1): 2266.569092 (us)
Average execution time of dense embedding kernel (k2): 1964.925049 (us)
Average execution time of dense embedding kernel (k3): 1851.516113 (us)
FAIL
block size: 1024
Average execution time of dense embedding kernel (k1): 2002.899048 (us)
Average execution time of dense embedding kernel (k2): 1868.588135 (us)
Average execution time of dense embedding kernel (k3): 2011.345093 (us)
FAIL

Embedding dimension: 2048
block size: 128
Average execution time of dense embedding kernel (k1): 1964.965088 (us)
Average execution time of dense embedding kernel (k2): 2269.975098 (us)
Average execution time of dense embedding kernel (k3): 2256.239014 (us)
FAIL
block size: 256
Average execution time of dense embedding kernel (k1): 2300.134033 (us)
Average execution time of dense embedding kernel (k2): 2066.602051 (us)
Average execution time of dense embedding kernel (k3): 2003.149048 (us)
FAIL
block size: 512
Average execution time of dense embedding kernel (k1): 2456.056152 (us)
Average execution time of dense embedding kernel (k2): 1975.846069 (us)
Average execution time of dense embedding kernel (k3): 2154.873047 (us)
FAIL
block size: 1024
Average execution time of dense embedding kernel (k1): 2289.554199 (us)
Average execution time of dense embedding kernel (k2): 1894.449097 (us)
Average execution time of dense embedding kernel (k3): 1942.181152 (us)
FAIL

Embedding dimension: 12288
block size: 128
Average execution time of dense embedding kernel (k1): 2805.913086 (us)
Average execution time of dense embedding kernel (k2): 2812.406250 (us)
Average execution time of dense embedding kernel (k3): 3559.132080 (us)
FAIL
block size: 256
Average execution time of dense embedding kernel (k1): 2610.565186 (us)
Average execution time of dense embedding kernel (k2): 2356.102051 (us)
Average execution time of dense embedding kernel (k3): 2709.266113 (us)
FAIL
block size: 512
Average execution time of dense embedding kernel (k1): 2462.148193 (us)
Average execution time of dense embedding kernel (k2): 2110.647217 (us)
Average execution time of dense embedding kernel (k3): 2468.590088 (us)
FAIL
block size: 1024
Average execution time of dense embedding kernel (k1): 2268.192139 (us)
Average execution time of dense embedding kernel (k2): 2067.864990 (us)
Average execution time of dense embedding kernel (k3): 2021.945068 (us)
FAIL
dense-embedding snapshot written to /tmp/bitir_fault_path_dense-embedding_site385_bit31_trial2/dense-embedding_site385_bit31_trial2.bin
mismatch
Result: SDC (exit 0)
