Number of rows in the embedding table: 10000
Batch size: 8

Embedding dimension: 768
block size: 128
Average execution time of dense embedding kernel (k1): 6489.116211 (us)
Average execution time of dense embedding kernel (k2): 2303.681152 (us)
Average execution time of dense embedding kernel (k3): 2366.572998 (us)
FAIL
block size: 256
Average execution time of dense embedding kernel (k1): 2677.084229 (us)
Average execution time of dense embedding kernel (k2): 1979.624146 (us)
Average execution time of dense embedding kernel (k3): 1867.266113 (us)
FAIL
block size: 512
Average execution time of dense embedding kernel (k1): 2576.409180 (us)
Average execution time of dense embedding kernel (k2): 2094.586182 (us)
Average execution time of dense embedding kernel (k3): 1871.966064 (us)
FAIL
block size: 1024
Average execution time of dense embedding kernel (k1): 2312.057129 (us)
Average execution time of dense embedding kernel (k2): 2020.052124 (us)
Average execution time of dense embedding kernel (k3): 2007.117065 (us)
FAIL

Embedding dimension: 2048
block size: 128
Average execution time of dense embedding kernel (k1): 2180.783203 (us)
Average execution time of dense embedding kernel (k2): 2411.991211 (us)
Average execution time of dense embedding kernel (k3): 2380.490234 (us)
FAIL
block size: 256
Average execution time of dense embedding kernel (k1): 2219.779053 (us)
Average execution time of dense embedding kernel (k2): 1926.691040 (us)
Average execution time of dense embedding kernel (k3): 1972.280151 (us)
FAIL
block size: 512
Average execution time of dense embedding kernel (k1): 2734.455078 (us)
Average execution time of dense embedding kernel (k2): 2173.669189 (us)
Average execution time of dense embedding kernel (k3): 1856.916138 (us)
FAIL
block size: 1024
Average execution time of dense embedding kernel (k1): 2606.036133 (us)
Average execution time of dense embedding kernel (k2): 1967.861084 (us)
Average execution time of dense embedding kernel (k3): 1989.743042 (us)
FAIL

Embedding dimension: 12288
block size: 128
Average execution time of dense embedding kernel (k1): 2930.755127 (us)
Average execution time of dense embedding kernel (k2): 2964.771240 (us)
Average execution time of dense embedding kernel (k3): 3816.300293 (us)
FAIL
block size: 256
Average execution time of dense embedding kernel (k1): 2984.430176 (us)
Average execution time of dense embedding kernel (k2): 2490.633057 (us)
Average execution time of dense embedding kernel (k3): 2841.242188 (us)
FAIL
block size: 512
Average execution time of dense embedding kernel (k1): 2426.228027 (us)
Average execution time of dense embedding kernel (k2): 2180.853027 (us)
Average execution time of dense embedding kernel (k3): 2476.195068 (us)
FAIL
block size: 1024
Average execution time of dense embedding kernel (k1): 2275.968018 (us)
Average execution time of dense embedding kernel (k2): 2265.145996 (us)
Average execution time of dense embedding kernel (k3): 2291.347168 (us)
FAIL
dense-embedding snapshot written to /tmp/bitir_fault_path_dense-embedding_site381_bit31_trial1/dense-embedding_site381_bit31.bin
mismatch
Result: SDC (exit 0)
