Number of rows in the embedding table: 10000
Batch size: 8

Embedding dimension: 768
block size: 128
Average execution time of dense embedding kernel (k1): 6337.221191 (us)
Average execution time of dense embedding kernel (k2): 2317.888184 (us)
Average execution time of dense embedding kernel (k3): 2243.574219 (us)
FAIL
block size: 256
Average execution time of dense embedding kernel (k1): 2491.054199 (us)
Average execution time of dense embedding kernel (k2): 2220.560059 (us)
Average execution time of dense embedding kernel (k3): 1979.573120 (us)
FAIL
block size: 512
Average execution time of dense embedding kernel (k1): 2430.686035 (us)
Average execution time of dense embedding kernel (k2): 2030.712036 (us)
Average execution time of dense embedding kernel (k3): 1981.828125 (us)
FAIL
block size: 1024
Average execution time of dense embedding kernel (k1): 2358.276123 (us)
Average execution time of dense embedding kernel (k2): 2093.845215 (us)
Average execution time of dense embedding kernel (k3): 2057.413086 (us)
FAIL

Embedding dimension: 2048
block size: 128
Average execution time of dense embedding kernel (k1): 2049.800049 (us)
Average execution time of dense embedding kernel (k2): 2243.735107 (us)
Average execution time of dense embedding kernel (k3): 2285.766113 (us)
FAIL
block size: 256
Average execution time of dense embedding kernel (k1): 2411.139160 (us)
Average execution time of dense embedding kernel (k2): 2074.437012 (us)
Average execution time of dense embedding kernel (k3): 2129.263184 (us)
FAIL
block size: 512
Average execution time of dense embedding kernel (k1): 2522.885010 (us)
Average execution time of dense embedding kernel (k2): 2072.132080 (us)
Average execution time of dense embedding kernel (k3): 2051.031006 (us)
FAIL
block size: 1024
Average execution time of dense embedding kernel (k1): 2509.699219 (us)
Average execution time of dense embedding kernel (k2): 2246.020020 (us)
Average execution time of dense embedding kernel (k3): 2218.105225 (us)
FAIL

Embedding dimension: 12288
block size: 128
Average execution time of dense embedding kernel (k1): 3063.042236 (us)
Average execution time of dense embedding kernel (k2): 3089.743164 (us)
Average execution time of dense embedding kernel (k3): 4233.469238 (us)
FAIL
block size: 256
Average execution time of dense embedding kernel (k1): 2921.447021 (us)
Average execution time of dense embedding kernel (k2): 2594.374023 (us)
Average execution time of dense embedding kernel (k3): 3023.795166 (us)
FAIL
block size: 512
Average execution time of dense embedding kernel (k1): 2530.520020 (us)
Average execution time of dense embedding kernel (k2): 2379.177002 (us)
Average execution time of dense embedding kernel (k3): 2605.015137 (us)
FAIL
block size: 1024
Average execution time of dense embedding kernel (k1): 2333.318115 (us)
Average execution time of dense embedding kernel (k2): 2180.192139 (us)
Average execution time of dense embedding kernel (k3): 2212.875000 (us)
FAIL
dense-embedding snapshot written to /tmp/bitir_fault_path_dense-embedding_site385_bit31_trial1/dense-embedding_site385_bit31.bin
mismatch
Result: SDC (exit 0)
