Number of rows in the embedding table: 10000
Batch size: 8

Embedding dimension: 768
block size: 128
Average execution time of dense embedding kernel (k1): 208369.875000 (us)
Average execution time of dense embedding kernel (k2): 1473.316040 (us)
Average execution time of dense embedding kernel (k3): 1098.483032 (us)
PASS
block size: 256
Average execution time of dense embedding kernel (k1): 1111.096069 (us)
Average execution time of dense embedding kernel (k2): 1648.594116 (us)
Average execution time of dense embedding kernel (k3): 1065.871094 (us)
PASS
block size: 512
Average execution time of dense embedding kernel (k1): 1069.879028 (us)
Average execution time of dense embedding kernel (k2): 1422.981079 (us)
Average execution time of dense embedding kernel (k3): 1044.130005 (us)
PASS
block size: 1024
Average execution time of dense embedding kernel (k1): 1238.004028 (us)
Average execution time of dense embedding kernel (k2): 754.766052 (us)
Average execution time of dense embedding kernel (k3): 1671.869019 (us)
PASS

Embedding dimension: 2048
block size: 128
Average execution time of dense embedding kernel (k1): 1510.376099 (us)
Average execution time of dense embedding kernel (k2): 1020.746033 (us)
Average execution time of dense embedding kernel (k3): 1167.732056 (us)
PASS
block size: 256
Average execution time of dense embedding kernel (k1): 1865.202148 (us)
Average execution time of dense embedding kernel (k2): 1457.325073 (us)
Average execution time of dense embedding kernel (k3): 2259.141113 (us)
PASS
block size: 512
Average execution time of dense embedding kernel (k1): 1104.393066 (us)
Average execution time of dense embedding kernel (k2): 1356.497070 (us)
Average execution time of dense embedding kernel (k3): 1121.025024 (us)
PASS
block size: 1024
Average execution time of dense embedding kernel (k1): 5817.290039 (us)
Average execution time of dense embedding kernel (k2): 1246.299072 (us)
Average execution time of dense embedding kernel (k3): 1449.852051 (us)
PASS

Embedding dimension: 12288
block size: 128
Average execution time of dense embedding kernel (k1): 695994.312500 (us)
Average execution time of dense embedding kernel (k2): 2307.862061 (us)
Average execution time of dense embedding kernel (k3): 3367.411133 (us)
PASS
block size: 256
Average execution time of dense embedding kernel (k1): 2173.739990 (us)
Average execution time of dense embedding kernel (k2): 1692.628052 (us)
Average execution time of dense embedding kernel (k3): 2674.781006 (us)
PASS
block size: 512
Average execution time of dense embedding kernel (k1): 1554.107056 (us)
Average execution time of dense embedding kernel (k2): 1264.644043 (us)
Average execution time of dense embedding kernel (k3): 2095.815186 (us)
PASS
block size: 1024
Average execution time of dense embedding kernel (k1): 1207.286011 (us)
Average execution time of dense embedding kernel (k2): 1473.366089 (us)
Average execution time of dense embedding kernel (k3): 1667.681030 (us)
PASS
dense-embedding snapshot written to /tmp/bitir_exploratory_amd_dense-embedding_site362_bit24_trial1/dense-embedding_site362_bit24.bin
compare_ok
