Number of rows in the embedding table: 10000
Batch size: 8

Embedding dimension: 768
block size: 128
Average execution time of dense embedding kernel (k1): 44968.890625 (us)
Average execution time of dense embedding kernel (k2): 113.534004 (us)
Average execution time of dense embedding kernel (k3): 201.460007 (us)
PASS
block size: 256
Average execution time of dense embedding kernel (k1): 84.389008 (us)
Average execution time of dense embedding kernel (k2): 66.405006 (us)
Average execution time of dense embedding kernel (k3): 123.573006 (us)
PASS
block size: 512
Average execution time of dense embedding kernel (k1): 90.310005 (us)
Average execution time of dense embedding kernel (k2): 53.742004 (us)
Average execution time of dense embedding kernel (k3): 87.855003 (us)
PASS
block size: 1024
Average execution time of dense embedding kernel (k1): 65.744003 (us)
Average execution time of dense embedding kernel (k2): 44.353001 (us)
Average execution time of dense embedding kernel (k3): 63.510002 (us)
PASS

Embedding dimension: 2048
block size: 128
Average execution time of dense embedding kernel (k1): 242.306015 (us)
Average execution time of dense embedding kernel (k2): 232.448013 (us)
Average execution time of dense embedding kernel (k3): 485.876038 (us)
PASS
block size: 256
Average execution time of dense embedding kernel (k1): 162.366013 (us)
Average execution time of dense embedding kernel (k2): 127.309006 (us)
Average execution time of dense embedding kernel (k3): 299.615021 (us)
PASS
block size: 512
Average execution time of dense embedding kernel (k1): 118.984009 (us)
Average execution time of dense embedding kernel (k2): 94.728004 (us)
Average execution time of dense embedding kernel (k3): 181.211014 (us)
PASS
block size: 1024
Average execution time of dense embedding kernel (k1): 102.503006 (us)
Average execution time of dense embedding kernel (k2): 68.889000 (us)
Average execution time of dense embedding kernel (k3): 124.836006 (us)
PASS

Embedding dimension: 12288
block size: 128
Average execution time of dense embedding kernel (k1): 1254.705078 (us)
Average execution time of dense embedding kernel (k2): 1206.003052 (us)
Average execution time of dense embedding kernel (k3): 2831.877197 (us)
PASS
block size: 256
Average execution time of dense embedding kernel (k1): 781.403015 (us)
Average execution time of dense embedding kernel (k2): 680.633057 (us)
Average execution time of dense embedding kernel (k3): 1655.149048 (us)
PASS
block size: 512
Average execution time of dense embedding kernel (k1): 527.754028 (us)
Average execution time of dense embedding kernel (k2): 423.508026 (us)
Average execution time of dense embedding kernel (k3): 941.604065 (us)
PASS
block size: 1024
Average execution time of dense embedding kernel (k1): 335.272003 (us)
Average execution time of dense embedding kernel (k2): 272.103027 (us)
Average execution time of dense embedding kernel (k3): 595.683044 (us)
PASS
dense-embedding snapshot written to /tmp/bitir_amd_dense-embedding_site381_bit31_trial1/dense-embedding_site381_bit31.bin
compare_ok
