Number of rows in the embedding table: 10000
Batch size: 8

Embedding dimension: 768
block size: 128
Average execution time of dense embedding kernel (k1): 1301180.750000 (us)
Average execution time of dense embedding kernel (k2): 1568.795044 (us)
Average execution time of dense embedding kernel (k3): 1688.250122 (us)
PASS
block size: 256
Average execution time of dense embedding kernel (k1): 1282.919067 (us)
Average execution time of dense embedding kernel (k2): 1039.171021 (us)
Average execution time of dense embedding kernel (k3): 1757.960083 (us)
PASS
block size: 512
Average execution time of dense embedding kernel (k1): 1293.719116 (us)
Average execution time of dense embedding kernel (k2): 1360.013062 (us)
Average execution time of dense embedding kernel (k3): 1408.433105 (us)
PASS
block size: 1024
Average execution time of dense embedding kernel (k1): 1295.693115 (us)
Average execution time of dense embedding kernel (k2): 1185.064087 (us)
Average execution time of dense embedding kernel (k3): 1087.581055 (us)
PASS

Embedding dimension: 2048
block size: 128
Average execution time of dense embedding kernel (k1): 13001.908203 (us)
Average execution time of dense embedding kernel (k2): 1668.672119 (us)
Average execution time of dense embedding kernel (k3): 8502.000000 (us)
PASS
block size: 256
Average execution time of dense embedding kernel (k1): 11484.599609 (us)
Average execution time of dense embedding kernel (k2): 1264.925049 (us)
Average execution time of dense embedding kernel (k3): 5449.591309 (us)
PASS
block size: 512
Average execution time of dense embedding kernel (k1): 1546.944092 (us)
Average execution time of dense embedding kernel (k2): 13500.394531 (us)
Average execution time of dense embedding kernel (k3): 1278.199097 (us)
PASS
block size: 1024
Average execution time of dense embedding kernel (k1): 7566.094238 (us)
Average execution time of dense embedding kernel (k2): 24988.261719 (us)
Average execution time of dense embedding kernel (k3): 1789.650024 (us)
PASS

Embedding dimension: 12288
block size: 128
Average execution time of dense embedding kernel (k1): 2837.718018 (us)
Average execution time of dense embedding kernel (k2): 2170.134033 (us)
Average execution time of dense embedding kernel (k3): 3510.149170 (us)
PASS
block size: 256
Average execution time of dense embedding kernel (k1): 2394.976074 (us)
Average execution time of dense embedding kernel (k2): 1653.814087 (us)
Average execution time of dense embedding kernel (k3): 3053.011230 (us)
PASS
block size: 512
Average execution time of dense embedding kernel (k1): 1319.908081 (us)
Average execution time of dense embedding kernel (k2): 1117.528076 (us)
Average execution time of dense embedding kernel (k3): 2150.117188 (us)
PASS
block size: 1024
Average execution time of dense embedding kernel (k1): 1864.751099 (us)
Average execution time of dense embedding kernel (k2): 1423.281128 (us)
Average execution time of dense embedding kernel (k3): 1471.573120 (us)
PASS
dense-embedding snapshot written to /tmp/bitir_exploratory_amd_dense-embedding_site362_bit24_trial2/dense-embedding_site362_bit24_trial2.bin
compare_ok
