[benchmark:randomAccess] reusing existing golden /home/mdunlavy/GPU_FI/Aurora_Sycl_Golden_Outputs/randomAccess.bin
[benchmark:randomAccess] compare_mode=exact abs_tol=0 rel_tol=0
[benchmark:randomAccess] baseline site=59 bit=0
warning: overriding the module target triple with spir64-unknown-unknown [-Woverride-module]
1 warning generated.
warning: overriding the module target triple with spir64-unknown-unknown [-Woverride-module]
1 warning generated.
Result: BASELINE (exit 0)
[benchmark:randomAccess] compare_mode=exact abs_tol=0 rel_tol=0
[benchmark:randomAccess] injection worklist_id=25 site=59 bit=0
/opt/aurora/25.190.0/spack/unified/0.10.1/install/linux-sles15-x86_64/gcc-13.3.0/llvm-develop-git.5708851-4ulhk4d/bin/opt: WARNING: failed to create target machine for 'spir64-unknown-unknown': unable to get target for 'spir64-unknown-unknown', see --version and --triple.
warning: overriding the module target triple with spir64-unknown-unknown [-Woverride-module]
1 warning generated.
warning: overriding the module target triple with spir64-unknown-unknown [-Woverride-module]
1 warning generated.
Result: MASKED (exit 0)
[benchmark:randomAccess] compare_mode=exact abs_tol=0 rel_tol=0
[benchmark:randomAccess] injection worklist_id=26 site=61 bit=1
/opt/aurora/25.190.0/spack/unified/0.10.1/install/linux-sles15-x86_64/gcc-13.3.0/llvm-develop-git.5708851-4ulhk4d/bin/opt: WARNING: failed to create target machine for 'spir64-unknown-unknown': unable to get target for 'spir64-unknown-unknown', see --version and --triple.
warning: overriding the module target triple with spir64-unknown-unknown [-Woverride-module]
1 warning generated.
warning: overriding the module target triple with spir64-unknown-unknown [-Woverride-module]
1 warning generated.
Result: SDC (exit 1)
[benchmark:randomAccess] compare_mode=exact abs_tol=0 rel_tol=0
[benchmark:randomAccess] injection worklist_id=27 site=61 bit=2
/opt/aurora/25.190.0/spack/unified/0.10.1/install/linux-sles15-x86_64/gcc-13.3.0/llvm-develop-git.5708851-4ulhk4d/bin/opt: WARNING: failed to create target machine for 'spir64-unknown-unknown': unable to get target for 'spir64-unknown-unknown', see --version and --triple.
warning: overriding the module target triple with spir64-unknown-unknown [-Woverride-module]
1 warning generated.
warning: overriding the module target triple with spir64-unknown-unknown [-Woverride-module]
1 warning generated.
Result: SDC (exit 1)
[benchmark:randomAccess] compare_mode=exact abs_tol=0 rel_tol=0
[benchmark:randomAccess] injection worklist_id=28 site=76 bit=0
/opt/aurora/25.190.0/spack/unified/0.10.1/install/linux-sles15-x86_64/gcc-13.3.0/llvm-develop-git.5708851-4ulhk4d/bin/opt: WARNING: failed to create target machine for 'spir64-unknown-unknown': unable to get target for 'spir64-unknown-unknown', see --version and --triple.
warning: overriding the module target triple with spir64-unknown-unknown [-Woverride-module]
1 warning generated.
warning: overriding the module target triple with spir64-unknown-unknown [-Woverride-module]
1 warning generated.
Result: FAILURE (exit 124)
[benchmark:randomAccess] compare_mode=exact abs_tol=0 rel_tol=0
[benchmark:randomAccess] injection worklist_id=29 site=95 bit=0
/opt/aurora/25.190.0/spack/unified/0.10.1/install/linux-sles15-x86_64/gcc-13.3.0/llvm-develop-git.5708851-4ulhk4d/bin/opt: WARNING: failed to create target machine for 'spir64-unknown-unknown': unable to get target for 'spir64-unknown-unknown', see --version and --triple.
warning: overriding the module target triple with spir64-unknown-unknown [-Woverride-module]
1 warning generated.
warning: overriding the module target triple with spir64-unknown-unknown [-Woverride-module]
1 warning generated.
Result: SDC (exit 1)
[benchmark:randomAccess] compare_mode=exact abs_tol=0 rel_tol=0
[benchmark:randomAccess] injection worklist_id=30 site=92 bit=0
/opt/aurora/25.190.0/spack/unified/0.10.1/install/linux-sles15-x86_64/gcc-13.3.0/llvm-develop-git.5708851-4ulhk4d/bin/opt: WARNING: failed to create target machine for 'spir64-unknown-unknown': unable to get target for 'spir64-unknown-unknown', see --version and --triple.
warning: overriding the module target triple with spir64-unknown-unknown [-Woverride-module]
1 warning generated.
warning: overriding the module target triple with spir64-unknown-unknown [-Woverride-module]
1 warning generated.
Result: SDC (exit 1)
[benchmark:randomAccess] compare_mode=exact abs_tol=0 rel_tol=0
[benchmark:randomAccess] injection worklist_id=31 site=92 bit=1
/opt/aurora/25.190.0/spack/unified/0.10.1/install/linux-sles15-x86_64/gcc-13.3.0/llvm-develop-git.5708851-4ulhk4d/bin/opt: WARNING: failed to create target machine for 'spir64-unknown-unknown': unable to get target for 'spir64-unknown-unknown', see --version and --triple.
warning: overriding the module target triple with spir64-unknown-unknown [-Woverride-module]
1 warning generated.
warning: overriding the module target triple with spir64-unknown-unknown [-Woverride-module]
1 warning generated.
Result: SDC (exit 1)
[benchmark:randomAccess] compare_mode=exact abs_tol=0 rel_tol=0
[benchmark:randomAccess] injection worklist_id=32 site=94 bit=7
/opt/aurora/25.190.0/spack/unified/0.10.1/install/linux-sles15-x86_64/gcc-13.3.0/llvm-develop-git.5708851-4ulhk4d/bin/opt: WARNING: failed to create target machine for 'spir64-unknown-unknown': unable to get target for 'spir64-unknown-unknown', see --version and --triple.
warning: overriding the module target triple with spir64-unknown-unknown [-Woverride-module]
1 warning generated.
warning: overriding the module target triple with spir64-unknown-unknown [-Woverride-module]
1 warning generated.
Result: MASKED (exit 0)
[benchmark:randomAccess] compare_mode=exact abs_tol=0 rel_tol=0
[benchmark:randomAccess] injection worklist_id=33 site=94 bit=8
/opt/aurora/25.190.0/spack/unified/0.10.1/install/linux-sles15-x86_64/gcc-13.3.0/llvm-develop-git.5708851-4ulhk4d/bin/opt: WARNING: failed to create target machine for 'spir64-unknown-unknown': unable to get target for 'spir64-unknown-unknown', see --version and --triple.
warning: overriding the module target triple with spir64-unknown-unknown [-Woverride-module]
1 warning generated.
warning: overriding the module target triple with spir64-unknown-unknown [-Woverride-module]
1 warning generated.
Result: MASKED (exit 0)
[benchmark:randomAccess] compare_mode=exact abs_tol=0 rel_tol=0
[benchmark:randomAccess] injection worklist_id=34 site=98 bit=0
/opt/aurora/25.190.0/spack/unified/0.10.1/install/linux-sles15-x86_64/gcc-13.3.0/llvm-develop-git.5708851-4ulhk4d/bin/opt: WARNING: failed to create target machine for 'spir64-unknown-unknown': unable to get target for 'spir64-unknown-unknown', see --version and --triple.
warning: overriding the module target triple with spir64-unknown-unknown [-Woverride-module]
1 warning generated.
warning: overriding the module target triple with spir64-unknown-unknown [-Woverride-module]
1 warning generated.
Result: SDC (exit 1)
[benchmark:randomAccess] compare_mode=exact abs_tol=0 rel_tol=0
[benchmark:randomAccess] injection worklist_id=35 site=98 bit=1
/opt/aurora/25.190.0/spack/unified/0.10.1/install/linux-sles15-x86_64/gcc-13.3.0/llvm-develop-git.5708851-4ulhk4d/bin/opt: WARNING: failed to create target machine for 'spir64-unknown-unknown': unable to get target for 'spir64-unknown-unknown', see --version and --triple.
warning: overriding the module target triple with spir64-unknown-unknown [-Woverride-module]
1 warning generated.
warning: overriding the module target triple with spir64-unknown-unknown [-Woverride-module]
1 warning generated.
Result: SDC (exit 1)
[benchmark:randomAccess] compare_mode=exact abs_tol=0 rel_tol=0
[benchmark:randomAccess] injection worklist_id=36 site=96 bit=0
/opt/aurora/25.190.0/spack/unified/0.10.1/install/linux-sles15-x86_64/gcc-13.3.0/llvm-develop-git.5708851-4ulhk4d/bin/opt: WARNING: failed to create target machine for 'spir64-unknown-unknown': unable to get target for 'spir64-unknown-unknown', see --version and --triple.
warning: overriding the module target triple with spir64-unknown-unknown [-Woverride-module]
1 warning generated.
warning: overriding the module target triple with spir64-unknown-unknown [-Woverride-module]
1 warning generated.
Result: MASKED (exit 0)
[benchmark:randomAccess] compare_mode=exact abs_tol=0 rel_tol=0
[benchmark:randomAccess] injection worklist_id=37 site=96 bit=1
/opt/aurora/25.190.0/spack/unified/0.10.1/install/linux-sles15-x86_64/gcc-13.3.0/llvm-develop-git.5708851-4ulhk4d/bin/opt: WARNING: failed to create target machine for 'spir64-unknown-unknown': unable to get target for 'spir64-unknown-unknown', see --version and --triple.
warning: overriding the module target triple with spir64-unknown-unknown [-Woverride-module]
1 warning generated.
warning: overriding the module target triple with spir64-unknown-unknown [-Woverride-module]
1 warning generated.
Result: MASKED (exit 0)
[benchmark:randomAccess] compare_mode=exact abs_tol=0 rel_tol=0
[benchmark:randomAccess] injection worklist_id=38 site=147 bit=0
/opt/aurora/25.190.0/spack/unified/0.10.1/install/linux-sles15-x86_64/gcc-13.3.0/llvm-develop-git.5708851-4ulhk4d/bin/opt: WARNING: failed to create target machine for 'spir64-unknown-unknown': unable to get target for 'spir64-unknown-unknown', see --version and --triple.
warning: overriding the module target triple with spir64-unknown-unknown [-Woverride-module]
1 warning generated.
warning: overriding the module target triple with spir64-unknown-unknown [-Woverride-module]
1 warning generated.
Result: SDC (exit 1)
[benchmark:randomAccess] compare_mode=exact abs_tol=0 rel_tol=0
[benchmark:randomAccess] injection worklist_id=39 site=144 bit=0
/opt/aurora/25.190.0/spack/unified/0.10.1/install/linux-sles15-x86_64/gcc-13.3.0/llvm-develop-git.5708851-4ulhk4d/bin/opt: WARNING: failed to create target machine for 'spir64-unknown-unknown': unable to get target for 'spir64-unknown-unknown', see --version and --triple.
warning: overriding the module target triple with spir64-unknown-unknown [-Woverride-module]
1 warning generated.
warning: overriding the module target triple with spir64-unknown-unknown [-Woverride-module]
1 warning generated.
Result: SDC (exit 1)
[benchmark:randomAccess] compare_mode=exact abs_tol=0 rel_tol=0
[benchmark:randomAccess] injection worklist_id=40 site=144 bit=1
/opt/aurora/25.190.0/spack/unified/0.10.1/install/linux-sles15-x86_64/gcc-13.3.0/llvm-develop-git.5708851-4ulhk4d/bin/opt: WARNING: failed to create target machine for 'spir64-unknown-unknown': unable to get target for 'spir64-unknown-unknown', see --version and --triple.
warning: overriding the module target triple with spir64-unknown-unknown [-Woverride-module]
1 warning generated.
warning: overriding the module target triple with spir64-unknown-unknown [-Woverride-module]
1 warning generated.
Result: SDC (exit 1)
[benchmark:randomAccess] compare_mode=exact abs_tol=0 rel_tol=0
[benchmark:randomAccess] injection worklist_id=41 site=146 bit=63
/opt/aurora/25.190.0/spack/unified/0.10.1/install/linux-sles15-x86_64/gcc-13.3.0/llvm-develop-git.5708851-4ulhk4d/bin/opt: WARNING: failed to create target machine for 'spir64-unknown-unknown': unable to get target for 'spir64-unknown-unknown', see --version and --triple.
warning: overriding the module target triple with spir64-unknown-unknown [-Woverride-module]
1 warning generated.
warning: overriding the module target triple with spir64-unknown-unknown [-Woverride-module]
1 warning generated.
Result: SDC (exit 1)
[benchmark:randomAccess] compare_mode=exact abs_tol=0 rel_tol=0
[benchmark:randomAccess] injection worklist_id=42 site=149 bit=0
/opt/aurora/25.190.0/spack/unified/0.10.1/install/linux-sles15-x86_64/gcc-13.3.0/llvm-develop-git.5708851-4ulhk4d/bin/opt: WARNING: failed to create target machine for 'spir64-unknown-unknown': unable to get target for 'spir64-unknown-unknown', see --version and --triple.
warning: overriding the module target triple with spir64-unknown-unknown [-Woverride-module]
1 warning generated.
warning: overriding the module target triple with spir64-unknown-unknown [-Woverride-module]
1 warning generated.
Result: SDC (exit 1)
[benchmark:randomAccess] compare_mode=exact abs_tol=0 rel_tol=0
[benchmark:randomAccess] injection worklist_id=43 site=149 bit=1
/opt/aurora/25.190.0/spack/unified/0.10.1/install/linux-sles15-x86_64/gcc-13.3.0/llvm-develop-git.5708851-4ulhk4d/bin/opt: WARNING: failed to create target machine for 'spir64-unknown-unknown': unable to get target for 'spir64-unknown-unknown', see --version and --triple.
warning: overriding the module target triple with spir64-unknown-unknown [-Woverride-module]
1 warning generated.
warning: overriding the module target triple with spir64-unknown-unknown [-Woverride-module]
1 warning generated.
Result: SDC (exit 1)
[benchmark:randomAccess] compare_mode=exact abs_tol=0 rel_tol=0
[benchmark:randomAccess] injection worklist_id=44 site=145 bit=0
/opt/aurora/25.190.0/spack/unified/0.10.1/install/linux-sles15-x86_64/gcc-13.3.0/llvm-develop-git.5708851-4ulhk4d/bin/opt: WARNING: failed to create target machine for 'spir64-unknown-unknown': unable to get target for 'spir64-unknown-unknown', see --version and --triple.
warning: overriding the module target triple with spir64-unknown-unknown [-Woverride-module]
1 warning generated.
warning: overriding the module target triple with spir64-unknown-unknown [-Woverride-module]
1 warning generated.
Result: SDC (exit 1)
[benchmark:randomAccess] compare_mode=exact abs_tol=0 rel_tol=0
[benchmark:randomAccess] injection worklist_id=45 site=145 bit=1
/opt/aurora/25.190.0/spack/unified/0.10.1/install/linux-sles15-x86_64/gcc-13.3.0/llvm-develop-git.5708851-4ulhk4d/bin/opt: WARNING: failed to create target machine for 'spir64-unknown-unknown': unable to get target for 'spir64-unknown-unknown', see --version and --triple.
warning: overriding the module target triple with spir64-unknown-unknown [-Woverride-module]
1 warning generated.
warning: overriding the module target triple with spir64-unknown-unknown [-Woverride-module]
1 warning generated.
Result: SDC (exit 1)
[benchmark:randomAccess] compare_mode=exact abs_tol=0 rel_tol=0
[benchmark:randomAccess] injection worklist_id=46 site=150 bit=0
/opt/aurora/25.190.0/spack/unified/0.10.1/install/linux-sles15-x86_64/gcc-13.3.0/llvm-develop-git.5708851-4ulhk4d/bin/opt: WARNING: failed to create target machine for 'spir64-unknown-unknown': unable to get target for 'spir64-unknown-unknown', see --version and --triple.
warning: overriding the module target triple with spir64-unknown-unknown [-Woverride-module]
1 warning generated.
warning: overriding the module target triple with spir64-unknown-unknown [-Woverride-module]
1 warning generated.
Result: SDC (exit 1)
[benchmark:randomAccess] compare_mode=exact abs_tol=0 rel_tol=0
[benchmark:randomAccess] injection worklist_id=47 site=150 bit=1
/opt/aurora/25.190.0/spack/unified/0.10.1/install/linux-sles15-x86_64/gcc-13.3.0/llvm-develop-git.5708851-4ulhk4d/bin/opt: WARNING: failed to create target machine for 'spir64-unknown-unknown': unable to get target for 'spir64-unknown-unknown', see --version and --triple.
warning: overriding the module target triple with spir64-unknown-unknown [-Woverride-module]
1 warning generated.
warning: overriding the module target triple with spir64-unknown-unknown [-Woverride-module]
1 warning generated.
Result: SDC (exit 1)
[benchmark:randomAccess] compare_mode=exact abs_tol=0 rel_tol=0
[benchmark:randomAccess] injection worklist_id=48 site=90 bit=0
/opt/aurora/25.190.0/spack/unified/0.10.1/install/linux-sles15-x86_64/gcc-13.3.0/llvm-develop-git.5708851-4ulhk4d/bin/opt: WARNING: failed to create target machine for 'spir64-unknown-unknown': unable to get target for 'spir64-unknown-unknown', see --version and --triple.
warning: overriding the module target triple with spir64-unknown-unknown [-Woverride-module]
1 warning generated.
warning: overriding the module target triple with spir64-unknown-unknown [-Woverride-module]
1 warning generated.
Result: SDC (exit 1)
