:3:rocdevice.cpp            :465 : 4394678973457 us: [pid:87582 tid: 0x7f2c3b107200] Initializing HSA stack.
:3:rocdevice.cpp            :551 : 4394679075309 us: [pid:87582 tid: 0x7f2c3b107200] Enumerated GPU agents = 1
:3:rocdevice.cpp            :230 : 4394679075370 us: [pid:87582 tid: 0x7f2c3b107200] Numa selects cpu agent[0]=0x6a87bd0(fine=0x6b01bd0,coarse=0x6b0e790) for gpu agent=0x6bb2c20 CPU<->GPU XGMI=0
:3:rocsettings.cpp          :284 : 4394679075382 us: [pid:87582 tid: 0x7f2c3b107200] Using dev kernel arg wa = 0
:3:comgrctx.cpp             :33  : 4394679075388 us: [pid:87582 tid: 0x7f2c3b107200] Loading COMGR library.
:3:comgrctx.cpp             :128 : 4394679075422 us: [pid:87582 tid: 0x7f2c3b107200] Loaded COMGR library version 3.0.
:3:rocdevice.cpp            :1785: 4394679075957 us: [pid:87582 tid: 0x7f2c3b107200] Gfx Major/Minor/Stepping: 9/0/10
:3:rocdevice.cpp            :1787: 4394679075967 us: [pid:87582 tid: 0x7f2c3b107200] HMM support: 1, XNACK: 0, Direct host access: 0
:3:rocdevice.cpp            :1789: 4394679075976 us: [pid:87582 tid: 0x7f2c3b107200] Max SDMA Read Mask: 0x1e, Max SDMA Write Mask: 0x1f
:4:rocdevice.cpp            :2210: 4394679076392 us: [pid:87582 tid: 0x7f2c3b107200] Allocate hsa host memory 0x7f2c28800000, size 0x100000, numa_node = 0
:4:rocdevice.cpp            :2210: 4394679117258 us: [pid:87582 tid: 0x7f2c3b107200] Allocate hsa host memory 0x7f2c28200000, size 0x400000, numa_node = 0
:4:rocdevice.cpp            :2210: 4394679117374 us: [pid:87582 tid: 0x7f2c3b107200] Allocate hsa host memory 0x7f2c4554e000, size 0x38, numa_node = 0
:3:hip_context.cpp          :54  : 4394679117399 us: [pid:87582 tid: 0x7f2c3b107200] Direct Dispatch: 1
:3:hip_fatbin.cpp           :427 : 4394679117535 us: [pid:87582 tid: 0x7f2c3b107200] Searching for code objects, HIP_FORCE_SPIRV_CODEOBJECT: 0
:3:hip_fatbin.cpp           :435 : 4394679117816 us: [pid:87582 tid: 0x7f2c3b107200] Using Native code object: gfx90a:sramecc+:xnack-
:3:hip_memory.cpp           :756 : 4394679117891 us: [pid:87582 tid: 0x7f2c3b107200] [32m hipMalloc ( 0x7ffd5ec84d08, 192 ) [0m
:4:rocdevice.cpp            :2371: 4394679118362 us: [pid:87582 tid: 0x7f2c3b107200] Allocate hsa device memory 0x7f2b11600000, size 0xc0, hsa_mem_flags 0x0h
:3:rocdevice.cpp            :2411: 4394679118822 us: [pid:87582 tid: 0x7f2c3b107200] Device=0x6bfafb0, freeMem_ = 0xffeffff40
:3:hip_memory.cpp           :758 : 4394679118836 us: [pid:87582 tid: 0x7f2c3b107200] hipMalloc: Returned hipSuccess : 0x7f2b11600000: duration: 945 us
:3:hip_memory.cpp           :3476: 4394679118858 us: [pid:87582 tid: 0x7f2c3b107200] [32m hipMemset ( 0x7f2b11600000, 0, 192 ) [0m
:3:rocdevice.cpp            :3048: 4394679118879 us: [pid:87582 tid: 0x7f2c3b107200] Number of allocated hardware queues with low priority: 0, with normal priority: 0, with high priority: 0, maximum per priority is: 4
:3:rocdevice.cpp            :3129: 4394679129759 us: [pid:87582 tid: 0x7f2c3b107200] Created SWq=0x7f2c3b0f6000 to map on HWq=0x7f2afb200000 with size 16384 with priority 1, cooperative: 0
:3:rocdevice.cpp            :3222: 4394679129791 us: [pid:87582 tid: 0x7f2c3b107200] acquireQueue refCount: 0x7f2afb200000 (1)
:4:rocdevice.cpp            :2210: 4394679130161 us: [pid:87582 tid: 0x7f2c3b107200] Allocate hsa host memory 0x7f2afb000000, size 0x100000, numa_node = 0
:3:devprogram.cpp           :2658: 4394679436276 us: [pid:87582 tid: 0x7f2c3b107200] Using Code Object V5.
:4:rocdevice.cpp            :2210: 4394680293815 us: [pid:87582 tid: 0x7f2c3b107200] Allocate hsa host memory 0x7f2afaa00000, size 0x400000, numa_node = 0
:4:command.cpp              :359 : 4394680294645 us: [pid:87582 tid: 0x7f2c3b107200] Command (FillBuffer) enqueued: 0x7550cb0
:3:rocvirtual.cpp           :762 : 4394680294684 us: [pid:87582 tid: 0x7f2c3b107200] Arg0: void* buf = ptr:0x7f2b11600000
:3:rocvirtual.cpp           :778 : 4394680294692 us: [pid:87582 tid: 0x7f2c3b107200] Arg0: void* buf = ptr:0x7f2b11600000 obj:[0x7f2b11600000-0x7f2b116000c0]
:3:rocvirtual.cpp           :762 : 4394680294703 us: [pid:87582 tid: 0x7f2c3b107200] Arg1: uchar* pattern = ptr:0x7f2afb000000
:3:rocvirtual.cpp           :853 : 4394680294722 us: [pid:87582 tid: 0x7f2c3b107200] Arg2: uint pattern_size = val:1
:3:rocvirtual.cpp           :853 : 4394680294728 us: [pid:87582 tid: 0x7f2c3b107200] Arg3: uint alignment = val:16
:3:rocvirtual.cpp           :853 : 4394680294734 us: [pid:87582 tid: 0x7f2c3b107200] Arg4: ulong end_ptr = val:139822951825600
:3:rocvirtual.cpp           :853 : 4394680294739 us: [pid:87582 tid: 0x7f2c3b107200] Arg5: uint next_chunk = val:256
:3:rocvirtual.cpp           :3236: 4394680294752 us: [pid:87582 tid: 0x7f2c3b107200] ShaderName : __amd_rocclr_fillBufferAligned
:3:rocvirtual.cpp           :3449: 4394680294763 us: [pid:87582 tid: 0x7f2c3b107200] KernargSegmentByteSize = 296 KernargSegmentAlignment = 128
:4:rocvirtual.cpp           :965 : 4394680294784 us: [pid:87582 tid: 0x7f2c3b107200] SWq=0x7f2c3b0f6000, HWq=0x7f2afb200000, id=1, Dispatch Header = 0xb02 (type=2, barrier=1, acquire=1, release=1), setup=1, grid=[256, 1, 1], workgroup=[256, 1, 1], private_seg_size=0, group_seg_size=0, kernel_obj=0x7f2c3b0e5d40, kernarg_address=0x7f2afb000100, completion_signal=0x0, correlation_id=0, rptr=0, wptr=0
:3:hip_memory.cpp           :3477: 4394680295133 us: [pid:87582 tid: 0x7f2c3b107200] hipMemset: Returned hipSuccess : 
:3:hip_device_runtime.cpp   :641 : 4394680295149 us: [pid:87582 tid: 0x7f2c3b107200] [32m hipDeviceSynchronize (  ) [0m
:4:commandqueue.cpp         :161 : 4394680295155 us: [pid:87582 tid: 0x7f2c3b107200] Marker queued to ensure finish
:4:command.cpp              :359 : 4394680295160 us: [pid:87582 tid: 0x7f2c3b107200] Command (InternalMarker) enqueued: 0x757a470
:3:rocvirtual.cpp           :533 : 4394680295179 us: [pid:87582 tid: 0x7f2c3b107200] Set Handler: handle(0x7f2c3affd600), timestamp(0x6f763c0)
:4:rocvirtual.cpp           :1147: 4394680295493 us: [pid:87582 tid: 0x7f2c3b107200] SWq=0x7f2c3b0f6000, HWq=0x7f2afb200000, id=1, BarrierAND Header = 0x1503 (type=3, barrier=1, acquire=2, release=2), dep_signal=[0x0, 0x0, 0x0, 0x0, 0x0], completion_signal=0x7f2c3affd600
:3:rocvirtual.hpp           :56  : 4394680295505 us: [pid:87582 tid: 0x7f2c3b107200] Host active wait for Signal = (0x7f2c3affd600) for -1 ns
:4:commandqueue.cpp         :184 : 4394680304168 us: [pid:87582 tid: 0x7f2c3b107200] All commands finished
:3:hip_device_runtime.cpp   :645 : 4394680304200 us: [pid:87582 tid: 0x7f2c3b107200] hipDeviceSynchronize: Returned hipSuccess : 
:3:hip_platform.cpp         :237 : 4394680304219 us: [pid:87582 tid: 0x7f2c3b107200] [32m __hipPushCallConfiguration ( {1,1,1}, {16,16,1}, 0, stream:<null> ) [0m
:3:rocvirtual.cpp           :226 : 4394680304225 us: [pid:87582 tid: 0x7f2b0d7ff6c0] Handler: value(0), timestamp(0x72a1160), handle(0x7f2c3affd600)
:3:hip_platform.cpp         :241 : 4394680304228 us: [pid:87582 tid: 0x7f2c3b107200] __hipPushCallConfiguration: Returned hipSuccess : 
:4:command.cpp              :169 : 4394680304249 us: [pid:87582 tid: 0x7f2b0d7ff6c0] Command 0x7550cb0 complete
:3:hip_platform.cpp         :246 : 4394680304264 us: [pid:87582 tid: 0x7f2c3b107200] [32m __hipPopCallConfiguration ( {1590185608,32765,0}, {1166477394,32556,16}, 0x7ffd5ec84c00, 0x7ffd5ec84bf8 ) [0m
:3:hip_platform.cpp         :255 : 4394680304282 us: [pid:87582 tid: 0x7f2c3b107200] __hipPopCallConfiguration: Returned hipSuccess : 
:4:command.cpp              :163 : 4394680304278 us: [pid:87582 tid: 0x7f2b0d7ff6c0] Command 0x757a470 complete (Wall: 4394680304276, CPU: 0, GPU: 9108 us)
:3:hip_module.cpp           :744 : 4394680304312 us: [pid:87582 tid: 0x7f2c3b107200] [32m hipLaunchKernel ( 0x200d38, {1,1,1}, {16,16,1}, 0x7ffd5ec84bb0, 0, stream:<null> ) [0m
:3:devprogram.cpp           :2658: 4394680304940 us: [pid:87582 tid: 0x7f2c3b107200] Using Code Object V5.
:4:command.cpp              :359 : 4394680305632 us: [pid:87582 tid: 0x7f2c3b107200] Command (KernelExecution) enqueued: 0x7312b30
:3:rocvirtual.cpp           :762 : 4394680305711 us: [pid:87582 tid: 0x7f2c3b107200] Arg0:   = ptr:0x7f2b11600000
:3:rocvirtual.cpp           :778 : 4394680305717 us: [pid:87582 tid: 0x7f2c3b107200] Arg0:   = ptr:0x7f2b11600000 obj:[0x7f2b11600000-0x7f2b116000c0]
:3:rocvirtual.cpp           :853 : 4394680305735 us: [pid:87582 tid: 0x7f2c3b107200] Arg1:   = val:8
:3:rocvirtual.cpp           :853 : 4394680305740 us: [pid:87582 tid: 0x7f2c3b107200] Arg2:   = val:4
:3:rocvirtual.cpp           :853 : 4394680305744 us: [pid:87582 tid: 0x7f2c3b107200] Arg3:   = val:1176666112
:3:rocvirtual.cpp           :853 : 4394680305748 us: [pid:87582 tid: 0x7f2c3b107200] Arg4:   = val:1176256512
:3:rocvirtual.cpp           :3236: 4394680305759 us: [pid:87582 tid: 0x7f2c3b107200] ShaderName : color(unsigned char*, int, int, float, float)
:4:rocdevice.cpp            :2210: 4394680841794 us: [pid:87582 tid: 0x7f2c3b107200] Allocate hsa host memory 0x7f2af9c00000, size 0xd13838, numa_node = 0
:3:rocdevice.cpp            :3322: 4394680842197 us: [pid:87582 tid: 0x7f2c3b107200] Created hostcall buffer 0x7f2af9c00000 for hardware queue 0x7f2afb200000
:4:rocsignal.cpp            :38  : 4394680842733 us: [pid:87582 tid: 0x7f2c3b107200] Initialize Hostcall signal=0x7f2c3affd380
:3:devhostcall.cpp          :428 : 4394680843149 us: [pid:87582 tid: 0x7f2c3b107200] Launched hostcall listener at 0x6ef8fd0
:3:devhostcall.cpp          :441 : 4394680843155 us: [pid:87582 tid: 0x7f2c3b107200] Registered hostcall buffer 0x7f2af9c00000 with listener 0x6ef8fd0
:4:rocdevice.cpp            :2371: 4394680843172 us: [pid:87582 tid: 0x7f2c3b107200] Allocate hsa device memory 0x7f2b11601000, size 0x20000, hsa_mem_flags 0x0h
:4:rocdevice.cpp            :2371: 4394680843240 us: [pid:87582 tid: 0x7f2c3b107200] Allocate hsa device memory 0x7f2af9200000, size 0x800000, hsa_mem_flags 0x0h
:3:rocvirtual.cpp           :853 : 4394680843254 us: [pid:87582 tid: 0x7f2c3b107200] Arg0: ulong heap_to_initialize = val:139822951829504
:3:rocvirtual.cpp           :853 : 4394680843265 us: [pid:87582 tid: 0x7f2c3b107200] Arg1: ulong initial_blocks = val:139822544977920
:3:rocvirtual.cpp           :853 : 4394680844114 us: [pid:87582 tid: 0x7f2c3b107200] Arg2: uint heap_size = val:131072
:3:rocvirtual.cpp           :853 : 4394680844120 us: [pid:87582 tid: 0x7f2c3b107200] Arg3: uint number_of_initial_blocks = val:4
:3:rocvirtual.cpp           :3236: 4394680844130 us: [pid:87582 tid: 0x7f2c3b107200] ShaderName : __amd_rocclr_initHeap
:3:rocvirtual.cpp           :3449: 4394680844135 us: [pid:87582 tid: 0x7f2c3b107200] KernargSegmentByteSize = 24 KernargSegmentAlignment = 128
:4:rocvirtual.cpp           :965 : 4394680844146 us: [pid:87582 tid: 0x7f2c3b107200] SWq=0x7f2c3b0f6000, HWq=0x7f2afb200000, id=1, Dispatch Header = 0xb02 (type=2, barrier=1, acquire=1, release=1), setup=1, grid=[256, 1, 1], workgroup=[256, 1, 1], private_seg_size=0, group_seg_size=0, kernel_obj=0x7f2c3b0e60c0, kernarg_address=0x7f2afb000280, completion_signal=0x0, correlation_id=0, rptr=2, wptr=2
:4:rocvirtual.cpp           :1147: 4394680844162 us: [pid:87582 tid: 0x7f2c3b107200] SWq=0x7f2c3b0f6000, HWq=0x7f2afb200000, id=1, BarrierAND Header = 0x1503 (type=3, barrier=1, acquire=2, release=2), dep_signal=[0x0, 0x0, 0x0, 0x0, 0x0], completion_signal=0x7f2c3afff700
:4:rocvirtual.cpp           :622 : 4394680844173 us: [pid:87582 tid: 0x7f2c3b107200] Host wait on completion_signal=0x7f2c3afff700
:3:rocvirtual.cpp           :3449: 4394680844184 us: [pid:87582 tid: 0x7f2c3b107200] KernargSegmentByteSize = 280 KernargSegmentAlignment = 128
:4:rocvirtual.cpp           :965 : 4394680844193 us: [pid:87582 tid: 0x7f2c3b107200] SWq=0x7f2c3b0f6000, HWq=0x7f2afb200000, id=1, Dispatch Header = 0xb02 (type=2, barrier=1, acquire=1, release=1), setup=3, grid=[16, 16, 1], workgroup=[16, 16, 1], private_seg_size=1024, group_seg_size=0, kernel_obj=0x7f2c3b0c0a80, kernarg_address=0x7f2afb000000, completion_signal=0x0, correlation_id=0, rptr=4, wptr=4
:3:hip_module.cpp           :745 : 4394680844209 us: [pid:87582 tid: 0x7f2c3b107200] hipLaunchKernel: Returned hipSuccess : : duration: 539897 us
:3:hip_device_runtime.cpp   :641 : 4394680844219 us: [pid:87582 tid: 0x7f2c3b107200] [32m hipDeviceSynchronize (  ) [0m
:4:commandqueue.cpp         :161 : 4394680844229 us: [pid:87582 tid: 0x7f2c3b107200] Marker queued to ensure finish
:4:command.cpp              :359 : 4394680844237 us: [pid:87582 tid: 0x7f2c3b107200] Command (InternalMarker) enqueued: 0x757a470
:3:rocvirtual.cpp           :533 : 4394680845054 us: [pid:87582 tid: 0x7f2c3b107200] Set Handler: handle(0x7f2c3affd680), timestamp(0x6f762b0)
:4:rocvirtual.cpp           :1147: 4394680845064 us: [pid:87582 tid: 0x7f2c3b107200] SWq=0x7f2c3b0f6000, HWq=0x7f2afb200000, id=1, BarrierAND Header = 0x1503 (type=3, barrier=1, acquire=2, release=2), dep_signal=[0x0, 0x0, 0x0, 0x0, 0x0], completion_signal=0x7f2c3affd680
:3:rocvirtual.hpp           :56  : 4394680845075 us: [pid:87582 tid: 0x7f2c3b107200] Host active wait for Signal = (0x7f2c3affd680) for -1 ns
:4:commandqueue.cpp         :184 : 4394680845083 us: [pid:87582 tid: 0x7f2c3b107200] All commands finished
:3:hip_device_runtime.cpp   :645 : 4394680845090 us: [pid:87582 tid: 0x7f2c3b107200] hipDeviceSynchronize: Returned hipSuccess : 
:3:rocvirtual.cpp           :226 : 4394680845102 us: [pid:87582 tid: 0x7f2b0d7ff6c0] Handler: value(0), timestamp(0x7360d40), handle(0x7f2c3affd680)
:3:hip_memory.cpp           :795 : 4394680845116 us: [pid:87582 tid: 0x7f2c3b107200] [32m hipMemcpy ( 0x6afec40, 0x7f2b11600000, 192, hipMemcpyDeviceToHost ) [0m
:4:command.cpp              :169 : 4394680845128 us: [pid:87582 tid: 0x7f2b0d7ff6c0] Command 0x7312b30 complete
:4:command.cpp              :359 : 4394680845149 us: [pid:87582 tid: 0x7f2c3b107200] Command (CopyDeviceToHost) enqueued: 0x6c96780
:4:rocblit.cpp              :1673: 4394680845161 us: [pid:87582 tid: 0x7f2c3b107200] Unpinned read path, Async = 0
:4:command.cpp              :163 : 4394680845168 us: [pid:87582 tid: 0x7f2b0d7ff6c0] Command 0x757a470 complete (Wall: 4394680845166, CPU: 0, GPU: 119 us)
:4:rocblit.cpp              :1702: 4394680845605 us: [pid:87582 tid: 0x7f2c3b107200] Blit staging D2H copy stg buf=0x7f2c28800000, src=0x7f2b11600000, dstOrigin=0x0, size=192
:3:rocvirtual.cpp           :762 : 4394680845627 us: [pid:87582 tid: 0x7f2c3b107200] Arg0: uchar* src = ptr:0x7f2b11600000
:3:rocvirtual.cpp           :762 : 4394680845632 us: [pid:87582 tid: 0x7f2c3b107200] Arg1: uchar* dst = ptr:0x7f2c28800000
:3:rocvirtual.cpp           :853 : 4394680845637 us: [pid:87582 tid: 0x7f2c3b107200] Arg2: ulong size = val:192
:3:rocvirtual.cpp           :853 : 4394680845641 us: [pid:87582 tid: 0x7f2c3b107200] Arg3: uint remainder = val:0
:3:rocvirtual.cpp           :853 : 4394680845646 us: [pid:87582 tid: 0x7f2c3b107200] Arg4: uint aligned_size = val:16
:3:rocvirtual.cpp           :853 : 4394680845650 us: [pid:87582 tid: 0x7f2c3b107200] Arg5: ulong end_ptr = val:139827634766016
:3:rocvirtual.cpp           :853 : 4394680845655 us: [pid:87582 tid: 0x7f2c3b107200] Arg6: uint next_chunk = val:512
:3:rocvirtual.cpp           :3236: 4394680845660 us: [pid:87582 tid: 0x7f2c3b107200] ShaderName : __amd_rocclr_copyBuffer
:3:rocvirtual.cpp           :3449: 4394680845665 us: [pid:87582 tid: 0x7f2c3b107200] KernargSegmentByteSize = 304 KernargSegmentAlignment = 128
:4:rocvirtual.cpp           :965 : 4394680845674 us: [pid:87582 tid: 0x7f2c3b107200] SWq=0x7f2c3b0f6000, HWq=0x7f2afb200000, id=1, Dispatch Header = 0x1502 (type=2, barrier=1, acquire=2, release=2), setup=1, grid=[512, 1, 1], workgroup=[512, 1, 1], private_seg_size=0, group_seg_size=0, kernel_obj=0x7f2c3b0e5dc0, kernarg_address=0x7f2afb000180, completion_signal=0x7f2c3afff600, correlation_id=0, rptr=6, wptr=6
:4:rocvirtual.cpp           :622 : 4394680845688 us: [pid:87582 tid: 0x7f2c3b107200] Host wait on completion_signal=0x7f2c3afff600
:3:rocvirtual.hpp           :56  : 4394680845695 us: [pid:87582 tid: 0x7f2c3b107200] Host active wait for Signal = (0x7f2c3afff600) for -1 ns
:4:rocblit.cpp              :1716: 4394680845704 us: [pid:87582 tid: 0x7f2c3b107200] memcpy host dst=0x6afec40, stg buf=0x7f2c28800000, size=192
:4:commandqueue.cpp         :161 : 4394680846129 us: [pid:87582 tid: 0x7f2c3b107200] Marker queued to ensure finish
:4:command.cpp              :359 : 4394680846138 us: [pid:87582 tid: 0x7f2c3b107200] Command (InternalMarker) enqueued: 0x6ccfa90
:3:rocvirtual.cpp           :533 : 4394680846152 us: [pid:87582 tid: 0x7f2c3b107200] Set Handler: handle(0x7f2c3affd700), timestamp(0x6f761a0)
:4:rocvirtual.cpp           :1147: 4394680846160 us: [pid:87582 tid: 0x7f2c3b107200] SWq=0x7f2c3b0f6000, HWq=0x7f2afb200000, id=1, BarrierAND Header = 0x1503 (type=3, barrier=1, acquire=2, release=2), dep_signal=[0x0, 0x0, 0x0, 0x0, 0x0], completion_signal=0x7f2c3affd700
:3:rocvirtual.hpp           :56  : 4394680846171 us: [pid:87582 tid: 0x7f2c3b107200] Host active wait for Signal = (0x7f2c3affd700) for -1 ns
:4:commandqueue.cpp         :184 : 4394680846178 us: [pid:87582 tid: 0x7f2c3b107200] All commands finished
:3:hip_memory.cpp           :796 : 4394680846183 us: [pid:87582 tid: 0x7f2c3b107200] hipMemcpy: Returned hipSuccess : : duration: 1067 us
:3:rocvirtual.cpp           :226 : 4394680846185 us: [pid:87582 tid: 0x7f2b0d7ff6c0] Handler: value(0), timestamp(0x7360cd0), handle(0x7f2c3affd700)
:4:command.cpp              :169 : 4394680846204 us: [pid:87582 tid: 0x7f2b0d7ff6c0] Command 0x6c96780 complete
:4:command.cpp              :163 : 4394680846210 us: [pid:87582 tid: 0x7f2b0d7ff6c0] Command 0x6ccfa90 complete (Wall: 4394680846209, CPU: 0, GPU: 64 us)
:3:hip_memory.cpp           :772 : 4394680846239 us: [pid:87582 tid: 0x7f2c3b107200] [32m hipFree ( 0x7f2b11600000 ) [0m
:4:commandqueue.cpp         :167 : 4394680846247 us: [pid:87582 tid: 0x7f2c3b107200] HW Event not ready, awaiting completion instead
:4:commandqueue.cpp         :184 : 4394680846256 us: [pid:87582 tid: 0x7f2c3b107200] All commands finished
:4:rocdevice.cpp            :2388: 4394680846269 us: [pid:87582 tid: 0x7f2c3b107200] Free hsa memory 0x7f2b11600000
:3:rocdevice.cpp            :2411: 4394680846629 us: [pid:87582 tid: 0x7f2c3b107200] Device=0x6bfafb0, freeMem_ = 0xfff000000
:3:hip_memory.cpp           :774 : 4394680846636 us: [pid:87582 tid: 0x7f2c3b107200] hipFree: Returned hipSuccess : 
:4:rocdevice.cpp            :2388: 4394680852033 us: [pid:87582 tid: 0x7f2c3b107200] Free hsa memory (nil)
:3:rocdevice.cpp            :3254: 4394680852054 us: [pid:87582 tid: 0x7f2c3b107200] releaseQueue refCount:0x7f2afb200000 (0)
:4:rocdevice.cpp            :2388: 4394680852272 us: [pid:87582 tid: 0x7f2c3b107200] Free hsa memory 0x7f2afb000000
:4:rocdevice.cpp            :2388: 4394680853017 us: [pid:87582 tid: 0x7f2c3b107200] Free hsa memory 0x7f2afaa00000
:4:rocdevice.cpp            :2388: 4394680853604 us: [pid:87582 tid: 0x7f2c3b107200] Free hsa memory 0x7f2c28200000
:4:rocdevice.cpp            :2388: 4394680853737 us: [pid:87582 tid: 0x7f2c3b107200] Free hsa memory 0x7f2c4554e000
:3:rocdevice.cpp            :278 : 4394680853745 us: [pid:87582 tid: 0x7f2c3b107200] Deleting hostcall buffer 0x7f2af9c00000 for hardware queue 0x7f2afb200000
:3:devhostcall.cpp          :460 : 4394680853757 us: [pid:87582 tid: 0x7f2c3b107200] Terminated hostcall listener
:4:rocdevice.cpp            :2388: 4394680854986 us: [pid:87582 tid: 0x7f2c3b107200] Free hsa memory 0x7f2af9c00000
:3:rocdevice.cpp            :283 : 4394680854996 us: [pid:87582 tid: 0x7f2c3b107200] Deleting hardware queue 0x7f2afb200000 with refCount 0
:4:rocdevice.cpp            :2388: 4394680859352 us: [pid:87582 tid: 0x7f2c3b107200] Free hsa memory 0x7f2c28800000
:4:rocdevice.cpp            :2388: 4394680859659 us: [pid:87582 tid: 0x7f2c3b107200] Free hsa memory 0x7f2b11601000
:4:rocdevice.cpp            :2388: 4394680859959 us: [pid:87582 tid: 0x7f2c3b107200] Free hsa memory 0x7f2af9200000
