:3:rocdevice.cpp            :465 : 4394477984088 us: [pid:66609 tid: 0x7f1acee82200] Initializing HSA stack.
:3:rocdevice.cpp            :551 : 4394479770342 us: [pid:66609 tid: 0x7f1acee82200] Enumerated GPU agents = 1
:3:rocdevice.cpp            :230 : 4394479770422 us: [pid:66609 tid: 0x7f1acee82200] Numa selects cpu agent[0]=0x2d10bbd0(fine=0x2d185bd0,coarse=0x2d192790) for gpu agent=0x2d236c20 CPU<->GPU XGMI=0
:3:rocsettings.cpp          :284 : 4394479770437 us: [pid:66609 tid: 0x7f1acee82200] Using dev kernel arg wa = 0
:3:comgrctx.cpp             :33  : 4394479770449 us: [pid:66609 tid: 0x7f1acee82200] Loading COMGR library.
:3:comgrctx.cpp             :128 : 4394479770485 us: [pid:66609 tid: 0x7f1acee82200] Loaded COMGR library version 3.0.
:3:rocdevice.cpp            :1785: 4394479771028 us: [pid:66609 tid: 0x7f1acee82200] Gfx Major/Minor/Stepping: 9/0/10
:3:rocdevice.cpp            :1787: 4394479771040 us: [pid:66609 tid: 0x7f1acee82200] HMM support: 1, XNACK: 0, Direct host access: 0
:3:rocdevice.cpp            :1789: 4394479771338 us: [pid:66609 tid: 0x7f1acee82200] Max SDMA Read Mask: 0x1e, Max SDMA Write Mask: 0x1f
:4:rocdevice.cpp            :2210: 4394479771684 us: [pid:66609 tid: 0x7f1acee82200] Allocate hsa host memory 0x7f1abc200000, size 0x100000, numa_node = 0
:4:rocdevice.cpp            :2210: 4394480584070 us: [pid:66609 tid: 0x7f1acee82200] Allocate hsa host memory 0x7f19a5400000, size 0x400000, numa_node = 0
:4:rocdevice.cpp            :2210: 4394480584318 us: [pid:66609 tid: 0x7f1acee82200] Allocate hsa host memory 0x7f1ad8ffc000, size 0x38, numa_node = 0
:3:hip_context.cpp          :54  : 4394480584692 us: [pid:66609 tid: 0x7f1acee82200] Direct Dispatch: 1
:3:hip_fatbin.cpp           :427 : 4394480584851 us: [pid:66609 tid: 0x7f1acee82200] Searching for code objects, HIP_FORCE_SPIRV_CODEOBJECT: 0
:3:hip_fatbin.cpp           :435 : 4394480585169 us: [pid:66609 tid: 0x7f1acee82200] Using Native code object: gfx90a:sramecc+:xnack-
:3:hip_memory.cpp           :756 : 4394480585213 us: [pid:66609 tid: 0x7f1acee82200] [32m hipMalloc ( 0x7fff5d0f1ff8, 192 ) [0m
:4:rocdevice.cpp            :2371: 4394480585276 us: [pid:66609 tid: 0x7f1acee82200] Allocate hsa device memory 0x7f19a5000000, size 0xc0, hsa_mem_flags 0x0h
:3:rocdevice.cpp            :2411: 4394480585680 us: [pid:66609 tid: 0x7f1acee82200] Device=0x2d27efb0, freeMem_ = 0xffeffff40
:3:hip_memory.cpp           :758 : 4394480585698 us: [pid:66609 tid: 0x7f1acee82200] hipMalloc: Returned hipSuccess : 0x7f19a5000000: duration: 485 us
:3:hip_memory.cpp           :3476: 4394480585717 us: [pid:66609 tid: 0x7f1acee82200] [32m hipMemset ( 0x7f19a5000000, 0, 192 ) [0m
:3:rocdevice.cpp            :3048: 4394480585731 us: [pid:66609 tid: 0x7f1acee82200] Number of allocated hardware queues with low priority: 0, with normal priority: 0, with high priority: 0, maximum per priority is: 4
:3:rocdevice.cpp            :3129: 4394480596438 us: [pid:66609 tid: 0x7f1acee82200] Created SWq=0x7f1acee6c000 to map on HWq=0x7f198ec00000 with size 16384 with priority 1, cooperative: 0
:3:rocdevice.cpp            :3222: 4394480596470 us: [pid:66609 tid: 0x7f1acee82200] acquireQueue refCount: 0x7f198ec00000 (1)
:4:rocdevice.cpp            :2210: 4394480596812 us: [pid:66609 tid: 0x7f1acee82200] Allocate hsa host memory 0x7f198ea00000, size 0x100000, numa_node = 0
:3:devprogram.cpp           :2658: 4394480894915 us: [pid:66609 tid: 0x7f1acee82200] Using Code Object V5.
:4:rocdevice.cpp            :2210: 4394481411961 us: [pid:66609 tid: 0x7f1acee82200] Allocate hsa host memory 0x7f198e400000, size 0x400000, numa_node = 0
:4:command.cpp              :359 : 4394481412142 us: [pid:66609 tid: 0x7f1acee82200] Command (FillBuffer) enqueued: 0x2db7eb00
:3:rocvirtual.cpp           :762 : 4394481412571 us: [pid:66609 tid: 0x7f1acee82200] Arg0: void* buf = ptr:0x7f19a5000000
:3:rocvirtual.cpp           :778 : 4394481412578 us: [pid:66609 tid: 0x7f1acee82200] Arg0: void* buf = ptr:0x7f19a5000000 obj:[0x7f19a5000000-0x7f19a50000c0]
:3:rocvirtual.cpp           :762 : 4394481412587 us: [pid:66609 tid: 0x7f1acee82200] Arg1: uchar* pattern = ptr:0x7f198ea00000
:3:rocvirtual.cpp           :853 : 4394481412601 us: [pid:66609 tid: 0x7f1acee82200] Arg2: uint pattern_size = val:1
:3:rocvirtual.cpp           :853 : 4394481412606 us: [pid:66609 tid: 0x7f1acee82200] Arg3: uint alignment = val:16
:3:rocvirtual.cpp           :853 : 4394481412611 us: [pid:66609 tid: 0x7f1acee82200] Arg4: ulong end_ptr = val:139748119150784
:3:rocvirtual.cpp           :853 : 4394481412616 us: [pid:66609 tid: 0x7f1acee82200] Arg5: uint next_chunk = val:256
:3:rocvirtual.cpp           :3236: 4394481412629 us: [pid:66609 tid: 0x7f1acee82200] ShaderName : __amd_rocclr_fillBufferAligned
:3:rocvirtual.cpp           :3449: 4394481412638 us: [pid:66609 tid: 0x7f1acee82200] KernargSegmentByteSize = 296 KernargSegmentAlignment = 128
:4:rocvirtual.cpp           :965 : 4394481412656 us: [pid:66609 tid: 0x7f1acee82200] SWq=0x7f1acee6c000, HWq=0x7f198ec00000, id=1, Dispatch Header = 0xb02 (type=2, barrier=1, acquire=1, release=1), setup=1, grid=[256, 1, 1], workgroup=[256, 1, 1], private_seg_size=0, group_seg_size=0, kernel_obj=0x7f1acee5dd40, kernarg_address=0x7f198ea00100, completion_signal=0x0, correlation_id=0, rptr=0, wptr=0
:3:hip_memory.cpp           :3477: 4394481413185 us: [pid:66609 tid: 0x7f1acee82200] hipMemset: Returned hipSuccess : 
:3:hip_device_runtime.cpp   :641 : 4394481413194 us: [pid:66609 tid: 0x7f1acee82200] [32m hipDeviceSynchronize (  ) [0m
:4:commandqueue.cpp         :161 : 4394481413200 us: [pid:66609 tid: 0x7f1acee82200] Marker queued to ensure finish
:4:command.cpp              :359 : 4394481413206 us: [pid:66609 tid: 0x7f1acee82200] Command (InternalMarker) enqueued: 0x2dbd9420
:3:rocvirtual.cpp           :533 : 4394481413227 us: [pid:66609 tid: 0x7f1acee82200] Set Handler: handle(0x7f1ace9fd600), timestamp(0x2daa22c0)
:4:rocvirtual.cpp           :1147: 4394481413236 us: [pid:66609 tid: 0x7f1acee82200] SWq=0x7f1acee6c000, HWq=0x7f198ec00000, id=1, BarrierAND Header = 0x1503 (type=3, barrier=1, acquire=2, release=2), dep_signal=[0x0, 0x0, 0x0, 0x0, 0x0], completion_signal=0x7f1ace9fd600
:4:commandqueue.cpp         :184 : 4394481413246 us: [pid:66609 tid: 0x7f1acee82200] All commands finished
:3:hip_device_runtime.cpp   :645 : 4394481413267 us: [pid:66609 tid: 0x7f1acee82200] hipDeviceSynchronize: Returned hipSuccess : 
:3:rocvirtual.cpp           :226 : 4394481413279 us: [pid:66609 tid: 0x7f19a11ff6c0] Handler: value(0), timestamp(0x2d181ab0), handle(0x7f1ace9fd600)
:4:command.cpp              :169 : 4394481413836 us: [pid:66609 tid: 0x7f19a11ff6c0] Command 0x2db7eb00 complete
:3:hip_platform.cpp         :237 : 4394481413826 us: [pid:66609 tid: 0x7f1acee82200] [32m __hipPushCallConfiguration ( {1,1,1}, {16,16,1}, 0, stream:<null> ) [0m
:3:hip_platform.cpp         :241 : 4394481414188 us: [pid:66609 tid: 0x7f1acee82200] __hipPushCallConfiguration: Returned hipSuccess : 
:3:hip_platform.cpp         :246 : 4394481414202 us: [pid:66609 tid: 0x7f1acee82200] [32m __hipPopCallConfiguration ( {1561272696,32767,0}, {3643889746,32538,16}, 0x7fff5d0f1ef0, 0x7fff5d0f1ee8 ) [0m
:3:hip_platform.cpp         :255 : 4394481414211 us: [pid:66609 tid: 0x7f1acee82200] __hipPopCallConfiguration: Returned hipSuccess : 
:4:command.cpp              :163 : 4394481413848 us: [pid:66609 tid: 0x7f19a11ff6c0] Command 0x2dbd9420 complete (Wall: 4394481413846, CPU: 0, GPU: 629 us)
:3:hip_module.cpp           :744 : 4394481414241 us: [pid:66609 tid: 0x7f1acee82200] [32m hipLaunchKernel ( 0x200d38, {1,1,1}, {16,16,1}, 0x7fff5d0f1ea0, 0, stream:<null> ) [0m
:3:devprogram.cpp           :2658: 4394481414391 us: [pid:66609 tid: 0x7f1acee82200] Using Code Object V5.
:4:command.cpp              :359 : 4394481415163 us: [pid:66609 tid: 0x7f1acee82200] Command (KernelExecution) enqueued: 0x2daafa00
:3:rocvirtual.cpp           :762 : 4394481415184 us: [pid:66609 tid: 0x7f1acee82200] Arg0:   = ptr:0x7f19a5000000
:3:rocvirtual.cpp           :778 : 4394481415191 us: [pid:66609 tid: 0x7f1acee82200] Arg0:   = ptr:0x7f19a5000000 obj:[0x7f19a5000000-0x7f19a50000c0]
:3:rocvirtual.cpp           :853 : 4394481415204 us: [pid:66609 tid: 0x7f1acee82200] Arg1:   = val:8
:3:rocvirtual.cpp           :853 : 4394481415210 us: [pid:66609 tid: 0x7f1acee82200] Arg2:   = val:4
:3:rocvirtual.cpp           :853 : 4394481415655 us: [pid:66609 tid: 0x7f1acee82200] Arg3:   = val:1176666112
:3:rocvirtual.cpp           :853 : 4394481415660 us: [pid:66609 tid: 0x7f1acee82200] Arg4:   = val:1176256512
:3:rocvirtual.cpp           :3236: 4394481415672 us: [pid:66609 tid: 0x7f1acee82200] ShaderName : color(unsigned char*, int, int, float, float)
:4:rocdevice.cpp            :2210: 4394483785932 us: [pid:66609 tid: 0x7f1acee82200] Allocate hsa host memory 0x7f198d600000, size 0xd13838, numa_node = 0
:3:rocdevice.cpp            :3322: 4394483786300 us: [pid:66609 tid: 0x7f1acee82200] Created hostcall buffer 0x7f198d600000 for hardware queue 0x7f198ec00000
:4:rocsignal.cpp            :38  : 4394483786808 us: [pid:66609 tid: 0x7f1acee82200] Initialize Hostcall signal=0x7f1ace9fd380
:3:devhostcall.cpp          :428 : 4394483786840 us: [pid:66609 tid: 0x7f1acee82200] Launched hostcall listener at 0x2d81a0e0
:3:devhostcall.cpp          :441 : 4394483786846 us: [pid:66609 tid: 0x7f1acee82200] Registered hostcall buffer 0x7f198d600000 with listener 0x2d81a0e0
:4:rocdevice.cpp            :2371: 4394483786862 us: [pid:66609 tid: 0x7f1acee82200] Allocate hsa device memory 0x7f19a5001000, size 0x20000, hsa_mem_flags 0x0h
:4:rocdevice.cpp            :2371: 4394483786927 us: [pid:66609 tid: 0x7f1acee82200] Allocate hsa device memory 0x7f198cc00000, size 0x800000, hsa_mem_flags 0x0h
:3:rocvirtual.cpp           :853 : 4394483787231 us: [pid:66609 tid: 0x7f1acee82200] Arg0: ulong heap_to_initialize = val:139748119154688
:3:rocvirtual.cpp           :853 : 4394483787240 us: [pid:66609 tid: 0x7f1acee82200] Arg1: ulong initial_blocks = val:139747712303104
:3:rocvirtual.cpp           :853 : 4394483787248 us: [pid:66609 tid: 0x7f1acee82200] Arg2: uint heap_size = val:131072
:3:rocvirtual.cpp           :853 : 4394483787253 us: [pid:66609 tid: 0x7f1acee82200] Arg3: uint number_of_initial_blocks = val:4
:3:rocvirtual.cpp           :3236: 4394483787263 us: [pid:66609 tid: 0x7f1acee82200] ShaderName : __amd_rocclr_initHeap
:3:rocvirtual.cpp           :3449: 4394483787268 us: [pid:66609 tid: 0x7f1acee82200] KernargSegmentByteSize = 24 KernargSegmentAlignment = 128
:4:rocvirtual.cpp           :965 : 4394483787279 us: [pid:66609 tid: 0x7f1acee82200] SWq=0x7f1acee6c000, HWq=0x7f198ec00000, id=1, Dispatch Header = 0xb02 (type=2, barrier=1, acquire=1, release=1), setup=1, grid=[256, 1, 1], workgroup=[256, 1, 1], private_seg_size=0, group_seg_size=0, kernel_obj=0x7f1acee5e0c0, kernarg_address=0x7f198ea00280, completion_signal=0x0, correlation_id=0, rptr=2, wptr=2
:4:rocvirtual.cpp           :1147: 4394483787295 us: [pid:66609 tid: 0x7f1acee82200] SWq=0x7f1acee6c000, HWq=0x7f198ec00000, id=1, BarrierAND Header = 0x1503 (type=3, barrier=1, acquire=2, release=2), dep_signal=[0x0, 0x0, 0x0, 0x0, 0x0], completion_signal=0x7f1ace9ff700
:3:rocvirtual.cpp           :3449: 4394483787730 us: [pid:66609 tid: 0x7f1acee82200] KernargSegmentByteSize = 280 KernargSegmentAlignment = 128
:4:rocvirtual.cpp           :965 : 4394483787739 us: [pid:66609 tid: 0x7f1acee82200] SWq=0x7f1acee6c000, HWq=0x7f198ec00000, id=1, Dispatch Header = 0xb02 (type=2, barrier=1, acquire=1, release=1), setup=3, grid=[16, 16, 1], workgroup=[16, 16, 1], private_seg_size=1024, group_seg_size=0, kernel_obj=0x7f1acee38a80, kernarg_address=0x7f198ea00000, completion_signal=0x0, correlation_id=0, rptr=4, wptr=4
:3:hip_module.cpp           :745 : 4394483787756 us: [pid:66609 tid: 0x7f1acee82200] hipLaunchKernel: Returned hipSuccess : : duration: 2373515 us
:3:hip_device_runtime.cpp   :641 : 4394483787766 us: [pid:66609 tid: 0x7f1acee82200] [32m hipDeviceSynchronize (  ) [0m
:4:commandqueue.cpp         :161 : 4394483787772 us: [pid:66609 tid: 0x7f1acee82200] Marker queued to ensure finish
:4:command.cpp              :359 : 4394483787777 us: [pid:66609 tid: 0x7f1acee82200] Command (InternalMarker) enqueued: 0x2dbd9420
:3:rocvirtual.cpp           :533 : 4394483787803 us: [pid:66609 tid: 0x7f1acee82200] Set Handler: handle(0x7f1ace9fd680), timestamp(0x2daa21b0)
:4:rocvirtual.cpp           :1147: 4394483788221 us: [pid:66609 tid: 0x7f1acee82200] SWq=0x7f1acee6c000, HWq=0x7f198ec00000, id=1, BarrierAND Header = 0x1503 (type=3, barrier=1, acquire=2, release=2), dep_signal=[0x0, 0x0, 0x0, 0x0, 0x0], completion_signal=0x7f1ace9fd680
:3:rocvirtual.hpp           :56  : 4394483788233 us: [pid:66609 tid: 0x7f1acee82200] Host active wait for Signal = (0x7f1ace9fd680) for -1 ns
:4:commandqueue.cpp         :184 : 4394483788279 us: [pid:66609 tid: 0x7f1acee82200] All commands finished
:3:hip_device_runtime.cpp   :645 : 4394483788286 us: [pid:66609 tid: 0x7f1acee82200] hipDeviceSynchronize: Returned hipSuccess : 
:3:rocvirtual.cpp           :226 : 4394483788297 us: [pid:66609 tid: 0x7f19a11ff6c0] Handler: value(0), timestamp(0x2da13ec0), handle(0x7f1ace9fd680)
:3:hip_memory.cpp           :795 : 4394483788324 us: [pid:66609 tid: 0x7f1acee82200] [32m hipMemcpy ( 0x2d182c40, 0x7f19a5000000, 192, hipMemcpyDeviceToHost ) [0m
:4:command.cpp              :169 : 4394483788613 us: [pid:66609 tid: 0x7f19a11ff6c0] Command 0x2daafa00 complete
:4:command.cpp              :359 : 4394483788631 us: [pid:66609 tid: 0x7f1acee82200] Command (CopyDeviceToHost) enqueued: 0x2d82ffd0
:4:command.cpp              :163 : 4394483788635 us: [pid:66609 tid: 0x7f19a11ff6c0] Command 0x2dbd9420 complete (Wall: 4394483788633, CPU: 0, GPU: 836 us)
:4:rocblit.cpp              :1673: 4394483788642 us: [pid:66609 tid: 0x7f1acee82200] Unpinned read path, Async = 0
:4:rocblit.cpp              :1702: 4394483788660 us: [pid:66609 tid: 0x7f1acee82200] Blit staging D2H copy stg buf=0x7f1abc200000, src=0x7f19a5000000, dstOrigin=0x0, size=192
:3:rocvirtual.cpp           :762 : 4394483788670 us: [pid:66609 tid: 0x7f1acee82200] Arg0: uchar* src = ptr:0x7f19a5000000
:3:rocvirtual.cpp           :762 : 4394483788675 us: [pid:66609 tid: 0x7f1acee82200] Arg1: uchar* dst = ptr:0x7f1abc200000
:3:rocvirtual.cpp           :853 : 4394483788973 us: [pid:66609 tid: 0x7f1acee82200] Arg2: ulong size = val:192
:3:rocvirtual.cpp           :853 : 4394483788977 us: [pid:66609 tid: 0x7f1acee82200] Arg3: uint remainder = val:0
:3:rocvirtual.cpp           :853 : 4394483788982 us: [pid:66609 tid: 0x7f1acee82200] Arg4: uint aligned_size = val:16
:3:rocvirtual.cpp           :853 : 4394483788987 us: [pid:66609 tid: 0x7f1acee82200] Arg5: ulong end_ptr = val:139752802091200
:3:rocvirtual.cpp           :853 : 4394483788992 us: [pid:66609 tid: 0x7f1acee82200] Arg6: uint next_chunk = val:512
:3:rocvirtual.cpp           :3236: 4394483788997 us: [pid:66609 tid: 0x7f1acee82200] ShaderName : __amd_rocclr_copyBuffer
:3:rocvirtual.cpp           :3449: 4394483789002 us: [pid:66609 tid: 0x7f1acee82200] KernargSegmentByteSize = 304 KernargSegmentAlignment = 128
:4:rocvirtual.cpp           :965 : 4394483789012 us: [pid:66609 tid: 0x7f1acee82200] SWq=0x7f1acee6c000, HWq=0x7f198ec00000, id=1, Dispatch Header = 0x1502 (type=2, barrier=1, acquire=2, release=2), setup=1, grid=[512, 1, 1], workgroup=[512, 1, 1], private_seg_size=0, group_seg_size=0, kernel_obj=0x7f1acee5ddc0, kernarg_address=0x7f198ea00180, completion_signal=0x7f1ace9ff600, correlation_id=0, rptr=6, wptr=6
:4:rocvirtual.cpp           :622 : 4394483789026 us: [pid:66609 tid: 0x7f1acee82200] Host wait on completion_signal=0x7f1ace9ff600
:3:rocvirtual.hpp           :56  : 4394483789033 us: [pid:66609 tid: 0x7f1acee82200] Host active wait for Signal = (0x7f1ace9ff600) for -1 ns
:4:rocblit.cpp              :1716: 4394483789041 us: [pid:66609 tid: 0x7f1acee82200] memcpy host dst=0x2d182c40, stg buf=0x7f1abc200000, size=192
:4:commandqueue.cpp         :161 : 4394483789485 us: [pid:66609 tid: 0x7f1acee82200] Marker queued to ensure finish
:4:command.cpp              :359 : 4394483789490 us: [pid:66609 tid: 0x7f1acee82200] Command (InternalMarker) enqueued: 0x2d888ad0
:3:rocvirtual.cpp           :533 : 4394483789502 us: [pid:66609 tid: 0x7f1acee82200] Set Handler: handle(0x7f1ace9fd700), timestamp(0x2d9ec760)
:4:rocvirtual.cpp           :1147: 4394483789513 us: [pid:66609 tid: 0x7f1acee82200] SWq=0x7f1acee6c000, HWq=0x7f198ec00000, id=1, BarrierAND Header = 0x1503 (type=3, barrier=1, acquire=2, release=2), dep_signal=[0x0, 0x0, 0x0, 0x0, 0x0], completion_signal=0x7f1ace9fd700
:4:commandqueue.cpp         :184 : 4394483789524 us: [pid:66609 tid: 0x7f1acee82200] All commands finished
:3:hip_memory.cpp           :796 : 4394483789529 us: [pid:66609 tid: 0x7f1acee82200] hipMemcpy: Returned hipSuccess : : duration: 1205 us
:3:rocvirtual.cpp           :226 : 4394483789537 us: [pid:66609 tid: 0x7f19a11ff6c0] Handler: value(0), timestamp(0x2da13e50), handle(0x7f1ace9fd700)
:4:command.cpp              :169 : 4394483789545 us: [pid:66609 tid: 0x7f19a11ff6c0] Command 0x2d82ffd0 complete
:4:command.cpp              :163 : 4394483789551 us: [pid:66609 tid: 0x7f19a11ff6c0] Command 0x2d888ad0 complete (Wall: 4394483789549, CPU: 0, GPU: 52 us)
:3:hip_memory.cpp           :772 : 4394483789587 us: [pid:66609 tid: 0x7f1acee82200] [32m hipFree ( 0x7f19a5000000 ) [0m
:4:commandqueue.cpp         :167 : 4394483789912 us: [pid:66609 tid: 0x7f1acee82200] HW Event not ready, awaiting completion instead
:4:commandqueue.cpp         :184 : 4394483789921 us: [pid:66609 tid: 0x7f1acee82200] All commands finished
:4:rocdevice.cpp            :2388: 4394483789934 us: [pid:66609 tid: 0x7f1acee82200] Free hsa memory 0x7f19a5000000
:3:rocdevice.cpp            :2411: 4394483789939 us: [pid:66609 tid: 0x7f1acee82200] Device=0x2d27efb0, freeMem_ = 0xfff000000
:3:hip_memory.cpp           :774 : 4394483789944 us: [pid:66609 tid: 0x7f1acee82200] hipFree: Returned hipSuccess : 
:4:rocdevice.cpp            :2388: 4394483796037 us: [pid:66609 tid: 0x7f1acee82200] Free hsa memory (nil)
:3:rocdevice.cpp            :3254: 4394483796050 us: [pid:66609 tid: 0x7f1acee82200] releaseQueue refCount:0x7f198ec00000 (0)
:4:rocdevice.cpp            :2388: 4394483796181 us: [pid:66609 tid: 0x7f1acee82200] Free hsa memory 0x7f198ea00000
:4:rocdevice.cpp            :2388: 4394483796971 us: [pid:66609 tid: 0x7f1acee82200] Free hsa memory 0x7f198e400000
:4:rocdevice.cpp            :2388: 4394483797534 us: [pid:66609 tid: 0x7f1acee82200] Free hsa memory 0x7f19a5400000
:4:rocdevice.cpp            :2388: 4394483797747 us: [pid:66609 tid: 0x7f1acee82200] Free hsa memory 0x7f1ad8ffc000
:3:rocdevice.cpp            :278 : 4394483797754 us: [pid:66609 tid: 0x7f1acee82200] Deleting hostcall buffer 0x7f198d600000 for hardware queue 0x7f198ec00000
:3:devhostcall.cpp          :460 : 4394483797765 us: [pid:66609 tid: 0x7f1acee82200] Terminated hostcall listener
:4:rocdevice.cpp            :2388: 4394483799079 us: [pid:66609 tid: 0x7f1acee82200] Free hsa memory 0x7f198d600000
:3:rocdevice.cpp            :283 : 4394483799102 us: [pid:66609 tid: 0x7f1acee82200] Deleting hardware queue 0x7f198ec00000 with refCount 0
:4:rocdevice.cpp            :2388: 4394483803455 us: [pid:66609 tid: 0x7f1acee82200] Free hsa memory 0x7f1abc200000
:4:rocdevice.cpp            :2388: 4394483803730 us: [pid:66609 tid: 0x7f1acee82200] Free hsa memory 0x7f19a5001000
:4:rocdevice.cpp            :2388: 4394483804053 us: [pid:66609 tid: 0x7f1acee82200] Free hsa memory 0x7f198cc00000
