Number of rows in the embedding table: 10000
Batch size: 8

Embedding dimension: 768
block size: 128
Average execution time of dense embedding kernel (k1): 3796769.500000 (us)
Average execution time of dense embedding kernel (k2): 1226.592041 (us)
Average execution time of dense embedding kernel (k3): 1806.702026 (us)
PASS
block size: 256
Average execution time of dense embedding kernel (k1): 1158.455078 (us)
Average execution time of dense embedding kernel (k2): 1049.570068 (us)
Average execution time of dense embedding kernel (k3): 1390.260010 (us)
PASS
block size: 512
Average execution time of dense embedding kernel (k1): 1488.375122 (us)
Average execution time of dense embedding kernel (k2): 1490.228027 (us)
Average execution time of dense embedding kernel (k3): 661.051025 (us)
PASS
block size: 1024
Average execution time of dense embedding kernel (k1): 814.710022 (us)
Average execution time of dense embedding kernel (k2): 1200.855103 (us)
Average execution time of dense embedding kernel (k3): 1173.233032 (us)
PASS

Embedding dimension: 2048
block size: 128
Average execution time of dense embedding kernel (k1): 1137.195068 (us)
Average execution time of dense embedding kernel (k2): 1139.941040 (us)
Average execution time of dense embedding kernel (k3): 1084.666992 (us)
PASS
block size: 256
Average execution time of dense embedding kernel (k1): 1653.945068 (us)
Average execution time of dense embedding kernel (k2): 1054.389038 (us)
Average execution time of dense embedding kernel (k3): 1455.372070 (us)
PASS
block size: 512
Average execution time of dense embedding kernel (k1): 1791.364136 (us)
Average execution time of dense embedding kernel (k2): 254.818008 (us)
Average execution time of dense embedding kernel (k3): 967.116028 (us)
PASS
block size: 1024
Average execution time of dense embedding kernel (k1): 1400.049072 (us)
Average execution time of dense embedding kernel (k2): 1020.175049 (us)
Average execution time of dense embedding kernel (k3): 1054.069092 (us)
PASS

Embedding dimension: 12288
block size: 128
Average execution time of dense embedding kernel (k1): 2137.574219 (us)
Average execution time of dense embedding kernel (k2): 1412.031128 (us)
Average execution time of dense embedding kernel (k3): 3415.343262 (us)
PASS
block size: 256
Average execution time of dense embedding kernel (k1): 2128.517090 (us)
Average execution time of dense embedding kernel (k2): 1715.050049 (us)
Average execution time of dense embedding kernel (k3): 2372.625000 (us)
PASS
block size: 512
Average execution time of dense embedding kernel (k1): 1222.455078 (us)
Average execution time of dense embedding kernel (k2): 1105.806030 (us)
Average execution time of dense embedding kernel (k3): 1676.288086 (us)
PASS
block size: 1024
Average execution time of dense embedding kernel (k1): 1692.859131 (us)
Average execution time of dense embedding kernel (k2): 1601.577026 (us)
Average execution time of dense embedding kernel (k3): 2010.415039 (us)
PASS
dense-embedding snapshot written to /tmp/bitir_exploratory_v4_amd_dense-embedding_site362_bit24_trial2/dense-embedding_site362_bit24_trial2.bin
compare_ok
Result: MASKED (exit 0)
