Number of rows in the embedding table: 10000
Batch size: 8

Embedding dimension: 768
block size: 128
Average execution time of dense embedding kernel (k1): 690532.687500 (us)
Average execution time of dense embedding kernel (k2): 1234.088013 (us)
Average execution time of dense embedding kernel (k3): 1886.673096 (us)
PASS
block size: 256
Average execution time of dense embedding kernel (k1): 2006.597046 (us)
Average execution time of dense embedding kernel (k2): 1498.975098 (us)
Average execution time of dense embedding kernel (k3): 1531.786133 (us)
PASS
block size: 512
Average execution time of dense embedding kernel (k1): 1040.153076 (us)
Average execution time of dense embedding kernel (k2): 1831.148071 (us)
Average execution time of dense embedding kernel (k3): 1030.165039 (us)
PASS
block size: 1024
Average execution time of dense embedding kernel (k1): 1306.974121 (us)
Average execution time of dense embedding kernel (k2): 1221.313110 (us)
Average execution time of dense embedding kernel (k3): 1530.934082 (us)
PASS

Embedding dimension: 2048
block size: 128
Average execution time of dense embedding kernel (k1): 1269.774048 (us)
Average execution time of dense embedding kernel (k2): 1569.147095 (us)
Average execution time of dense embedding kernel (k3): 1459.120117 (us)
PASS
block size: 256
Average execution time of dense embedding kernel (k1): 2007.720093 (us)
Average execution time of dense embedding kernel (k2): 1119.733032 (us)
Average execution time of dense embedding kernel (k3): 1023.482056 (us)
PASS
block size: 512
Average execution time of dense embedding kernel (k1): 2157.350098 (us)
Average execution time of dense embedding kernel (k2): 1749.815063 (us)
Average execution time of dense embedding kernel (k3): 1695.153076 (us)
PASS
block size: 1024
Average execution time of dense embedding kernel (k1): 1175.878052 (us)
Average execution time of dense embedding kernel (k2): 1624.259033 (us)
Average execution time of dense embedding kernel (k3): 1494.756104 (us)
PASS

Embedding dimension: 12288
block size: 128
Average execution time of dense embedding kernel (k1): 1842.850098 (us)
Average execution time of dense embedding kernel (k2): 2088.781982 (us)
Average execution time of dense embedding kernel (k3): 3532.323242 (us)
PASS
block size: 256
Average execution time of dense embedding kernel (k1): 1525.775024 (us)
Average execution time of dense embedding kernel (k2): 1444.883057 (us)
Average execution time of dense embedding kernel (k3): 1726.933105 (us)
PASS
block size: 512
Average execution time of dense embedding kernel (k1): 1519.112061 (us)
Average execution time of dense embedding kernel (k2): 4073.789307 (us)
Average execution time of dense embedding kernel (k3): 1556.973022 (us)
PASS
block size: 1024
Average execution time of dense embedding kernel (k1): 1878.066040 (us)
Average execution time of dense embedding kernel (k2): 1522.960083 (us)
Average execution time of dense embedding kernel (k3): 2126.673096 (us)
PASS
dense-embedding snapshot written to /tmp/bitir_exploratory_v4_amd_dense-embedding_site362_bit24_trial1/dense-embedding_site362_bit24.bin
compare_ok
Result: MASKED (exit 0)
