:3:rocdevice.cpp            :465 : 4393763139920 us: [pid:4184920 tid: 0x7f0721f20200] Initializing HSA stack.
:3:rocdevice.cpp            :551 : 4393763245089 us: [pid:4184920 tid: 0x7f0721f20200] Enumerated GPU agents = 1
:3:rocdevice.cpp            :230 : 4393763245143 us: [pid:4184920 tid: 0x7f0721f20200] Numa selects cpu agent[0]=0x31c80bd0(fine=0x31cff270,coarse=0x31d03ae0) for gpu agent=0x31dab910 CPU<->GPU XGMI=0
:3:rocsettings.cpp          :284 : 4393763245160 us: [pid:4184920 tid: 0x7f0721f20200] Using dev kernel arg wa = 0
:3:comgrctx.cpp             :33  : 4393763245176 us: [pid:4184920 tid: 0x7f0721f20200] Loading COMGR library.
:3:comgrctx.cpp             :128 : 4393763245212 us: [pid:4184920 tid: 0x7f0721f20200] Loaded COMGR library version 3.0.
:3:rocdevice.cpp            :1785: 4393763245692 us: [pid:4184920 tid: 0x7f0721f20200] Gfx Major/Minor/Stepping: 9/0/10
:3:rocdevice.cpp            :1787: 4393763245704 us: [pid:4184920 tid: 0x7f0721f20200] HMM support: 1, XNACK: 0, Direct host access: 0
:3:rocdevice.cpp            :1789: 4393763245711 us: [pid:4184920 tid: 0x7f0721f20200] Max SDMA Read Mask: 0x1e, Max SDMA Write Mask: 0x1f
:4:rocdevice.cpp            :2210: 4393763246106 us: [pid:4184920 tid: 0x7f0721f20200] Allocate hsa host memory 0x7f070f600000, size 0x100000, numa_node = 0
:4:rocdevice.cpp            :2210: 4393766046980 us: [pid:4184920 tid: 0x7f0721f20200] Allocate hsa host memory 0x7f070f000000, size 0x400000, numa_node = 0
:4:rocdevice.cpp            :2210: 4393766047375 us: [pid:4184920 tid: 0x7f0721f20200] Allocate hsa host memory 0x7f072c366000, size 0x38, numa_node = 0
:3:hip_context.cpp          :54  : 4393766347142 us: [pid:4184920 tid: 0x7f0721f20200] Direct Dispatch: 1
:3:hip_fatbin.cpp           :427 : 4393766347316 us: [pid:4184920 tid: 0x7f0721f20200] Searching for code objects, HIP_FORCE_SPIRV_CODEOBJECT: 0
:3:hip_fatbin.cpp           :435 : 4393766613698 us: [pid:4184920 tid: 0x7f0721f20200] Using Native code object: gfx90a:sramecc+:xnack-
:3:hip_memory.cpp           :756 : 4393766613759 us: [pid:4184920 tid: 0x7f0721f20200] [32m hipMalloc ( 0x7ffc5157cdc8, 192 ) [0m
:4:rocdevice.cpp            :2371: 4393766613860 us: [pid:4184920 tid: 0x7f0721f20200] Allocate hsa device memory 0x7f070ec00000, size 0xc0, hsa_mem_flags 0x0h
:3:rocdevice.cpp            :2411: 4393766849898 us: [pid:4184920 tid: 0x7f0721f20200] Device=0x31df42c0, freeMem_ = 0xffeffff40
:3:hip_memory.cpp           :758 : 4393766849945 us: [pid:4184920 tid: 0x7f0721f20200] hipMalloc: Returned hipSuccess : 0x7f070ec00000: duration: 236186 us
:3:hip_memory.cpp           :3476: 4393766849969 us: [pid:4184920 tid: 0x7f0721f20200] [32m hipMemset ( 0x7f070ec00000, 0, 192 ) [0m
:3:rocdevice.cpp            :3048: 4393766849988 us: [pid:4184920 tid: 0x7f0721f20200] Number of allocated hardware queues with low priority: 0, with normal priority: 0, with high priority: 0, maximum per priority is: 4
:3:rocdevice.cpp            :3129: 4393766861138 us: [pid:4184920 tid: 0x7f0721f20200] Created SWq=0x7f0721f0e000 to map on HWq=0x7f070ea00000 with size 16384 with priority 1, cooperative: 0
:3:rocdevice.cpp            :3222: 4393766877607 us: [pid:4184920 tid: 0x7f0721f20200] acquireQueue refCount: 0x7f070ea00000 (1)
:4:rocdevice.cpp            :2210: 4393766878046 us: [pid:4184920 tid: 0x7f0721f20200] Allocate hsa host memory 0x7f070e800000, size 0x100000, numa_node = 0
:3:devprogram.cpp           :2658: 4393767217672 us: [pid:4184920 tid: 0x7f0721f20200] Using Code Object V5.
:4:rocdevice.cpp            :2210: 4393767776956 us: [pid:4184920 tid: 0x7f0721f20200] Allocate hsa host memory 0x7f070e200000, size 0x400000, numa_node = 0
:4:command.cpp              :359 : 4393767777130 us: [pid:4184920 tid: 0x7f0721f20200] Command (FillBuffer) enqueued: 0x3266a450
:3:rocvirtual.cpp           :762 : 4393767777480 us: [pid:4184920 tid: 0x7f0721f20200] Arg0: void* buf = ptr:0x7f070ec00000
:3:rocvirtual.cpp           :778 : 4393767777486 us: [pid:4184920 tid: 0x7f0721f20200] Arg0: void* buf = ptr:0x7f070ec00000 obj:[0x7f070ec00000-0x7f070ec000c0]
:3:rocvirtual.cpp           :762 : 4393767777498 us: [pid:4184920 tid: 0x7f0721f20200] Arg1: uchar* pattern = ptr:0x7f070e800000
:3:rocvirtual.cpp           :853 : 4393767777506 us: [pid:4184920 tid: 0x7f0721f20200] Arg2: uint pattern_size = val:1
:3:rocvirtual.cpp           :853 : 4393767777511 us: [pid:4184920 tid: 0x7f0721f20200] Arg3: uint alignment = val:16
:3:rocvirtual.cpp           :853 : 4393767777516 us: [pid:4184920 tid: 0x7f0721f20200] Arg4: ulong end_ptr = val:139668288962752
:3:rocvirtual.cpp           :853 : 4393767777524 us: [pid:4184920 tid: 0x7f0721f20200] Arg5: uint next_chunk = val:256
:3:rocvirtual.cpp           :3236: 4393767777536 us: [pid:4184920 tid: 0x7f0721f20200] ShaderName : __amd_rocclr_fillBufferAligned
:3:rocvirtual.cpp           :3449: 4393767777923 us: [pid:4184920 tid: 0x7f0721f20200] KernargSegmentByteSize = 296 KernargSegmentAlignment = 128
:4:rocvirtual.cpp           :965 : 4393767777944 us: [pid:4184920 tid: 0x7f0721f20200] SWq=0x7f0721f0e000, HWq=0x7f070ea00000, id=1, Dispatch Header = 0xb02 (type=2, barrier=1, acquire=1, release=1), setup=1, grid=[256, 1, 1], workgroup=[256, 1, 1], private_seg_size=0, group_seg_size=0, kernel_obj=0x7f0721efdd40, kernarg_address=0x7f070e800100, completion_signal=0x0, correlation_id=0, rptr=0, wptr=0
:3:hip_memory.cpp           :3477: 4393767777961 us: [pid:4184920 tid: 0x7f0721f20200] hipMemset: Returned hipSuccess : 
:3:hip_device_runtime.cpp   :641 : 4393767777970 us: [pid:4184920 tid: 0x7f0721f20200] [32m hipDeviceSynchronize (  ) [0m
:4:commandqueue.cpp         :161 : 4393767777976 us: [pid:4184920 tid: 0x7f0721f20200] Marker queued to ensure finish
:4:command.cpp              :359 : 4393767777981 us: [pid:4184920 tid: 0x7f0721f20200] Command (InternalMarker) enqueued: 0x32168da0
:3:rocvirtual.cpp           :533 : 4393767778000 us: [pid:4184920 tid: 0x7f0721f20200] Set Handler: handle(0x7f0721dfd600), timestamp(0x3254be90)
:4:rocvirtual.cpp           :1147: 4393767778012 us: [pid:4184920 tid: 0x7f0721f20200] SWq=0x7f0721f0e000, HWq=0x7f070ea00000, id=1, BarrierAND Header = 0x1503 (type=3, barrier=1, acquire=2, release=2), dep_signal=[0x0, 0x0, 0x0, 0x0, 0x0], completion_signal=0x7f0721dfd600
:4:commandqueue.cpp         :184 : 4393767778041 us: [pid:4184920 tid: 0x7f0721f20200] All commands finished
:3:rocvirtual.cpp           :226 : 4393767778068 us: [pid:4184920 tid: 0x7f05f13ff6c0] Handler: value(0), timestamp(0x3221e270), handle(0x7f0721dfd600)
:3:hip_device_runtime.cpp   :645 : 4393767778398 us: [pid:4184920 tid: 0x7f0721f20200] hipDeviceSynchronize: Returned hipSuccess : 
:4:command.cpp              :169 : 4393767778421 us: [pid:4184920 tid: 0x7f05f13ff6c0] Command 0x3266a450 complete
:3:hip_platform.cpp         :237 : 4393767778428 us: [pid:4184920 tid: 0x7f0721f20200] [32m __hipPushCallConfiguration ( {1,1,1}, {16,16,1}, 0, stream:<null> ) [0m
:3:hip_platform.cpp         :241 : 4393767778441 us: [pid:4184920 tid: 0x7f0721f20200] __hipPushCallConfiguration: Returned hipSuccess : 
:4:command.cpp              :163 : 4393767778432 us: [pid:4184920 tid: 0x7f05f13ff6c0] Command 0x32168da0 complete (Wall: 4393767778430, CPU: 0, GPU: 441 us)
:3:hip_platform.cpp         :246 : 4393767778459 us: [pid:4184920 tid: 0x7f0721f20200] [32m __hipPopCallConfiguration ( {1364709192,32764,0}, {745048146,32519,16}, 0x7ffc5157ccc0, 0x7ffc5157ccb8 ) [0m
:3:hip_platform.cpp         :255 : 4393767778492 us: [pid:4184920 tid: 0x7f0721f20200] __hipPopCallConfiguration: Returned hipSuccess : 
:3:hip_module.cpp           :744 : 4393767778911 us: [pid:4184920 tid: 0x7f0721f20200] [32m hipLaunchKernel ( 0x200d38, {1,1,1}, {16,16,1}, 0x7ffc5157cc70, 0, stream:<null> ) [0m
:3:devprogram.cpp           :2658: 4393767779091 us: [pid:4184920 tid: 0x7f0721f20200] Using Code Object V5.
:4:command.cpp              :359 : 4393767779886 us: [pid:4184920 tid: 0x7f0721f20200] Command (KernelExecution) enqueued: 0x3258dd40
:3:rocvirtual.cpp           :762 : 4393767779936 us: [pid:4184920 tid: 0x7f0721f20200] Arg0:   = ptr:0x7f070ec00000
:3:rocvirtual.cpp           :778 : 4393767779941 us: [pid:4184920 tid: 0x7f0721f20200] Arg0:   = ptr:0x7f070ec00000 obj:[0x7f070ec00000-0x7f070ec000c0]
:3:rocvirtual.cpp           :853 : 4393767779952 us: [pid:4184920 tid: 0x7f0721f20200] Arg1:   = val:8
:3:rocvirtual.cpp           :853 : 4393767779957 us: [pid:4184920 tid: 0x7f0721f20200] Arg2:   = val:4
:3:rocvirtual.cpp           :853 : 4393767779962 us: [pid:4184920 tid: 0x7f0721f20200] Arg3:   = val:1176666112
:3:rocvirtual.cpp           :853 : 4393767779966 us: [pid:4184920 tid: 0x7f0721f20200] Arg4:   = val:1176256512
:3:rocvirtual.cpp           :3236: 4393767779977 us: [pid:4184920 tid: 0x7f0721f20200] ShaderName : color(unsigned char*, int, int, float, float)
:4:rocdevice.cpp            :2210: 4393769643605 us: [pid:4184920 tid: 0x7f0721f20200] Allocate hsa host memory 0x7f070d400000, size 0xd13838, numa_node = 0
:3:rocdevice.cpp            :3322: 4393769644115 us: [pid:4184920 tid: 0x7f0721f20200] Created hostcall buffer 0x7f070d400000 for hardware queue 0x7f070ea00000
:4:rocsignal.cpp            :38  : 4393769644746 us: [pid:4184920 tid: 0x7f0721f20200] Initialize Hostcall signal=0x7f0721dfd380
:3:devhostcall.cpp          :428 : 4393769644803 us: [pid:4184920 tid: 0x7f0721f20200] Launched hostcall listener at 0x32393160
:3:devhostcall.cpp          :441 : 4393769644809 us: [pid:4184920 tid: 0x7f0721f20200] Registered hostcall buffer 0x7f070d400000 with listener 0x32393160
:4:rocdevice.cpp            :2371: 4393769644826 us: [pid:4184920 tid: 0x7f0721f20200] Allocate hsa device memory 0x7f070ec01000, size 0x20000, hsa_mem_flags 0x0h
:4:rocdevice.cpp            :2371: 4393769644943 us: [pid:4184920 tid: 0x7f0721f20200] Allocate hsa device memory 0x7f070ca00000, size 0x800000, hsa_mem_flags 0x0h
:3:rocvirtual.cpp           :853 : 4393769645360 us: [pid:4184920 tid: 0x7f0721f20200] Arg0: ulong heap_to_initialize = val:139668288966656
:3:rocvirtual.cpp           :853 : 4393769645373 us: [pid:4184920 tid: 0x7f0721f20200] Arg1: ulong initial_blocks = val:139668253310976
:3:rocvirtual.cpp           :853 : 4393769645381 us: [pid:4184920 tid: 0x7f0721f20200] Arg2: uint heap_size = val:131072
:3:rocvirtual.cpp           :853 : 4393769645386 us: [pid:4184920 tid: 0x7f0721f20200] Arg3: uint number_of_initial_blocks = val:4
:3:rocvirtual.cpp           :3236: 4393769645396 us: [pid:4184920 tid: 0x7f0721f20200] ShaderName : __amd_rocclr_initHeap
:3:rocvirtual.cpp           :3449: 4393769645402 us: [pid:4184920 tid: 0x7f0721f20200] KernargSegmentByteSize = 24 KernargSegmentAlignment = 128
:4:rocvirtual.cpp           :965 : 4393769645415 us: [pid:4184920 tid: 0x7f0721f20200] SWq=0x7f0721f0e000, HWq=0x7f070ea00000, id=1, Dispatch Header = 0xb02 (type=2, barrier=1, acquire=1, release=1), setup=1, grid=[256, 1, 1], workgroup=[256, 1, 1], private_seg_size=0, group_seg_size=0, kernel_obj=0x7f0721efe0c0, kernarg_address=0x7f070e800280, completion_signal=0x0, correlation_id=0, rptr=2, wptr=2
:4:rocvirtual.cpp           :1147: 4393769645892 us: [pid:4184920 tid: 0x7f0721f20200] SWq=0x7f0721f0e000, HWq=0x7f070ea00000, id=1, BarrierAND Header = 0x1503 (type=3, barrier=1, acquire=2, release=2), dep_signal=[0x0, 0x0, 0x0, 0x0, 0x0], completion_signal=0x7f0721dff700
:4:rocvirtual.cpp           :622 : 4393769645904 us: [pid:4184920 tid: 0x7f0721f20200] Host wait on completion_signal=0x7f0721dff700
:3:rocvirtual.cpp           :3449: 4393769645915 us: [pid:4184920 tid: 0x7f0721f20200] KernargSegmentByteSize = 280 KernargSegmentAlignment = 128
:4:rocvirtual.cpp           :965 : 4393769645924 us: [pid:4184920 tid: 0x7f0721f20200] SWq=0x7f0721f0e000, HWq=0x7f070ea00000, id=1, Dispatch Header = 0xb02 (type=2, barrier=1, acquire=1, release=1), setup=3, grid=[16, 16, 1], workgroup=[16, 16, 1], private_seg_size=1024, group_seg_size=0, kernel_obj=0x7f0721ed0a80, kernarg_address=0x7f070e800000, completion_signal=0x0, correlation_id=0, rptr=4, wptr=4
:3:hip_module.cpp           :745 : 4393769645941 us: [pid:4184920 tid: 0x7f0721f20200] hipLaunchKernel: Returned hipSuccess : : duration: 1867030 us
:3:hip_device_runtime.cpp   :641 : 4393769645951 us: [pid:4184920 tid: 0x7f0721f20200] [32m hipDeviceSynchronize (  ) [0m
:4:commandqueue.cpp         :161 : 4393769645969 us: [pid:4184920 tid: 0x7f0721f20200] Marker queued to ensure finish
:4:command.cpp              :359 : 4393769645974 us: [pid:4184920 tid: 0x7f0721f20200] Command (InternalMarker) enqueued: 0x32168da0
:3:rocvirtual.cpp           :533 : 4393769646361 us: [pid:4184920 tid: 0x7f0721f20200] Set Handler: handle(0x7f0721dfd680), timestamp(0x3254bd80)
:4:rocvirtual.cpp           :1147: 4393769646386 us: [pid:4184920 tid: 0x7f0721f20200] SWq=0x7f0721f0e000, HWq=0x7f070ea00000, id=1, BarrierAND Header = 0x1503 (type=3, barrier=1, acquire=2, release=2), dep_signal=[0x0, 0x0, 0x0, 0x0, 0x0], completion_signal=0x7f0721dfd680
:3:rocvirtual.hpp           :56  : 4393769646398 us: [pid:4184920 tid: 0x7f0721f20200] Host active wait for Signal = (0x7f0721dfd680) for -1 ns
:4:commandqueue.cpp         :184 : 4393769646575 us: [pid:4184920 tid: 0x7f0721f20200] All commands finished
:3:hip_device_runtime.cpp   :645 : 4393769646590 us: [pid:4184920 tid: 0x7f0721f20200] hipDeviceSynchronize: Returned hipSuccess : 
:3:hip_memory.cpp           :795 : 4393769646642 us: [pid:4184920 tid: 0x7f0721f20200] [32m hipMemcpy ( 0x31cf7c40, 0x7f070ec00000, 192, hipMemcpyDeviceToHost ) [0m
:3:rocvirtual.cpp           :226 : 4393769646657 us: [pid:4184920 tid: 0x7f05f13ff6c0] Handler: value(0), timestamp(0x32551f20), handle(0x7f0721dfd680)
:4:command.cpp              :169 : 4393769646685 us: [pid:4184920 tid: 0x7f05f13ff6c0] Command 0x3258dd40 complete
:4:command.cpp              :163 : 4393769646695 us: [pid:4184920 tid: 0x7f05f13ff6c0] Command 0x32168da0 complete (Wall: 4393769646694, CPU: 0, GPU: 348 us)
:4:command.cpp              :359 : 4393769646663 us: [pid:4184920 tid: 0x7f0721f20200] Command (CopyDeviceToHost) enqueued: 0x326472f0
:4:rocblit.cpp              :1673: 4393769646725 us: [pid:4184920 tid: 0x7f0721f20200] Unpinned read path, Async = 0
:4:rocblit.cpp              :1702: 4393769646732 us: [pid:4184920 tid: 0x7f0721f20200] Blit staging D2H copy stg buf=0x7f070f600000, src=0x7f070ec00000, dstOrigin=0x0, size=192
:3:rocvirtual.cpp           :762 : 4393769646742 us: [pid:4184920 tid: 0x7f0721f20200] Arg0: uchar* src = ptr:0x7f070ec00000
:3:rocvirtual.cpp           :762 : 4393769646746 us: [pid:4184920 tid: 0x7f0721f20200] Arg1: uchar* dst = ptr:0x7f070f600000
:3:rocvirtual.cpp           :853 : 4393769646751 us: [pid:4184920 tid: 0x7f0721f20200] Arg2: ulong size = val:192
:3:rocvirtual.cpp           :853 : 4393769646756 us: [pid:4184920 tid: 0x7f0721f20200] Arg3: uint remainder = val:0
:3:rocvirtual.cpp           :853 : 4393769646760 us: [pid:4184920 tid: 0x7f0721f20200] Arg4: uint aligned_size = val:16
:3:rocvirtual.cpp           :853 : 4393769646765 us: [pid:4184920 tid: 0x7f0721f20200] Arg5: ulong end_ptr = val:139668299448512
:3:rocvirtual.cpp           :853 : 4393769646772 us: [pid:4184920 tid: 0x7f0721f20200] Arg6: uint next_chunk = val:512
:3:rocvirtual.cpp           :3236: 4393769646778 us: [pid:4184920 tid: 0x7f0721f20200] ShaderName : __amd_rocclr_copyBuffer
:3:rocvirtual.cpp           :3449: 4393769646783 us: [pid:4184920 tid: 0x7f0721f20200] KernargSegmentByteSize = 304 KernargSegmentAlignment = 128
:4:rocvirtual.cpp           :965 : 4393769646792 us: [pid:4184920 tid: 0x7f0721f20200] SWq=0x7f0721f0e000, HWq=0x7f070ea00000, id=1, Dispatch Header = 0x1502 (type=2, barrier=1, acquire=2, release=2), setup=1, grid=[512, 1, 1], workgroup=[512, 1, 1], private_seg_size=0, group_seg_size=0, kernel_obj=0x7f0721efddc0, kernarg_address=0x7f070e800180, completion_signal=0x7f0721dff600, correlation_id=0, rptr=6, wptr=6
:4:rocvirtual.cpp           :622 : 4393769646806 us: [pid:4184920 tid: 0x7f0721f20200] Host wait on completion_signal=0x7f0721dff600
:3:rocvirtual.hpp           :56  : 4393769646814 us: [pid:4184920 tid: 0x7f0721f20200] Host active wait for Signal = (0x7f0721dff600) for -1 ns
:4:rocblit.cpp              :1716: 4393769646822 us: [pid:4184920 tid: 0x7f0721f20200] memcpy host dst=0x31cf7c40, stg buf=0x7f070f600000, size=192
:4:commandqueue.cpp         :161 : 4393769646836 us: [pid:4184920 tid: 0x7f0721f20200] Marker queued to ensure finish
:4:command.cpp              :359 : 4393769646840 us: [pid:4184920 tid: 0x7f0721f20200] Command (InternalMarker) enqueued: 0x32168da0
:3:rocvirtual.cpp           :533 : 4393769646868 us: [pid:4184920 tid: 0x7f0721f20200] Set Handler: handle(0x7f0721dfd700), timestamp(0x3254bc70)
:4:rocvirtual.cpp           :1147: 4393769646878 us: [pid:4184920 tid: 0x7f0721f20200] SWq=0x7f0721f0e000, HWq=0x7f070ea00000, id=1, BarrierAND Header = 0x1503 (type=3, barrier=1, acquire=2, release=2), dep_signal=[0x0, 0x0, 0x0, 0x0, 0x0], completion_signal=0x7f0721dfd700
:4:commandqueue.cpp         :184 : 4393769646888 us: [pid:4184920 tid: 0x7f0721f20200] All commands finished
:3:hip_memory.cpp           :796 : 4393769646893 us: [pid:4184920 tid: 0x7f0721f20200] hipMemcpy: Returned hipSuccess : : duration: 251 us
:3:rocvirtual.cpp           :226 : 4393769646902 us: [pid:4184920 tid: 0x7f05f13ff6c0] Handler: value(0), timestamp(0x32551eb0), handle(0x7f0721dfd700)
:4:command.cpp              :169 : 4393769646912 us: [pid:4184920 tid: 0x7f05f13ff6c0] Command 0x326472f0 complete
:4:command.cpp              :163 : 4393769646918 us: [pid:4184920 tid: 0x7f05f13ff6c0] Command 0x32168da0 complete (Wall: 4393769646917, CPU: 0, GPU: 67 us)
:3:hip_memory.cpp           :772 : 4393769646960 us: [pid:4184920 tid: 0x7f0721f20200] [32m hipFree ( 0x7f070ec00000 ) [0m
:4:commandqueue.cpp         :167 : 4393769646968 us: [pid:4184920 tid: 0x7f0721f20200] HW Event not ready, awaiting completion instead
:4:commandqueue.cpp         :184 : 4393769646977 us: [pid:4184920 tid: 0x7f0721f20200] All commands finished
:4:rocdevice.cpp            :2388: 4393769646993 us: [pid:4184920 tid: 0x7f0721f20200] Free hsa memory 0x7f070ec00000
:3:rocdevice.cpp            :2411: 4393769646998 us: [pid:4184920 tid: 0x7f0721f20200] Device=0x31df42c0, freeMem_ = 0xfff000000
:3:hip_memory.cpp           :774 : 4393769647008 us: [pid:4184920 tid: 0x7f0721f20200] hipFree: Returned hipSuccess : 
:4:rocdevice.cpp            :2388: 4393769656052 us: [pid:4184920 tid: 0x7f0721f20200] Free hsa memory (nil)
:3:rocdevice.cpp            :3254: 4393769656072 us: [pid:4184920 tid: 0x7f0721f20200] releaseQueue refCount:0x7f070ea00000 (0)
:4:rocdevice.cpp            :2388: 4393769656268 us: [pid:4184920 tid: 0x7f0721f20200] Free hsa memory 0x7f070e800000
:4:rocdevice.cpp            :2388: 4393769656702 us: [pid:4184920 tid: 0x7f0721f20200] Free hsa memory 0x7f070e200000
:4:rocdevice.cpp            :2388: 4393769657200 us: [pid:4184920 tid: 0x7f0721f20200] Free hsa memory 0x7f070f000000
:4:rocdevice.cpp            :2388: 4393769657254 us: [pid:4184920 tid: 0x7f0721f20200] Free hsa memory 0x7f072c366000
:3:rocdevice.cpp            :278 : 4393769657262 us: [pid:4184920 tid: 0x7f0721f20200] Deleting hostcall buffer 0x7f070d400000 for hardware queue 0x7f070ea00000
:3:devhostcall.cpp          :460 : 4393769657275 us: [pid:4184920 tid: 0x7f0721f20200] Terminated hostcall listener
:4:rocdevice.cpp            :2388: 4393769658753 us: [pid:4184920 tid: 0x7f0721f20200] Free hsa memory 0x7f070d400000
:3:rocdevice.cpp            :283 : 4393769658806 us: [pid:4184920 tid: 0x7f0721f20200] Deleting hardware queue 0x7f070ea00000 with refCount 0
:4:rocdevice.cpp            :2388: 4393769662938 us: [pid:4184920 tid: 0x7f0721f20200] Free hsa memory 0x7f070f600000
:4:rocdevice.cpp            :2388: 4393769663261 us: [pid:4184920 tid: 0x7f0721f20200] Free hsa memory 0x7f070ec01000
:4:rocdevice.cpp            :2388: 4393769663306 us: [pid:4184920 tid: 0x7f0721f20200] Free hsa memory 0x7f070ca00000
