Number of rows in the embedding table: 10000
Batch size: 8

Embedding dimension: 768
block size: 128
Average execution time of dense embedding kernel (k1): 870807.875000 (us)
Average execution time of dense embedding kernel (k2): 321.223022 (us)
Average execution time of dense embedding kernel (k3): 1505.235107 (us)
PASS
block size: 256
Average execution time of dense embedding kernel (k1): 127971.320312 (us)
Average execution time of dense embedding kernel (k2): 1761.567139 (us)
Average execution time of dense embedding kernel (k3): 1352.579102 (us)
PASS
block size: 512
Average execution time of dense embedding kernel (k1): 1651.400024 (us)
Average execution time of dense embedding kernel (k2): 1503.553101 (us)
Average execution time of dense embedding kernel (k3): 1084.225098 (us)
PASS
block size: 1024
Average execution time of dense embedding kernel (k1): 1246.350098 (us)
Average execution time of dense embedding kernel (k2): 773.161011 (us)
Average execution time of dense embedding kernel (k3): 1201.426025 (us)
PASS

Embedding dimension: 2048
block size: 128
Average execution time of dense embedding kernel (k1): 1541.274048 (us)
Average execution time of dense embedding kernel (k2): 1005.218018 (us)
Average execution time of dense embedding kernel (k3): 1310.460083 (us)
PASS
block size: 256
Average execution time of dense embedding kernel (k1): 1911.548096 (us)
Average execution time of dense embedding kernel (k2): 1373.298096 (us)
Average execution time of dense embedding kernel (k3): 1802.854126 (us)
PASS
block size: 512
Average execution time of dense embedding kernel (k1): 1181.318115 (us)
Average execution time of dense embedding kernel (k2): 1243.565063 (us)
Average execution time of dense embedding kernel (k3): 3877.168213 (us)
PASS
block size: 1024
Average execution time of dense embedding kernel (k1): 1256.699097 (us)
Average execution time of dense embedding kernel (k2): 732.755005 (us)
Average execution time of dense embedding kernel (k3): 1124.200073 (us)
PASS

Embedding dimension: 12288
block size: 128
Average execution time of dense embedding kernel (k1): 2478.202148 (us)
Average execution time of dense embedding kernel (k2): 2230.367188 (us)
Average execution time of dense embedding kernel (k3): 3821.904297 (us)
PASS
block size: 256
Average execution time of dense embedding kernel (k1): 2357.736084 (us)
Average execution time of dense embedding kernel (k2): 1397.393066 (us)
Average execution time of dense embedding kernel (k3): 2525.381104 (us)
PASS
block size: 512
Average execution time of dense embedding kernel (k1): 2107.085205 (us)
Average execution time of dense embedding kernel (k2): 1777.036133 (us)
Average execution time of dense embedding kernel (k3): 2079.695068 (us)
PASS
block size: 1024
Average execution time of dense embedding kernel (k1): 44360.781250 (us)
Average execution time of dense embedding kernel (k2): 44573.820312 (us)
Average execution time of dense embedding kernel (k3): 1767.067139 (us)
PASS
dense-embedding snapshot written to /tmp/bitir_exploratory_amd_dense-embedding_site362_bit0_trial2/dense-embedding_site362_bit0_trial2.bin
compare_ok
Result: MASKED (exit 0)
