Number of rows in the embedding table: 10000
Batch size: 8

Embedding dimension: 768
block size: 128
Average execution time of dense embedding kernel (k1): 1764083.125000 (us)
Average execution time of dense embedding kernel (k2): 1657.050049 (us)
Average execution time of dense embedding kernel (k3): 1941.024048 (us)
PASS
block size: 256
Average execution time of dense embedding kernel (k1): 1175.076050 (us)
Average execution time of dense embedding kernel (k2): 1452.507080 (us)
Average execution time of dense embedding kernel (k3): 1199.511108 (us)
PASS
block size: 512
Average execution time of dense embedding kernel (k1): 1171.489014 (us)
Average execution time of dense embedding kernel (k2): 549.221008 (us)
Average execution time of dense embedding kernel (k3): 1123.218018 (us)
PASS
block size: 1024
Average execution time of dense embedding kernel (k1): 1946.695068 (us)
Average execution time of dense embedding kernel (k2): 1494.415039 (us)
Average execution time of dense embedding kernel (k3): 1841.067139 (us)
PASS

Embedding dimension: 2048
block size: 128
Average execution time of dense embedding kernel (k1): 1530.232056 (us)
Average execution time of dense embedding kernel (k2): 2150.808105 (us)
Average execution time of dense embedding kernel (k3): 1950.501099 (us)
PASS
block size: 256
Average execution time of dense embedding kernel (k1): 1390.099121 (us)
Average execution time of dense embedding kernel (k2): 1663.213135 (us)
Average execution time of dense embedding kernel (k3): 1686.938110 (us)
PASS
block size: 512
Average execution time of dense embedding kernel (k1): 1741.870117 (us)
Average execution time of dense embedding kernel (k2): 1167.601074 (us)
Average execution time of dense embedding kernel (k3): 1536.414062 (us)
PASS
block size: 1024
Average execution time of dense embedding kernel (k1): 2491.498047 (us)
Average execution time of dense embedding kernel (k2): 2015.193115 (us)
Average execution time of dense embedding kernel (k3): 1382.415039 (us)
PASS

Embedding dimension: 12288
block size: 128
Average execution time of dense embedding kernel (k1): 1887.975098 (us)
Average execution time of dense embedding kernel (k2): 2299.307129 (us)
Average execution time of dense embedding kernel (k3): 3858.574219 (us)
PASS
block size: 256
Average execution time of dense embedding kernel (k1): 1822.011108 (us)
Average execution time of dense embedding kernel (k2): 1769.832031 (us)
Average execution time of dense embedding kernel (k3): 3298.843262 (us)
PASS
block size: 512
Average execution time of dense embedding kernel (k1): 1945.873047 (us)
Average execution time of dense embedding kernel (k2): 1945.713135 (us)
Average execution time of dense embedding kernel (k3): 2111.263184 (us)
PASS
block size: 1024
Average execution time of dense embedding kernel (k1): 1796.433105 (us)
Average execution time of dense embedding kernel (k2): 1156.110107 (us)
Average execution time of dense embedding kernel (k3): 1582.441040 (us)
PASS
dense-embedding snapshot written to /tmp/bitir_exploratory_amd_dense-embedding_site362_bit0_trial1/dense-embedding_site362_bit0.bin
compare_ok
Result: MASKED (exit 0)
