:3:rocdevice.cpp            :465 : 4394542448920 us: [pid:72969 tid: 0x7fb57b849200] Initializing HSA stack.
:3:rocdevice.cpp            :551 : 4394544356708 us: [pid:72969 tid: 0x7fb57b849200] Enumerated GPU agents = 1
:3:rocdevice.cpp            :230 : 4394544356788 us: [pid:72969 tid: 0x7fb57b849200] Numa selects cpu agent[0]=0x13611bd0(fine=0x1368bbd0,coarse=0x13698790) for gpu agent=0x1373cc20 CPU<->GPU XGMI=0
:3:rocsettings.cpp          :284 : 4394544356809 us: [pid:72969 tid: 0x7fb57b849200] Using dev kernel arg wa = 0
:3:comgrctx.cpp             :33  : 4394544356825 us: [pid:72969 tid: 0x7fb57b849200] Loading COMGR library.
:3:comgrctx.cpp             :128 : 4394544356867 us: [pid:72969 tid: 0x7fb57b849200] Loaded COMGR library version 3.0.
:3:rocdevice.cpp            :1785: 4394544357935 us: [pid:72969 tid: 0x7fb57b849200] Gfx Major/Minor/Stepping: 9/0/10
:3:rocdevice.cpp            :1787: 4394544358041 us: [pid:72969 tid: 0x7fb57b849200] HMM support: 1, XNACK: 0, Direct host access: 0
:3:rocdevice.cpp            :1789: 4394544358050 us: [pid:72969 tid: 0x7fb57b849200] Max SDMA Read Mask: 0x1e, Max SDMA Write Mask: 0x1f
:4:rocdevice.cpp            :2210: 4394544358418 us: [pid:72969 tid: 0x7fb57b849200] Allocate hsa host memory 0x7fb568c00000, size 0x100000, numa_node = 0
:4:rocdevice.cpp            :2210: 4394544400922 us: [pid:72969 tid: 0x7fb57b849200] Allocate hsa host memory 0x7fb568600000, size 0x400000, numa_node = 0
:4:rocdevice.cpp            :2210: 4394544401072 us: [pid:72969 tid: 0x7fb57b849200] Allocate hsa host memory 0x7fb585a8a000, size 0x38, numa_node = 0
:3:hip_context.cpp          :54  : 4394544401099 us: [pid:72969 tid: 0x7fb57b849200] Direct Dispatch: 1
:3:hip_fatbin.cpp           :427 : 4394544404742 us: [pid:72969 tid: 0x7fb57b849200] Searching for code objects, HIP_FORCE_SPIRV_CODEOBJECT: 0
:3:hip_fatbin.cpp           :435 : 4394544405826 us: [pid:72969 tid: 0x7fb57b849200] Using Native code object: gfx90a:sramecc+:xnack-
:3:hip_memory.cpp           :756 : 4394544405878 us: [pid:72969 tid: 0x7fb57b849200] [32m hipMalloc ( 0x7ffc86038ec8, 192 ) [0m
:4:rocdevice.cpp            :2371: 4394544405956 us: [pid:72969 tid: 0x7fb57b849200] Allocate hsa device memory 0x7fb568200000, size 0xc0, hsa_mem_flags 0x0h
:3:rocdevice.cpp            :2411: 4394544409174 us: [pid:72969 tid: 0x7fb57b849200] Device=0x13784fb0, freeMem_ = 0xffeffff40
:3:hip_memory.cpp           :758 : 4394544409183 us: [pid:72969 tid: 0x7fb57b849200] hipMalloc: Returned hipSuccess : 0x7fb568200000: duration: 3305 us
:3:hip_memory.cpp           :3476: 4394544409195 us: [pid:72969 tid: 0x7fb57b849200] [32m hipMemset ( 0x7fb568200000, 0, 192 ) [0m
:3:rocdevice.cpp            :3048: 4394544409225 us: [pid:72969 tid: 0x7fb57b849200] Number of allocated hardware queues with low priority: 0, with normal priority: 0, with high priority: 0, maximum per priority is: 4
:3:rocdevice.cpp            :3129: 4394544420705 us: [pid:72969 tid: 0x7fb57b849200] Created SWq=0x7fb57b834000 to map on HWq=0x7fb563e00000 with size 16384 with priority 1, cooperative: 0
:3:rocdevice.cpp            :3222: 4394544420758 us: [pid:72969 tid: 0x7fb57b849200] acquireQueue refCount: 0x7fb563e00000 (1)
:4:rocdevice.cpp            :2210: 4394544421149 us: [pid:72969 tid: 0x7fb57b849200] Allocate hsa host memory 0x7fb563c00000, size 0x100000, numa_node = 0
:3:devprogram.cpp           :2658: 4394544706232 us: [pid:72969 tid: 0x7fb57b849200] Using Code Object V5.
:4:rocdevice.cpp            :2210: 4394545225926 us: [pid:72969 tid: 0x7fb57b849200] Allocate hsa host memory 0x7fb563600000, size 0x400000, numa_node = 0
:4:command.cpp              :359 : 4394545226060 us: [pid:72969 tid: 0x7fb57b849200] Command (FillBuffer) enqueued: 0x138b4a10
:3:rocvirtual.cpp           :762 : 4394545226073 us: [pid:72969 tid: 0x7fb57b849200] Arg0: void* buf = ptr:0x7fb568200000
:3:rocvirtual.cpp           :778 : 4394545226079 us: [pid:72969 tid: 0x7fb57b849200] Arg0: void* buf = ptr:0x7fb568200000 obj:[0x7fb568200000-0x7fb5682000c0]
:3:rocvirtual.cpp           :762 : 4394545226087 us: [pid:72969 tid: 0x7fb57b849200] Arg1: uchar* pattern = ptr:0x7fb563c00000
:3:rocvirtual.cpp           :853 : 4394545226096 us: [pid:72969 tid: 0x7fb57b849200] Arg2: uint pattern_size = val:1
:3:rocvirtual.cpp           :853 : 4394545226101 us: [pid:72969 tid: 0x7fb57b849200] Arg3: uint alignment = val:16
:3:rocvirtual.cpp           :853 : 4394545226107 us: [pid:72969 tid: 0x7fb57b849200] Arg4: ulong end_ptr = val:140417112735936
:3:rocvirtual.cpp           :853 : 4394545226839 us: [pid:72969 tid: 0x7fb57b849200] Arg5: uint next_chunk = val:256
:3:rocvirtual.cpp           :3236: 4394545226853 us: [pid:72969 tid: 0x7fb57b849200] ShaderName : __amd_rocclr_fillBufferAligned
:3:rocvirtual.cpp           :3449: 4394545226863 us: [pid:72969 tid: 0x7fb57b849200] KernargSegmentByteSize = 296 KernargSegmentAlignment = 128
:4:rocvirtual.cpp           :965 : 4394545226882 us: [pid:72969 tid: 0x7fb57b849200] SWq=0x7fb57b834000, HWq=0x7fb563e00000, id=1, Dispatch Header = 0xb02 (type=2, barrier=1, acquire=1, release=1), setup=1, grid=[256, 1, 1], workgroup=[256, 1, 1], private_seg_size=0, group_seg_size=0, kernel_obj=0x7fb57b825d40, kernarg_address=0x7fb563c00100, completion_signal=0x0, correlation_id=0, rptr=0, wptr=0
:3:hip_memory.cpp           :3477: 4394545227367 us: [pid:72969 tid: 0x7fb57b849200] hipMemset: Returned hipSuccess : 
:3:hip_device_runtime.cpp   :641 : 4394545227376 us: [pid:72969 tid: 0x7fb57b849200] [32m hipDeviceSynchronize (  ) [0m
:4:commandqueue.cpp         :161 : 4394545227382 us: [pid:72969 tid: 0x7fb57b849200] Marker queued to ensure finish
:4:command.cpp              :359 : 4394545227387 us: [pid:72969 tid: 0x7fb57b849200] Command (InternalMarker) enqueued: 0x13aa8720
:3:rocvirtual.cpp           :533 : 4394545227405 us: [pid:72969 tid: 0x7fb57b849200] Set Handler: handle(0x7fb57b3fd600), timestamp(0x13ebf6c0)
:4:rocvirtual.cpp           :1147: 4394545227414 us: [pid:72969 tid: 0x7fb57b849200] SWq=0x7fb57b834000, HWq=0x7fb563e00000, id=1, BarrierAND Header = 0x1503 (type=3, barrier=1, acquire=2, release=2), dep_signal=[0x0, 0x0, 0x0, 0x0, 0x0], completion_signal=0x7fb57b3fd600
:3:rocvirtual.hpp           :56  : 4394545227425 us: [pid:72969 tid: 0x7fb57b849200] Host active wait for Signal = (0x7fb57b3fd600) for -1 ns
:4:commandqueue.cpp         :184 : 4394545227437 us: [pid:72969 tid: 0x7fb57b849200] All commands finished
:3:hip_device_runtime.cpp   :645 : 4394545227457 us: [pid:72969 tid: 0x7fb57b849200] hipDeviceSynchronize: Returned hipSuccess : 
:3:rocvirtual.cpp           :226 : 4394545227473 us: [pid:72969 tid: 0x7fb44a9ff6c0] Handler: value(0), timestamp(0x13c63320), handle(0x7fb57b3fd600)
:3:hip_platform.cpp         :237 : 4394545227477 us: [pid:72969 tid: 0x7fb57b849200] [32m __hipPushCallConfiguration ( {1,1,1}, {16,16,1}, 0, stream:<null> ) [0m
:3:hip_platform.cpp         :241 : 4394545227977 us: [pid:72969 tid: 0x7fb57b849200] __hipPushCallConfiguration: Returned hipSuccess : 
:4:command.cpp              :169 : 4394545227966 us: [pid:72969 tid: 0x7fb44a9ff6c0] Command 0x138b4a10 complete
:3:hip_platform.cpp         :246 : 4394545227990 us: [pid:72969 tid: 0x7fb57b849200] [32m __hipPopCallConfiguration ( {2248380488,32764,0}, {2245670994,32693,16}, 0x7ffc86038dc0, 0x7ffc86038db8 ) [0m
:3:hip_platform.cpp         :255 : 4394545228014 us: [pid:72969 tid: 0x7fb57b849200] __hipPopCallConfiguration: Returned hipSuccess : 
:4:command.cpp              :163 : 4394545227999 us: [pid:72969 tid: 0x7fb44a9ff6c0] Command 0x13aa8720 complete (Wall: 4394545227997, CPU: 0, GPU: 602 us)
:3:hip_module.cpp           :744 : 4394545228043 us: [pid:72969 tid: 0x7fb57b849200] [32m hipLaunchKernel ( 0x200d38, {1,1,1}, {16,16,1}, 0x7ffc86038d70, 0, stream:<null> ) [0m
:3:devprogram.cpp           :2658: 4394545228191 us: [pid:72969 tid: 0x7fb57b849200] Using Code Object V5.
:4:command.cpp              :359 : 4394545228978 us: [pid:72969 tid: 0x7fb57b849200] Command (KernelExecution) enqueued: 0x13e40380
:3:rocvirtual.cpp           :762 : 4394545229015 us: [pid:72969 tid: 0x7fb57b849200] Arg0:   = ptr:0x7fb568200000
:3:rocvirtual.cpp           :778 : 4394545229034 us: [pid:72969 tid: 0x7fb57b849200] Arg0:   = ptr:0x7fb568200000 obj:[0x7fb568200000-0x7fb5682000c0]
:3:rocvirtual.cpp           :853 : 4394545229042 us: [pid:72969 tid: 0x7fb57b849200] Arg1:   = val:8
:3:rocvirtual.cpp           :853 : 4394545229047 us: [pid:72969 tid: 0x7fb57b849200] Arg2:   = val:4
:3:rocvirtual.cpp           :853 : 4394545229051 us: [pid:72969 tid: 0x7fb57b849200] Arg3:   = val:1176666112
:3:rocvirtual.cpp           :853 : 4394545229056 us: [pid:72969 tid: 0x7fb57b849200] Arg4:   = val:1176256512
:3:rocvirtual.cpp           :3236: 4394545229067 us: [pid:72969 tid: 0x7fb57b849200] ShaderName : color(unsigned char*, int, int, float, float)
:4:rocdevice.cpp            :2210: 4394547118278 us: [pid:72969 tid: 0x7fb57b849200] Allocate hsa host memory 0x7fb562800000, size 0xd13838, numa_node = 0
:3:rocdevice.cpp            :3322: 4394547118694 us: [pid:72969 tid: 0x7fb57b849200] Created hostcall buffer 0x7fb562800000 for hardware queue 0x7fb563e00000
:4:rocsignal.cpp            :38  : 4394547121201 us: [pid:72969 tid: 0x7fb57b849200] Initialize Hostcall signal=0x7fb57b3fd380
:3:devhostcall.cpp          :428 : 4394547122350 us: [pid:72969 tid: 0x7fb57b849200] Launched hostcall listener at 0x13e0acd0
:3:devhostcall.cpp          :441 : 4394547122359 us: [pid:72969 tid: 0x7fb57b849200] Registered hostcall buffer 0x7fb562800000 with listener 0x13e0acd0
:4:rocdevice.cpp            :2371: 4394547122377 us: [pid:72969 tid: 0x7fb57b849200] Allocate hsa device memory 0x7fb568201000, size 0x20000, hsa_mem_flags 0x0h
:4:rocdevice.cpp            :2371: 4394547122442 us: [pid:72969 tid: 0x7fb57b849200] Allocate hsa device memory 0x7fb561e00000, size 0x800000, hsa_mem_flags 0x0h
:3:rocvirtual.cpp           :853 : 4394547122456 us: [pid:72969 tid: 0x7fb57b849200] Arg0: ulong heap_to_initialize = val:140417112739840
:3:rocvirtual.cpp           :853 : 4394547124409 us: [pid:72969 tid: 0x7fb57b849200] Arg1: ulong initial_blocks = val:140417007878144
:3:rocvirtual.cpp           :853 : 4394547124417 us: [pid:72969 tid: 0x7fb57b849200] Arg2: uint heap_size = val:131072
:3:rocvirtual.cpp           :853 : 4394547124422 us: [pid:72969 tid: 0x7fb57b849200] Arg3: uint number_of_initial_blocks = val:4
:3:rocvirtual.cpp           :3236: 4394547124432 us: [pid:72969 tid: 0x7fb57b849200] ShaderName : __amd_rocclr_initHeap
:3:rocvirtual.cpp           :3449: 4394547124437 us: [pid:72969 tid: 0x7fb57b849200] KernargSegmentByteSize = 24 KernargSegmentAlignment = 128
:4:rocvirtual.cpp           :965 : 4394547124449 us: [pid:72969 tid: 0x7fb57b849200] SWq=0x7fb57b834000, HWq=0x7fb563e00000, id=1, Dispatch Header = 0xb02 (type=2, barrier=1, acquire=1, release=1), setup=1, grid=[256, 1, 1], workgroup=[256, 1, 1], private_seg_size=0, group_seg_size=0, kernel_obj=0x7fb57b8260c0, kernarg_address=0x7fb563c00280, completion_signal=0x0, correlation_id=0, rptr=2, wptr=2
:4:rocvirtual.cpp           :1147: 4394547124465 us: [pid:72969 tid: 0x7fb57b849200] SWq=0x7fb57b834000, HWq=0x7fb563e00000, id=1, BarrierAND Header = 0x1503 (type=3, barrier=1, acquire=2, release=2), dep_signal=[0x0, 0x0, 0x0, 0x0, 0x0], completion_signal=0x7fb57b3ff700
:4:rocvirtual.cpp           :622 : 4394547124476 us: [pid:72969 tid: 0x7fb57b849200] Host wait on completion_signal=0x7fb57b3ff700
:3:rocvirtual.hpp           :56  : 4394547124484 us: [pid:72969 tid: 0x7fb57b849200] Host active wait for Signal = (0x7fb57b3ff700) for -1 ns
:3:rocvirtual.cpp           :3449: 4394547124493 us: [pid:72969 tid: 0x7fb57b849200] KernargSegmentByteSize = 280 KernargSegmentAlignment = 128
:4:rocvirtual.cpp           :965 : 4394547124503 us: [pid:72969 tid: 0x7fb57b849200] SWq=0x7fb57b834000, HWq=0x7fb563e00000, id=1, Dispatch Header = 0xb02 (type=2, barrier=1, acquire=1, release=1), setup=3, grid=[16, 16, 1], workgroup=[16, 16, 1], private_seg_size=1024, group_seg_size=0, kernel_obj=0x7fb57b810a80, kernarg_address=0x7fb563c00000, completion_signal=0x0, correlation_id=0, rptr=4, wptr=4
:3:hip_module.cpp           :745 : 4394547124520 us: [pid:72969 tid: 0x7fb57b849200] hipLaunchKernel: Returned hipSuccess : : duration: 1896477 us
:3:hip_device_runtime.cpp   :641 : 4394547125022 us: [pid:72969 tid: 0x7fb57b849200] [32m hipDeviceSynchronize (  ) [0m
:4:commandqueue.cpp         :161 : 4394547125029 us: [pid:72969 tid: 0x7fb57b849200] Marker queued to ensure finish
:4:command.cpp              :359 : 4394547125034 us: [pid:72969 tid: 0x7fb57b849200] Command (InternalMarker) enqueued: 0x13aa8720
:3:rocvirtual.cpp           :533 : 4394547125047 us: [pid:72969 tid: 0x7fb57b849200] Set Handler: handle(0x7fb57b3fd680), timestamp(0x13b9a1c0)
:4:rocvirtual.cpp           :1147: 4394547125056 us: [pid:72969 tid: 0x7fb57b849200] SWq=0x7fb57b834000, HWq=0x7fb563e00000, id=1, BarrierAND Header = 0x1503 (type=3, barrier=1, acquire=2, release=2), dep_signal=[0x0, 0x0, 0x0, 0x0, 0x0], completion_signal=0x7fb57b3fd680
:4:commandqueue.cpp         :184 : 4394547125067 us: [pid:72969 tid: 0x7fb57b849200] All commands finished
:3:hip_device_runtime.cpp   :645 : 4394547125074 us: [pid:72969 tid: 0x7fb57b849200] hipDeviceSynchronize: Returned hipSuccess : 
:3:hip_memory.cpp           :795 : 4394547125097 us: [pid:72969 tid: 0x7fb57b849200] [32m hipMemcpy ( 0x13688c40, 0x7fb568200000, 192, hipMemcpyDeviceToHost ) [0m
:3:rocvirtual.cpp           :226 : 4394547125108 us: [pid:72969 tid: 0x7fb44a9ff6c0] Handler: value(0), timestamp(0x13eab4a0), handle(0x7fb57b3fd680)
:4:command.cpp              :359 : 4394547125112 us: [pid:72969 tid: 0x7fb57b849200] Command (CopyDeviceToHost) enqueued: 0x13fd7ff0
:4:command.cpp              :169 : 4394547125135 us: [pid:72969 tid: 0x7fb44a9ff6c0] Command 0x13e40380 complete
:4:command.cpp              :163 : 4394547125782 us: [pid:72969 tid: 0x7fb44a9ff6c0] Command 0x13aa8720 complete (Wall: 4394547125780, CPU: 0, GPU: 738 us)
:4:rocblit.cpp              :1673: 4394547125767 us: [pid:72969 tid: 0x7fb57b849200] Unpinned read path, Async = 0
:4:rocblit.cpp              :1702: 4394547125809 us: [pid:72969 tid: 0x7fb57b849200] Blit staging D2H copy stg buf=0x7fb568c00000, src=0x7fb568200000, dstOrigin=0x0, size=192
:3:rocvirtual.cpp           :762 : 4394547125818 us: [pid:72969 tid: 0x7fb57b849200] Arg0: uchar* src = ptr:0x7fb568200000
:3:rocvirtual.cpp           :762 : 4394547125823 us: [pid:72969 tid: 0x7fb57b849200] Arg1: uchar* dst = ptr:0x7fb568c00000
:3:rocvirtual.cpp           :853 : 4394547125828 us: [pid:72969 tid: 0x7fb57b849200] Arg2: ulong size = val:192
:3:rocvirtual.cpp           :853 : 4394547125832 us: [pid:72969 tid: 0x7fb57b849200] Arg3: uint remainder = val:0
:3:rocvirtual.cpp           :853 : 4394547125837 us: [pid:72969 tid: 0x7fb57b849200] Arg4: uint aligned_size = val:16
:3:rocvirtual.cpp           :853 : 4394547125841 us: [pid:72969 tid: 0x7fb57b849200] Arg5: ulong end_ptr = val:140417123221696
:3:rocvirtual.cpp           :853 : 4394547125846 us: [pid:72969 tid: 0x7fb57b849200] Arg6: uint next_chunk = val:512
:3:rocvirtual.cpp           :3236: 4394547125851 us: [pid:72969 tid: 0x7fb57b849200] ShaderName : __amd_rocclr_copyBuffer
:3:rocvirtual.cpp           :3449: 4394547125856 us: [pid:72969 tid: 0x7fb57b849200] KernargSegmentByteSize = 304 KernargSegmentAlignment = 128
:4:rocvirtual.cpp           :965 : 4394547125866 us: [pid:72969 tid: 0x7fb57b849200] SWq=0x7fb57b834000, HWq=0x7fb563e00000, id=1, Dispatch Header = 0x1502 (type=2, barrier=1, acquire=2, release=2), setup=1, grid=[512, 1, 1], workgroup=[512, 1, 1], private_seg_size=0, group_seg_size=0, kernel_obj=0x7fb57b825dc0, kernarg_address=0x7fb563c00180, completion_signal=0x7fb57b3ff600, correlation_id=0, rptr=6, wptr=6
:4:rocvirtual.cpp           :622 : 4394547126764 us: [pid:72969 tid: 0x7fb57b849200] Host wait on completion_signal=0x7fb57b3ff600
:3:rocvirtual.hpp           :56  : 4394547126772 us: [pid:72969 tid: 0x7fb57b849200] Host active wait for Signal = (0x7fb57b3ff600) for -1 ns
:4:rocblit.cpp              :1716: 4394547126780 us: [pid:72969 tid: 0x7fb57b849200] memcpy host dst=0x13688c40, stg buf=0x7fb568c00000, size=192
:4:commandqueue.cpp         :161 : 4394547126789 us: [pid:72969 tid: 0x7fb57b849200] Marker queued to ensure finish
:4:command.cpp              :359 : 4394547126798 us: [pid:72969 tid: 0x7fb57b849200] Command (InternalMarker) enqueued: 0x13ae54f0
:3:rocvirtual.cpp           :533 : 4394547126810 us: [pid:72969 tid: 0x7fb57b849200] Set Handler: handle(0x7fb57b3fd700), timestamp(0x13b9a0b0)
:4:rocvirtual.cpp           :1147: 4394547126819 us: [pid:72969 tid: 0x7fb57b849200] SWq=0x7fb57b834000, HWq=0x7fb563e00000, id=1, BarrierAND Header = 0x1503 (type=3, barrier=1, acquire=2, release=2), dep_signal=[0x0, 0x0, 0x0, 0x0, 0x0], completion_signal=0x7fb57b3fd700
:4:commandqueue.cpp         :184 : 4394547126829 us: [pid:72969 tid: 0x7fb57b849200] All commands finished
:3:hip_memory.cpp           :796 : 4394547126834 us: [pid:72969 tid: 0x7fb57b849200] hipMemcpy: Returned hipSuccess : : duration: 1737 us
:3:rocvirtual.cpp           :226 : 4394547126843 us: [pid:72969 tid: 0x7fb44a9ff6c0] Handler: value(0), timestamp(0x13eab430), handle(0x7fb57b3fd700)
:4:command.cpp              :169 : 4394547126853 us: [pid:72969 tid: 0x7fb44a9ff6c0] Command 0x13fd7ff0 complete
:4:command.cpp              :163 : 4394547126859 us: [pid:72969 tid: 0x7fb44a9ff6c0] Command 0x13ae54f0 complete (Wall: 4394547126857, CPU: 0, GPU: 52 us)
:3:hip_memory.cpp           :772 : 4394547126881 us: [pid:72969 tid: 0x7fb57b849200] [32m hipFree ( 0x7fb568200000 ) [0m
:4:commandqueue.cpp         :167 : 4394547128903 us: [pid:72969 tid: 0x7fb57b849200] HW Event not ready, awaiting completion instead
:4:commandqueue.cpp         :184 : 4394547128915 us: [pid:72969 tid: 0x7fb57b849200] All commands finished
:4:rocdevice.cpp            :2388: 4394547128929 us: [pid:72969 tid: 0x7fb57b849200] Free hsa memory 0x7fb568200000
:3:rocdevice.cpp            :2411: 4394547128936 us: [pid:72969 tid: 0x7fb57b849200] Device=0x13784fb0, freeMem_ = 0xfff000000
:3:hip_memory.cpp           :774 : 4394547128943 us: [pid:72969 tid: 0x7fb57b849200] hipFree: Returned hipSuccess : 
:4:rocdevice.cpp            :2388: 4394547132023 us: [pid:72969 tid: 0x7fb57b849200] Free hsa memory (nil)
:3:rocdevice.cpp            :3254: 4394547132035 us: [pid:72969 tid: 0x7fb57b849200] releaseQueue refCount:0x7fb563e00000 (0)
:4:rocdevice.cpp            :2388: 4394547132161 us: [pid:72969 tid: 0x7fb57b849200] Free hsa memory 0x7fb563c00000
:4:rocdevice.cpp            :2388: 4394547133178 us: [pid:72969 tid: 0x7fb57b849200] Free hsa memory 0x7fb563600000
:4:rocdevice.cpp            :2388: 4394547135290 us: [pid:72969 tid: 0x7fb57b849200] Free hsa memory 0x7fb568600000
:4:rocdevice.cpp            :2388: 4394547135691 us: [pid:72969 tid: 0x7fb57b849200] Free hsa memory 0x7fb585a8a000
:3:rocdevice.cpp            :278 : 4394547135699 us: [pid:72969 tid: 0x7fb57b849200] Deleting hostcall buffer 0x7fb562800000 for hardware queue 0x7fb563e00000
:3:devhostcall.cpp          :460 : 4394547135721 us: [pid:72969 tid: 0x7fb57b849200] Terminated hostcall listener
:4:rocdevice.cpp            :2388: 4394547136880 us: [pid:72969 tid: 0x7fb57b849200] Free hsa memory 0x7fb562800000
:3:rocdevice.cpp            :283 : 4394547136892 us: [pid:72969 tid: 0x7fb57b849200] Deleting hardware queue 0x7fb563e00000 with refCount 0
:4:rocdevice.cpp            :2388: 4394547141197 us: [pid:72969 tid: 0x7fb57b849200] Free hsa memory 0x7fb568c00000
:4:rocdevice.cpp            :2388: 4394547141419 us: [pid:72969 tid: 0x7fb57b849200] Free hsa memory 0x7fb568201000
:4:rocdevice.cpp            :2388: 4394547142057 us: [pid:72969 tid: 0x7fb57b849200] Free hsa memory 0x7fb561e00000
