Number of rows in the embedding table: 10000
Batch size: 8

Embedding dimension: 768
block size: 128
Average execution time of dense embedding kernel (k1): 3021.001221 (us)
Average execution time of dense embedding kernel (k2): 106.042007 (us)
Average execution time of dense embedding kernel (k3): 203.238007 (us)
PASS
block size: 256
Average execution time of dense embedding kernel (k1): 64.943001 (us)
Average execution time of dense embedding kernel (k2): 60.725002 (us)
Average execution time of dense embedding kernel (k3): 116.622009 (us)
PASS
block size: 512
Average execution time of dense embedding kernel (k1): 60.756004 (us)
Average execution time of dense embedding kernel (k2): 51.828003 (us)
Average execution time of dense embedding kernel (k3): 83.520004 (us)
PASS
block size: 1024
Average execution time of dense embedding kernel (k1): 47.049004 (us)
Average execution time of dense embedding kernel (k2): 41.639004 (us)
Average execution time of dense embedding kernel (k3): 57.400002 (us)
PASS

Embedding dimension: 2048
block size: 128
Average execution time of dense embedding kernel (k1): 237.382004 (us)
Average execution time of dense embedding kernel (k2): 220.440018 (us)
Average execution time of dense embedding kernel (k3): 485.596008 (us)
PASS
block size: 256
Average execution time of dense embedding kernel (k1): 155.096008 (us)
Average execution time of dense embedding kernel (k2): 125.960007 (us)
Average execution time of dense embedding kernel (k3): 290.233002 (us)
PASS
block size: 512
Average execution time of dense embedding kernel (k1): 101.143005 (us)
Average execution time of dense embedding kernel (k2): 86.845001 (us)
Average execution time of dense embedding kernel (k3): 172.288010 (us)
PASS
block size: 1024
Average execution time of dense embedding kernel (k1): 78.509003 (us)
Average execution time of dense embedding kernel (k2): 64.883003 (us)
Average execution time of dense embedding kernel (k3): 121.642006 (us)
PASS

Embedding dimension: 12288
block size: 128
Average execution time of dense embedding kernel (k1): 1264.652100 (us)
Average execution time of dense embedding kernel (k2): 1210.048096 (us)
Average execution time of dense embedding kernel (k3): 2797.786133 (us)
PASS
block size: 256
Average execution time of dense embedding kernel (k1): 700.646057 (us)
Average execution time of dense embedding kernel (k2): 612.018005 (us)
Average execution time of dense embedding kernel (k3): 1613.287109 (us)
PASS
block size: 512
Average execution time of dense embedding kernel (k1): 467.702026 (us)
Average execution time of dense embedding kernel (k2): 418.358032 (us)
Average execution time of dense embedding kernel (k3): 939.010071 (us)
PASS
block size: 1024
Average execution time of dense embedding kernel (k1): 313.628021 (us)
Average execution time of dense embedding kernel (k2): 274.002014 (us)
Average execution time of dense embedding kernel (k3): 619.211060 (us)
PASS
dense-embedding snapshot written to /tmp/bitir_failure_audit_plugin_dense-embedding_site362_bit0_trial2/dense-embedding_site362_bit0_trial2.bin
compare_ok
