-- The C compiler identification is GNU 12.3.0
-- The CXX compiler identification is GNU 12.3.0
-- Cray Programming Environment 2.7.35 C
-- Detecting C compiler ABI info
-- Detecting C compiler ABI info - done
-- Check for working C compiler: /opt/cray/pe/craype/2.7.35/bin/cc - skipped
-- Detecting C compile features
-- Detecting C compile features - done
-- Cray Programming Environment 2.7.35 CXX
-- Detecting CXX compiler ABI info
-- Detecting CXX compiler ABI info - done
-- Check for working CXX compiler: /opt/cray/pe/craype/2.7.35/bin/CC - skipped
-- Detecting CXX compile features
-- Detecting CXX compile features - done
-- The CUDA compiler identification is NVIDIA 11.8.89
-- Detecting CUDA compiler ABI info
-- Detecting CUDA compiler ABI info - done
-- Check for working CUDA compiler: /soft/compilers/cudatoolkit/cuda-11.8.0/bin/nvcc - skipped
-- Detecting CUDA compile features
-- Detecting CUDA compile features - done
-- Found CUDAToolkit: /soft/compilers/cudatoolkit/cuda-11.8.0/targets/x86_64-linux/include (found version "11.8.89")
-- Performing Test CMAKE_HAVE_LIBC_PTHREAD
-- Performing Test CMAKE_HAVE_LIBC_PTHREAD - Success
-- Found Threads: TRUE
-- CUDA enabled - Architecture: 80
-- Found Python3: /usr/bin/python3.12 (found version "3.12.13") found components: Interpreter
-- CTest enabled - use 'ctest' to run benchmarks
-- Python3 for tests: /usr/bin/python3.12
-- Registered benchmark: matrix-rotate-cuda
-- Skipping matrix-rotate-hip (model not enabled)
-- Skipping matrix-rotate-sycl (model not enabled)
-- Skipping matrix-rotate-omp (model not enabled)
-- Created category target: category-algorithms (1 benchmarks)
-- 
-- === Benchmark Registration Summary ===
-- Total benchmarks registered: 1
--   algorithms: 1
-- ======================================
-- 
-- 
-- === HeCBench Build Configuration ===
-- CUDA:    ON
--   Architecture: 80
-- HIP:     OFF
-- SYCL:    OFF
-- OpenMP:  OFF
-- Testing: ON
-- FI-GPU: OFF
-- ====================================
-- 
-- Configuring done (11.7s)
-- Generating done (1.1s)
-- Build files have been written to: /var/tmp/pbs.7277639.polaris-pbs-01.hsn.cm.polaris.alcf.anl.gov/nvidia_divergence_golden_7277639.polaris-pbs-01.hsn.cm.polaris.alcf.anl.gov_matrix-rotate
[ 33%] Building CUDA object src/matrix-rotate-cuda/CMakeFiles/matrix-rotate-cuda.dir/main.cu.o
[ 66%] Linking CUDA device code CMakeFiles/matrix-rotate-cuda.dir/cmake_device_link.o
[100%] Linking CUDA executable ../../bin/cuda/matrix-rotate
[100%] Built target matrix-rotate-cuda
