[pbs] start 2026-07-21T19:14:51Z
[pbs] host x4219c2s3b0n0
[pbs] repo_root=/home/mdunlavy/GPU_FI
[pbs] results_dir=/home/mdunlavy/GPU_FI/HeCBench/results/intel_divergence_full_debug_20260721T185946Z
[pbs] job_id=8682238.aurora-pbs-0001.hostmgmt.cm.aurora.alcf.anl.gov
[campaign] start 2026-07-21T19:14:51Z
[campaign] results_dir=/home/mdunlavy/GPU_FI/HeCBench/results/intel_divergence_full_debug_20260721T185946Z
[campaign] building injection plugin
Execution plan
total_rows=64
total_benches=4
max_benches=0
max_rows_per_bench=0
select_benches=<all>

colorwheel: rows=24 baseline_site=81 baseline_bit=3 source_dir=HeCBench/src/colorwheel-sycl
randomAccess: rows=24 baseline_site=59 baseline_bit=0 source_dir=HeCBench/src/randomAccess-sycl
pathfinder: rows=12 baseline_site=153 baseline_bit=3 source_dir=HeCBench/src/pathfinder-sycl
entropy: rows=4 baseline_site=226 baseline_bit=17 source_dir=HeCBench/src/entropy-sycl
Using existing /home/mdunlavy/GPU_FI/HeCBench/tools/llvm17_inject/libfi_inject.so
[campaign] configuring HeCBench Intel build
[campaign] benches colorwheel,randomAccess,pathfinder,entropy
-- SYCL compiler type: Intel DPC++
--   CUDA backend: supported
--   HIP backend: supported
-- SYCL enabled - Compiler: /opt/aurora/25.190.0/oneapi/compiler/latest/bin/icpx
-- CTest enabled - use 'ctest' to run benchmarks
-- Python3 for tests: /usr/bin/python3.10
-- Registered benchmark: pathfinder-sycl
-- Registered benchmark: randomAccess-sycl
-- Registered benchmark: entropy-sycl
-- Registered benchmark: colorwheel-sycl
-- Created category target: category-algorithms (4 benchmarks)
-- 
-- === Benchmark Registration Summary ===
-- Total benchmarks registered: 4
--   algorithms: 4
-- ======================================
-- 
-- 
-- === HeCBench Build Configuration ===
-- CUDA:    OFF
-- HIP:     OFF
-- SYCL:    ON
-- OpenMP:  OFF
-- Testing: ON
-- FI-GPU: OFF
-- ====================================
-- 
-- Configuring done (18.7s)
-- Generating done (98.5s)
-- Build files have been written to: /home/mdunlavy/GPU_FI/HeCBench/build/sycl-intel-golden
[ 50%] Linking CXX executable ../../bin/sycl/colorwheel
[100%] Built target colorwheel-sycl
[ 50%] Linking CXX executable ../../bin/sycl/randomAccess
[100%] Built target randomAccess-sycl
[ 50%] Linking CXX executable ../../bin/sycl/pathfinder
[100%] Built target pathfinder-sycl
[ 50%] Linking CXX executable ../../bin/sycl/entropy
[100%] Built target entropy-sycl
[benchmark:colorwheel] reusing existing golden /home/mdunlavy/GPU_FI/Aurora_Sycl_Golden_Outputs/colorwheel.bin
[benchmark:colorwheel] baseline site=81 bit=3
warning: overriding the module target triple with spir64-unknown-unknown [-Woverride-module]
1 warning generated.
Result: BASELINE (exit 0)
[benchmark:colorwheel] injection worklist_id=1 site=81 bit=3
/opt/aurora/25.190.0/spack/unified/0.10.1/install/linux-sles15-x86_64/gcc-13.3.0/llvm-develop-git.5708851-4ulhk4d/bin/opt: WARNING: failed to create target machine for 'spir64-unknown-unknown': unable to get target for 'spir64-unknown-unknown', see --version and --triple.
warning: overriding the module target triple with spir64-unknown-unknown [-Woverride-module]
1 warning generated.
Result: SDC (exit 0)
[benchmark:colorwheel] injection worklist_id=2 site=81 bit=7
/opt/aurora/25.190.0/spack/unified/0.10.1/install/linux-sles15-x86_64/gcc-13.3.0/llvm-develop-git.5708851-4ulhk4d/bin/opt: WARNING: failed to create target machine for 'spir64-unknown-unknown': unable to get target for 'spir64-unknown-unknown', see --version and --triple.
warning: overriding the module target triple with spir64-unknown-unknown [-Woverride-module]
1 warning generated.
Result: SDC (exit 0)
[benchmark:colorwheel] injection worklist_id=3 site=83 bit=3
/opt/aurora/25.190.0/spack/unified/0.10.1/install/linux-sles15-x86_64/gcc-13.3.0/llvm-develop-git.5708851-4ulhk4d/bin/opt: WARNING: failed to create target machine for 'spir64-unknown-unknown': unable to get target for 'spir64-unknown-unknown', see --version and --triple.
warning: overriding the module target triple with spir64-unknown-unknown [-Woverride-module]
1 warning generated.
Result: SDC (exit 0)
[benchmark:colorwheel] injection worklist_id=4 site=83 bit=7
/opt/aurora/25.190.0/spack/unified/0.10.1/install/linux-sles15-x86_64/gcc-13.3.0/llvm-develop-git.5708851-4ulhk4d/bin/opt: WARNING: failed to create target machine for 'spir64-unknown-unknown': unable to get target for 'spir64-unknown-unknown', see --version and --triple.
warning: overriding the module target triple with spir64-unknown-unknown [-Woverride-module]
1 warning generated.
Result: SDC (exit 0)
[benchmark:colorwheel] injection worklist_id=5 site=75 bit=2
/opt/aurora/25.190.0/spack/unified/0.10.1/install/linux-sles15-x86_64/gcc-13.3.0/llvm-develop-git.5708851-4ulhk4d/bin/opt: WARNING: failed to create target machine for 'spir64-unknown-unknown': unable to get target for 'spir64-unknown-unknown', see --version and --triple.
warning: overriding the module target triple with spir64-unknown-unknown [-Woverride-module]
1 warning generated.
Result: SDC (exit 0)
[benchmark:colorwheel] injection worklist_id=6 site=75 bit=6
/opt/aurora/25.190.0/spack/unified/0.10.1/install/linux-sles15-x86_64/gcc-13.3.0/llvm-develop-git.5708851-4ulhk4d/bin/opt: WARNING: failed to create target machine for 'spir64-unknown-unknown': unable to get target for 'spir64-unknown-unknown', see --version and --triple.
warning: overriding the module target triple with spir64-unknown-unknown [-Woverride-module]
1 warning generated.
Result: SDC (exit 0)
[benchmark:colorwheel] injection worklist_id=7 site=74 bit=3
/opt/aurora/25.190.0/spack/unified/0.10.1/install/linux-sles15-x86_64/gcc-13.3.0/llvm-develop-git.5708851-4ulhk4d/bin/opt: WARNING: failed to create target machine for 'spir64-unknown-unknown': unable to get target for 'spir64-unknown-unknown', see --version and --triple.
warning: overriding the module target triple with spir64-unknown-unknown [-Woverride-module]
1 warning generated.
Result: SDC (exit 0)
[benchmark:colorwheel] injection worklist_id=8 site=74 bit=7
/opt/aurora/25.190.0/spack/unified/0.10.1/install/linux-sles15-x86_64/gcc-13.3.0/llvm-develop-git.5708851-4ulhk4d/bin/opt: WARNING: failed to create target machine for 'spir64-unknown-unknown': unable to get target for 'spir64-unknown-unknown', see --version and --triple.
warning: overriding the module target triple with spir64-unknown-unknown [-Woverride-module]
1 warning generated.
Result: SDC (exit 0)
[benchmark:colorwheel] injection worklist_id=9 site=76 bit=2
/opt/aurora/25.190.0/spack/unified/0.10.1/install/linux-sles15-x86_64/gcc-13.3.0/llvm-develop-git.5708851-4ulhk4d/bin/opt: WARNING: failed to create target machine for 'spir64-unknown-unknown': unable to get target for 'spir64-unknown-unknown', see --version and --triple.
warning: overriding the module target triple with spir64-unknown-unknown [-Woverride-module]
1 warning generated.
Result: SDC (exit 0)
[benchmark:colorwheel] injection worklist_id=10 site=76 bit=6
/opt/aurora/25.190.0/spack/unified/0.10.1/install/linux-sles15-x86_64/gcc-13.3.0/llvm-develop-git.5708851-4ulhk4d/bin/opt: WARNING: failed to create target machine for 'spir64-unknown-unknown': unable to get target for 'spir64-unknown-unknown', see --version and --triple.
warning: overriding the module target triple with spir64-unknown-unknown [-Woverride-module]
1 warning generated.
Result: SDC (exit 0)
[benchmark:colorwheel] injection worklist_id=11 site=80 bit=3
/opt/aurora/25.190.0/spack/unified/0.10.1/install/linux-sles15-x86_64/gcc-13.3.0/llvm-develop-git.5708851-4ulhk4d/bin/opt: WARNING: failed to create target machine for 'spir64-unknown-unknown': unable to get target for 'spir64-unknown-unknown', see --version and --triple.
warning: overriding the module target triple with spir64-unknown-unknown [-Woverride-module]
1 warning generated.
Result: SDC (exit 0)
[benchmark:colorwheel] injection worklist_id=12 site=80 bit=7
/opt/aurora/25.190.0/spack/unified/0.10.1/install/linux-sles15-x86_64/gcc-13.3.0/llvm-develop-git.5708851-4ulhk4d/bin/opt: WARNING: failed to create target machine for 'spir64-unknown-unknown': unable to get target for 'spir64-unknown-unknown', see --version and --triple.
warning: overriding the module target triple with spir64-unknown-unknown [-Woverride-module]
1 warning generated.
Result: SDC (exit 0)
[benchmark:colorwheel] injection worklist_id=13 site=82 bit=3
/opt/aurora/25.190.0/spack/unified/0.10.1/install/linux-sles15-x86_64/gcc-13.3.0/llvm-develop-git.5708851-4ulhk4d/bin/opt: WARNING: failed to create target machine for 'spir64-unknown-unknown': unable to get target for 'spir64-unknown-unknown', see --version and --triple.
warning: overriding the module target triple with spir64-unknown-unknown [-Woverride-module]
1 warning generated.
Result: SDC (exit 0)
[benchmark:colorwheel] injection worklist_id=14 site=82 bit=7
/opt/aurora/25.190.0/spack/unified/0.10.1/install/linux-sles15-x86_64/gcc-13.3.0/llvm-develop-git.5708851-4ulhk4d/bin/opt: WARNING: failed to create target machine for 'spir64-unknown-unknown': unable to get target for 'spir64-unknown-unknown', see --version and --triple.
warning: overriding the module target triple with spir64-unknown-unknown [-Woverride-module]
1 warning generated.
Result: SDC (exit 0)
[benchmark:colorwheel] injection worklist_id=15 site=77 bit=2
/opt/aurora/25.190.0/spack/unified/0.10.1/install/linux-sles15-x86_64/gcc-13.3.0/llvm-develop-git.5708851-4ulhk4d/bin/opt: WARNING: failed to create target machine for 'spir64-unknown-unknown': unable to get target for 'spir64-unknown-unknown', see --version and --triple.
warning: overriding the module target triple with spir64-unknown-unknown [-Woverride-module]
1 warning generated.
Result: MASKED (exit 0)
[benchmark:colorwheel] injection worklist_id=16 site=77 bit=6
/opt/aurora/25.190.0/spack/unified/0.10.1/install/linux-sles15-x86_64/gcc-13.3.0/llvm-develop-git.5708851-4ulhk4d/bin/opt: WARNING: failed to create target machine for 'spir64-unknown-unknown': unable to get target for 'spir64-unknown-unknown', see --version and --triple.
warning: overriding the module target triple with spir64-unknown-unknown [-Woverride-module]
1 warning generated.
Result: SDC (exit 0)
[benchmark:colorwheel] injection worklist_id=17 site=78 bit=0
/opt/aurora/25.190.0/spack/unified/0.10.1/install/linux-sles15-x86_64/gcc-13.3.0/llvm-develop-git.5708851-4ulhk4d/bin/opt: WARNING: failed to create target machine for 'spir64-unknown-unknown': unable to get target for 'spir64-unknown-unknown', see --version and --triple.
warning: overriding the module target triple with spir64-unknown-unknown [-Woverride-module]
1 warning generated.
Result: MASKED (exit 0)
[benchmark:colorwheel] injection worklist_id=18 site=78 bit=4
/opt/aurora/25.190.0/spack/unified/0.10.1/install/linux-sles15-x86_64/gcc-13.3.0/llvm-develop-git.5708851-4ulhk4d/bin/opt: WARNING: failed to create target machine for 'spir64-unknown-unknown': unable to get target for 'spir64-unknown-unknown', see --version and --triple.
warning: overriding the module target triple with spir64-unknown-unknown [-Woverride-module]
1 warning generated.
Result: SDC (exit 0)
[benchmark:colorwheel] injection worklist_id=19 site=79 bit=0
/opt/aurora/25.190.0/spack/unified/0.10.1/install/linux-sles15-x86_64/gcc-13.3.0/llvm-develop-git.5708851-4ulhk4d/bin/opt: WARNING: failed to create target machine for 'spir64-unknown-unknown': unable to get target for 'spir64-unknown-unknown', see --version and --triple.
warning: overriding the module target triple with spir64-unknown-unknown [-Woverride-module]
1 warning generated.
Result: MASKED (exit 0)
[benchmark:colorwheel] injection worklist_id=20 site=79 bit=4
/opt/aurora/25.190.0/spack/unified/0.10.1/install/linux-sles15-x86_64/gcc-13.3.0/llvm-develop-git.5708851-4ulhk4d/bin/opt: WARNING: failed to create target machine for 'spir64-unknown-unknown': unable to get target for 'spir64-unknown-unknown', see --version and --triple.
warning: overriding the module target triple with spir64-unknown-unknown [-Woverride-module]
1 warning generated.
Result: SDC (exit 0)
[benchmark:colorwheel] injection worklist_id=21 site=146 bit=2
/opt/aurora/25.190.0/spack/unified/0.10.1/install/linux-sles15-x86_64/gcc-13.3.0/llvm-develop-git.5708851-4ulhk4d/bin/opt: WARNING: failed to create target machine for 'spir64-unknown-unknown': unable to get target for 'spir64-unknown-unknown', see --version and --triple.
warning: overriding the module target triple with spir64-unknown-unknown [-Woverride-module]
1 warning generated.
Result: SDC (exit 0)
[benchmark:colorwheel] injection worklist_id=22 site=146 bit=6
/opt/aurora/25.190.0/spack/unified/0.10.1/install/linux-sles15-x86_64/gcc-13.3.0/llvm-develop-git.5708851-4ulhk4d/bin/opt: WARNING: failed to create target machine for 'spir64-unknown-unknown': unable to get target for 'spir64-unknown-unknown', see --version and --triple.
warning: overriding the module target triple with spir64-unknown-unknown [-Woverride-module]
1 warning generated.
Result: SDC (exit 0)
[benchmark:colorwheel] injection worklist_id=23 site=147 bit=7
/opt/aurora/25.190.0/spack/unified/0.10.1/install/linux-sles15-x86_64/gcc-13.3.0/llvm-develop-git.5708851-4ulhk4d/bin/opt: WARNING: failed to create target machine for 'spir64-unknown-unknown': unable to get target for 'spir64-unknown-unknown', see --version and --triple.
warning: overriding the module target triple with spir64-unknown-unknown [-Woverride-module]
1 warning generated.
Result: MASKED (exit 0)
[benchmark:colorwheel] injection worklist_id=24 site=210 bit=1
/opt/aurora/25.190.0/spack/unified/0.10.1/install/linux-sles15-x86_64/gcc-13.3.0/llvm-develop-git.5708851-4ulhk4d/bin/opt: WARNING: failed to create target machine for 'spir64-unknown-unknown': unable to get target for 'spir64-unknown-unknown', see --version and --triple.
warning: overriding the module target triple with spir64-unknown-unknown [-Woverride-module]
1 warning generated.
Result: SDC (exit 0)
[benchmark:randomAccess] reusing existing golden /home/mdunlavy/GPU_FI/Aurora_Sycl_Golden_Outputs/randomAccess.bin
[benchmark:randomAccess] baseline site=59 bit=0
warning: overriding the module target triple with spir64-unknown-unknown [-Woverride-module]
1 warning generated.
warning: overriding the module target triple with spir64-unknown-unknown [-Woverride-module]
1 warning generated.
Result: BASELINE (exit 0)
[benchmark:randomAccess] injection worklist_id=25 site=59 bit=0
/opt/aurora/25.190.0/spack/unified/0.10.1/install/linux-sles15-x86_64/gcc-13.3.0/llvm-develop-git.5708851-4ulhk4d/bin/opt: WARNING: failed to create target machine for 'spir64-unknown-unknown': unable to get target for 'spir64-unknown-unknown', see --version and --triple.
warning: overriding the module target triple with spir64-unknown-unknown [-Woverride-module]
1 warning generated.
warning: overriding the module target triple with spir64-unknown-unknown [-Woverride-module]
1 warning generated.
Result: MASKED (exit 0)
[benchmark:randomAccess] injection worklist_id=26 site=61 bit=1
/opt/aurora/25.190.0/spack/unified/0.10.1/install/linux-sles15-x86_64/gcc-13.3.0/llvm-develop-git.5708851-4ulhk4d/bin/opt: WARNING: failed to create target machine for 'spir64-unknown-unknown': unable to get target for 'spir64-unknown-unknown', see --version and --triple.
warning: overriding the module target triple with spir64-unknown-unknown [-Woverride-module]
1 warning generated.
warning: overriding the module target triple with spir64-unknown-unknown [-Woverride-module]
1 warning generated.
Result: SDC (exit 1)
[benchmark:randomAccess] injection worklist_id=27 site=61 bit=2
/opt/aurora/25.190.0/spack/unified/0.10.1/install/linux-sles15-x86_64/gcc-13.3.0/llvm-develop-git.5708851-4ulhk4d/bin/opt: WARNING: failed to create target machine for 'spir64-unknown-unknown': unable to get target for 'spir64-unknown-unknown', see --version and --triple.
warning: overriding the module target triple with spir64-unknown-unknown [-Woverride-module]
1 warning generated.
warning: overriding the module target triple with spir64-unknown-unknown [-Woverride-module]
1 warning generated.
Result: SDC (exit 1)
[benchmark:randomAccess] injection worklist_id=28 site=76 bit=0
/opt/aurora/25.190.0/spack/unified/0.10.1/install/linux-sles15-x86_64/gcc-13.3.0/llvm-develop-git.5708851-4ulhk4d/bin/opt: WARNING: failed to create target machine for 'spir64-unknown-unknown': unable to get target for 'spir64-unknown-unknown', see --version and --triple.
warning: overriding the module target triple with spir64-unknown-unknown [-Woverride-module]
1 warning generated.
warning: overriding the module target triple with spir64-unknown-unknown [-Woverride-module]
1 warning generated.
Result: FAILURE (exit 124)
[benchmark:randomAccess] injection worklist_id=29 site=95 bit=0
/opt/aurora/25.190.0/spack/unified/0.10.1/install/linux-sles15-x86_64/gcc-13.3.0/llvm-develop-git.5708851-4ulhk4d/bin/opt: WARNING: failed to create target machine for 'spir64-unknown-unknown': unable to get target for 'spir64-unknown-unknown', see --version and --triple.
warning: overriding the module target triple with spir64-unknown-unknown [-Woverride-module]
1 warning generated.
warning: overriding the module target triple with spir64-unknown-unknown [-Woverride-module]
1 warning generated.
Result: SDC (exit 1)
[benchmark:randomAccess] injection worklist_id=30 site=92 bit=0
/opt/aurora/25.190.0/spack/unified/0.10.1/install/linux-sles15-x86_64/gcc-13.3.0/llvm-develop-git.5708851-4ulhk4d/bin/opt: WARNING: failed to create target machine for 'spir64-unknown-unknown': unable to get target for 'spir64-unknown-unknown', see --version and --triple.
warning: overriding the module target triple with spir64-unknown-unknown [-Woverride-module]
1 warning generated.
warning: overriding the module target triple with spir64-unknown-unknown [-Woverride-module]
1 warning generated.
Result: SDC (exit 1)
[benchmark:randomAccess] injection worklist_id=31 site=92 bit=1
/opt/aurora/25.190.0/spack/unified/0.10.1/install/linux-sles15-x86_64/gcc-13.3.0/llvm-develop-git.5708851-4ulhk4d/bin/opt: WARNING: failed to create target machine for 'spir64-unknown-unknown': unable to get target for 'spir64-unknown-unknown', see --version and --triple.
warning: overriding the module target triple with spir64-unknown-unknown [-Woverride-module]
1 warning generated.
warning: overriding the module target triple with spir64-unknown-unknown [-Woverride-module]
1 warning generated.
Result: SDC (exit 1)
[benchmark:randomAccess] injection worklist_id=32 site=94 bit=7
/opt/aurora/25.190.0/spack/unified/0.10.1/install/linux-sles15-x86_64/gcc-13.3.0/llvm-develop-git.5708851-4ulhk4d/bin/opt: WARNING: failed to create target machine for 'spir64-unknown-unknown': unable to get target for 'spir64-unknown-unknown', see --version and --triple.
warning: overriding the module target triple with spir64-unknown-unknown [-Woverride-module]
1 warning generated.
warning: overriding the module target triple with spir64-unknown-unknown [-Woverride-module]
1 warning generated.
Result: MASKED (exit 0)
[benchmark:randomAccess] injection worklist_id=33 site=94 bit=8
/opt/aurora/25.190.0/spack/unified/0.10.1/install/linux-sles15-x86_64/gcc-13.3.0/llvm-develop-git.5708851-4ulhk4d/bin/opt: WARNING: failed to create target machine for 'spir64-unknown-unknown': unable to get target for 'spir64-unknown-unknown', see --version and --triple.
warning: overriding the module target triple with spir64-unknown-unknown [-Woverride-module]
1 warning generated.
warning: overriding the module target triple with spir64-unknown-unknown [-Woverride-module]
1 warning generated.
Result: MASKED (exit 0)
[benchmark:randomAccess] injection worklist_id=34 site=98 bit=0
/opt/aurora/25.190.0/spack/unified/0.10.1/install/linux-sles15-x86_64/gcc-13.3.0/llvm-develop-git.5708851-4ulhk4d/bin/opt: WARNING: failed to create target machine for 'spir64-unknown-unknown': unable to get target for 'spir64-unknown-unknown', see --version and --triple.
warning: overriding the module target triple with spir64-unknown-unknown [-Woverride-module]
1 warning generated.
warning: overriding the module target triple with spir64-unknown-unknown [-Woverride-module]
1 warning generated.
Result: SDC (exit 1)
[benchmark:randomAccess] injection worklist_id=35 site=98 bit=1
/opt/aurora/25.190.0/spack/unified/0.10.1/install/linux-sles15-x86_64/gcc-13.3.0/llvm-develop-git.5708851-4ulhk4d/bin/opt: WARNING: failed to create target machine for 'spir64-unknown-unknown': unable to get target for 'spir64-unknown-unknown', see --version and --triple.
warning: overriding the module target triple with spir64-unknown-unknown [-Woverride-module]
1 warning generated.
warning: overriding the module target triple with spir64-unknown-unknown [-Woverride-module]
1 warning generated.
Result: SDC (exit 1)
[benchmark:randomAccess] injection worklist_id=36 site=96 bit=0
/opt/aurora/25.190.0/spack/unified/0.10.1/install/linux-sles15-x86_64/gcc-13.3.0/llvm-develop-git.5708851-4ulhk4d/bin/opt: WARNING: failed to create target machine for 'spir64-unknown-unknown': unable to get target for 'spir64-unknown-unknown', see --version and --triple.
warning: overriding the module target triple with spir64-unknown-unknown [-Woverride-module]
1 warning generated.
warning: overriding the module target triple with spir64-unknown-unknown [-Woverride-module]
1 warning generated.
Result: MASKED (exit 0)
[benchmark:randomAccess] injection worklist_id=37 site=96 bit=1
/opt/aurora/25.190.0/spack/unified/0.10.1/install/linux-sles15-x86_64/gcc-13.3.0/llvm-develop-git.5708851-4ulhk4d/bin/opt: WARNING: failed to create target machine for 'spir64-unknown-unknown': unable to get target for 'spir64-unknown-unknown', see --version and --triple.
warning: overriding the module target triple with spir64-unknown-unknown [-Woverride-module]
1 warning generated.
warning: overriding the module target triple with spir64-unknown-unknown [-Woverride-module]
1 warning generated.
Result: MASKED (exit 0)
[benchmark:randomAccess] injection worklist_id=38 site=147 bit=0
/opt/aurora/25.190.0/spack/unified/0.10.1/install/linux-sles15-x86_64/gcc-13.3.0/llvm-develop-git.5708851-4ulhk4d/bin/opt: WARNING: failed to create target machine for 'spir64-unknown-unknown': unable to get target for 'spir64-unknown-unknown', see --version and --triple.
warning: overriding the module target triple with spir64-unknown-unknown [-Woverride-module]
1 warning generated.
warning: overriding the module target triple with spir64-unknown-unknown [-Woverride-module]
1 warning generated.
Result: SDC (exit 1)
[benchmark:randomAccess] injection worklist_id=39 site=144 bit=0
/opt/aurora/25.190.0/spack/unified/0.10.1/install/linux-sles15-x86_64/gcc-13.3.0/llvm-develop-git.5708851-4ulhk4d/bin/opt: WARNING: failed to create target machine for 'spir64-unknown-unknown': unable to get target for 'spir64-unknown-unknown', see --version and --triple.
warning: overriding the module target triple with spir64-unknown-unknown [-Woverride-module]
1 warning generated.
warning: overriding the module target triple with spir64-unknown-unknown [-Woverride-module]
1 warning generated.
Result: SDC (exit 1)
[benchmark:randomAccess] injection worklist_id=40 site=144 bit=1
/opt/aurora/25.190.0/spack/unified/0.10.1/install/linux-sles15-x86_64/gcc-13.3.0/llvm-develop-git.5708851-4ulhk4d/bin/opt: WARNING: failed to create target machine for 'spir64-unknown-unknown': unable to get target for 'spir64-unknown-unknown', see --version and --triple.
warning: overriding the module target triple with spir64-unknown-unknown [-Woverride-module]
1 warning generated.
warning: overriding the module target triple with spir64-unknown-unknown [-Woverride-module]
1 warning generated.
Result: SDC (exit 1)
[benchmark:randomAccess] injection worklist_id=41 site=146 bit=63
/opt/aurora/25.190.0/spack/unified/0.10.1/install/linux-sles15-x86_64/gcc-13.3.0/llvm-develop-git.5708851-4ulhk4d/bin/opt: WARNING: failed to create target machine for 'spir64-unknown-unknown': unable to get target for 'spir64-unknown-unknown', see --version and --triple.
warning: overriding the module target triple with spir64-unknown-unknown [-Woverride-module]
1 warning generated.
warning: overriding the module target triple with spir64-unknown-unknown [-Woverride-module]
1 warning generated.
Result: SDC (exit 1)
[benchmark:randomAccess] injection worklist_id=42 site=149 bit=0
/opt/aurora/25.190.0/spack/unified/0.10.1/install/linux-sles15-x86_64/gcc-13.3.0/llvm-develop-git.5708851-4ulhk4d/bin/opt: WARNING: failed to create target machine for 'spir64-unknown-unknown': unable to get target for 'spir64-unknown-unknown', see --version and --triple.
warning: overriding the module target triple with spir64-unknown-unknown [-Woverride-module]
1 warning generated.
warning: overriding the module target triple with spir64-unknown-unknown [-Woverride-module]
1 warning generated.
Result: SDC (exit 1)
[benchmark:randomAccess] injection worklist_id=43 site=149 bit=1
/opt/aurora/25.190.0/spack/unified/0.10.1/install/linux-sles15-x86_64/gcc-13.3.0/llvm-develop-git.5708851-4ulhk4d/bin/opt: WARNING: failed to create target machine for 'spir64-unknown-unknown': unable to get target for 'spir64-unknown-unknown', see --version and --triple.
warning: overriding the module target triple with spir64-unknown-unknown [-Woverride-module]
1 warning generated.
warning: overriding the module target triple with spir64-unknown-unknown [-Woverride-module]
1 warning generated.
Result: SDC (exit 1)
[benchmark:randomAccess] injection worklist_id=44 site=145 bit=0
/opt/aurora/25.190.0/spack/unified/0.10.1/install/linux-sles15-x86_64/gcc-13.3.0/llvm-develop-git.5708851-4ulhk4d/bin/opt: WARNING: failed to create target machine for 'spir64-unknown-unknown': unable to get target for 'spir64-unknown-unknown', see --version and --triple.
warning: overriding the module target triple with spir64-unknown-unknown [-Woverride-module]
1 warning generated.
warning: overriding the module target triple with spir64-unknown-unknown [-Woverride-module]
1 warning generated.
Result: SDC (exit 1)
[benchmark:randomAccess] injection worklist_id=45 site=145 bit=1
/opt/aurora/25.190.0/spack/unified/0.10.1/install/linux-sles15-x86_64/gcc-13.3.0/llvm-develop-git.5708851-4ulhk4d/bin/opt: WARNING: failed to create target machine for 'spir64-unknown-unknown': unable to get target for 'spir64-unknown-unknown', see --version and --triple.
warning: overriding the module target triple with spir64-unknown-unknown [-Woverride-module]
1 warning generated.
warning: overriding the module target triple with spir64-unknown-unknown [-Woverride-module]
1 warning generated.
Result: SDC (exit 1)
[benchmark:randomAccess] injection worklist_id=46 site=150 bit=0
/opt/aurora/25.190.0/spack/unified/0.10.1/install/linux-sles15-x86_64/gcc-13.3.0/llvm-develop-git.5708851-4ulhk4d/bin/opt: WARNING: failed to create target machine for 'spir64-unknown-unknown': unable to get target for 'spir64-unknown-unknown', see --version and --triple.
warning: overriding the module target triple with spir64-unknown-unknown [-Woverride-module]
1 warning generated.
warning: overriding the module target triple with spir64-unknown-unknown [-Woverride-module]
1 warning generated.
Result: SDC (exit 1)
[benchmark:randomAccess] injection worklist_id=47 site=150 bit=1
/opt/aurora/25.190.0/spack/unified/0.10.1/install/linux-sles15-x86_64/gcc-13.3.0/llvm-develop-git.5708851-4ulhk4d/bin/opt: WARNING: failed to create target machine for 'spir64-unknown-unknown': unable to get target for 'spir64-unknown-unknown', see --version and --triple.
warning: overriding the module target triple with spir64-unknown-unknown [-Woverride-module]
1 warning generated.
warning: overriding the module target triple with spir64-unknown-unknown [-Woverride-module]
1 warning generated.
Result: SDC (exit 1)
[benchmark:randomAccess] injection worklist_id=48 site=90 bit=0
/opt/aurora/25.190.0/spack/unified/0.10.1/install/linux-sles15-x86_64/gcc-13.3.0/llvm-develop-git.5708851-4ulhk4d/bin/opt: WARNING: failed to create target machine for 'spir64-unknown-unknown': unable to get target for 'spir64-unknown-unknown', see --version and --triple.
warning: overriding the module target triple with spir64-unknown-unknown [-Woverride-module]
1 warning generated.
warning: overriding the module target triple with spir64-unknown-unknown [-Woverride-module]
1 warning generated.
Result: SDC (exit 1)
[benchmark:pathfinder] reusing existing golden /home/mdunlavy/GPU_FI/Aurora_Sycl_Golden_Outputs/pathfinder.bin
[benchmark:pathfinder] baseline site=153 bit=3
warning: overriding the module target triple with spir64-unknown-unknown [-Woverride-module]
1 warning generated.
Result: BASELINE (exit 0)
[benchmark:pathfinder] injection worklist_id=49 site=153 bit=3
/opt/aurora/25.190.0/spack/unified/0.10.1/install/linux-sles15-x86_64/gcc-13.3.0/llvm-develop-git.5708851-4ulhk4d/bin/opt: WARNING: failed to create target machine for 'spir64-unknown-unknown': unable to get target for 'spir64-unknown-unknown', see --version and --triple.
warning: overriding the module target triple with spir64-unknown-unknown [-Woverride-module]
1 warning generated.
Result: MASKED (exit 0)
[benchmark:pathfinder] injection worklist_id=50 site=153 bit=17
/opt/aurora/25.190.0/spack/unified/0.10.1/install/linux-sles15-x86_64/gcc-13.3.0/llvm-develop-git.5708851-4ulhk4d/bin/opt: WARNING: failed to create target machine for 'spir64-unknown-unknown': unable to get target for 'spir64-unknown-unknown', see --version and --triple.
warning: overriding the module target triple with spir64-unknown-unknown [-Woverride-module]
1 warning generated.
Result: MASKED (exit 0)
[benchmark:pathfinder] injection worklist_id=51 site=132 bit=3
/opt/aurora/25.190.0/spack/unified/0.10.1/install/linux-sles15-x86_64/gcc-13.3.0/llvm-develop-git.5708851-4ulhk4d/bin/opt: WARNING: failed to create target machine for 'spir64-unknown-unknown': unable to get target for 'spir64-unknown-unknown', see --version and --triple.
warning: overriding the module target triple with spir64-unknown-unknown [-Woverride-module]
1 warning generated.
Result: SDC (exit 0)
[benchmark:pathfinder] injection worklist_id=52 site=132 bit=17
/opt/aurora/25.190.0/spack/unified/0.10.1/install/linux-sles15-x86_64/gcc-13.3.0/llvm-develop-git.5708851-4ulhk4d/bin/opt: WARNING: failed to create target machine for 'spir64-unknown-unknown': unable to get target for 'spir64-unknown-unknown', see --version and --triple.
warning: overriding the module target triple with spir64-unknown-unknown [-Woverride-module]
1 warning generated.
Result: SDC (exit 134)
[benchmark:pathfinder] injection worklist_id=53 site=25 bit=3
/opt/aurora/25.190.0/spack/unified/0.10.1/install/linux-sles15-x86_64/gcc-13.3.0/llvm-develop-git.5708851-4ulhk4d/bin/opt: WARNING: failed to create target machine for 'spir64-unknown-unknown': unable to get target for 'spir64-unknown-unknown', see --version and --triple.
warning: overriding the module target triple with spir64-unknown-unknown [-Woverride-module]
1 warning generated.
Result: SDC (exit 0)
[benchmark:pathfinder] injection worklist_id=54 site=25 bit=31
/opt/aurora/25.190.0/spack/unified/0.10.1/install/linux-sles15-x86_64/gcc-13.3.0/llvm-develop-git.5708851-4ulhk4d/bin/opt: WARNING: failed to create target machine for 'spir64-unknown-unknown': unable to get target for 'spir64-unknown-unknown', see --version and --triple.
warning: overriding the module target triple with spir64-unknown-unknown [-Woverride-module]
1 warning generated.
Result: SDC (exit 0)
[benchmark:pathfinder] injection worklist_id=55 site=80 bit=3
/opt/aurora/25.190.0/spack/unified/0.10.1/install/linux-sles15-x86_64/gcc-13.3.0/llvm-develop-git.5708851-4ulhk4d/bin/opt: WARNING: failed to create target machine for 'spir64-unknown-unknown': unable to get target for 'spir64-unknown-unknown', see --version and --triple.
warning: overriding the module target triple with spir64-unknown-unknown [-Woverride-module]
1 warning generated.
Result: MASKED (exit 0)
[benchmark:pathfinder] injection worklist_id=56 site=80 bit=17
/opt/aurora/25.190.0/spack/unified/0.10.1/install/linux-sles15-x86_64/gcc-13.3.0/llvm-develop-git.5708851-4ulhk4d/bin/opt: WARNING: failed to create target machine for 'spir64-unknown-unknown': unable to get target for 'spir64-unknown-unknown', see --version and --triple.
warning: overriding the module target triple with spir64-unknown-unknown [-Woverride-module]
1 warning generated.
Result: MASKED (exit 0)
[benchmark:pathfinder] injection worklist_id=57 site=69 bit=3
/opt/aurora/25.190.0/spack/unified/0.10.1/install/linux-sles15-x86_64/gcc-13.3.0/llvm-develop-git.5708851-4ulhk4d/bin/opt: WARNING: failed to create target machine for 'spir64-unknown-unknown': unable to get target for 'spir64-unknown-unknown', see --version and --triple.
warning: overriding the module target triple with spir64-unknown-unknown [-Woverride-module]
1 warning generated.
Result: SDC (exit 0)
[benchmark:pathfinder] injection worklist_id=58 site=69 bit=17
/opt/aurora/25.190.0/spack/unified/0.10.1/install/linux-sles15-x86_64/gcc-13.3.0/llvm-develop-git.5708851-4ulhk4d/bin/opt: WARNING: failed to create target machine for 'spir64-unknown-unknown': unable to get target for 'spir64-unknown-unknown', see --version and --triple.
warning: overriding the module target triple with spir64-unknown-unknown [-Woverride-module]
1 warning generated.
Result: SDC (exit 0)
[benchmark:pathfinder] injection worklist_id=59 site=72 bit=62
/opt/aurora/25.190.0/spack/unified/0.10.1/install/linux-sles15-x86_64/gcc-13.3.0/llvm-develop-git.5708851-4ulhk4d/bin/opt: WARNING: failed to create target machine for 'spir64-unknown-unknown': unable to get target for 'spir64-unknown-unknown', see --version and --triple.
warning: overriding the module target triple with spir64-unknown-unknown [-Woverride-module]
1 warning generated.
Result: MASKED (exit 0)
[benchmark:pathfinder] injection worklist_id=60 site=72 bit=63
/opt/aurora/25.190.0/spack/unified/0.10.1/install/linux-sles15-x86_64/gcc-13.3.0/llvm-develop-git.5708851-4ulhk4d/bin/opt: WARNING: failed to create target machine for 'spir64-unknown-unknown': unable to get target for 'spir64-unknown-unknown', see --version and --triple.
warning: overriding the module target triple with spir64-unknown-unknown [-Woverride-module]
1 warning generated.
Result: MASKED (exit 0)
[benchmark:entropy] reusing existing golden /home/mdunlavy/GPU_FI/Aurora_Sycl_Golden_Outputs/entropy.bin
[benchmark:entropy] baseline site=226 bit=17
warning: overriding the module target triple with spir64-unknown-unknown [-Woverride-module]
1 warning generated.
warning: overriding the module target triple with spir64-unknown-unknown [-Woverride-module]
1 warning generated.
Result: BASELINE (exit 0)
[benchmark:entropy] injection worklist_id=61 site=226 bit=17
/opt/aurora/25.190.0/spack/unified/0.10.1/install/linux-sles15-x86_64/gcc-13.3.0/llvm-develop-git.5708851-4ulhk4d/bin/opt: WARNING: failed to create target machine for 'spir64-unknown-unknown': unable to get target for 'spir64-unknown-unknown', see --version and --triple.
warning: overriding the module target triple with spir64-unknown-unknown [-Woverride-module]
1 warning generated.
warning: overriding the module target triple with spir64-unknown-unknown [-Woverride-module]
1 warning generated.
Result: SDC (exit 0)
[benchmark:entropy] injection worklist_id=62 site=226 bit=31
/opt/aurora/25.190.0/spack/unified/0.10.1/install/linux-sles15-x86_64/gcc-13.3.0/llvm-develop-git.5708851-4ulhk4d/bin/opt: WARNING: failed to create target machine for 'spir64-unknown-unknown': unable to get target for 'spir64-unknown-unknown', see --version and --triple.
warning: overriding the module target triple with spir64-unknown-unknown [-Woverride-module]
1 warning generated.
warning: overriding the module target triple with spir64-unknown-unknown [-Woverride-module]
1 warning generated.
Result: SDC (exit 0)
[benchmark:entropy] injection worklist_id=63 site=226 bit=4
/opt/aurora/25.190.0/spack/unified/0.10.1/install/linux-sles15-x86_64/gcc-13.3.0/llvm-develop-git.5708851-4ulhk4d/bin/opt: WARNING: failed to create target machine for 'spir64-unknown-unknown': unable to get target for 'spir64-unknown-unknown', see --version and --triple.
warning: overriding the module target triple with spir64-unknown-unknown [-Woverride-module]
1 warning generated.
warning: overriding the module target triple with spir64-unknown-unknown [-Woverride-module]
1 warning generated.
Result: SDC (exit 0)
[benchmark:entropy] injection worklist_id=64 site=226 bit=9
/opt/aurora/25.190.0/spack/unified/0.10.1/install/linux-sles15-x86_64/gcc-13.3.0/llvm-develop-git.5708851-4ulhk4d/bin/opt: WARNING: failed to create target machine for 'spir64-unknown-unknown': unable to get target for 'spir64-unknown-unknown', see --version and --triple.
warning: overriding the module target triple with spir64-unknown-unknown [-Woverride-module]
1 warning generated.
warning: overriding the module target triple with spir64-unknown-unknown [-Woverride-module]
1 warning generated.
Result: SDC (exit 0)
[campaign] completed 2026-07-21T19:35:50Z
Baseline status by benchmark:
colorwheel: baseline_status=pass baseline_result=BASELINE generated_golden=no site=81 bit=3
randomAccess: baseline_status=pass baseline_result=BASELINE generated_golden=no site=59 bit=0
pathfinder: baseline_status=pass baseline_result=BASELINE generated_golden=no site=153 bit=3
entropy: baseline_status=pass baseline_result=BASELINE generated_golden=no site=226 bit=17

Rerun result counts:
FAILURE: 1
MASKED: 15
SDC: 48

total_rows: 64
baseline_passed_benches: 4
baseline_failed_benches: 0
