:3:rocdevice.cpp            :465 : 4393335499950 us: [pid:4141128 tid: 0x7f70ed510200] Initializing HSA stack.
:3:rocdevice.cpp            :551 : 4393336865051 us: [pid:4141128 tid: 0x7f70ed510200] Enumerated GPU agents = 1
:3:rocdevice.cpp            :230 : 4393336865122 us: [pid:4141128 tid: 0x7f70ed510200] Numa selects cpu agent[0]=0xcec8bd0(fine=0xcf47150,coarse=0xcf48ae0) for gpu agent=0xcff38a0 CPU<->GPU XGMI=0
:3:rocsettings.cpp          :284 : 4393336865159 us: [pid:4141128 tid: 0x7f70ed510200] Using dev kernel arg wa = 0
:3:comgrctx.cpp             :33  : 4393336865182 us: [pid:4141128 tid: 0x7f70ed510200] Loading COMGR library.
:3:comgrctx.cpp             :128 : 4393336865224 us: [pid:4141128 tid: 0x7f70ed510200] Loaded COMGR library version 3.0.
:3:rocdevice.cpp            :1785: 4393336866054 us: [pid:4141128 tid: 0x7f70ed510200] Gfx Major/Minor/Stepping: 9/0/10
:3:rocdevice.cpp            :1787: 4393336866076 us: [pid:4141128 tid: 0x7f70ed510200] HMM support: 1, XNACK: 0, Direct host access: 0
:3:rocdevice.cpp            :1789: 4393336866088 us: [pid:4141128 tid: 0x7f70ed510200] Max SDMA Read Mask: 0x1e, Max SDMA Write Mask: 0x1f
:4:rocdevice.cpp            :2210: 4393336866593 us: [pid:4141128 tid: 0x7f70ed510200] Allocate hsa host memory 0x7f70bac00000, size 0x100000, numa_node = 0
:4:rocdevice.cpp            :2210: 4393336911724 us: [pid:4141128 tid: 0x7f70ed510200] Allocate hsa host memory 0x7f70ba600000, size 0x400000, numa_node = 0
:4:rocdevice.cpp            :2210: 4393336911946 us: [pid:4141128 tid: 0x7f70ed510200] Allocate hsa host memory 0x7f70f7954000, size 0x38, numa_node = 0
:3:hip_context.cpp          :54  : 4393336912604 us: [pid:4141128 tid: 0x7f70ed510200] Direct Dispatch: 1
:3:hip_fatbin.cpp           :427 : 4393336912797 us: [pid:4141128 tid: 0x7f70ed510200] Searching for code objects, HIP_FORCE_SPIRV_CODEOBJECT: 0
:3:hip_fatbin.cpp           :435 : 4393336913059 us: [pid:4141128 tid: 0x7f70ed510200] Using Native code object: gfx90a:sramecc+:xnack-
:3:hip_memory.cpp           :756 : 4393336913108 us: [pid:4141128 tid: 0x7f70ed510200] [32m hipMalloc ( 0x7fff1f9b15c0, 536870912 ) [0m
:4:rocdevice.cpp            :2371: 4393336913206 us: [pid:4141128 tid: 0x7f70ed510200] Allocate hsa device memory 0x7f6f81800000, size 0x20000000, hsa_mem_flags 0x0h
:3:rocdevice.cpp            :2411: 4393336913653 us: [pid:4141128 tid: 0x7f70ed510200] Device=0xd03c130, freeMem_ = 0xfdf000000
:3:hip_memory.cpp           :758 : 4393336913672 us: [pid:4141128 tid: 0x7f70ed510200] hipMalloc: Returned hipSuccess : 0x7f6f81800000: duration: 564 us
:3:hip_platform.cpp         :237 : 4393336913713 us: [pid:4141128 tid: 0x7f70ed510200] [32m __hipPushCallConfiguration ( {262144,1,1}, {256,1,1}, 0, stream:<null> ) [0m
:3:hip_platform.cpp         :241 : 4393336913730 us: [pid:4141128 tid: 0x7f70ed510200] __hipPushCallConfiguration: Returned hipSuccess : 
:3:hip_platform.cpp         :246 : 4393336913751 us: [pid:4141128 tid: 0x7f70ed510200] [32m __hipPopCallConfiguration ( {0,0,530257752}, {256,1,530257720}, 0x7fff1f9b1498, 0x7fff1f9b1490 ) [0m
:3:hip_platform.cpp         :255 : 4393336914238 us: [pid:4141128 tid: 0x7f70ed510200] __hipPopCallConfiguration: Returned hipSuccess : 
:3:hip_module.cpp           :744 : 4393336914288 us: [pid:4141128 tid: 0x7f70ed510200] [32m hipLaunchKernel ( 0x200c70, {262144,1,1}, {256,1,1}, 0x7fff1f9b1460, 0, stream:<null> ) [0m
:3:devprogram.cpp           :2658: 4393336914821 us: [pid:4141128 tid: 0x7f70ed510200] Using Code Object V5.
:3:rocdevice.cpp            :3048: 4393336921849 us: [pid:4141128 tid: 0x7f70ed510200] Number of allocated hardware queues with low priority: 0, with normal priority: 0, with high priority: 0, maximum per priority is: 4
:3:rocdevice.cpp            :3129: 4393336927802 us: [pid:4141128 tid: 0x7f70ed510200] Created SWq=0x7f70cd4e8000 to map on HWq=0x7f70ba400000 with size 16384 with priority 1, cooperative: 0
:3:rocdevice.cpp            :3222: 4393336927841 us: [pid:4141128 tid: 0x7f70ed510200] acquireQueue refCount: 0x7f70ba400000 (1)
:4:rocdevice.cpp            :2210: 4393336928725 us: [pid:4141128 tid: 0x7f70ed510200] Allocate hsa host memory 0x7f70ba200000, size 0x100000, numa_node = 0
:3:devprogram.cpp           :2658: 4393337332278 us: [pid:4141128 tid: 0x7f70ed510200] Using Code Object V5.
:4:rocdevice.cpp            :2210: 4393338325818 us: [pid:4141128 tid: 0x7f70ed510200] Allocate hsa host memory 0x7f70b9c00000, size 0x400000, numa_node = 0
:4:command.cpp              :359 : 4393338326440 us: [pid:4141128 tid: 0x7f70ed510200] Command (KernelExecution) enqueued: 0xd86b740
:3:rocvirtual.cpp           :762 : 4393338326514 us: [pid:4141128 tid: 0x7f70ed510200] Arg0:   = ptr:0x7f6f81800000
:3:rocvirtual.cpp           :778 : 4393338326521 us: [pid:4141128 tid: 0x7f70ed510200] Arg0:   = ptr:0x7f6f81800000 obj:[0x7f6f81800000-0x7f6fa1800000]
:3:rocvirtual.cpp           :853 : 4393338326530 us: [pid:4141128 tid: 0x7f70ed510200] Arg1:   = val:67108864
:3:rocvirtual.cpp           :3236: 4393338326546 us: [pid:4141128 tid: 0x7f70ed510200] ShaderName : initTable(unsigned long long*, unsigned long long)
:4:rocdevice.cpp            :2210: 4393341851435 us: [pid:4141128 tid: 0x7f70ed510200] Allocate hsa host memory 0x7f70b8e00000, size 0xd13838, numa_node = 0
:3:rocdevice.cpp            :3322: 4393341852608 us: [pid:4141128 tid: 0x7f70ed510200] Created hostcall buffer 0x7f70b8e00000 for hardware queue 0x7f70ba400000
:4:rocsignal.cpp            :38  : 4393341853113 us: [pid:4141128 tid: 0x7f70ed510200] Initialize Hostcall signal=0x7f70cd3fd380
:3:devhostcall.cpp          :428 : 4393341853226 us: [pid:4141128 tid: 0x7f70ed510200] Launched hostcall listener at 0xd73f800
:3:devhostcall.cpp          :441 : 4393341853234 us: [pid:4141128 tid: 0x7f70ed510200] Registered hostcall buffer 0x7f70b8e00000 with listener 0xd73f800
:4:rocdevice.cpp            :2371: 4393341853352 us: [pid:4141128 tid: 0x7f70ed510200] Allocate hsa device memory 0x7f70b8a00000, size 0x20000, hsa_mem_flags 0x0h
:4:rocdevice.cpp            :2371: 4393341853421 us: [pid:4141128 tid: 0x7f70ed510200] Allocate hsa device memory 0x7f6f6ac00000, size 0x800000, hsa_mem_flags 0x0h
:3:rocvirtual.cpp           :853 : 4393341853786 us: [pid:4141128 tid: 0x7f70ed510200] Arg0: ulong heap_to_initialize = val:140122110558208
:3:rocvirtual.cpp           :853 : 4393341853797 us: [pid:4141128 tid: 0x7f70ed510200] Arg1: ulong initial_blocks = val:140116509065216
:3:rocvirtual.cpp           :853 : 4393341853807 us: [pid:4141128 tid: 0x7f70ed510200] Arg2: uint heap_size = val:131072
:3:rocvirtual.cpp           :853 : 4393341853814 us: [pid:4141128 tid: 0x7f70ed510200] Arg3: uint number_of_initial_blocks = val:4
:3:rocvirtual.cpp           :3236: 4393341853829 us: [pid:4141128 tid: 0x7f70ed510200] ShaderName : __amd_rocclr_initHeap
:3:rocvirtual.cpp           :3449: 4393341853835 us: [pid:4141128 tid: 0x7f70ed510200] KernargSegmentByteSize = 24 KernargSegmentAlignment = 128
:4:rocvirtual.cpp           :965 : 4393341853856 us: [pid:4141128 tid: 0x7f70ed510200] SWq=0x7f70cd4e8000, HWq=0x7f70ba400000, id=1, Dispatch Header = 0xb02 (type=2, barrier=1, acquire=1, release=1), setup=1, grid=[256, 1, 1], workgroup=[256, 1, 1], private_seg_size=0, group_seg_size=0, kernel_obj=0x7f70cd4c60c0, kernarg_address=0x7f70ba200000, completion_signal=0x0, correlation_id=0, rptr=0, wptr=0
:4:rocvirtual.cpp           :1147: 4393341853880 us: [pid:4141128 tid: 0x7f70ed510200] SWq=0x7f70cd4e8000, HWq=0x7f70ba400000, id=1, BarrierAND Header = 0x1503 (type=3, barrier=1, acquire=2, release=2), dep_signal=[0x0, 0x0, 0x0, 0x0, 0x0], completion_signal=0x7f70cd3ff780
:4:rocvirtual.cpp           :622 : 4393341853893 us: [pid:4141128 tid: 0x7f70ed510200] Host wait on completion_signal=0x7f70cd3ff780
:3:rocvirtual.hpp           :56  : 4393341854319 us: [pid:4141128 tid: 0x7f70ed510200] Host active wait for Signal = (0x7f70cd3ff780) for -1 ns
:3:rocvirtual.cpp           :3449: 4393341864251 us: [pid:4141128 tid: 0x7f70ed510200] KernargSegmentByteSize = 272 KernargSegmentAlignment = 128
:4:rocvirtual.cpp           :965 : 4393341864268 us: [pid:4141128 tid: 0x7f70ed510200] SWq=0x7f70cd4e8000, HWq=0x7f70ba400000, id=1, Dispatch Header = 0xb02 (type=2, barrier=1, acquire=1, release=1), setup=3, grid=[67108864, 1, 1], workgroup=[256, 1, 1], private_seg_size=76, group_seg_size=0, kernel_obj=0x7f70cd4f1040, kernarg_address=0x7f70ba200000, completion_signal=0x0, correlation_id=0, rptr=2, wptr=2
:3:hip_module.cpp           :745 : 4393341864293 us: [pid:4141128 tid: 0x7f70ed510200] hipLaunchKernel: Returned hipSuccess : : duration: 4950005 us
:3:hip_platform.cpp         :237 : 4393341864311 us: [pid:4141128 tid: 0x7f70ed510200] [32m __hipPushCallConfiguration ( {1,1,1}, {128,1,1}, 0, stream:<null> ) [0m
:3:hip_platform.cpp         :241 : 4393341864322 us: [pid:4141128 tid: 0x7f70ed510200] __hipPushCallConfiguration: Returned hipSuccess : 
:3:hip_platform.cpp         :246 : 4393341864336 us: [pid:4141128 tid: 0x7f70ed510200] [32m __hipPopCallConfiguration ( {0,0,530257752}, {128,1,530257720}, 0x7fff1f9b1498, 0x7fff1f9b1490 ) [0m
:3:hip_platform.cpp         :255 : 4393341864346 us: [pid:4141128 tid: 0x7f70ed510200] __hipPopCallConfiguration: Returned hipSuccess : 
:3:hip_module.cpp           :744 : 4393341864361 us: [pid:4141128 tid: 0x7f70ed510200] [32m hipLaunchKernel ( 0x200c78, {1,1,1}, {128,1,1}, 0x7fff1f9b1460, 0, stream:<null> ) [0m
:4:command.cpp              :359 : 4393341864381 us: [pid:4141128 tid: 0x7f70ed510200] Command (KernelExecution) enqueued: 0xd12b7e0
:3:rocvirtual.cpp           :762 : 4393341864393 us: [pid:4141128 tid: 0x7f70ed510200] Arg0:   = ptr:0x7f6f81800000
:3:rocvirtual.cpp           :778 : 4393341864400 us: [pid:4141128 tid: 0x7f70ed510200] Arg0:   = ptr:0x7f6f81800000 obj:[0x7f6f81800000-0x7f6fa1800000]
:3:rocvirtual.cpp           :853 : 4393341864879 us: [pid:4141128 tid: 0x7f70ed510200] Arg1:   = val:67108864
:3:rocvirtual.cpp           :3236: 4393341864890 us: [pid:4141128 tid: 0x7f70ed510200] ShaderName : update(unsigned long long*, unsigned long long)
:3:rocvirtual.cpp           :3449: 4393341864902 us: [pid:4141128 tid: 0x7f70ed510200] KernargSegmentByteSize = 272 KernargSegmentAlignment = 128
:4:rocvirtual.cpp           :965 : 4393341864914 us: [pid:4141128 tid: 0x7f70ed510200] SWq=0x7f70cd4e8000, HWq=0x7f70ba400000, id=1, Dispatch Header = 0xb02 (type=2, barrier=1, acquire=1, release=1), setup=3, grid=[128, 1, 1], workgroup=[128, 1, 1], private_seg_size=1024, group_seg_size=0, kernel_obj=0x7f70cd4f1080, kernarg_address=0x7f70ba200180, completion_signal=0x0, correlation_id=0, rptr=2, wptr=3
:3:hip_module.cpp           :745 : 4393341864931 us: [pid:4141128 tid: 0x7f70ed510200] hipLaunchKernel: Returned hipSuccess : : duration: 570 us
:3:hip_device_runtime.cpp   :641 : 4393341864944 us: [pid:4141128 tid: 0x7f70ed510200] [32m hipDeviceSynchronize (  ) [0m
:4:commandqueue.cpp         :161 : 4393341864951 us: [pid:4141128 tid: 0x7f70ed510200] Marker queued to ensure finish
:4:command.cpp              :359 : 4393341864958 us: [pid:4141128 tid: 0x7f70ed510200] Command (InternalMarker) enqueued: 0xda0b470
:3:rocvirtual.cpp           :533 : 4393341864978 us: [pid:4141128 tid: 0x7f70ed510200] Set Handler: handle(0x7f70cd3fd600), timestamp(0xd86beb0)
:4:rocvirtual.cpp           :1147: 4393341864989 us: [pid:4141128 tid: 0x7f70ed510200] SWq=0x7f70cd4e8000, HWq=0x7f70ba400000, id=1, BarrierAND Header = 0x1503 (type=3, barrier=1, acquire=2, release=2), dep_signal=[0x0, 0x0, 0x0, 0x0, 0x0], completion_signal=0x7f70cd3fd600
:3:rocvirtual.hpp           :56  : 4393341865532 us: [pid:4141128 tid: 0x7f70ed510200] Host active wait for Signal = (0x7f70cd3fd600) for -1 ns
:4:commandqueue.cpp         :184 : 4393350599348 us: [pid:4141128 tid: 0x7f70ed510200] All commands finished
:3:rocvirtual.cpp           :226 : 4393350599377 us: [pid:4141128 tid: 0x7f6f7d9ff6c0] Handler: value(0), timestamp(0xd7808d0), handle(0x7f70cd3fd600)
:3:hip_device_runtime.cpp   :645 : 4393350599384 us: [pid:4141128 tid: 0x7f70ed510200] hipDeviceSynchronize: Returned hipSuccess : 
:4:command.cpp              :169 : 4393350599408 us: [pid:4141128 tid: 0x7f6f7d9ff6c0] Command 0xd86b740 complete
:4:command.cpp              :169 : 4393350599454 us: [pid:4141128 tid: 0x7f6f7d9ff6c0] Command 0xd12b7e0 complete
:3:hip_memory.cpp           :795 : 4393350599463 us: [pid:4141128 tid: 0x7f70ed510200] [32m hipMemcpy ( 0x7f70cd505400, 0x7f6f81800000, 536870912, hipMemcpyDeviceToHost ) [0m
:4:command.cpp              :163 : 4393350599467 us: [pid:4141128 tid: 0x7f6f7d9ff6c0] Command 0xda0b470 complete (Wall: 4393350599465, CPU: 0, GPU: 8734497 us)
:4:command.cpp              :359 : 4393350599491 us: [pid:4141128 tid: 0x7f70ed510200] Command (CopyDeviceToHost) enqueued: 0xd89aa70
:4:rocblit.cpp              :1673: 4393350599519 us: [pid:4141128 tid: 0x7f70ed510200] Unpinned read path, Async = 0
:4:rocmemory.cpp            :1018: 4393350611587 us: [pid:4141128 tid: 0x7f70ed510200] Locking to pool 0xcf48ae0, size 0x2001000, HostPtr = 0x7f70cd505000, DevPtr = 0x7f70cd505000
:4:rocblit.cpp              :623 : 4393350611621 us: [pid:4141128 tid: 0x7f70ed510200] HSA Copy Using Pinned resource size 33554432
:4:rocblit.cpp              :687 : 4393350611630 us: [pid:4141128 tid: 0x7f70ed510200] HSA Async Copy staged D2H
:4:rocblit.cpp              :503 : 4393350611638 us: [pid:4141128 tid: 0x7f70ed510200] Last copy mask 0x0
:4:rocblit.cpp              :509 : 4393350611645 us: [pid:4141128 tid: 0x7f70ed510200] Query copy engine status 0, free_engine mask 0x1e
:4:rocblit.cpp              :520 : 4393350611653 us: [pid:4141128 tid: 0x7f70ed510200] HSA Async Copy on copy_engine=0x2, dst=0x7f70cd505400, src=0x7f6f81800000, size=33554432, forceSDMA=0, wait_event=0x0, completion_signal=0x7f70cd3ff680
:4:rocvirtual.cpp           :622 : 4393350623382 us: [pid:4141128 tid: 0x7f70ed510200] Host wait on completion_signal=0x7f70cd3ff680
:3:rocvirtual.hpp           :56  : 4393350623418 us: [pid:4141128 tid: 0x7f70ed510200] Host active wait for Signal = (0x7f70cd3ff680) for -1 ns
:4:rocmemory.cpp            :1018: 4393350637183 us: [pid:4141128 tid: 0x7f70ed510200] Locking to pool 0xcf48ae0, size 0x2001000, HostPtr = 0x7f70cf505000, DevPtr = 0x7f70cf505000
:4:rocblit.cpp              :623 : 4393350637226 us: [pid:4141128 tid: 0x7f70ed510200] HSA Copy Using Pinned resource size 33554432
:4:rocblit.cpp              :687 : 4393350637237 us: [pid:4141128 tid: 0x7f70ed510200] HSA Async Copy staged D2H
:4:rocblit.cpp              :503 : 4393350637247 us: [pid:4141128 tid: 0x7f70ed510200] Last copy mask 0x2
:4:rocblit.cpp              :520 : 4393350637254 us: [pid:4141128 tid: 0x7f70ed510200] HSA Async Copy on copy_engine=0x2, dst=0x7f70cf505400, src=0x7f6f83800000, size=33554432, forceSDMA=0, wait_event=0x0, completion_signal=0x7f70cd3ff600
:4:rocvirtual.cpp           :622 : 4393350637271 us: [pid:4141128 tid: 0x7f70ed510200] Host wait on completion_signal=0x7f70cd3ff600
:3:rocvirtual.hpp           :56  : 4393350637283 us: [pid:4141128 tid: 0x7f70ed510200] Host active wait for Signal = (0x7f70cd3ff600) for -1 ns
:4:rocmemory.cpp            :1018: 4393350650421 us: [pid:4141128 tid: 0x7f70ed510200] Locking to pool 0xcf48ae0, size 0x2001000, HostPtr = 0x7f70d1505000, DevPtr = 0x7f70d1505000
:4:rocblit.cpp              :623 : 4393350650451 us: [pid:4141128 tid: 0x7f70ed510200] HSA Copy Using Pinned resource size 33554432
:4:rocblit.cpp              :687 : 4393350650459 us: [pid:4141128 tid: 0x7f70ed510200] HSA Async Copy staged D2H
:4:rocblit.cpp              :503 : 4393350650465 us: [pid:4141128 tid: 0x7f70ed510200] Last copy mask 0x2
:4:rocblit.cpp              :520 : 4393350650471 us: [pid:4141128 tid: 0x7f70ed510200] HSA Async Copy on copy_engine=0x2, dst=0x7f70d1505400, src=0x7f6f85800000, size=33554432, forceSDMA=0, wait_event=0x0, completion_signal=0x7f70cd3ff580
:4:rocvirtual.cpp           :622 : 4393350650483 us: [pid:4141128 tid: 0x7f70ed510200] Host wait on completion_signal=0x7f70cd3ff580
:3:rocvirtual.hpp           :56  : 4393350650491 us: [pid:4141128 tid: 0x7f70ed510200] Host active wait for Signal = (0x7f70cd3ff580) for -1 ns
:4:rocmemory.cpp            :1018: 4393350663928 us: [pid:4141128 tid: 0x7f70ed510200] Locking to pool 0xcf48ae0, size 0x2001000, HostPtr = 0x7f70d3505000, DevPtr = 0x7f70d3505000
:4:rocblit.cpp              :623 : 4393350663987 us: [pid:4141128 tid: 0x7f70ed510200] HSA Copy Using Pinned resource size 33554432
:4:rocblit.cpp              :687 : 4393350663995 us: [pid:4141128 tid: 0x7f70ed510200] HSA Async Copy staged D2H
:4:rocblit.cpp              :503 : 4393350664021 us: [pid:4141128 tid: 0x7f70ed510200] Last copy mask 0x2
:4:rocblit.cpp              :520 : 4393350664027 us: [pid:4141128 tid: 0x7f70ed510200] HSA Async Copy on copy_engine=0x2, dst=0x7f70d3505400, src=0x7f6f87800000, size=33554432, forceSDMA=0, wait_event=0x0, completion_signal=0x7f70cd3ff500
:4:rocvirtual.cpp           :622 : 4393350664041 us: [pid:4141128 tid: 0x7f70ed510200] Host wait on completion_signal=0x7f70cd3ff500
:3:rocvirtual.hpp           :56  : 4393350664049 us: [pid:4141128 tid: 0x7f70ed510200] Host active wait for Signal = (0x7f70cd3ff500) for -1 ns
:4:rocmemory.cpp            :1018: 4393350677542 us: [pid:4141128 tid: 0x7f70ed510200] Locking to pool 0xcf48ae0, size 0x2001000, HostPtr = 0x7f70d5505000, DevPtr = 0x7f70d5505000
:4:rocblit.cpp              :623 : 4393350677582 us: [pid:4141128 tid: 0x7f70ed510200] HSA Copy Using Pinned resource size 33554432
:4:rocblit.cpp              :687 : 4393350677590 us: [pid:4141128 tid: 0x7f70ed510200] HSA Async Copy staged D2H
:4:rocblit.cpp              :503 : 4393350677596 us: [pid:4141128 tid: 0x7f70ed510200] Last copy mask 0x2
:4:rocblit.cpp              :520 : 4393350677601 us: [pid:4141128 tid: 0x7f70ed510200] HSA Async Copy on copy_engine=0x2, dst=0x7f70d5505400, src=0x7f6f89800000, size=33554432, forceSDMA=0, wait_event=0x0, completion_signal=0x7f70cd3ff480
:4:rocvirtual.cpp           :622 : 4393350677615 us: [pid:4141128 tid: 0x7f70ed510200] Host wait on completion_signal=0x7f70cd3ff480
:3:rocvirtual.hpp           :56  : 4393350677623 us: [pid:4141128 tid: 0x7f70ed510200] Host active wait for Signal = (0x7f70cd3ff480) for -1 ns
:4:rocmemory.cpp            :1018: 4393350689915 us: [pid:4141128 tid: 0x7f70ed510200] Locking to pool 0xcf48ae0, size 0x2001000, HostPtr = 0x7f70d7505000, DevPtr = 0x7f70d7505000
:4:rocblit.cpp              :623 : 4393350689943 us: [pid:4141128 tid: 0x7f70ed510200] HSA Copy Using Pinned resource size 33554432
:4:rocblit.cpp              :687 : 4393350689951 us: [pid:4141128 tid: 0x7f70ed510200] HSA Async Copy staged D2H
:4:rocblit.cpp              :503 : 4393350689957 us: [pid:4141128 tid: 0x7f70ed510200] Last copy mask 0x2
:4:rocblit.cpp              :520 : 4393350689962 us: [pid:4141128 tid: 0x7f70ed510200] HSA Async Copy on copy_engine=0x2, dst=0x7f70d7505400, src=0x7f6f8b800000, size=33554432, forceSDMA=0, wait_event=0x0, completion_signal=0x7f70cd3ff400
:4:rocvirtual.cpp           :622 : 4393350689974 us: [pid:4141128 tid: 0x7f70ed510200] Host wait on completion_signal=0x7f70cd3ff400
:3:rocvirtual.hpp           :56  : 4393350689981 us: [pid:4141128 tid: 0x7f70ed510200] Host active wait for Signal = (0x7f70cd3ff400) for -1 ns
:4:rocmemory.cpp            :1018: 4393350702204 us: [pid:4141128 tid: 0x7f70ed510200] Locking to pool 0xcf48ae0, size 0x2001000, HostPtr = 0x7f70d9505000, DevPtr = 0x7f70d9505000
:4:rocblit.cpp              :623 : 4393350702236 us: [pid:4141128 tid: 0x7f70ed510200] HSA Copy Using Pinned resource size 33554432
:4:rocblit.cpp              :687 : 4393350702245 us: [pid:4141128 tid: 0x7f70ed510200] HSA Async Copy staged D2H
:4:rocblit.cpp              :503 : 4393350702252 us: [pid:4141128 tid: 0x7f70ed510200] Last copy mask 0x2
:4:rocblit.cpp              :520 : 4393350702257 us: [pid:4141128 tid: 0x7f70ed510200] HSA Async Copy on copy_engine=0x2, dst=0x7f70d9505400, src=0x7f6f8d800000, size=33554432, forceSDMA=0, wait_event=0x0, completion_signal=0x7f70cd3ff380
:4:rocvirtual.cpp           :622 : 4393350702272 us: [pid:4141128 tid: 0x7f70ed510200] Host wait on completion_signal=0x7f70cd3ff380
:3:rocvirtual.hpp           :56  : 4393350702280 us: [pid:4141128 tid: 0x7f70ed510200] Host active wait for Signal = (0x7f70cd3ff380) for -1 ns
:4:rocmemory.cpp            :1018: 4393350714737 us: [pid:4141128 tid: 0x7f70ed510200] Locking to pool 0xcf48ae0, size 0x2001000, HostPtr = 0x7f70db505000, DevPtr = 0x7f70db505000
:4:rocblit.cpp              :623 : 4393350714776 us: [pid:4141128 tid: 0x7f70ed510200] HSA Copy Using Pinned resource size 33554432
:4:rocblit.cpp              :687 : 4393350714784 us: [pid:4141128 tid: 0x7f70ed510200] HSA Async Copy staged D2H
:4:rocblit.cpp              :503 : 4393350714791 us: [pid:4141128 tid: 0x7f70ed510200] Last copy mask 0x2
:4:rocblit.cpp              :520 : 4393350714796 us: [pid:4141128 tid: 0x7f70ed510200] HSA Async Copy on copy_engine=0x2, dst=0x7f70db505400, src=0x7f6f8f800000, size=33554432, forceSDMA=0, wait_event=0x0, completion_signal=0x7f70cd3ff300
:4:rocvirtual.cpp           :622 : 4393350714810 us: [pid:4141128 tid: 0x7f70ed510200] Host wait on completion_signal=0x7f70cd3ff300
:3:rocvirtual.hpp           :56  : 4393350714818 us: [pid:4141128 tid: 0x7f70ed510200] Host active wait for Signal = (0x7f70cd3ff300) for -1 ns
:4:rocmemory.cpp            :1018: 4393350726629 us: [pid:4141128 tid: 0x7f70ed510200] Locking to pool 0xcf48ae0, size 0x2001000, HostPtr = 0x7f70dd505000, DevPtr = 0x7f70dd505000
:4:rocblit.cpp              :623 : 4393350726659 us: [pid:4141128 tid: 0x7f70ed510200] HSA Copy Using Pinned resource size 33554432
:4:rocblit.cpp              :687 : 4393350726667 us: [pid:4141128 tid: 0x7f70ed510200] HSA Async Copy staged D2H
:4:rocblit.cpp              :503 : 4393350726674 us: [pid:4141128 tid: 0x7f70ed510200] Last copy mask 0x2
:4:rocblit.cpp              :520 : 4393350726678 us: [pid:4141128 tid: 0x7f70ed510200] HSA Async Copy on copy_engine=0x2, dst=0x7f70dd505400, src=0x7f6f91800000, size=33554432, forceSDMA=0, wait_event=0x0, completion_signal=0x7f70cd3ff280
:4:rocvirtual.cpp           :622 : 4393350726692 us: [pid:4141128 tid: 0x7f70ed510200] Host wait on completion_signal=0x7f70cd3ff280
:3:rocvirtual.hpp           :56  : 4393350726699 us: [pid:4141128 tid: 0x7f70ed510200] Host active wait for Signal = (0x7f70cd3ff280) for -1 ns
:4:rocmemory.cpp            :1018: 4393350738901 us: [pid:4141128 tid: 0x7f70ed510200] Locking to pool 0xcf48ae0, size 0x2001000, HostPtr = 0x7f70df505000, DevPtr = 0x7f70df505000
:4:rocblit.cpp              :623 : 4393350738929 us: [pid:4141128 tid: 0x7f70ed510200] HSA Copy Using Pinned resource size 33554432
:4:rocblit.cpp              :687 : 4393350738938 us: [pid:4141128 tid: 0x7f70ed510200] HSA Async Copy staged D2H
:4:rocblit.cpp              :503 : 4393350738945 us: [pid:4141128 tid: 0x7f70ed510200] Last copy mask 0x2
:4:rocblit.cpp              :520 : 4393350738950 us: [pid:4141128 tid: 0x7f70ed510200] HSA Async Copy on copy_engine=0x2, dst=0x7f70df505400, src=0x7f6f93800000, size=33554432, forceSDMA=0, wait_event=0x0, completion_signal=0x7f70cd3ff200
:4:rocvirtual.cpp           :622 : 4393350738962 us: [pid:4141128 tid: 0x7f70ed510200] Host wait on completion_signal=0x7f70cd3ff200
:3:rocvirtual.hpp           :56  : 4393350738970 us: [pid:4141128 tid: 0x7f70ed510200] Host active wait for Signal = (0x7f70cd3ff200) for -1 ns
:4:rocmemory.cpp            :1018: 4393350751647 us: [pid:4141128 tid: 0x7f70ed510200] Locking to pool 0xcf48ae0, size 0x2001000, HostPtr = 0x7f70e1505000, DevPtr = 0x7f70e1505000
:4:rocblit.cpp              :623 : 4393350751691 us: [pid:4141128 tid: 0x7f70ed510200] HSA Copy Using Pinned resource size 33554432
:4:rocblit.cpp              :687 : 4393350751700 us: [pid:4141128 tid: 0x7f70ed510200] HSA Async Copy staged D2H
:4:rocblit.cpp              :503 : 4393350751707 us: [pid:4141128 tid: 0x7f70ed510200] Last copy mask 0x2
:4:rocblit.cpp              :520 : 4393350751712 us: [pid:4141128 tid: 0x7f70ed510200] HSA Async Copy on copy_engine=0x2, dst=0x7f70e1505400, src=0x7f6f95800000, size=33554432, forceSDMA=0, wait_event=0x0, completion_signal=0x7f70cd3ff180
:4:rocvirtual.cpp           :622 : 4393350751726 us: [pid:4141128 tid: 0x7f70ed510200] Host wait on completion_signal=0x7f70cd3ff180
:3:rocvirtual.hpp           :56  : 4393350751734 us: [pid:4141128 tid: 0x7f70ed510200] Host active wait for Signal = (0x7f70cd3ff180) for -1 ns
:4:rocmemory.cpp            :1018: 4393350763992 us: [pid:4141128 tid: 0x7f70ed510200] Locking to pool 0xcf48ae0, size 0x2001000, HostPtr = 0x7f70e3505000, DevPtr = 0x7f70e3505000
:4:rocblit.cpp              :623 : 4393350764027 us: [pid:4141128 tid: 0x7f70ed510200] HSA Copy Using Pinned resource size 33554432
:4:rocblit.cpp              :687 : 4393350764035 us: [pid:4141128 tid: 0x7f70ed510200] HSA Async Copy staged D2H
:4:rocblit.cpp              :503 : 4393350764042 us: [pid:4141128 tid: 0x7f70ed510200] Last copy mask 0x2
:4:rocblit.cpp              :520 : 4393350764047 us: [pid:4141128 tid: 0x7f70ed510200] HSA Async Copy on copy_engine=0x2, dst=0x7f70e3505400, src=0x7f6f97800000, size=33554432, forceSDMA=0, wait_event=0x0, completion_signal=0x7f70cd3ff100
:4:rocvirtual.cpp           :622 : 4393350764060 us: [pid:4141128 tid: 0x7f70ed510200] Host wait on completion_signal=0x7f70cd3ff100
:3:rocvirtual.hpp           :56  : 4393350764067 us: [pid:4141128 tid: 0x7f70ed510200] Host active wait for Signal = (0x7f70cd3ff100) for -1 ns
:4:rocmemory.cpp            :1018: 4393350776795 us: [pid:4141128 tid: 0x7f70ed510200] Locking to pool 0xcf48ae0, size 0x2001000, HostPtr = 0x7f70e5505000, DevPtr = 0x7f70e5505000
:4:rocblit.cpp              :623 : 4393350776825 us: [pid:4141128 tid: 0x7f70ed510200] HSA Copy Using Pinned resource size 33554432
:4:rocblit.cpp              :687 : 4393350776834 us: [pid:4141128 tid: 0x7f70ed510200] HSA Async Copy staged D2H
:4:rocblit.cpp              :503 : 4393350776841 us: [pid:4141128 tid: 0x7f70ed510200] Last copy mask 0x2
:4:rocblit.cpp              :520 : 4393350776846 us: [pid:4141128 tid: 0x7f70ed510200] HSA Async Copy on copy_engine=0x2, dst=0x7f70e5505400, src=0x7f6f99800000, size=33554432, forceSDMA=0, wait_event=0x0, completion_signal=0x7f70cd3ff080
:4:rocvirtual.cpp           :622 : 4393350776860 us: [pid:4141128 tid: 0x7f70ed510200] Host wait on completion_signal=0x7f70cd3ff080
:3:rocvirtual.hpp           :56  : 4393350776868 us: [pid:4141128 tid: 0x7f70ed510200] Host active wait for Signal = (0x7f70cd3ff080) for -1 ns
:4:rocmemory.cpp            :1018: 4393350789414 us: [pid:4141128 tid: 0x7f70ed510200] Locking to pool 0xcf48ae0, size 0x2001000, HostPtr = 0x7f70e7505000, DevPtr = 0x7f70e7505000
:4:rocblit.cpp              :623 : 4393350789438 us: [pid:4141128 tid: 0x7f70ed510200] HSA Copy Using Pinned resource size 33554432
:4:rocblit.cpp              :687 : 4393350789446 us: [pid:4141128 tid: 0x7f70ed510200] HSA Async Copy staged D2H
:4:rocblit.cpp              :503 : 4393350789452 us: [pid:4141128 tid: 0x7f70ed510200] Last copy mask 0x2
:4:rocblit.cpp              :520 : 4393350789458 us: [pid:4141128 tid: 0x7f70ed510200] HSA Async Copy on copy_engine=0x2, dst=0x7f70e7505400, src=0x7f6f9b800000, size=33554432, forceSDMA=0, wait_event=0x0, completion_signal=0x7f70cd3ff000
:4:rocvirtual.cpp           :622 : 4393350789468 us: [pid:4141128 tid: 0x7f70ed510200] Host wait on completion_signal=0x7f70cd3ff000
:3:rocvirtual.hpp           :56  : 4393350789476 us: [pid:4141128 tid: 0x7f70ed510200] Host active wait for Signal = (0x7f70cd3ff000) for -1 ns
:4:rocmemory.cpp            :1018: 4393350801913 us: [pid:4141128 tid: 0x7f70ed510200] Locking to pool 0xcf48ae0, size 0x2001000, HostPtr = 0x7f70e9505000, DevPtr = 0x7f70e9505000
:4:rocblit.cpp              :623 : 4393350801937 us: [pid:4141128 tid: 0x7f70ed510200] HSA Copy Using Pinned resource size 33554432
:4:rocblit.cpp              :687 : 4393350801945 us: [pid:4141128 tid: 0x7f70ed510200] HSA Async Copy staged D2H
:4:rocblit.cpp              :503 : 4393350801952 us: [pid:4141128 tid: 0x7f70ed510200] Last copy mask 0x2
:4:rocblit.cpp              :520 : 4393350801957 us: [pid:4141128 tid: 0x7f70ed510200] HSA Async Copy on copy_engine=0x2, dst=0x7f70e9505400, src=0x7f6f9d800000, size=33554432, forceSDMA=0, wait_event=0x0, completion_signal=0x7f70cd3fef80
:4:rocvirtual.cpp           :622 : 4393350801968 us: [pid:4141128 tid: 0x7f70ed510200] Host wait on completion_signal=0x7f70cd3fef80
:3:rocvirtual.hpp           :56  : 4393350801984 us: [pid:4141128 tid: 0x7f70ed510200] Host active wait for Signal = (0x7f70cd3fef80) for -1 ns
:4:rocmemory.cpp            :1018: 4393350814658 us: [pid:4141128 tid: 0x7f70ed510200] Locking to pool 0xcf48ae0, size 0x2001000, HostPtr = 0x7f70eb505000, DevPtr = 0x7f70eb505000
:4:rocblit.cpp              :623 : 4393350814687 us: [pid:4141128 tid: 0x7f70ed510200] HSA Copy Using Pinned resource size 33554432
:4:rocblit.cpp              :687 : 4393350814698 us: [pid:4141128 tid: 0x7f70ed510200] HSA Async Copy staged D2H
:4:rocblit.cpp              :503 : 4393350814708 us: [pid:4141128 tid: 0x7f70ed510200] Last copy mask 0x2
:4:rocblit.cpp              :520 : 4393350814713 us: [pid:4141128 tid: 0x7f70ed510200] HSA Async Copy on copy_engine=0x2, dst=0x7f70eb505400, src=0x7f6f9f800000, size=33554432, forceSDMA=0, wait_event=0x0, completion_signal=0x7f70cd3fef00
:4:rocvirtual.cpp           :622 : 4393350814726 us: [pid:4141128 tid: 0x7f70ed510200] Host wait on completion_signal=0x7f70cd3fef00
:3:rocvirtual.hpp           :56  : 4393350814733 us: [pid:4141128 tid: 0x7f70ed510200] Host active wait for Signal = (0x7f70cd3fef00) for -1 ns
:4:commandqueue.cpp         :161 : 4393350815931 us: [pid:4141128 tid: 0x7f70ed510200] Marker queued to ensure finish
:4:command.cpp              :359 : 4393350815948 us: [pid:4141128 tid: 0x7f70ed510200] Command (InternalMarker) enqueued: 0xda0b470
:3:rocvirtual.cpp           :533 : 4393350815977 us: [pid:4141128 tid: 0x7f70ed510200] Set Handler: handle(0x7f70cd3fd680), timestamp(0xd86bda0)
:4:rocvirtual.cpp           :1147: 4393350815989 us: [pid:4141128 tid: 0x7f70ed510200] SWq=0x7f70cd4e8000, HWq=0x7f70ba400000, id=1, BarrierAND Header = 0x1503 (type=3, barrier=1, acquire=2, release=2), dep_signal=[0x0, 0x0, 0x0, 0x0, 0x0], completion_signal=0x7f70cd3fd680
:4:commandqueue.cpp         :184 : 4393350816017 us: [pid:4141128 tid: 0x7f70ed510200] All commands finished
:3:hip_memory.cpp           :796 : 4393350816024 us: [pid:4141128 tid: 0x7f70ed510200] hipMemcpy: Returned hipSuccess : : duration: 216561 us
:3:rocvirtual.cpp           :226 : 4393350816033 us: [pid:4141128 tid: 0x7f6f7d9ff6c0] Handler: value(0), timestamp(0xd7805c0), handle(0x7f70cd3fd680)
:4:command.cpp              :169 : 4393350816693 us: [pid:4141128 tid: 0x7f6f7d9ff6c0] Command 0xd89aa70 complete
:4:command.cpp              :163 : 4393350816712 us: [pid:4141128 tid: 0x7f6f7d9ff6c0] Command 0xda0b470 complete (Wall: 4393350816710, CPU: 0, GPU: 753 us)
:3:hip_memory.cpp           :772 : 4393357644792 us: [pid:4141128 tid: 0x7f70ed510200] [32m hipFree ( 0x7f6f81800000 ) [0m
:4:commandqueue.cpp         :167 : 4393357644832 us: [pid:4141128 tid: 0x7f70ed510200] HW Event not ready, awaiting completion instead
:4:commandqueue.cpp         :184 : 4393357644850 us: [pid:4141128 tid: 0x7f70ed510200] All commands finished
:4:rocdevice.cpp            :2388: 4393357646352 us: [pid:4141128 tid: 0x7f70ed510200] Free hsa memory 0x7f6f81800000
:3:rocdevice.cpp            :2411: 4393357646367 us: [pid:4141128 tid: 0x7f70ed510200] Device=0xd03c130, freeMem_ = 0xfff000000
:3:hip_memory.cpp           :774 : 4393357646376 us: [pid:4141128 tid: 0x7f70ed510200] hipFree: Returned hipSuccess : 
:4:rocdevice.cpp            :2388: 4393357668085 us: [pid:4141128 tid: 0x7f70ed510200] Free hsa memory (nil)
:3:rocdevice.cpp            :3254: 4393357668137 us: [pid:4141128 tid: 0x7f70ed510200] releaseQueue refCount:0x7f70ba400000 (0)
:4:rocdevice.cpp            :2388: 4393357668362 us: [pid:4141128 tid: 0x7f70ed510200] Free hsa memory 0x7f70ba200000
:4:rocdevice.cpp            :2388: 4393357669206 us: [pid:4141128 tid: 0x7f70ed510200] Free hsa memory 0x7f70b9c00000
:4:rocdevice.cpp            :2388: 4393357669919 us: [pid:4141128 tid: 0x7f70ed510200] Free hsa memory 0x7f70ba600000
:4:rocdevice.cpp            :2388: 4393357669986 us: [pid:4141128 tid: 0x7f70ed510200] Free hsa memory 0x7f70f7954000
:3:rocdevice.cpp            :278 : 4393357670009 us: [pid:4141128 tid: 0x7f70ed510200] Deleting hostcall buffer 0x7f70b8e00000 for hardware queue 0x7f70ba400000
:3:devhostcall.cpp          :460 : 4393357670033 us: [pid:4141128 tid: 0x7f70ed510200] Terminated hostcall listener
:4:rocdevice.cpp            :2388: 4393357671501 us: [pid:4141128 tid: 0x7f70ed510200] Free hsa memory 0x7f70b8e00000
:3:rocdevice.cpp            :283 : 4393357671524 us: [pid:4141128 tid: 0x7f70ed510200] Deleting hardware queue 0x7f70ba400000 with refCount 0
:4:rocdevice.cpp            :2388: 4393357676399 us: [pid:4141128 tid: 0x7f70ed510200] Free hsa memory 0x7f70bac00000
:4:rocdevice.cpp            :2388: 4393357676758 us: [pid:4141128 tid: 0x7f70ed510200] Free hsa memory 0x7f70b8a00000
:4:rocdevice.cpp            :2388: 4393357677060 us: [pid:4141128 tid: 0x7f70ed510200] Free hsa memory 0x7f6f6ac00000
