:3:rocdevice.cpp            :465 : 4393405247040 us: [pid:4147794 tid: 0x7f705fc40200] Initializing HSA stack.
:3:rocdevice.cpp            :551 : 4393407887270 us: [pid:4147794 tid: 0x7f705fc40200] Enumerated GPU agents = 1
:3:rocdevice.cpp            :230 : 4393407887383 us: [pid:4147794 tid: 0x7f705fc40200] Numa selects cpu agent[0]=0x11c2bd0(fine=0x1241270,coarse=0x1245ae0) for gpu agent=0x12ed910 CPU<->GPU XGMI=0
:3:rocsettings.cpp          :284 : 4393407887397 us: [pid:4147794 tid: 0x7f705fc40200] Using dev kernel arg wa = 0
:3:comgrctx.cpp             :33  : 4393407887411 us: [pid:4147794 tid: 0x7f705fc40200] Loading COMGR library.
:3:comgrctx.cpp             :128 : 4393407887467 us: [pid:4147794 tid: 0x7f705fc40200] Loaded COMGR library version 3.0.
:3:rocdevice.cpp            :1785: 4393407888626 us: [pid:4147794 tid: 0x7f705fc40200] Gfx Major/Minor/Stepping: 9/0/10
:3:rocdevice.cpp            :1787: 4393407888639 us: [pid:4147794 tid: 0x7f705fc40200] HMM support: 1, XNACK: 0, Direct host access: 0
:3:rocdevice.cpp            :1789: 4393407888648 us: [pid:4147794 tid: 0x7f705fc40200] Max SDMA Read Mask: 0x1e, Max SDMA Write Mask: 0x1f
:4:rocdevice.cpp            :2210: 4393407889111 us: [pid:4147794 tid: 0x7f705fc40200] Allocate hsa host memory 0x7f704d000000, size 0x100000, numa_node = 0
:4:rocdevice.cpp            :2210: 4393407935474 us: [pid:4147794 tid: 0x7f705fc40200] Allocate hsa host memory 0x7f704ca00000, size 0x400000, numa_node = 0
:4:rocdevice.cpp            :2210: 4393407935681 us: [pid:4147794 tid: 0x7f705fc40200] Allocate hsa host memory 0x7f7069dba000, size 0x38, numa_node = 0
:3:hip_context.cpp          :54  : 4393407936208 us: [pid:4147794 tid: 0x7f705fc40200] Direct Dispatch: 1
:3:hip_fatbin.cpp           :427 : 4393407936444 us: [pid:4147794 tid: 0x7f705fc40200] Searching for code objects, HIP_FORCE_SPIRV_CODEOBJECT: 0
:3:hip_fatbin.cpp           :435 : 4393407936725 us: [pid:4147794 tid: 0x7f705fc40200] Using Native code object: gfx90a:sramecc+:xnack-
:3:hip_memory.cpp           :756 : 4393407936792 us: [pid:4147794 tid: 0x7f705fc40200] [32m hipMalloc ( 0x7ffd041e4a28, 192 ) [0m
:4:rocdevice.cpp            :2371: 4393407936882 us: [pid:4147794 tid: 0x7f705fc40200] Allocate hsa device memory 0x7f704c600000, size 0xc0, hsa_mem_flags 0x0h
:3:rocdevice.cpp            :2411: 4393407938222 us: [pid:4147794 tid: 0x7f705fc40200] Device=0x13362c0, freeMem_ = 0xffeffff40
:3:hip_memory.cpp           :758 : 4393407938243 us: [pid:4147794 tid: 0x7f705fc40200] hipMalloc: Returned hipSuccess : 0x7f704c600000: duration: 1451 us
:3:hip_memory.cpp           :3476: 4393407938256 us: [pid:4147794 tid: 0x7f705fc40200] [32m hipMemset ( 0x7f704c600000, 0, 192 ) [0m
:3:rocdevice.cpp            :3048: 4393407938288 us: [pid:4147794 tid: 0x7f705fc40200] Number of allocated hardware queues with low priority: 0, with normal priority: 0, with high priority: 0, maximum per priority is: 4
:3:rocdevice.cpp            :3129: 4393407951347 us: [pid:4147794 tid: 0x7f705fc40200] Created SWq=0x7f705fc2a000 to map on HWq=0x7f704c400000 with size 16384 with priority 1, cooperative: 0
:3:rocdevice.cpp            :3222: 4393407951395 us: [pid:4147794 tid: 0x7f705fc40200] acquireQueue refCount: 0x7f704c400000 (1)
:4:rocdevice.cpp            :2210: 4393407951817 us: [pid:4147794 tid: 0x7f705fc40200] Allocate hsa host memory 0x7f704c200000, size 0x100000, numa_node = 0
:3:devprogram.cpp           :2658: 4393408296680 us: [pid:4147794 tid: 0x7f705fc40200] Using Code Object V5.
:4:rocdevice.cpp            :2210: 4393408992667 us: [pid:4147794 tid: 0x7f705fc40200] Allocate hsa host memory 0x7f6f1f200000, size 0x400000, numa_node = 0
:4:command.cpp              :359 : 4393408992792 us: [pid:4147794 tid: 0x7f705fc40200] Command (FillBuffer) enqueued: 0x174dec0
:3:rocvirtual.cpp           :762 : 4393408992806 us: [pid:4147794 tid: 0x7f705fc40200] Arg0: void* buf = ptr:0x7f704c600000
:3:rocvirtual.cpp           :778 : 4393408992811 us: [pid:4147794 tid: 0x7f705fc40200] Arg0: void* buf = ptr:0x7f704c600000 obj:[0x7f704c600000-0x7f704c6000c0]
:3:rocvirtual.cpp           :762 : 4393408992823 us: [pid:4147794 tid: 0x7f705fc40200] Arg1: uchar* pattern = ptr:0x7f704c200000
:3:rocvirtual.cpp           :853 : 4393408992830 us: [pid:4147794 tid: 0x7f705fc40200] Arg2: uint pattern_size = val:1
:3:rocvirtual.cpp           :853 : 4393408992836 us: [pid:4147794 tid: 0x7f705fc40200] Arg3: uint alignment = val:16
:3:rocvirtual.cpp           :853 : 4393408993311 us: [pid:4147794 tid: 0x7f705fc40200] Arg4: ulong end_ptr = val:140120294424768
:3:rocvirtual.cpp           :853 : 4393408993324 us: [pid:4147794 tid: 0x7f705fc40200] Arg5: uint next_chunk = val:256
:3:rocvirtual.cpp           :3236: 4393408993341 us: [pid:4147794 tid: 0x7f705fc40200] ShaderName : __amd_rocclr_fillBufferAligned
:3:rocvirtual.cpp           :3449: 4393408993350 us: [pid:4147794 tid: 0x7f705fc40200] KernargSegmentByteSize = 296 KernargSegmentAlignment = 128
:4:rocvirtual.cpp           :965 : 4393408993369 us: [pid:4147794 tid: 0x7f705fc40200] SWq=0x7f705fc2a000, HWq=0x7f704c400000, id=1, Dispatch Header = 0xb02 (type=2, barrier=1, acquire=1, release=1), setup=1, grid=[256, 1, 1], workgroup=[256, 1, 1], private_seg_size=0, group_seg_size=0, kernel_obj=0x7f705fc15d40, kernarg_address=0x7f704c200100, completion_signal=0x0, correlation_id=0, rptr=0, wptr=0
:3:hip_memory.cpp           :3477: 4393408993386 us: [pid:4147794 tid: 0x7f705fc40200] hipMemset: Returned hipSuccess : 
:3:hip_device_runtime.cpp   :641 : 4393408993395 us: [pid:4147794 tid: 0x7f705fc40200] [32m hipDeviceSynchronize (  ) [0m
:4:commandqueue.cpp         :161 : 4393408993751 us: [pid:4147794 tid: 0x7f705fc40200] Marker queued to ensure finish
:4:command.cpp              :359 : 4393408993759 us: [pid:4147794 tid: 0x7f705fc40200] Command (InternalMarker) enqueued: 0x1c9fa50
:3:rocvirtual.cpp           :533 : 4393408993798 us: [pid:4147794 tid: 0x7f705fc40200] Set Handler: handle(0x7f705f7fd600), timestamp(0x1a69a70)
:4:rocvirtual.cpp           :1147: 4393408993809 us: [pid:4147794 tid: 0x7f705fc40200] SWq=0x7f705fc2a000, HWq=0x7f704c400000, id=1, BarrierAND Header = 0x1503 (type=3, barrier=1, acquire=2, release=2), dep_signal=[0x0, 0x0, 0x0, 0x0, 0x0], completion_signal=0x7f705f7fd600
:4:commandqueue.cpp         :184 : 4393408993822 us: [pid:4147794 tid: 0x7f705fc40200] All commands finished
:3:hip_device_runtime.cpp   :645 : 4393408993841 us: [pid:4147794 tid: 0x7f705fc40200] hipDeviceSynchronize: Returned hipSuccess : 
:3:hip_platform.cpp         :237 : 4393408993862 us: [pid:4147794 tid: 0x7f705fc40200] [32m __hipPushCallConfiguration ( {1,1,1}, {16,16,1}, 0, stream:<null> ) [0m
:3:hip_platform.cpp         :241 : 4393408993874 us: [pid:4147794 tid: 0x7f705fc40200] __hipPushCallConfiguration: Returned hipSuccess : 
:3:rocvirtual.cpp           :226 : 4393408993864 us: [pid:4147794 tid: 0x7f6f31bff6c0] Handler: value(0), timestamp(0x1aa2cd0), handle(0x7f705f7fd600)
:3:hip_platform.cpp         :246 : 4393408993894 us: [pid:4147794 tid: 0x7f705fc40200] [32m __hipPopCallConfiguration ( {69094312,32765,0}, {1779251282,32624,16}, 0x7ffd041e4920, 0x7ffd041e4918 ) [0m
:4:command.cpp              :169 : 4393408994335 us: [pid:4147794 tid: 0x7f6f31bff6c0] Command 0x174dec0 complete
:3:hip_platform.cpp         :255 : 4393408994352 us: [pid:4147794 tid: 0x7f705fc40200] __hipPopCallConfiguration: Returned hipSuccess : 
:4:command.cpp              :163 : 4393408994369 us: [pid:4147794 tid: 0x7f6f31bff6c0] Command 0x1c9fa50 complete (Wall: 4393408994367, CPU: 0, GPU: 586 us)
:3:hip_module.cpp           :744 : 4393408994411 us: [pid:4147794 tid: 0x7f705fc40200] [32m hipLaunchKernel ( 0x200d38, {1,1,1}, {16,16,1}, 0x7ffd041e48d0, 0, stream:<null> ) [0m
:3:devprogram.cpp           :2658: 4393408995075 us: [pid:4147794 tid: 0x7f705fc40200] Using Code Object V5.
:4:command.cpp              :359 : 4393408995851 us: [pid:4147794 tid: 0x7f705fc40200] Command (KernelExecution) enqueued: 0x19eacf0
:3:rocvirtual.cpp           :762 : 4393408995873 us: [pid:4147794 tid: 0x7f705fc40200] Arg0:   = ptr:0x7f704c600000
:3:rocvirtual.cpp           :778 : 4393408995879 us: [pid:4147794 tid: 0x7f705fc40200] Arg0:   = ptr:0x7f704c600000 obj:[0x7f704c600000-0x7f704c6000c0]
:3:rocvirtual.cpp           :853 : 4393408995893 us: [pid:4147794 tid: 0x7f705fc40200] Arg1:   = val:8
:3:rocvirtual.cpp           :853 : 4393408995904 us: [pid:4147794 tid: 0x7f705fc40200] Arg2:   = val:4
:3:rocvirtual.cpp           :853 : 4393408995908 us: [pid:4147794 tid: 0x7f705fc40200] Arg3:   = val:1176666112
:3:rocvirtual.cpp           :853 : 4393408995912 us: [pid:4147794 tid: 0x7f705fc40200] Arg4:   = val:1176256512
:3:rocvirtual.cpp           :3236: 4393408995929 us: [pid:4147794 tid: 0x7f705fc40200] ShaderName : color(unsigned char*, int, int, float, float)
:4:rocdevice.cpp            :2210: 4393413144169 us: [pid:4147794 tid: 0x7f705fc40200] Allocate hsa host memory 0x7f6f1e400000, size 0xd13838, numa_node = 0
:3:rocdevice.cpp            :3322: 4393413145390 us: [pid:4147794 tid: 0x7f705fc40200] Created hostcall buffer 0x7f6f1e400000 for hardware queue 0x7f704c400000
:4:rocsignal.cpp            :38  : 4393413145832 us: [pid:4147794 tid: 0x7f705fc40200] Initialize Hostcall signal=0x7f705f7fd380
:3:devhostcall.cpp          :428 : 4393413145954 us: [pid:4147794 tid: 0x7f705fc40200] Launched hostcall listener at 0x18c66c0
:3:devhostcall.cpp          :441 : 4393413145969 us: [pid:4147794 tid: 0x7f705fc40200] Registered hostcall buffer 0x7f6f1e400000 with listener 0x18c66c0
:4:rocdevice.cpp            :2371: 4393413146000 us: [pid:4147794 tid: 0x7f705fc40200] Allocate hsa device memory 0x7f704c601000, size 0x20000, hsa_mem_flags 0x0h
:4:rocdevice.cpp            :2371: 4393413146463 us: [pid:4147794 tid: 0x7f705fc40200] Allocate hsa device memory 0x7f6f1da00000, size 0x800000, hsa_mem_flags 0x0h
:3:rocvirtual.cpp           :853 : 4393413146871 us: [pid:4147794 tid: 0x7f705fc40200] Arg0: ulong heap_to_initialize = val:140120294428672
:3:rocvirtual.cpp           :853 : 4393413146881 us: [pid:4147794 tid: 0x7f705fc40200] Arg1: ulong initial_blocks = val:140115215122432
:3:rocvirtual.cpp           :853 : 4393413146897 us: [pid:4147794 tid: 0x7f705fc40200] Arg2: uint heap_size = val:131072
:3:rocvirtual.cpp           :853 : 4393413146902 us: [pid:4147794 tid: 0x7f705fc40200] Arg3: uint number_of_initial_blocks = val:4
:3:rocvirtual.cpp           :3236: 4393413146920 us: [pid:4147794 tid: 0x7f705fc40200] ShaderName : __amd_rocclr_initHeap
:3:rocvirtual.cpp           :3449: 4393413147366 us: [pid:4147794 tid: 0x7f705fc40200] KernargSegmentByteSize = 24 KernargSegmentAlignment = 128
:4:rocvirtual.cpp           :965 : 4393413147378 us: [pid:4147794 tid: 0x7f705fc40200] SWq=0x7f705fc2a000, HWq=0x7f704c400000, id=1, Dispatch Header = 0xb02 (type=2, barrier=1, acquire=1, release=1), setup=1, grid=[256, 1, 1], workgroup=[256, 1, 1], private_seg_size=0, group_seg_size=0, kernel_obj=0x7f705fc160c0, kernarg_address=0x7f704c200280, completion_signal=0x0, correlation_id=0, rptr=2, wptr=2
:4:rocvirtual.cpp           :1147: 4393413147405 us: [pid:4147794 tid: 0x7f705fc40200] SWq=0x7f705fc2a000, HWq=0x7f704c400000, id=1, BarrierAND Header = 0x1503 (type=3, barrier=1, acquire=2, release=2), dep_signal=[0x0, 0x0, 0x0, 0x0, 0x0], completion_signal=0x7f705f7ff700
:4:rocvirtual.cpp           :622 : 4393413147424 us: [pid:4147794 tid: 0x7f705fc40200] Host wait on completion_signal=0x7f705f7ff700
:3:rocvirtual.hpp           :56  : 4393413147432 us: [pid:4147794 tid: 0x7f705fc40200] Host active wait for Signal = (0x7f705f7ff700) for -1 ns
:3:rocvirtual.cpp           :3449: 4393413156158 us: [pid:4147794 tid: 0x7f705fc40200] KernargSegmentByteSize = 280 KernargSegmentAlignment = 128
:4:rocvirtual.cpp           :965 : 4393413156584 us: [pid:4147794 tid: 0x7f705fc40200] SWq=0x7f705fc2a000, HWq=0x7f704c400000, id=1, Dispatch Header = 0xb02 (type=2, barrier=1, acquire=1, release=1), setup=3, grid=[16, 16, 1], workgroup=[16, 16, 1], private_seg_size=1024, group_seg_size=0, kernel_obj=0x7f705f910a80, kernarg_address=0x7f704c200000, completion_signal=0x0, correlation_id=0, rptr=4, wptr=4
:3:hip_module.cpp           :745 : 4393413156605 us: [pid:4147794 tid: 0x7f705fc40200] hipLaunchKernel: Returned hipSuccess : : duration: 4162194 us
:3:hip_device_runtime.cpp   :641 : 4393413156621 us: [pid:4147794 tid: 0x7f705fc40200] [32m hipDeviceSynchronize (  ) [0m
:4:commandqueue.cpp         :161 : 4393413156628 us: [pid:4147794 tid: 0x7f705fc40200] Marker queued to ensure finish
:4:command.cpp              :359 : 4393413156635 us: [pid:4147794 tid: 0x7f705fc40200] Command (InternalMarker) enqueued: 0x1c9fa50
:3:rocvirtual.cpp           :533 : 4393413156659 us: [pid:4147794 tid: 0x7f705fc40200] Set Handler: handle(0x7f705f7fd680), timestamp(0x1a6af70)
:4:rocvirtual.cpp           :1147: 4393413156668 us: [pid:4147794 tid: 0x7f705fc40200] SWq=0x7f705fc2a000, HWq=0x7f704c400000, id=1, BarrierAND Header = 0x1503 (type=3, barrier=1, acquire=2, release=2), dep_signal=[0x0, 0x0, 0x0, 0x0, 0x0], completion_signal=0x7f705f7fd680
:3:rocvirtual.hpp           :56  : 4393413156678 us: [pid:4147794 tid: 0x7f705fc40200] Host active wait for Signal = (0x7f705f7fd680) for -1 ns
:4:commandqueue.cpp         :184 : 4393413157241 us: [pid:4147794 tid: 0x7f705fc40200] All commands finished
:3:hip_device_runtime.cpp   :645 : 4393413157251 us: [pid:4147794 tid: 0x7f705fc40200] hipDeviceSynchronize: Returned hipSuccess : 
:3:rocvirtual.cpp           :226 : 4393413157278 us: [pid:4147794 tid: 0x7f6f31bff6c0] Handler: value(0), timestamp(0x1a6de90), handle(0x7f705f7fd680)
:4:command.cpp              :169 : 4393413157764 us: [pid:4147794 tid: 0x7f6f31bff6c0] Command 0x19eacf0 complete
:3:hip_memory.cpp           :795 : 4393413157284 us: [pid:4147794 tid: 0x7f705fc40200] [32m hipMemcpy ( 0x1239c40, 0x7f704c600000, 192, hipMemcpyDeviceToHost ) [0m
:4:command.cpp              :163 : 4393413157778 us: [pid:4147794 tid: 0x7f6f31bff6c0] Command 0x1c9fa50 complete (Wall: 4393413157776, CPU: 0, GPU: 1125 us)
:4:command.cpp              :359 : 4393413157796 us: [pid:4147794 tid: 0x7f705fc40200] Command (CopyDeviceToHost) enqueued: 0x1b92b70
:4:rocblit.cpp              :1673: 4393413157819 us: [pid:4147794 tid: 0x7f705fc40200] Unpinned read path, Async = 0
:4:rocblit.cpp              :1702: 4393413158146 us: [pid:4147794 tid: 0x7f705fc40200] Blit staging D2H copy stg buf=0x7f704d000000, src=0x7f704c600000, dstOrigin=0x0, size=192
:3:rocvirtual.cpp           :762 : 4393413158155 us: [pid:4147794 tid: 0x7f705fc40200] Arg0: uchar* src = ptr:0x7f704c600000
:3:rocvirtual.cpp           :762 : 4393413158160 us: [pid:4147794 tid: 0x7f705fc40200] Arg1: uchar* dst = ptr:0x7f704d000000
:3:rocvirtual.cpp           :853 : 4393413158165 us: [pid:4147794 tid: 0x7f705fc40200] Arg2: ulong size = val:192
:3:rocvirtual.cpp           :853 : 4393413158169 us: [pid:4147794 tid: 0x7f705fc40200] Arg3: uint remainder = val:0
:3:rocvirtual.cpp           :853 : 4393413158174 us: [pid:4147794 tid: 0x7f705fc40200] Arg4: uint aligned_size = val:16
:3:rocvirtual.cpp           :853 : 4393413158178 us: [pid:4147794 tid: 0x7f705fc40200] Arg5: ulong end_ptr = val:140120304910528
:3:rocvirtual.cpp           :853 : 4393413158199 us: [pid:4147794 tid: 0x7f705fc40200] Arg6: uint next_chunk = val:512
:3:rocvirtual.cpp           :3236: 4393413158205 us: [pid:4147794 tid: 0x7f705fc40200] ShaderName : __amd_rocclr_copyBuffer
:3:rocvirtual.cpp           :3449: 4393413158210 us: [pid:4147794 tid: 0x7f705fc40200] KernargSegmentByteSize = 304 KernargSegmentAlignment = 128
:4:rocvirtual.cpp           :965 : 4393413158219 us: [pid:4147794 tid: 0x7f705fc40200] SWq=0x7f705fc2a000, HWq=0x7f704c400000, id=1, Dispatch Header = 0x1502 (type=2, barrier=1, acquire=2, release=2), setup=1, grid=[512, 1, 1], workgroup=[512, 1, 1], private_seg_size=0, group_seg_size=0, kernel_obj=0x7f705fc15dc0, kernarg_address=0x7f704c200180, completion_signal=0x7f705f7ff600, correlation_id=0, rptr=6, wptr=6
:4:rocvirtual.cpp           :622 : 4393413158234 us: [pid:4147794 tid: 0x7f705fc40200] Host wait on completion_signal=0x7f705f7ff600
:4:rocblit.cpp              :1716: 4393413158250 us: [pid:4147794 tid: 0x7f705fc40200] memcpy host dst=0x1239c40, stg buf=0x7f704d000000, size=192
:4:commandqueue.cpp         :161 : 4393413158262 us: [pid:4147794 tid: 0x7f705fc40200] Marker queued to ensure finish
:4:command.cpp              :359 : 4393413158266 us: [pid:4147794 tid: 0x7f705fc40200] Command (InternalMarker) enqueued: 0x16b08f0
:3:rocvirtual.cpp           :533 : 4393413158279 us: [pid:4147794 tid: 0x7f705fc40200] Set Handler: handle(0x7f705f7fd700), timestamp(0x1a6ae60)
:4:rocvirtual.cpp           :1147: 4393413158712 us: [pid:4147794 tid: 0x7f705fc40200] SWq=0x7f705fc2a000, HWq=0x7f704c400000, id=1, BarrierAND Header = 0x1503 (type=3, barrier=1, acquire=2, release=2), dep_signal=[0x0, 0x0, 0x0, 0x0, 0x0], completion_signal=0x7f705f7fd700
:4:commandqueue.cpp         :184 : 4393413158722 us: [pid:4147794 tid: 0x7f705fc40200] All commands finished
:3:hip_memory.cpp           :796 : 4393413158727 us: [pid:4147794 tid: 0x7f705fc40200] hipMemcpy: Returned hipSuccess : : duration: 1443 us
:3:rocvirtual.cpp           :226 : 4393413158738 us: [pid:4147794 tid: 0x7f6f31bff6c0] Handler: value(0), timestamp(0x1a6de20), handle(0x7f705f7fd700)
:4:command.cpp              :169 : 4393413158761 us: [pid:4147794 tid: 0x7f6f31bff6c0] Command 0x1b92b70 complete
:4:command.cpp              :163 : 4393413158768 us: [pid:4147794 tid: 0x7f6f31bff6c0] Command 0x16b08f0 complete (Wall: 4393413158766, CPU: 0, GPU: 493 us)
:3:hip_memory.cpp           :772 : 4393413158802 us: [pid:4147794 tid: 0x7f705fc40200] [32m hipFree ( 0x7f704c600000 ) [0m
:4:commandqueue.cpp         :167 : 4393413159237 us: [pid:4147794 tid: 0x7f705fc40200] HW Event not ready, awaiting completion instead
:4:commandqueue.cpp         :184 : 4393413159248 us: [pid:4147794 tid: 0x7f705fc40200] All commands finished
:4:rocdevice.cpp            :2388: 4393413159270 us: [pid:4147794 tid: 0x7f705fc40200] Free hsa memory 0x7f704c600000
:3:rocdevice.cpp            :2411: 4393413159275 us: [pid:4147794 tid: 0x7f705fc40200] Device=0x13362c0, freeMem_ = 0xfff000000
:3:hip_memory.cpp           :774 : 4393413159281 us: [pid:4147794 tid: 0x7f705fc40200] hipFree: Returned hipSuccess : 
:4:rocdevice.cpp            :2388: 4393413160074 us: [pid:4147794 tid: 0x7f705fc40200] Free hsa memory (nil)
:3:rocdevice.cpp            :3254: 4393413160095 us: [pid:4147794 tid: 0x7f705fc40200] releaseQueue refCount:0x7f704c400000 (0)
:4:rocdevice.cpp            :2388: 4393413160340 us: [pid:4147794 tid: 0x7f705fc40200] Free hsa memory 0x7f704c200000
:4:rocdevice.cpp            :2388: 4393413161121 us: [pid:4147794 tid: 0x7f705fc40200] Free hsa memory 0x7f6f1f200000
:4:rocdevice.cpp            :2388: 4393413161633 us: [pid:4147794 tid: 0x7f705fc40200] Free hsa memory 0x7f704ca00000
:4:rocdevice.cpp            :2388: 4393413161717 us: [pid:4147794 tid: 0x7f705fc40200] Free hsa memory 0x7f7069dba000
:3:rocdevice.cpp            :278 : 4393413161726 us: [pid:4147794 tid: 0x7f705fc40200] Deleting hostcall buffer 0x7f6f1e400000 for hardware queue 0x7f704c400000
:3:devhostcall.cpp          :460 : 4393413162274 us: [pid:4147794 tid: 0x7f705fc40200] Terminated hostcall listener
:4:rocdevice.cpp            :2388: 4393413164291 us: [pid:4147794 tid: 0x7f705fc40200] Free hsa memory 0x7f6f1e400000
:3:rocdevice.cpp            :283 : 4393413164342 us: [pid:4147794 tid: 0x7f705fc40200] Deleting hardware queue 0x7f704c400000 with refCount 0
:4:rocdevice.cpp            :2388: 4393413170373 us: [pid:4147794 tid: 0x7f705fc40200] Free hsa memory 0x7f704d000000
:4:rocdevice.cpp            :2388: 4393413170771 us: [pid:4147794 tid: 0x7f705fc40200] Free hsa memory 0x7f704c601000
:4:rocdevice.cpp            :2388: 4393413171060 us: [pid:4147794 tid: 0x7f705fc40200] Free hsa memory 0x7f6f1da00000
