:3:rocdevice.cpp            :465 : 4394513009068 us: [pid:69947 tid: 0x7f75aa67d200] Initializing HSA stack.
:3:rocdevice.cpp            :551 : 4394513115191 us: [pid:69947 tid: 0x7f75aa67d200] Enumerated GPU agents = 1
:3:rocdevice.cpp            :230 : 4394513115285 us: [pid:69947 tid: 0x7f75aa67d200] Numa selects cpu agent[0]=0x1c50fbd0(fine=0x1c595c70,coarse=0x1c5966f0) for gpu agent=0x1c5c1cc0 CPU<->GPU XGMI=0
:3:rocsettings.cpp          :284 : 4394513115303 us: [pid:69947 tid: 0x7f75aa67d200] Using dev kernel arg wa = 0
:3:comgrctx.cpp             :33  : 4394513115310 us: [pid:69947 tid: 0x7f75aa67d200] Loading COMGR library.
:3:comgrctx.cpp             :128 : 4394513115369 us: [pid:69947 tid: 0x7f75aa67d200] Loaded COMGR library version 3.0.
:3:rocdevice.cpp            :1785: 4394513115962 us: [pid:69947 tid: 0x7f75aa67d200] Gfx Major/Minor/Stepping: 9/0/10
:3:rocdevice.cpp            :1787: 4394513116024 us: [pid:69947 tid: 0x7f75aa67d200] HMM support: 1, XNACK: 0, Direct host access: 0
:3:rocdevice.cpp            :1789: 4394513116034 us: [pid:69947 tid: 0x7f75aa67d200] Max SDMA Read Mask: 0x1e, Max SDMA Write Mask: 0x1f
:4:rocdevice.cpp            :2210: 4394513116395 us: [pid:69947 tid: 0x7f75aa67d200] Allocate hsa host memory 0x7f7577a00000, size 0x100000, numa_node = 0
:4:rocdevice.cpp            :2210: 4394513155749 us: [pid:69947 tid: 0x7f75aa67d200] Allocate hsa host memory 0x7f7577400000, size 0x400000, numa_node = 0
:4:rocdevice.cpp            :2210: 4394513156018 us: [pid:69947 tid: 0x7f75aa67d200] Allocate hsa host memory 0x7f75b47ee000, size 0x38, numa_node = 0
:3:hip_context.cpp          :54  : 4394513156423 us: [pid:69947 tid: 0x7f75aa67d200] Direct Dispatch: 1
:3:hip_fatbin.cpp           :427 : 4394513156598 us: [pid:69947 tid: 0x7f75aa67d200] Searching for code objects, HIP_FORCE_SPIRV_CODEOBJECT: 0
:3:hip_fatbin.cpp           :435 : 4394513156908 us: [pid:69947 tid: 0x7f75aa67d200] Using Native code object: gfx90a:sramecc+:xnack-
:3:hip_memory.cpp           :756 : 4394513156955 us: [pid:69947 tid: 0x7f75aa67d200] [32m hipMalloc ( 0x7ffe79226030, 536870912 ) [0m
:4:rocdevice.cpp            :2371: 4394513157067 us: [pid:69947 tid: 0x7f75aa67d200] Allocate hsa device memory 0x7f743d400000, size 0x20000000, hsa_mem_flags 0x0h
:3:rocdevice.cpp            :2411: 4394513157451 us: [pid:69947 tid: 0x7f75aa67d200] Device=0x1c682e90, freeMem_ = 0xfdf000000
:3:hip_memory.cpp           :758 : 4394513157461 us: [pid:69947 tid: 0x7f75aa67d200] hipMalloc: Returned hipSuccess : 0x7f743d400000: duration: 506 us
:3:hip_platform.cpp         :237 : 4394513157479 us: [pid:69947 tid: 0x7f75aa67d200] [32m __hipPushCallConfiguration ( {262144,1,1}, {256,1,1}, 0, stream:<null> ) [0m
:3:hip_platform.cpp         :241 : 4394513157488 us: [pid:69947 tid: 0x7f75aa67d200] __hipPushCallConfiguration: Returned hipSuccess : 
:3:hip_platform.cpp         :246 : 4394513157499 us: [pid:69947 tid: 0x7f75aa67d200] [32m __hipPopCallConfiguration ( {0,0,2032296392}, {256,1,2032296360}, 0x7ffe79225f08, 0x7ffe79225f00 ) [0m
:3:hip_platform.cpp         :255 : 4394513157508 us: [pid:69947 tid: 0x7f75aa67d200] __hipPopCallConfiguration: Returned hipSuccess : 
:3:hip_module.cpp           :744 : 4394513157961 us: [pid:69947 tid: 0x7f75aa67d200] [32m hipLaunchKernel ( 0x200c70, {262144,1,1}, {256,1,1}, 0x7ffe79225ed0, 0, stream:<null> ) [0m
:3:devprogram.cpp           :2658: 4394513158211 us: [pid:69947 tid: 0x7f75aa67d200] Using Code Object V5.
:3:rocdevice.cpp            :3048: 4394513164390 us: [pid:69947 tid: 0x7f75aa67d200] Number of allocated hardware queues with low priority: 0, with normal priority: 0, with high priority: 0, maximum per priority is: 4
:3:rocdevice.cpp            :3129: 4394513169916 us: [pid:69947 tid: 0x7f75aa67d200] Created SWq=0x7f75aa656000 to map on HWq=0x7f7577200000 with size 16384 with priority 1, cooperative: 0
:3:rocdevice.cpp            :3222: 4394513169942 us: [pid:69947 tid: 0x7f75aa67d200] acquireQueue refCount: 0x7f7577200000 (1)
:4:rocdevice.cpp            :2210: 4394513170331 us: [pid:69947 tid: 0x7f75aa67d200] Allocate hsa host memory 0x7f7577000000, size 0x100000, numa_node = 0
:3:devprogram.cpp           :2658: 4394513518012 us: [pid:69947 tid: 0x7f75aa67d200] Using Code Object V5.
:4:rocdevice.cpp            :2210: 4394514349479 us: [pid:69947 tid: 0x7f75aa67d200] Allocate hsa host memory 0x7f7576a00000, size 0x400000, numa_node = 0
:4:command.cpp              :359 : 4394514349692 us: [pid:69947 tid: 0x7f75aa67d200] Command (KernelExecution) enqueued: 0x1cc4c3f0
:3:rocvirtual.cpp           :762 : 4394514350302 us: [pid:69947 tid: 0x7f75aa67d200] Arg0:   = ptr:0x7f743d400000
:3:rocvirtual.cpp           :778 : 4394514350311 us: [pid:69947 tid: 0x7f75aa67d200] Arg0:   = ptr:0x7f743d400000 obj:[0x7f743d400000-0x7f745d400000]
:3:rocvirtual.cpp           :853 : 4394514350320 us: [pid:69947 tid: 0x7f75aa67d200] Arg1:   = val:67108864
:3:rocvirtual.cpp           :3236: 4394514350338 us: [pid:69947 tid: 0x7f75aa67d200] ShaderName : initTable(unsigned long long*, unsigned long long)
:4:rocdevice.cpp            :2210: 4394517652660 us: [pid:69947 tid: 0x7f75aa67d200] Allocate hsa host memory 0x7f7575c00000, size 0xd13838, numa_node = 0
:3:rocdevice.cpp            :3322: 4394517652938 us: [pid:69947 tid: 0x7f75aa67d200] Created hostcall buffer 0x7f7575c00000 for hardware queue 0x7f7577200000
:4:rocsignal.cpp            :38  : 4394517653640 us: [pid:69947 tid: 0x7f75aa67d200] Initialize Hostcall signal=0x7f758a1fd380
:3:devhostcall.cpp          :428 : 4394517653800 us: [pid:69947 tid: 0x7f75aa67d200] Launched hostcall listener at 0x1cd1ac10
:3:devhostcall.cpp          :441 : 4394517653806 us: [pid:69947 tid: 0x7f75aa67d200] Registered hostcall buffer 0x7f7575c00000 with listener 0x1cd1ac10
:4:rocdevice.cpp            :2371: 4394517653878 us: [pid:69947 tid: 0x7f75aa67d200] Allocate hsa device memory 0x7f7575800000, size 0x20000, hsa_mem_flags 0x0h
:4:rocdevice.cpp            :2371: 4394517654268 us: [pid:69947 tid: 0x7f75aa67d200] Allocate hsa device memory 0x7f7574e00000, size 0x800000, hsa_mem_flags 0x0h
:3:rocvirtual.cpp           :853 : 4394517654286 us: [pid:69947 tid: 0x7f75aa67d200] Arg0: ulong heap_to_initialize = val:140142459224064
:3:rocvirtual.cpp           :853 : 4394517654299 us: [pid:69947 tid: 0x7f75aa67d200] Arg1: ulong initial_blocks = val:140142448738304
:3:rocvirtual.cpp           :853 : 4394517654309 us: [pid:69947 tid: 0x7f75aa67d200] Arg2: uint heap_size = val:131072
:3:rocvirtual.cpp           :853 : 4394517654315 us: [pid:69947 tid: 0x7f75aa67d200] Arg3: uint number_of_initial_blocks = val:4
:3:rocvirtual.cpp           :3236: 4394517654334 us: [pid:69947 tid: 0x7f75aa67d200] ShaderName : __amd_rocclr_initHeap
:3:rocvirtual.cpp           :3449: 4394517654765 us: [pid:69947 tid: 0x7f75aa67d200] KernargSegmentByteSize = 24 KernargSegmentAlignment = 128
:4:rocvirtual.cpp           :965 : 4394517654790 us: [pid:69947 tid: 0x7f75aa67d200] SWq=0x7f75aa656000, HWq=0x7f7577200000, id=1, Dispatch Header = 0xb02 (type=2, barrier=1, acquire=1, release=1), setup=1, grid=[256, 1, 1], workgroup=[256, 1, 1], private_seg_size=0, group_seg_size=0, kernel_obj=0x7f75aa6460c0, kernarg_address=0x7f7577000000, completion_signal=0x0, correlation_id=0, rptr=0, wptr=0
:4:rocvirtual.cpp           :1147: 4394517654810 us: [pid:69947 tid: 0x7f75aa67d200] SWq=0x7f75aa656000, HWq=0x7f7577200000, id=1, BarrierAND Header = 0x1503 (type=3, barrier=1, acquire=2, release=2), dep_signal=[0x0, 0x0, 0x0, 0x0, 0x0], completion_signal=0x7f758a1ff780
:4:rocvirtual.cpp           :622 : 4394517654822 us: [pid:69947 tid: 0x7f75aa67d200] Host wait on completion_signal=0x7f758a1ff780
:3:rocvirtual.cpp           :3449: 4394517654832 us: [pid:69947 tid: 0x7f75aa67d200] KernargSegmentByteSize = 272 KernargSegmentAlignment = 128
:4:rocvirtual.cpp           :965 : 4394517654841 us: [pid:69947 tid: 0x7f75aa67d200] SWq=0x7f75aa656000, HWq=0x7f7577200000, id=1, Dispatch Header = 0xb02 (type=2, barrier=1, acquire=1, release=1), setup=3, grid=[67108864, 1, 1], workgroup=[256, 1, 1], private_seg_size=64, group_seg_size=0, kernel_obj=0x7f75aa669040, kernarg_address=0x7f7577000000, completion_signal=0x0, correlation_id=0, rptr=2, wptr=2
:3:hip_module.cpp           :745 : 4394517654865 us: [pid:69947 tid: 0x7f75aa67d200] hipLaunchKernel: Returned hipSuccess : : duration: 4496904 us
:3:hip_platform.cpp         :237 : 4394517655220 us: [pid:69947 tid: 0x7f75aa67d200] [32m __hipPushCallConfiguration ( {1,1,1}, {128,1,1}, 0, stream:<null> ) [0m
:3:hip_platform.cpp         :241 : 4394517655229 us: [pid:69947 tid: 0x7f75aa67d200] __hipPushCallConfiguration: Returned hipSuccess : 
:3:hip_platform.cpp         :246 : 4394517655243 us: [pid:69947 tid: 0x7f75aa67d200] [32m __hipPopCallConfiguration ( {0,0,2032296392}, {128,1,2032296360}, 0x7ffe79225f08, 0x7ffe79225f00 ) [0m
:3:hip_platform.cpp         :255 : 4394517655253 us: [pid:69947 tid: 0x7f75aa67d200] __hipPopCallConfiguration: Returned hipSuccess : 
:3:hip_module.cpp           :744 : 4394517655275 us: [pid:69947 tid: 0x7f75aa67d200] [32m hipLaunchKernel ( 0x200c78, {1,1,1}, {128,1,1}, 0x7ffe79225ed0, 0, stream:<null> ) [0m
:4:command.cpp              :359 : 4394517655297 us: [pid:69947 tid: 0x7f75aa67d200] Command (KernelExecution) enqueued: 0x1c761120
:3:rocvirtual.cpp           :762 : 4394517655309 us: [pid:69947 tid: 0x7f75aa67d200] Arg0:   = ptr:0x7f743d400000
:3:rocvirtual.cpp           :778 : 4394517655315 us: [pid:69947 tid: 0x7f75aa67d200] Arg0:   = ptr:0x7f743d400000 obj:[0x7f743d400000-0x7f745d400000]
:3:rocvirtual.cpp           :853 : 4394517655325 us: [pid:69947 tid: 0x7f75aa67d200] Arg1:   = val:67108864
:3:rocvirtual.cpp           :3236: 4394517655333 us: [pid:69947 tid: 0x7f75aa67d200] ShaderName : update(unsigned long long*, unsigned long long)
:3:rocvirtual.cpp           :3449: 4394517655726 us: [pid:69947 tid: 0x7f75aa67d200] KernargSegmentByteSize = 272 KernargSegmentAlignment = 128
:4:rocvirtual.cpp           :965 : 4394517655735 us: [pid:69947 tid: 0x7f75aa67d200] SWq=0x7f75aa656000, HWq=0x7f7577200000, id=1, Dispatch Header = 0xb02 (type=2, barrier=1, acquire=1, release=1), setup=3, grid=[128, 1, 1], workgroup=[128, 1, 1], private_seg_size=1024, group_seg_size=0, kernel_obj=0x7f75aa669080, kernarg_address=0x7f7577000180, completion_signal=0x0, correlation_id=0, rptr=2, wptr=3
:3:hip_module.cpp           :745 : 4394517655749 us: [pid:69947 tid: 0x7f75aa67d200] hipLaunchKernel: Returned hipSuccess : : duration: 474 us
:3:hip_device_runtime.cpp   :641 : 4394517655760 us: [pid:69947 tid: 0x7f75aa67d200] [32m hipDeviceSynchronize (  ) [0m
:4:commandqueue.cpp         :161 : 4394517655766 us: [pid:69947 tid: 0x7f75aa67d200] Marker queued to ensure finish
:4:command.cpp              :359 : 4394517655771 us: [pid:69947 tid: 0x7f75aa67d200] Command (InternalMarker) enqueued: 0x1c7af760
:3:rocvirtual.cpp           :533 : 4394517655789 us: [pid:69947 tid: 0x7f75aa67d200] Set Handler: handle(0x7f758a1fd600), timestamp(0x1cdcf170)
:4:rocvirtual.cpp           :1147: 4394517655797 us: [pid:69947 tid: 0x7f75aa67d200] SWq=0x7f75aa656000, HWq=0x7f7577200000, id=1, BarrierAND Header = 0x1503 (type=3, barrier=1, acquire=2, release=2), dep_signal=[0x0, 0x0, 0x0, 0x0, 0x0], completion_signal=0x7f758a1fd600
:3:rocvirtual.hpp           :56  : 4394517655809 us: [pid:69947 tid: 0x7f75aa67d200] Host active wait for Signal = (0x7f758a1fd600) for -1 ns
:4:commandqueue.cpp         :184 : 4394526313421 us: [pid:69947 tid: 0x7f75aa67d200] All commands finished
:3:rocvirtual.cpp           :226 : 4394526313457 us: [pid:69947 tid: 0x7f74395ff6c0] Handler: value(0), timestamp(0x1c6d50c0), handle(0x7f758a1fd600)
:3:hip_device_runtime.cpp   :645 : 4394526313465 us: [pid:69947 tid: 0x7f75aa67d200] hipDeviceSynchronize: Returned hipSuccess : 
:4:command.cpp              :169 : 4394526313492 us: [pid:69947 tid: 0x7f74395ff6c0] Command 0x1cc4c3f0 complete
:3:hip_memory.cpp           :795 : 4394526313524 us: [pid:69947 tid: 0x7f75aa67d200] [32m hipMemcpy ( 0x7f758a338400, 0x7f743d400000, 536870912, hipMemcpyDeviceToHost ) [0m
:4:command.cpp              :169 : 4394526313525 us: [pid:69947 tid: 0x7f74395ff6c0] Command 0x1c761120 complete
:4:command.cpp              :163 : 4394526313550 us: [pid:69947 tid: 0x7f74395ff6c0] Command 0x1c7af760 complete (Wall: 4394526313548, CPU: 0, GPU: 8657767 us)
:4:command.cpp              :359 : 4394526313551 us: [pid:69947 tid: 0x7f75aa67d200] Command (CopyDeviceToHost) enqueued: 0x1cd35b40
:4:rocblit.cpp              :1673: 4394526313586 us: [pid:69947 tid: 0x7f75aa67d200] Unpinned read path, Async = 0
:4:rocmemory.cpp            :1018: 4394526324246 us: [pid:69947 tid: 0x7f75aa67d200] Locking to pool 0x1c5966f0, size 0x2001000, HostPtr = 0x7f758a338000, DevPtr = 0x7f758a338000
:4:rocblit.cpp              :623 : 4394526324266 us: [pid:69947 tid: 0x7f75aa67d200] HSA Copy Using Pinned resource size 33554432
:4:rocblit.cpp              :687 : 4394526324275 us: [pid:69947 tid: 0x7f75aa67d200] HSA Async Copy staged D2H
:4:rocblit.cpp              :503 : 4394526324281 us: [pid:69947 tid: 0x7f75aa67d200] Last copy mask 0x0
:4:rocblit.cpp              :509 : 4394526324288 us: [pid:69947 tid: 0x7f75aa67d200] Query copy engine status 0, free_engine mask 0x1e
:4:rocblit.cpp              :520 : 4394526324296 us: [pid:69947 tid: 0x7f75aa67d200] HSA Async Copy on copy_engine=0x2, dst=0x7f758a338400, src=0x7f743d400000, size=33554432, forceSDMA=0, wait_event=0x0, completion_signal=0x7f758a1ff680
:4:rocvirtual.cpp           :622 : 4394526335201 us: [pid:69947 tid: 0x7f75aa67d200] Host wait on completion_signal=0x7f758a1ff680
:3:rocvirtual.hpp           :56  : 4394526335219 us: [pid:69947 tid: 0x7f75aa67d200] Host active wait for Signal = (0x7f758a1ff680) for -1 ns
:4:rocmemory.cpp            :1018: 4394526346539 us: [pid:69947 tid: 0x7f75aa67d200] Locking to pool 0x1c5966f0, size 0x2001000, HostPtr = 0x7f758c338000, DevPtr = 0x7f758c338000
:4:rocblit.cpp              :623 : 4394526346555 us: [pid:69947 tid: 0x7f75aa67d200] HSA Copy Using Pinned resource size 33554432
:4:rocblit.cpp              :687 : 4394526346563 us: [pid:69947 tid: 0x7f75aa67d200] HSA Async Copy staged D2H
:4:rocblit.cpp              :503 : 4394526346569 us: [pid:69947 tid: 0x7f75aa67d200] Last copy mask 0x2
:4:rocblit.cpp              :520 : 4394526346574 us: [pid:69947 tid: 0x7f75aa67d200] HSA Async Copy on copy_engine=0x2, dst=0x7f758c338400, src=0x7f743f400000, size=33554432, forceSDMA=0, wait_event=0x0, completion_signal=0x7f758a1ff600
:4:rocvirtual.cpp           :622 : 4394526346583 us: [pid:69947 tid: 0x7f75aa67d200] Host wait on completion_signal=0x7f758a1ff600
:3:rocvirtual.hpp           :56  : 4394526346591 us: [pid:69947 tid: 0x7f75aa67d200] Host active wait for Signal = (0x7f758a1ff600) for -1 ns
:4:rocmemory.cpp            :1018: 4394526364092 us: [pid:69947 tid: 0x7f75aa67d200] Locking to pool 0x1c5966f0, size 0x2001000, HostPtr = 0x7f758e338000, DevPtr = 0x7f758e338000
:4:rocblit.cpp              :623 : 4394526364108 us: [pid:69947 tid: 0x7f75aa67d200] HSA Copy Using Pinned resource size 33554432
:4:rocblit.cpp              :687 : 4394526364116 us: [pid:69947 tid: 0x7f75aa67d200] HSA Async Copy staged D2H
:4:rocblit.cpp              :503 : 4394526364121 us: [pid:69947 tid: 0x7f75aa67d200] Last copy mask 0x2
:4:rocblit.cpp              :520 : 4394526364126 us: [pid:69947 tid: 0x7f75aa67d200] HSA Async Copy on copy_engine=0x2, dst=0x7f758e338400, src=0x7f7441400000, size=33554432, forceSDMA=0, wait_event=0x0, completion_signal=0x7f758a1ff580
:4:rocvirtual.cpp           :622 : 4394526364136 us: [pid:69947 tid: 0x7f75aa67d200] Host wait on completion_signal=0x7f758a1ff580
:3:rocvirtual.hpp           :56  : 4394526364143 us: [pid:69947 tid: 0x7f75aa67d200] Host active wait for Signal = (0x7f758a1ff580) for -1 ns
:4:rocmemory.cpp            :1018: 4394526376322 us: [pid:69947 tid: 0x7f75aa67d200] Locking to pool 0x1c5966f0, size 0x2001000, HostPtr = 0x7f7590338000, DevPtr = 0x7f7590338000
:4:rocblit.cpp              :623 : 4394526376337 us: [pid:69947 tid: 0x7f75aa67d200] HSA Copy Using Pinned resource size 33554432
:4:rocblit.cpp              :687 : 4394526376345 us: [pid:69947 tid: 0x7f75aa67d200] HSA Async Copy staged D2H
:4:rocblit.cpp              :503 : 4394526376350 us: [pid:69947 tid: 0x7f75aa67d200] Last copy mask 0x2
:4:rocblit.cpp              :520 : 4394526376358 us: [pid:69947 tid: 0x7f75aa67d200] HSA Async Copy on copy_engine=0x2, dst=0x7f7590338400, src=0x7f7443400000, size=33554432, forceSDMA=0, wait_event=0x0, completion_signal=0x7f758a1ff500
:4:rocvirtual.cpp           :622 : 4394526376367 us: [pid:69947 tid: 0x7f75aa67d200] Host wait on completion_signal=0x7f758a1ff500
:3:rocvirtual.hpp           :56  : 4394526376375 us: [pid:69947 tid: 0x7f75aa67d200] Host active wait for Signal = (0x7f758a1ff500) for -1 ns
:4:rocmemory.cpp            :1018: 4394526391373 us: [pid:69947 tid: 0x7f75aa67d200] Locking to pool 0x1c5966f0, size 0x2001000, HostPtr = 0x7f7592338000, DevPtr = 0x7f7592338000
:4:rocblit.cpp              :623 : 4394526391388 us: [pid:69947 tid: 0x7f75aa67d200] HSA Copy Using Pinned resource size 33554432
:4:rocblit.cpp              :687 : 4394526391396 us: [pid:69947 tid: 0x7f75aa67d200] HSA Async Copy staged D2H
:4:rocblit.cpp              :503 : 4394526391402 us: [pid:69947 tid: 0x7f75aa67d200] Last copy mask 0x2
:4:rocblit.cpp              :520 : 4394526391406 us: [pid:69947 tid: 0x7f75aa67d200] HSA Async Copy on copy_engine=0x2, dst=0x7f7592338400, src=0x7f7445400000, size=33554432, forceSDMA=0, wait_event=0x0, completion_signal=0x7f758a1ff480
:4:rocvirtual.cpp           :622 : 4394526391415 us: [pid:69947 tid: 0x7f75aa67d200] Host wait on completion_signal=0x7f758a1ff480
:3:rocvirtual.hpp           :56  : 4394526391423 us: [pid:69947 tid: 0x7f75aa67d200] Host active wait for Signal = (0x7f758a1ff480) for -1 ns
:4:rocmemory.cpp            :1018: 4394526404229 us: [pid:69947 tid: 0x7f75aa67d200] Locking to pool 0x1c5966f0, size 0x2001000, HostPtr = 0x7f7594338000, DevPtr = 0x7f7594338000
:4:rocblit.cpp              :623 : 4394526404244 us: [pid:69947 tid: 0x7f75aa67d200] HSA Copy Using Pinned resource size 33554432
:4:rocblit.cpp              :687 : 4394526404252 us: [pid:69947 tid: 0x7f75aa67d200] HSA Async Copy staged D2H
:4:rocblit.cpp              :503 : 4394526404257 us: [pid:69947 tid: 0x7f75aa67d200] Last copy mask 0x2
:4:rocblit.cpp              :520 : 4394526404262 us: [pid:69947 tid: 0x7f75aa67d200] HSA Async Copy on copy_engine=0x2, dst=0x7f7594338400, src=0x7f7447400000, size=33554432, forceSDMA=0, wait_event=0x0, completion_signal=0x7f758a1ff400
:4:rocvirtual.cpp           :622 : 4394526404271 us: [pid:69947 tid: 0x7f75aa67d200] Host wait on completion_signal=0x7f758a1ff400
:3:rocvirtual.hpp           :56  : 4394526404279 us: [pid:69947 tid: 0x7f75aa67d200] Host active wait for Signal = (0x7f758a1ff400) for -1 ns
:4:rocmemory.cpp            :1018: 4394526419614 us: [pid:69947 tid: 0x7f75aa67d200] Locking to pool 0x1c5966f0, size 0x2001000, HostPtr = 0x7f7596338000, DevPtr = 0x7f7596338000
:4:rocblit.cpp              :623 : 4394526419630 us: [pid:69947 tid: 0x7f75aa67d200] HSA Copy Using Pinned resource size 33554432
:4:rocblit.cpp              :687 : 4394526419638 us: [pid:69947 tid: 0x7f75aa67d200] HSA Async Copy staged D2H
:4:rocblit.cpp              :503 : 4394526419643 us: [pid:69947 tid: 0x7f75aa67d200] Last copy mask 0x2
:4:rocblit.cpp              :520 : 4394526419648 us: [pid:69947 tid: 0x7f75aa67d200] HSA Async Copy on copy_engine=0x2, dst=0x7f7596338400, src=0x7f7449400000, size=33554432, forceSDMA=0, wait_event=0x0, completion_signal=0x7f758a1ff380
:4:rocvirtual.cpp           :622 : 4394526419657 us: [pid:69947 tid: 0x7f75aa67d200] Host wait on completion_signal=0x7f758a1ff380
:3:rocvirtual.hpp           :56  : 4394526419665 us: [pid:69947 tid: 0x7f75aa67d200] Host active wait for Signal = (0x7f758a1ff380) for -1 ns
:4:rocmemory.cpp            :1018: 4394526456199 us: [pid:69947 tid: 0x7f75aa67d200] Locking to pool 0x1c5966f0, size 0x2001000, HostPtr = 0x7f7598338000, DevPtr = 0x7f7598338000
:4:rocblit.cpp              :623 : 4394526456216 us: [pid:69947 tid: 0x7f75aa67d200] HSA Copy Using Pinned resource size 33554432
:4:rocblit.cpp              :687 : 4394526456224 us: [pid:69947 tid: 0x7f75aa67d200] HSA Async Copy staged D2H
:4:rocblit.cpp              :503 : 4394526456232 us: [pid:69947 tid: 0x7f75aa67d200] Last copy mask 0x2
:4:rocblit.cpp              :520 : 4394526456237 us: [pid:69947 tid: 0x7f75aa67d200] HSA Async Copy on copy_engine=0x2, dst=0x7f7598338400, src=0x7f744b400000, size=33554432, forceSDMA=0, wait_event=0x0, completion_signal=0x7f758a1ff300
:4:rocvirtual.cpp           :622 : 4394526456246 us: [pid:69947 tid: 0x7f75aa67d200] Host wait on completion_signal=0x7f758a1ff300
:3:rocvirtual.hpp           :56  : 4394526456253 us: [pid:69947 tid: 0x7f75aa67d200] Host active wait for Signal = (0x7f758a1ff300) for -1 ns
:4:rocmemory.cpp            :1018: 4394526478401 us: [pid:69947 tid: 0x7f75aa67d200] Locking to pool 0x1c5966f0, size 0x2001000, HostPtr = 0x7f759a338000, DevPtr = 0x7f759a338000
:4:rocblit.cpp              :623 : 4394526478417 us: [pid:69947 tid: 0x7f75aa67d200] HSA Copy Using Pinned resource size 33554432
:4:rocblit.cpp              :687 : 4394526478425 us: [pid:69947 tid: 0x7f75aa67d200] HSA Async Copy staged D2H
:4:rocblit.cpp              :503 : 4394526478429 us: [pid:69947 tid: 0x7f75aa67d200] Last copy mask 0x2
:4:rocblit.cpp              :520 : 4394526478435 us: [pid:69947 tid: 0x7f75aa67d200] HSA Async Copy on copy_engine=0x2, dst=0x7f759a338400, src=0x7f744d400000, size=33554432, forceSDMA=0, wait_event=0x0, completion_signal=0x7f758a1ff280
:4:rocvirtual.cpp           :622 : 4394526478443 us: [pid:69947 tid: 0x7f75aa67d200] Host wait on completion_signal=0x7f758a1ff280
:3:rocvirtual.hpp           :56  : 4394526478450 us: [pid:69947 tid: 0x7f75aa67d200] Host active wait for Signal = (0x7f758a1ff280) for -1 ns
:4:rocmemory.cpp            :1018: 4394526554609 us: [pid:69947 tid: 0x7f75aa67d200] Locking to pool 0x1c5966f0, size 0x2001000, HostPtr = 0x7f759c338000, DevPtr = 0x7f759c338000
:4:rocblit.cpp              :623 : 4394526554625 us: [pid:69947 tid: 0x7f75aa67d200] HSA Copy Using Pinned resource size 33554432
:4:rocblit.cpp              :687 : 4394526554633 us: [pid:69947 tid: 0x7f75aa67d200] HSA Async Copy staged D2H
:4:rocblit.cpp              :503 : 4394526554639 us: [pid:69947 tid: 0x7f75aa67d200] Last copy mask 0x2
:4:rocblit.cpp              :520 : 4394526554643 us: [pid:69947 tid: 0x7f75aa67d200] HSA Async Copy on copy_engine=0x2, dst=0x7f759c338400, src=0x7f744f400000, size=33554432, forceSDMA=0, wait_event=0x0, completion_signal=0x7f758a1ff200
:4:rocvirtual.cpp           :622 : 4394526554653 us: [pid:69947 tid: 0x7f75aa67d200] Host wait on completion_signal=0x7f758a1ff200
:3:rocvirtual.hpp           :56  : 4394526554660 us: [pid:69947 tid: 0x7f75aa67d200] Host active wait for Signal = (0x7f758a1ff200) for -1 ns
:4:rocmemory.cpp            :1018: 4394526568302 us: [pid:69947 tid: 0x7f75aa67d200] Locking to pool 0x1c5966f0, size 0x2001000, HostPtr = 0x7f759e338000, DevPtr = 0x7f759e338000
:4:rocblit.cpp              :623 : 4394526568317 us: [pid:69947 tid: 0x7f75aa67d200] HSA Copy Using Pinned resource size 33554432
:4:rocblit.cpp              :687 : 4394526568324 us: [pid:69947 tid: 0x7f75aa67d200] HSA Async Copy staged D2H
:4:rocblit.cpp              :503 : 4394526568330 us: [pid:69947 tid: 0x7f75aa67d200] Last copy mask 0x2
:4:rocblit.cpp              :520 : 4394526568334 us: [pid:69947 tid: 0x7f75aa67d200] HSA Async Copy on copy_engine=0x2, dst=0x7f759e338400, src=0x7f7451400000, size=33554432, forceSDMA=0, wait_event=0x0, completion_signal=0x7f758a1ff180
:4:rocvirtual.cpp           :622 : 4394526568344 us: [pid:69947 tid: 0x7f75aa67d200] Host wait on completion_signal=0x7f758a1ff180
:3:rocvirtual.hpp           :56  : 4394526568351 us: [pid:69947 tid: 0x7f75aa67d200] Host active wait for Signal = (0x7f758a1ff180) for -1 ns
:4:rocmemory.cpp            :1018: 4394526676087 us: [pid:69947 tid: 0x7f75aa67d200] Locking to pool 0x1c5966f0, size 0x2001000, HostPtr = 0x7f75a0338000, DevPtr = 0x7f75a0338000
:4:rocblit.cpp              :623 : 4394526676102 us: [pid:69947 tid: 0x7f75aa67d200] HSA Copy Using Pinned resource size 33554432
:4:rocblit.cpp              :687 : 4394526676111 us: [pid:69947 tid: 0x7f75aa67d200] HSA Async Copy staged D2H
:4:rocblit.cpp              :503 : 4394526676120 us: [pid:69947 tid: 0x7f75aa67d200] Last copy mask 0x2
:4:rocblit.cpp              :520 : 4394526676125 us: [pid:69947 tid: 0x7f75aa67d200] HSA Async Copy on copy_engine=0x2, dst=0x7f75a0338400, src=0x7f7453400000, size=33554432, forceSDMA=0, wait_event=0x0, completion_signal=0x7f758a1ff100
:4:rocvirtual.cpp           :622 : 4394526676134 us: [pid:69947 tid: 0x7f75aa67d200] Host wait on completion_signal=0x7f758a1ff100
:3:rocvirtual.hpp           :56  : 4394526676141 us: [pid:69947 tid: 0x7f75aa67d200] Host active wait for Signal = (0x7f758a1ff100) for -1 ns
:4:rocmemory.cpp            :1018: 4394526690028 us: [pid:69947 tid: 0x7f75aa67d200] Locking to pool 0x1c5966f0, size 0x2001000, HostPtr = 0x7f75a2338000, DevPtr = 0x7f75a2338000
:4:rocblit.cpp              :623 : 4394526690044 us: [pid:69947 tid: 0x7f75aa67d200] HSA Copy Using Pinned resource size 33554432
:4:rocblit.cpp              :687 : 4394526690052 us: [pid:69947 tid: 0x7f75aa67d200] HSA Async Copy staged D2H
:4:rocblit.cpp              :503 : 4394526690057 us: [pid:69947 tid: 0x7f75aa67d200] Last copy mask 0x2
:4:rocblit.cpp              :520 : 4394526690061 us: [pid:69947 tid: 0x7f75aa67d200] HSA Async Copy on copy_engine=0x2, dst=0x7f75a2338400, src=0x7f7455400000, size=33554432, forceSDMA=0, wait_event=0x0, completion_signal=0x7f758a1ff080
:4:rocvirtual.cpp           :622 : 4394526690070 us: [pid:69947 tid: 0x7f75aa67d200] Host wait on completion_signal=0x7f758a1ff080
:3:rocvirtual.hpp           :56  : 4394526690078 us: [pid:69947 tid: 0x7f75aa67d200] Host active wait for Signal = (0x7f758a1ff080) for -1 ns
:4:rocmemory.cpp            :1018: 4394526735889 us: [pid:69947 tid: 0x7f75aa67d200] Locking to pool 0x1c5966f0, size 0x2001000, HostPtr = 0x7f75a4338000, DevPtr = 0x7f75a4338000
:4:rocblit.cpp              :623 : 4394526735905 us: [pid:69947 tid: 0x7f75aa67d200] HSA Copy Using Pinned resource size 33554432
:4:rocblit.cpp              :687 : 4394526735914 us: [pid:69947 tid: 0x7f75aa67d200] HSA Async Copy staged D2H
:4:rocblit.cpp              :503 : 4394526735919 us: [pid:69947 tid: 0x7f75aa67d200] Last copy mask 0x2
:4:rocblit.cpp              :520 : 4394526735924 us: [pid:69947 tid: 0x7f75aa67d200] HSA Async Copy on copy_engine=0x2, dst=0x7f75a4338400, src=0x7f7457400000, size=33554432, forceSDMA=0, wait_event=0x0, completion_signal=0x7f758a1ff000
:4:rocvirtual.cpp           :622 : 4394526735933 us: [pid:69947 tid: 0x7f75aa67d200] Host wait on completion_signal=0x7f758a1ff000
:3:rocvirtual.hpp           :56  : 4394526735941 us: [pid:69947 tid: 0x7f75aa67d200] Host active wait for Signal = (0x7f758a1ff000) for -1 ns
:4:rocmemory.cpp            :1018: 4394526748996 us: [pid:69947 tid: 0x7f75aa67d200] Locking to pool 0x1c5966f0, size 0x2001000, HostPtr = 0x7f75a6338000, DevPtr = 0x7f75a6338000
:4:rocblit.cpp              :623 : 4394526749011 us: [pid:69947 tid: 0x7f75aa67d200] HSA Copy Using Pinned resource size 33554432
:4:rocblit.cpp              :687 : 4394526749019 us: [pid:69947 tid: 0x7f75aa67d200] HSA Async Copy staged D2H
:4:rocblit.cpp              :503 : 4394526749024 us: [pid:69947 tid: 0x7f75aa67d200] Last copy mask 0x2
:4:rocblit.cpp              :520 : 4394526749029 us: [pid:69947 tid: 0x7f75aa67d200] HSA Async Copy on copy_engine=0x2, dst=0x7f75a6338400, src=0x7f7459400000, size=33554432, forceSDMA=0, wait_event=0x0, completion_signal=0x7f758a1fef80
:4:rocvirtual.cpp           :622 : 4394526749038 us: [pid:69947 tid: 0x7f75aa67d200] Host wait on completion_signal=0x7f758a1fef80
:3:rocvirtual.hpp           :56  : 4394526749045 us: [pid:69947 tid: 0x7f75aa67d200] Host active wait for Signal = (0x7f758a1fef80) for -1 ns
:4:rocmemory.cpp            :1018: 4394526838776 us: [pid:69947 tid: 0x7f75aa67d200] Locking to pool 0x1c5966f0, size 0x2001000, HostPtr = 0x7f75a8338000, DevPtr = 0x7f75a8338000
:4:rocblit.cpp              :623 : 4394526838794 us: [pid:69947 tid: 0x7f75aa67d200] HSA Copy Using Pinned resource size 33554432
:4:rocblit.cpp              :687 : 4394526838803 us: [pid:69947 tid: 0x7f75aa67d200] HSA Async Copy staged D2H
:4:rocblit.cpp              :503 : 4394526838811 us: [pid:69947 tid: 0x7f75aa67d200] Last copy mask 0x2
:4:rocblit.cpp              :520 : 4394526838816 us: [pid:69947 tid: 0x7f75aa67d200] HSA Async Copy on copy_engine=0x2, dst=0x7f75a8338400, src=0x7f745b400000, size=33554432, forceSDMA=0, wait_event=0x0, completion_signal=0x7f758a1fef00
:4:rocvirtual.cpp           :622 : 4394526838825 us: [pid:69947 tid: 0x7f75aa67d200] Host wait on completion_signal=0x7f758a1fef00
:3:rocvirtual.hpp           :56  : 4394526838833 us: [pid:69947 tid: 0x7f75aa67d200] Host active wait for Signal = (0x7f758a1fef00) for -1 ns
:4:commandqueue.cpp         :161 : 4394526840027 us: [pid:69947 tid: 0x7f75aa67d200] Marker queued to ensure finish
:4:command.cpp              :359 : 4394526840034 us: [pid:69947 tid: 0x7f75aa67d200] Command (InternalMarker) enqueued: 0x1c7af760
:3:rocvirtual.cpp           :533 : 4394526840052 us: [pid:69947 tid: 0x7f75aa67d200] Set Handler: handle(0x7f758a1fd680), timestamp(0x1cdd2d10)
:4:rocvirtual.cpp           :1147: 4394526840061 us: [pid:69947 tid: 0x7f75aa67d200] SWq=0x7f75aa656000, HWq=0x7f7577200000, id=1, BarrierAND Header = 0x1503 (type=3, barrier=1, acquire=2, release=2), dep_signal=[0x0, 0x0, 0x0, 0x0, 0x0], completion_signal=0x7f758a1fd680
:3:rocvirtual.hpp           :56  : 4394526840073 us: [pid:69947 tid: 0x7f75aa67d200] Host active wait for Signal = (0x7f758a1fd680) for -1 ns
:4:commandqueue.cpp         :184 : 4394526840163 us: [pid:69947 tid: 0x7f75aa67d200] All commands finished
:3:hip_memory.cpp           :796 : 4394526840511 us: [pid:69947 tid: 0x7f75aa67d200] hipMemcpy: Returned hipSuccess : : duration: 526987 us
:3:rocvirtual.cpp           :226 : 4394526840209 us: [pid:69947 tid: 0x7f74395ff6c0] Handler: value(0), timestamp(0x1cde6a50), handle(0x7f758a1fd680)
:4:command.cpp              :169 : 4394526840559 us: [pid:69947 tid: 0x7f74395ff6c0] Command 0x1cd35b40 complete
:4:command.cpp              :163 : 4394526840569 us: [pid:69947 tid: 0x7f74395ff6c0] Command 0x1c7af760 complete (Wall: 4394526840568, CPU: 0, GPU: 524 us)
:3:hip_memory.cpp           :772 : 4394532078816 us: [pid:69947 tid: 0x7f75aa67d200] [32m hipFree ( 0x7f743d400000 ) [0m
:4:commandqueue.cpp         :167 : 4394532078842 us: [pid:69947 tid: 0x7f75aa67d200] HW Event not ready, awaiting completion instead
:4:commandqueue.cpp         :184 : 4394532078856 us: [pid:69947 tid: 0x7f75aa67d200] All commands finished
:4:rocdevice.cpp            :2388: 4394532079665 us: [pid:69947 tid: 0x7f75aa67d200] Free hsa memory 0x7f743d400000
:3:rocdevice.cpp            :2411: 4394532079677 us: [pid:69947 tid: 0x7f75aa67d200] Device=0x1c682e90, freeMem_ = 0xfff000000
:3:hip_memory.cpp           :774 : 4394532079686 us: [pid:69947 tid: 0x7f75aa67d200] hipFree: Returned hipSuccess : 
:4:rocdevice.cpp            :2388: 4394532096049 us: [pid:69947 tid: 0x7f75aa67d200] Free hsa memory (nil)
:3:rocdevice.cpp            :3254: 4394532096066 us: [pid:69947 tid: 0x7f75aa67d200] releaseQueue refCount:0x7f7577200000 (0)
:4:rocdevice.cpp            :2388: 4394532096219 us: [pid:69947 tid: 0x7f75aa67d200] Free hsa memory 0x7f7577000000
:4:rocdevice.cpp            :2388: 4394532096943 us: [pid:69947 tid: 0x7f75aa67d200] Free hsa memory 0x7f7576a00000
:4:rocdevice.cpp            :2388: 4394532097646 us: [pid:69947 tid: 0x7f75aa67d200] Free hsa memory 0x7f7577400000
:4:rocdevice.cpp            :2388: 4394532097773 us: [pid:69947 tid: 0x7f75aa67d200] Free hsa memory 0x7f75b47ee000
:3:rocdevice.cpp            :278 : 4394532097781 us: [pid:69947 tid: 0x7f75aa67d200] Deleting hostcall buffer 0x7f7575c00000 for hardware queue 0x7f7577200000
:3:devhostcall.cpp          :460 : 4394532097802 us: [pid:69947 tid: 0x7f75aa67d200] Terminated hostcall listener
:4:rocdevice.cpp            :2388: 4394532099196 us: [pid:69947 tid: 0x7f75aa67d200] Free hsa memory 0x7f7575c00000
:3:rocdevice.cpp            :283 : 4394532099206 us: [pid:69947 tid: 0x7f75aa67d200] Deleting hardware queue 0x7f7577200000 with refCount 0
:4:rocdevice.cpp            :2388: 4394532103378 us: [pid:69947 tid: 0x7f75aa67d200] Free hsa memory 0x7f7577a00000
:4:rocdevice.cpp            :2388: 4394532103647 us: [pid:69947 tid: 0x7f75aa67d200] Free hsa memory 0x7f7575800000
:4:rocdevice.cpp            :2388: 4394532103916 us: [pid:69947 tid: 0x7f75aa67d200] Free hsa memory 0x7f7574e00000
