:3:rocdevice.cpp            :465 : 4393621582863 us: [pid:4172915 tid: 0x7f5a54f12200] Initializing HSA stack.
:3:rocdevice.cpp            :551 : 4393624374190 us: [pid:4172915 tid: 0x7f5a54f12200] Enumerated GPU agents = 1
:3:rocdevice.cpp            :230 : 4393624374248 us: [pid:4172915 tid: 0x7f5a54f12200] Numa selects cpu agent[0]=0x3d1bfbd0(fine=0x3d23e270,coarse=0x3d242ae0) for gpu agent=0x3d2ea910 CPU<->GPU XGMI=0
:3:rocsettings.cpp          :284 : 4393624374268 us: [pid:4172915 tid: 0x7f5a54f12200] Using dev kernel arg wa = 0
:3:comgrctx.cpp             :33  : 4393624374285 us: [pid:4172915 tid: 0x7f5a54f12200] Loading COMGR library.
:3:comgrctx.cpp             :128 : 4393624374330 us: [pid:4172915 tid: 0x7f5a54f12200] Loaded COMGR library version 3.0.
:3:rocdevice.cpp            :1785: 4393624374902 us: [pid:4172915 tid: 0x7f5a54f12200] Gfx Major/Minor/Stepping: 9/0/10
:3:rocdevice.cpp            :1787: 4393624374915 us: [pid:4172915 tid: 0x7f5a54f12200] HMM support: 1, XNACK: 0, Direct host access: 0
:3:rocdevice.cpp            :1789: 4393624375229 us: [pid:4172915 tid: 0x7f5a54f12200] Max SDMA Read Mask: 0x1e, Max SDMA Write Mask: 0x1f
:4:rocdevice.cpp            :2210: 4393624375651 us: [pid:4172915 tid: 0x7f5a54f12200] Allocate hsa host memory 0x7f5942400000, size 0x100000, numa_node = 0
:4:rocdevice.cpp            :2210: 4393625349948 us: [pid:4172915 tid: 0x7f5a54f12200] Allocate hsa host memory 0x7f5941e00000, size 0x400000, numa_node = 0
:4:rocdevice.cpp            :2210: 4393625350158 us: [pid:4172915 tid: 0x7f5a54f12200] Allocate hsa host memory 0x7f5a5f356000, size 0x38, numa_node = 0
:3:hip_context.cpp          :54  : 4393625350598 us: [pid:4172915 tid: 0x7f5a54f12200] Direct Dispatch: 1
:3:hip_fatbin.cpp           :427 : 4393625350801 us: [pid:4172915 tid: 0x7f5a54f12200] Searching for code objects, HIP_FORCE_SPIRV_CODEOBJECT: 0
:3:hip_fatbin.cpp           :435 : 4393625351079 us: [pid:4172915 tid: 0x7f5a54f12200] Using Native code object: gfx90a:sramecc+:xnack-
:3:hip_memory.cpp           :756 : 4393625351130 us: [pid:4172915 tid: 0x7f5a54f12200] [32m hipMalloc ( 0x7ffc57e04cd8, 192 ) [0m
:4:rocdevice.cpp            :2371: 4393625351234 us: [pid:4172915 tid: 0x7f5a54f12200] Allocate hsa device memory 0x7f5941a00000, size 0xc0, hsa_mem_flags 0x0h
:3:rocdevice.cpp            :2411: 4393625351576 us: [pid:4172915 tid: 0x7f5a54f12200] Device=0x3d3332c0, freeMem_ = 0xffeffff40
:3:hip_memory.cpp           :758 : 4393625351600 us: [pid:4172915 tid: 0x7f5a54f12200] hipMalloc: Returned hipSuccess : 0x7f5941a00000: duration: 470 us
:3:hip_memory.cpp           :3476: 4393625351618 us: [pid:4172915 tid: 0x7f5a54f12200] [32m hipMemset ( 0x7f5941a00000, 0, 192 ) [0m
:3:rocdevice.cpp            :3048: 4393625352103 us: [pid:4172915 tid: 0x7f5a54f12200] Number of allocated hardware queues with low priority: 0, with normal priority: 0, with high priority: 0, maximum per priority is: 4
:3:rocdevice.cpp            :3129: 4393625363306 us: [pid:4172915 tid: 0x7f5a54f12200] Created SWq=0x7f5a54efc000 to map on HWq=0x7f5941800000 with size 16384 with priority 1, cooperative: 0
:3:rocdevice.cpp            :3222: 4393625363342 us: [pid:4172915 tid: 0x7f5a54f12200] acquireQueue refCount: 0x7f5941800000 (1)
:4:rocdevice.cpp            :2210: 4393625363812 us: [pid:4172915 tid: 0x7f5a54f12200] Allocate hsa host memory 0x7f5941600000, size 0x100000, numa_node = 0
:3:devprogram.cpp           :2658: 4393625653470 us: [pid:4172915 tid: 0x7f5a54f12200] Using Code Object V5.
:4:rocdevice.cpp            :2210: 4393625764724 us: [pid:4172915 tid: 0x7f5a54f12200] Allocate hsa host memory 0x7f5941000000, size 0x400000, numa_node = 0
:4:command.cpp              :359 : 4393625764851 us: [pid:4172915 tid: 0x7f5a54f12200] Command (FillBuffer) enqueued: 0x3d9c4900
:3:rocvirtual.cpp           :762 : 4393625764867 us: [pid:4172915 tid: 0x7f5a54f12200] Arg0: void* buf = ptr:0x7f5941a00000
:3:rocvirtual.cpp           :778 : 4393625764873 us: [pid:4172915 tid: 0x7f5a54f12200] Arg0: void* buf = ptr:0x7f5941a00000 obj:[0x7f5941a00000-0x7f5941a000c0]
:3:rocvirtual.cpp           :762 : 4393625765349 us: [pid:4172915 tid: 0x7f5a54f12200] Arg1: uchar* pattern = ptr:0x7f5941600000
:3:rocvirtual.cpp           :853 : 4393625765356 us: [pid:4172915 tid: 0x7f5a54f12200] Arg2: uint pattern_size = val:1
:3:rocvirtual.cpp           :853 : 4393625765361 us: [pid:4172915 tid: 0x7f5a54f12200] Arg3: uint alignment = val:16
:3:rocvirtual.cpp           :853 : 4393625765366 us: [pid:4172915 tid: 0x7f5a54f12200] Arg4: ulong end_ptr = val:140021329821888
:3:rocvirtual.cpp           :853 : 4393625765373 us: [pid:4172915 tid: 0x7f5a54f12200] Arg5: uint next_chunk = val:256
:3:rocvirtual.cpp           :3236: 4393625765387 us: [pid:4172915 tid: 0x7f5a54f12200] ShaderName : __amd_rocclr_fillBufferAligned
:3:rocvirtual.cpp           :3449: 4393625765395 us: [pid:4172915 tid: 0x7f5a54f12200] KernargSegmentByteSize = 296 KernargSegmentAlignment = 128
:4:rocvirtual.cpp           :965 : 4393625765414 us: [pid:4172915 tid: 0x7f5a54f12200] SWq=0x7f5a54efc000, HWq=0x7f5941800000, id=1, Dispatch Header = 0xb02 (type=2, barrier=1, acquire=1, release=1), setup=1, grid=[256, 1, 1], workgroup=[256, 1, 1], private_seg_size=0, group_seg_size=0, kernel_obj=0x7f5a54eedd40, kernarg_address=0x7f5941600100, completion_signal=0x0, correlation_id=0, rptr=0, wptr=0
:3:hip_memory.cpp           :3477: 4393625765431 us: [pid:4172915 tid: 0x7f5a54f12200] hipMemset: Returned hipSuccess : 
:3:hip_device_runtime.cpp   :641 : 4393625765440 us: [pid:4172915 tid: 0x7f5a54f12200] [32m hipDeviceSynchronize (  ) [0m
:4:commandqueue.cpp         :161 : 4393625765446 us: [pid:4172915 tid: 0x7f5a54f12200] Marker queued to ensure finish
:4:command.cpp              :359 : 4393625765814 us: [pid:4172915 tid: 0x7f5a54f12200] Command (InternalMarker) enqueued: 0x3db750f0
:3:rocvirtual.cpp           :533 : 4393625765839 us: [pid:4172915 tid: 0x7f5a54f12200] Set Handler: handle(0x7f5a54dfd600), timestamp(0x3da73e40)
:4:rocvirtual.cpp           :1147: 4393625765848 us: [pid:4172915 tid: 0x7f5a54f12200] SWq=0x7f5a54efc000, HWq=0x7f5941800000, id=1, BarrierAND Header = 0x1503 (type=3, barrier=1, acquire=2, release=2), dep_signal=[0x0, 0x0, 0x0, 0x0, 0x0], completion_signal=0x7f5a54dfd600
:4:commandqueue.cpp         :184 : 4393625765862 us: [pid:4172915 tid: 0x7f5a54f12200] All commands finished
:3:hip_device_runtime.cpp   :645 : 4393625765893 us: [pid:4172915 tid: 0x7f5a54f12200] hipDeviceSynchronize: Returned hipSuccess : 
:3:hip_platform.cpp         :237 : 4393625765910 us: [pid:4172915 tid: 0x7f5a54f12200] [32m __hipPushCallConfiguration ( {1,1,1}, {16,16,1}, 0, stream:<null> ) [0m
:3:hip_platform.cpp         :241 : 4393625765924 us: [pid:4172915 tid: 0x7f5a54f12200] __hipPushCallConfiguration: Returned hipSuccess : 
:3:hip_platform.cpp         :246 : 4393625765936 us: [pid:4172915 tid: 0x7f5a54f12200] [32m __hipPopCallConfiguration ( {1474317912,32764,0}, {1600624722,32602,16}, 0x7ffc57e04bd0, 0x7ffc57e04bc8 ) [0m
:3:hip_platform.cpp         :255 : 4393625766361 us: [pid:4172915 tid: 0x7f5a54f12200] __hipPopCallConfiguration: Returned hipSuccess : 
:3:rocvirtual.cpp           :226 : 4393625765912 us: [pid:4172915 tid: 0x7f5925dff6c0] Handler: value(0), timestamp(0x3d3cf000), handle(0x7f5a54dfd600)
:3:hip_module.cpp           :744 : 4393625767419 us: [pid:4172915 tid: 0x7f5a54f12200] [32m hipLaunchKernel ( 0x200d38, {1,1,1}, {16,16,1}, 0x7ffc57e04b80, 0, stream:<null> ) [0m
:4:command.cpp              :169 : 4393625767426 us: [pid:4172915 tid: 0x7f5925dff6c0] Command 0x3d9c4900 complete
:4:command.cpp              :163 : 4393625767457 us: [pid:4172915 tid: 0x7f5925dff6c0] Command 0x3db750f0 complete (Wall: 4393625767455, CPU: 0, GPU: 1632 us)
:3:devprogram.cpp           :2658: 4393625767662 us: [pid:4172915 tid: 0x7f5a54f12200] Using Code Object V5.
:4:command.cpp              :359 : 4393625768292 us: [pid:4172915 tid: 0x7f5a54f12200] Command (KernelExecution) enqueued: 0x3d9594f0
:3:rocvirtual.cpp           :762 : 4393625768312 us: [pid:4172915 tid: 0x7f5a54f12200] Arg0:   = ptr:0x7f5941a00000
:3:rocvirtual.cpp           :778 : 4393625768318 us: [pid:4172915 tid: 0x7f5a54f12200] Arg0:   = ptr:0x7f5941a00000 obj:[0x7f5941a00000-0x7f5941a000c0]
:3:rocvirtual.cpp           :853 : 4393625768330 us: [pid:4172915 tid: 0x7f5a54f12200] Arg1:   = val:8
:3:rocvirtual.cpp           :853 : 4393625768335 us: [pid:4172915 tid: 0x7f5a54f12200] Arg2:   = val:4
:3:rocvirtual.cpp           :853 : 4393625768340 us: [pid:4172915 tid: 0x7f5a54f12200] Arg3:   = val:1176666112
:3:rocvirtual.cpp           :853 : 4393625768344 us: [pid:4172915 tid: 0x7f5a54f12200] Arg4:   = val:1176256512
:3:rocvirtual.cpp           :3236: 4393625768356 us: [pid:4172915 tid: 0x7f5a54f12200] ShaderName : color(unsigned char*, int, int, float, float)
:4:rocdevice.cpp            :2210: 4393629921901 us: [pid:4172915 tid: 0x7f5a54f12200] Allocate hsa host memory 0x7f5940200000, size 0xd13838, numa_node = 0
:3:rocdevice.cpp            :3322: 4393629922906 us: [pid:4172915 tid: 0x7f5a54f12200] Created hostcall buffer 0x7f5940200000 for hardware queue 0x7f5941800000
:4:rocsignal.cpp            :38  : 4393629923367 us: [pid:4172915 tid: 0x7f5a54f12200] Initialize Hostcall signal=0x7f5a54dfd380
:3:devhostcall.cpp          :428 : 4393629923398 us: [pid:4172915 tid: 0x7f5a54f12200] Launched hostcall listener at 0x3d616150
:3:devhostcall.cpp          :441 : 4393629923407 us: [pid:4172915 tid: 0x7f5a54f12200] Registered hostcall buffer 0x7f5940200000 with listener 0x3d616150
:4:rocdevice.cpp            :2371: 4393629923430 us: [pid:4172915 tid: 0x7f5a54f12200] Allocate hsa device memory 0x7f5941a01000, size 0x20000, hsa_mem_flags 0x0h
:4:rocdevice.cpp            :2371: 4393629923538 us: [pid:4172915 tid: 0x7f5a54f12200] Allocate hsa device memory 0x7f5913000000, size 0x800000, hsa_mem_flags 0x0h
:3:rocvirtual.cpp           :853 : 4393629924247 us: [pid:4172915 tid: 0x7f5a54f12200] Arg0: ulong heap_to_initialize = val:140021329825792
:3:rocvirtual.cpp           :853 : 4393629924633 us: [pid:4172915 tid: 0x7f5a54f12200] Arg1: ulong initial_blocks = val:140020547584000
:3:rocvirtual.cpp           :853 : 4393629924645 us: [pid:4172915 tid: 0x7f5a54f12200] Arg2: uint heap_size = val:131072
:3:rocvirtual.cpp           :853 : 4393629924652 us: [pid:4172915 tid: 0x7f5a54f12200] Arg3: uint number_of_initial_blocks = val:4
:3:rocvirtual.cpp           :3236: 4393629924665 us: [pid:4172915 tid: 0x7f5a54f12200] ShaderName : __amd_rocclr_initHeap
:3:rocvirtual.cpp           :3449: 4393629924672 us: [pid:4172915 tid: 0x7f5a54f12200] KernargSegmentByteSize = 24 KernargSegmentAlignment = 128
:4:rocvirtual.cpp           :965 : 4393629924686 us: [pid:4172915 tid: 0x7f5a54f12200] SWq=0x7f5a54efc000, HWq=0x7f5941800000, id=1, Dispatch Header = 0xb02 (type=2, barrier=1, acquire=1, release=1), setup=1, grid=[256, 1, 1], workgroup=[256, 1, 1], private_seg_size=0, group_seg_size=0, kernel_obj=0x7f5a54eee0c0, kernarg_address=0x7f5941600280, completion_signal=0x0, correlation_id=0, rptr=2, wptr=2
:4:rocvirtual.cpp           :1147: 4393629924719 us: [pid:4172915 tid: 0x7f5a54f12200] SWq=0x7f5a54efc000, HWq=0x7f5941800000, id=1, BarrierAND Header = 0x1503 (type=3, barrier=1, acquire=2, release=2), dep_signal=[0x0, 0x0, 0x0, 0x0, 0x0], completion_signal=0x7f5a54dff700
:4:rocvirtual.cpp           :622 : 4393629925212 us: [pid:4172915 tid: 0x7f5a54f12200] Host wait on completion_signal=0x7f5a54dff700
:3:rocvirtual.hpp           :56  : 4393629925222 us: [pid:4172915 tid: 0x7f5a54f12200] Host active wait for Signal = (0x7f5a54dff700) for -1 ns
:3:rocvirtual.cpp           :3449: 4393629928157 us: [pid:4172915 tid: 0x7f5a54f12200] KernargSegmentByteSize = 280 KernargSegmentAlignment = 128
:4:rocvirtual.cpp           :965 : 4393629928179 us: [pid:4172915 tid: 0x7f5a54f12200] SWq=0x7f5a54efc000, HWq=0x7f5941800000, id=1, Dispatch Header = 0xb02 (type=2, barrier=1, acquire=1, release=1), setup=3, grid=[16, 16, 1], workgroup=[16, 16, 1], private_seg_size=1024, group_seg_size=0, kernel_obj=0x7f5a54ec0a80, kernarg_address=0x7f5941600000, completion_signal=0x0, correlation_id=0, rptr=4, wptr=4
:3:hip_module.cpp           :745 : 4393629928202 us: [pid:4172915 tid: 0x7f5a54f12200] hipLaunchKernel: Returned hipSuccess : : duration: 4160783 us
:3:hip_device_runtime.cpp   :641 : 4393629928227 us: [pid:4172915 tid: 0x7f5a54f12200] [32m hipDeviceSynchronize (  ) [0m
:4:commandqueue.cpp         :161 : 4393629928237 us: [pid:4172915 tid: 0x7f5a54f12200] Marker queued to ensure finish
:4:command.cpp              :359 : 4393629928244 us: [pid:4172915 tid: 0x7f5a54f12200] Command (InternalMarker) enqueued: 0x3db750f0
:3:rocvirtual.cpp           :533 : 4393629928263 us: [pid:4172915 tid: 0x7f5a54f12200] Set Handler: handle(0x7f5a54dfd680), timestamp(0x3da73d30)
:4:rocvirtual.cpp           :1147: 4393629928274 us: [pid:4172915 tid: 0x7f5a54f12200] SWq=0x7f5a54efc000, HWq=0x7f5941800000, id=1, BarrierAND Header = 0x1503 (type=3, barrier=1, acquire=2, release=2), dep_signal=[0x0, 0x0, 0x0, 0x0, 0x0], completion_signal=0x7f5a54dfd680
:3:rocvirtual.hpp           :56  : 4393629928792 us: [pid:4172915 tid: 0x7f5a54f12200] Host active wait for Signal = (0x7f5a54dfd680) for -1 ns
:4:commandqueue.cpp         :184 : 4393629928835 us: [pid:4172915 tid: 0x7f5a54f12200] All commands finished
:3:hip_device_runtime.cpp   :645 : 4393629928844 us: [pid:4172915 tid: 0x7f5a54f12200] hipDeviceSynchronize: Returned hipSuccess : 
:3:rocvirtual.cpp           :226 : 4393629928852 us: [pid:4172915 tid: 0x7f5925dff6c0] Handler: value(0), timestamp(0x3d9fa0a0), handle(0x7f5a54dfd680)
:4:command.cpp              :169 : 4393629928881 us: [pid:4172915 tid: 0x7f5925dff6c0] Command 0x3d9594f0 complete
:4:command.cpp              :163 : 4393629928891 us: [pid:4172915 tid: 0x7f5925dff6c0] Command 0x3db750f0 complete (Wall: 4393629928890, CPU: 0, GPU: 635 us)
:3:hip_memory.cpp           :795 : 4393629928895 us: [pid:4172915 tid: 0x7f5a54f12200] [32m hipMemcpy ( 0x3d236c40, 0x7f5941a00000, 192, hipMemcpyDeviceToHost ) [0m
:4:command.cpp              :359 : 4393629929310 us: [pid:4172915 tid: 0x7f5a54f12200] Command (CopyDeviceToHost) enqueued: 0x3db867c0
:4:rocblit.cpp              :1673: 4393629929324 us: [pid:4172915 tid: 0x7f5a54f12200] Unpinned read path, Async = 0
:4:rocblit.cpp              :1702: 4393629929334 us: [pid:4172915 tid: 0x7f5a54f12200] Blit staging D2H copy stg buf=0x7f5942400000, src=0x7f5941a00000, dstOrigin=0x0, size=192
:3:rocvirtual.cpp           :762 : 4393629929346 us: [pid:4172915 tid: 0x7f5a54f12200] Arg0: uchar* src = ptr:0x7f5941a00000
:3:rocvirtual.cpp           :762 : 4393629929352 us: [pid:4172915 tid: 0x7f5a54f12200] Arg1: uchar* dst = ptr:0x7f5942400000
:3:rocvirtual.cpp           :853 : 4393629929358 us: [pid:4172915 tid: 0x7f5a54f12200] Arg2: ulong size = val:192
:3:rocvirtual.cpp           :853 : 4393629929364 us: [pid:4172915 tid: 0x7f5a54f12200] Arg3: uint remainder = val:0
:3:rocvirtual.cpp           :853 : 4393629929370 us: [pid:4172915 tid: 0x7f5a54f12200] Arg4: uint aligned_size = val:16
:3:rocvirtual.cpp           :853 : 4393629929376 us: [pid:4172915 tid: 0x7f5a54f12200] Arg5: ulong end_ptr = val:140021340307648
:3:rocvirtual.cpp           :853 : 4393629929786 us: [pid:4172915 tid: 0x7f5a54f12200] Arg6: uint next_chunk = val:512
:3:rocvirtual.cpp           :3236: 4393629929795 us: [pid:4172915 tid: 0x7f5a54f12200] ShaderName : __amd_rocclr_copyBuffer
:3:rocvirtual.cpp           :3449: 4393629929802 us: [pid:4172915 tid: 0x7f5a54f12200] KernargSegmentByteSize = 304 KernargSegmentAlignment = 128
:4:rocvirtual.cpp           :965 : 4393629929815 us: [pid:4172915 tid: 0x7f5a54f12200] SWq=0x7f5a54efc000, HWq=0x7f5941800000, id=1, Dispatch Header = 0x1502 (type=2, barrier=1, acquire=2, release=2), setup=1, grid=[512, 1, 1], workgroup=[512, 1, 1], private_seg_size=0, group_seg_size=0, kernel_obj=0x7f5a54eeddc0, kernarg_address=0x7f5941600180, completion_signal=0x7f5a54dff600, correlation_id=0, rptr=6, wptr=6
:4:rocvirtual.cpp           :622 : 4393629929834 us: [pid:4172915 tid: 0x7f5a54f12200] Host wait on completion_signal=0x7f5a54dff600
:3:rocvirtual.hpp           :56  : 4393629929844 us: [pid:4172915 tid: 0x7f5a54f12200] Host active wait for Signal = (0x7f5a54dff600) for -1 ns
:4:rocblit.cpp              :1716: 4393629929858 us: [pid:4172915 tid: 0x7f5a54f12200] memcpy host dst=0x3d236c40, stg buf=0x7f5942400000, size=192
:4:commandqueue.cpp         :161 : 4393629929868 us: [pid:4172915 tid: 0x7f5a54f12200] Marker queued to ensure finish
:4:command.cpp              :359 : 4393629929874 us: [pid:4172915 tid: 0x7f5a54f12200] Command (InternalMarker) enqueued: 0x3db750f0
:3:rocvirtual.cpp           :533 : 4393629929891 us: [pid:4172915 tid: 0x7f5a54f12200] Set Handler: handle(0x7f5a54dfd700), timestamp(0x3da73c20)
:4:rocvirtual.cpp           :1147: 4393629930274 us: [pid:4172915 tid: 0x7f5a54f12200] SWq=0x7f5a54efc000, HWq=0x7f5941800000, id=1, BarrierAND Header = 0x1503 (type=3, barrier=1, acquire=2, release=2), dep_signal=[0x0, 0x0, 0x0, 0x0, 0x0], completion_signal=0x7f5a54dfd700
:4:commandqueue.cpp         :184 : 4393629930289 us: [pid:4172915 tid: 0x7f5a54f12200] All commands finished
:3:rocvirtual.cpp           :226 : 4393629930295 us: [pid:4172915 tid: 0x7f5925dff6c0] Handler: value(0), timestamp(0x3d9fa030), handle(0x7f5a54dfd700)
:4:command.cpp              :169 : 4393629930307 us: [pid:4172915 tid: 0x7f5925dff6c0] Command 0x3db867c0 complete
:3:hip_memory.cpp           :796 : 4393629930297 us: [pid:4172915 tid: 0x7f5a54f12200] hipMemcpy: Returned hipSuccess : : duration: 1402 us
:4:command.cpp              :163 : 4393629930313 us: [pid:4172915 tid: 0x7f5925dff6c0] Command 0x3db750f0 complete (Wall: 4393629930312, CPU: 0, GPU: 428 us)
:3:hip_memory.cpp           :772 : 4393629930384 us: [pid:4172915 tid: 0x7f5a54f12200] [32m hipFree ( 0x7f5941a00000 ) [0m
:4:commandqueue.cpp         :167 : 4393629930708 us: [pid:4172915 tid: 0x7f5a54f12200] HW Event not ready, awaiting completion instead
:4:commandqueue.cpp         :184 : 4393629930729 us: [pid:4172915 tid: 0x7f5a54f12200] All commands finished
:4:rocdevice.cpp            :2388: 4393629930747 us: [pid:4172915 tid: 0x7f5a54f12200] Free hsa memory 0x7f5941a00000
:3:rocdevice.cpp            :2411: 4393629930753 us: [pid:4172915 tid: 0x7f5a54f12200] Device=0x3d3332c0, freeMem_ = 0xfff000000
:3:hip_memory.cpp           :774 : 4393629930765 us: [pid:4172915 tid: 0x7f5a54f12200] hipFree: Returned hipSuccess : 
:4:rocdevice.cpp            :2388: 4393629936034 us: [pid:4172915 tid: 0x7f5a54f12200] Free hsa memory (nil)
:3:rocdevice.cpp            :3254: 4393629936049 us: [pid:4172915 tid: 0x7f5a54f12200] releaseQueue refCount:0x7f5941800000 (0)
:4:rocdevice.cpp            :2388: 4393629936243 us: [pid:4172915 tid: 0x7f5a54f12200] Free hsa memory 0x7f5941600000
:4:rocdevice.cpp            :2388: 4393629937086 us: [pid:4172915 tid: 0x7f5a54f12200] Free hsa memory 0x7f5941000000
:4:rocdevice.cpp            :2388: 4393629938186 us: [pid:4172915 tid: 0x7f5a54f12200] Free hsa memory 0x7f5941e00000
:4:rocdevice.cpp            :2388: 4393629938242 us: [pid:4172915 tid: 0x7f5a54f12200] Free hsa memory 0x7f5a5f356000
:3:rocdevice.cpp            :278 : 4393629938252 us: [pid:4172915 tid: 0x7f5a54f12200] Deleting hostcall buffer 0x7f5940200000 for hardware queue 0x7f5941800000
:3:devhostcall.cpp          :460 : 4393629938274 us: [pid:4172915 tid: 0x7f5a54f12200] Terminated hostcall listener
:4:rocdevice.cpp            :2388: 4393629940204 us: [pid:4172915 tid: 0x7f5a54f12200] Free hsa memory 0x7f5940200000
:3:rocdevice.cpp            :283 : 4393629940221 us: [pid:4172915 tid: 0x7f5a54f12200] Deleting hardware queue 0x7f5941800000 with refCount 0
:4:rocdevice.cpp            :2388: 4393629945450 us: [pid:4172915 tid: 0x7f5a54f12200] Free hsa memory 0x7f5942400000
:4:rocdevice.cpp            :2388: 4393629945728 us: [pid:4172915 tid: 0x7f5a54f12200] Free hsa memory 0x7f5941a01000
:4:rocdevice.cpp            :2388: 4393629945983 us: [pid:4172915 tid: 0x7f5a54f12200] Free hsa memory 0x7f5913000000
