:3:rocdevice.cpp            :465 : 4393323405825 us: [pid:4139548 tid: 0x7f07f5c3d200] Initializing HSA stack.
:3:rocdevice.cpp            :551 : 4393324769338 us: [pid:4139548 tid: 0x7f07f5c3d200] Enumerated GPU agents = 1
:3:rocdevice.cpp            :230 : 4393324769420 us: [pid:4139548 tid: 0x7f07f5c3d200] Numa selects cpu agent[0]=0xcea7bd0(fine=0xcf26270,coarse=0xcf2aae0) for gpu agent=0xcfd2910 CPU<->GPU XGMI=0
:3:rocsettings.cpp          :284 : 4393324769434 us: [pid:4139548 tid: 0x7f07f5c3d200] Using dev kernel arg wa = 0
:3:comgrctx.cpp             :33  : 4393324769440 us: [pid:4139548 tid: 0x7f07f5c3d200] Loading COMGR library.
:3:comgrctx.cpp             :128 : 4393324769487 us: [pid:4139548 tid: 0x7f07f5c3d200] Loaded COMGR library version 3.0.
:3:rocdevice.cpp            :1785: 4393324770118 us: [pid:4139548 tid: 0x7f07f5c3d200] Gfx Major/Minor/Stepping: 9/0/10
:3:rocdevice.cpp            :1787: 4393324770392 us: [pid:4139548 tid: 0x7f07f5c3d200] HMM support: 1, XNACK: 0, Direct host access: 0
:3:rocdevice.cpp            :1789: 4393324770416 us: [pid:4139548 tid: 0x7f07f5c3d200] Max SDMA Read Mask: 0x1e, Max SDMA Write Mask: 0x1f
:4:rocdevice.cpp            :2210: 4393324770880 us: [pid:4139548 tid: 0x7f07f5c3d200] Allocate hsa host memory 0x7f07e3000000, size 0x100000, numa_node = 0
:4:rocdevice.cpp            :2210: 4393324821564 us: [pid:4139548 tid: 0x7f07f5c3d200] Allocate hsa host memory 0x7f07e2a00000, size 0x400000, numa_node = 0
:4:rocdevice.cpp            :2210: 4393324821738 us: [pid:4139548 tid: 0x7f07f5c3d200] Allocate hsa host memory 0x7f07ffdae000, size 0x38, numa_node = 0
:3:hip_context.cpp          :54  : 4393324821766 us: [pid:4139548 tid: 0x7f07f5c3d200] Direct Dispatch: 1
:3:hip_fatbin.cpp           :427 : 4393324822001 us: [pid:4139548 tid: 0x7f07f5c3d200] Searching for code objects, HIP_FORCE_SPIRV_CODEOBJECT: 0
:3:hip_fatbin.cpp           :435 : 4393324822323 us: [pid:4139548 tid: 0x7f07f5c3d200] Using Native code object: gfx90a:sramecc+:xnack-
:3:hip_memory.cpp           :756 : 4393324822386 us: [pid:4139548 tid: 0x7f07f5c3d200] [32m hipMalloc ( 0x7ffe4277b608, 192 ) [0m
:4:rocdevice.cpp            :2371: 4393324822471 us: [pid:4139548 tid: 0x7f07f5c3d200] Allocate hsa device memory 0x7f07e2600000, size 0xc0, hsa_mem_flags 0x0h
:3:rocdevice.cpp            :2411: 4393324822482 us: [pid:4139548 tid: 0x7f07f5c3d200] Device=0xd01b2c0, freeMem_ = 0xffeffff40
:3:hip_memory.cpp           :758 : 4393324822799 us: [pid:4139548 tid: 0x7f07f5c3d200] hipMalloc: Returned hipSuccess : 0x7f07e2600000: duration: 413 us
:3:hip_memory.cpp           :3476: 4393324822835 us: [pid:4139548 tid: 0x7f07f5c3d200] [32m hipMemset ( 0x7f07e2600000, 0, 192 ) [0m
:3:rocdevice.cpp            :3048: 4393324823341 us: [pid:4139548 tid: 0x7f07f5c3d200] Number of allocated hardware queues with low priority: 0, with normal priority: 0, with high priority: 0, maximum per priority is: 4
:3:rocdevice.cpp            :3129: 4393324835804 us: [pid:4139548 tid: 0x7f07f5c3d200] Created SWq=0x7f07f5c2a000 to map on HWq=0x7f07e2400000 with size 16384 with priority 1, cooperative: 0
:3:rocdevice.cpp            :3222: 4393324835860 us: [pid:4139548 tid: 0x7f07f5c3d200] acquireQueue refCount: 0x7f07e2400000 (1)
:4:rocdevice.cpp            :2210: 4393324836292 us: [pid:4139548 tid: 0x7f07f5c3d200] Allocate hsa host memory 0x7f07e2200000, size 0x100000, numa_node = 0
:3:devprogram.cpp           :2658: 4393325220287 us: [pid:4139548 tid: 0x7f07f5c3d200] Using Code Object V5.
:4:rocdevice.cpp            :2210: 4393327932530 us: [pid:4139548 tid: 0x7f07f5c3d200] Allocate hsa host memory 0x7f07e1c00000, size 0x400000, numa_node = 0
:4:command.cpp              :359 : 4393327933290 us: [pid:4139548 tid: 0x7f07f5c3d200] Command (FillBuffer) enqueued: 0xd314650
:3:rocvirtual.cpp           :762 : 4393327933316 us: [pid:4139548 tid: 0x7f07f5c3d200] Arg0: void* buf = ptr:0x7f07e2600000
:3:rocvirtual.cpp           :778 : 4393327933322 us: [pid:4139548 tid: 0x7f07f5c3d200] Arg0: void* buf = ptr:0x7f07e2600000 obj:[0x7f07e2600000-0x7f07e26000c0]
:3:rocvirtual.cpp           :762 : 4393327933333 us: [pid:4139548 tid: 0x7f07f5c3d200] Arg1: uchar* pattern = ptr:0x7f07e2200000
:3:rocvirtual.cpp           :853 : 4393327933341 us: [pid:4139548 tid: 0x7f07f5c3d200] Arg2: uint pattern_size = val:1
:3:rocvirtual.cpp           :853 : 4393327933346 us: [pid:4139548 tid: 0x7f07f5c3d200] Arg3: uint alignment = val:16
:3:rocvirtual.cpp           :853 : 4393327933351 us: [pid:4139548 tid: 0x7f07f5c3d200] Arg4: ulong end_ptr = val:139671839441088
:3:rocvirtual.cpp           :853 : 4393327933358 us: [pid:4139548 tid: 0x7f07f5c3d200] Arg5: uint next_chunk = val:256
:3:rocvirtual.cpp           :3236: 4393327933371 us: [pid:4139548 tid: 0x7f07f5c3d200] ShaderName : __amd_rocclr_fillBufferAligned
:3:rocvirtual.cpp           :3449: 4393327933380 us: [pid:4139548 tid: 0x7f07f5c3d200] KernargSegmentByteSize = 296 KernargSegmentAlignment = 128
:4:rocvirtual.cpp           :965 : 4393327933398 us: [pid:4139548 tid: 0x7f07f5c3d200] SWq=0x7f07f5c2a000, HWq=0x7f07e2400000, id=1, Dispatch Header = 0xb02 (type=2, barrier=1, acquire=1, release=1), setup=1, grid=[256, 1, 1], workgroup=[256, 1, 1], private_seg_size=0, group_seg_size=0, kernel_obj=0x7f07f5c15d40, kernarg_address=0x7f07e2200100, completion_signal=0x0, correlation_id=0, rptr=0, wptr=0
:3:hip_memory.cpp           :3477: 4393327933414 us: [pid:4139548 tid: 0x7f07f5c3d200] hipMemset: Returned hipSuccess : 
:3:hip_device_runtime.cpp   :641 : 4393327933429 us: [pid:4139548 tid: 0x7f07f5c3d200] [32m hipDeviceSynchronize (  ) [0m
:4:commandqueue.cpp         :161 : 4393327933896 us: [pid:4139548 tid: 0x7f07f5c3d200] Marker queued to ensure finish
:4:command.cpp              :359 : 4393327933912 us: [pid:4139548 tid: 0x7f07f5c3d200] Command (InternalMarker) enqueued: 0xd3a1ad0
:3:rocvirtual.cpp           :533 : 4393327933941 us: [pid:4139548 tid: 0x7f07f5c3d200] Set Handler: handle(0x7f07f57fd600), timestamp(0xd6e2960)
:4:rocvirtual.cpp           :1147: 4393327933956 us: [pid:4139548 tid: 0x7f07f5c3d200] SWq=0x7f07f5c2a000, HWq=0x7f07e2400000, id=1, BarrierAND Header = 0x1503 (type=3, barrier=1, acquire=2, release=2), dep_signal=[0x0, 0x0, 0x0, 0x0, 0x0], completion_signal=0x7f07f57fd600
:3:rocvirtual.hpp           :56  : 4393327933967 us: [pid:4139548 tid: 0x7f07f5c3d200] Host active wait for Signal = (0x7f07f57fd600) for -1 ns
:4:commandqueue.cpp         :184 : 4393327940160 us: [pid:4139548 tid: 0x7f07f5c3d200] All commands finished
:3:hip_device_runtime.cpp   :645 : 4393327940188 us: [pid:4139548 tid: 0x7f07f5c3d200] hipDeviceSynchronize: Returned hipSuccess : 
:3:hip_platform.cpp         :237 : 4393327940213 us: [pid:4139548 tid: 0x7f07f5c3d200] [32m __hipPushCallConfiguration ( {1,1,1}, {16,16,1}, 0, stream:<null> ) [0m
:3:hip_platform.cpp         :241 : 4393327940224 us: [pid:4139548 tid: 0x7f07f5c3d200] __hipPushCallConfiguration: Returned hipSuccess : 
:3:rocvirtual.cpp           :226 : 4393327940225 us: [pid:4139548 tid: 0x7f06c4dff6c0] Handler: value(0), timestamp(0xd881c00), handle(0x7f07f57fd600)
:3:hip_platform.cpp         :246 : 4393327940239 us: [pid:4139548 tid: 0x7f07f5c3d200] [32m __hipPopCallConfiguration ( {1115142024,32766,0}, {854098,32520,16}, 0x7ffe4277b500, 0x7ffe4277b4f8 ) [0m
:3:hip_platform.cpp         :255 : 4393327940279 us: [pid:4139548 tid: 0x7f07f5c3d200] __hipPopCallConfiguration: Returned hipSuccess : 
:4:command.cpp              :169 : 4393327940269 us: [pid:4139548 tid: 0x7f06c4dff6c0] Command 0xd314650 complete
:4:command.cpp              :163 : 4393327940305 us: [pid:4139548 tid: 0x7f06c4dff6c0] Command 0xd3a1ad0 complete (Wall: 4393327940303, CPU: 0, GPU: 6381 us)
:3:hip_module.cpp           :744 : 4393327940309 us: [pid:4139548 tid: 0x7f07f5c3d200] [32m hipLaunchKernel ( 0x200d38, {1,1,1}, {16,16,1}, 0x7ffe4277b4b0, 0, stream:<null> ) [0m
:3:devprogram.cpp           :2658: 4393327941004 us: [pid:4139548 tid: 0x7f07f5c3d200] Using Code Object V5.
:4:command.cpp              :359 : 4393327942039 us: [pid:4139548 tid: 0x7f07f5c3d200] Command (KernelExecution) enqueued: 0xd654ca0
:3:rocvirtual.cpp           :762 : 4393327942151 us: [pid:4139548 tid: 0x7f07f5c3d200] Arg0:   = ptr:0x7f07e2600000
:3:rocvirtual.cpp           :778 : 4393327942169 us: [pid:4139548 tid: 0x7f07f5c3d200] Arg0:   = ptr:0x7f07e2600000 obj:[0x7f07e2600000-0x7f07e26000c0]
:3:rocvirtual.cpp           :853 : 4393327942180 us: [pid:4139548 tid: 0x7f07f5c3d200] Arg1:   = val:8
:3:rocvirtual.cpp           :853 : 4393327942190 us: [pid:4139548 tid: 0x7f07f5c3d200] Arg2:   = val:4
:3:rocvirtual.cpp           :853 : 4393327942196 us: [pid:4139548 tid: 0x7f07f5c3d200] Arg3:   = val:1176666112
:3:rocvirtual.cpp           :853 : 4393327942203 us: [pid:4139548 tid: 0x7f07f5c3d200] Arg4:   = val:1176256512
:3:rocvirtual.cpp           :3236: 4393327942215 us: [pid:4139548 tid: 0x7f07f5c3d200] ShaderName : color(unsigned char*, int, int, float, float)
:4:rocdevice.cpp            :2210: 4393331383558 us: [pid:4139548 tid: 0x7f07f5c3d200] Allocate hsa host memory 0x7f07e0e00000, size 0xd13838, numa_node = 0
:3:rocdevice.cpp            :3322: 4393331385245 us: [pid:4139548 tid: 0x7f07f5c3d200] Created hostcall buffer 0x7f07e0e00000 for hardware queue 0x7f07e2400000
:4:rocsignal.cpp            :38  : 4393331385778 us: [pid:4139548 tid: 0x7f07f5c3d200] Initialize Hostcall signal=0x7f07f57fd380
:3:devhostcall.cpp          :428 : 4393331385899 us: [pid:4139548 tid: 0x7f07f5c3d200] Launched hostcall listener at 0xd695cb0
:3:devhostcall.cpp          :441 : 4393331385906 us: [pid:4139548 tid: 0x7f07f5c3d200] Registered hostcall buffer 0x7f07e0e00000 with listener 0xd695cb0
:4:rocdevice.cpp            :2371: 4393331385937 us: [pid:4139548 tid: 0x7f07f5c3d200] Allocate hsa device memory 0x7f07e2601000, size 0x20000, hsa_mem_flags 0x0h
:4:rocdevice.cpp            :2371: 4393331386023 us: [pid:4139548 tid: 0x7f07f5c3d200] Allocate hsa device memory 0x7f07e0400000, size 0x800000, hsa_mem_flags 0x0h
:3:rocvirtual.cpp           :853 : 4393331386039 us: [pid:4139548 tid: 0x7f07f5c3d200] Arg0: ulong heap_to_initialize = val:139671839444992
:3:rocvirtual.cpp           :853 : 4393331386049 us: [pid:4139548 tid: 0x7f07f5c3d200] Arg1: ulong initial_blocks = val:139671803789312
:3:rocvirtual.cpp           :853 : 4393331386057 us: [pid:4139548 tid: 0x7f07f5c3d200] Arg2: uint heap_size = val:131072
:3:rocvirtual.cpp           :853 : 4393331386063 us: [pid:4139548 tid: 0x7f07f5c3d200] Arg3: uint number_of_initial_blocks = val:4
:3:rocvirtual.cpp           :3236: 4393331386479 us: [pid:4139548 tid: 0x7f07f5c3d200] ShaderName : __amd_rocclr_initHeap
:3:rocvirtual.cpp           :3449: 4393331386487 us: [pid:4139548 tid: 0x7f07f5c3d200] KernargSegmentByteSize = 24 KernargSegmentAlignment = 128
:4:rocvirtual.cpp           :965 : 4393331386500 us: [pid:4139548 tid: 0x7f07f5c3d200] SWq=0x7f07f5c2a000, HWq=0x7f07e2400000, id=1, Dispatch Header = 0xb02 (type=2, barrier=1, acquire=1, release=1), setup=1, grid=[256, 1, 1], workgroup=[256, 1, 1], private_seg_size=0, group_seg_size=0, kernel_obj=0x7f07f5c160c0, kernarg_address=0x7f07e2200280, completion_signal=0x0, correlation_id=0, rptr=2, wptr=2
:4:rocvirtual.cpp           :1147: 4393331386526 us: [pid:4139548 tid: 0x7f07f5c3d200] SWq=0x7f07f5c2a000, HWq=0x7f07e2400000, id=1, BarrierAND Header = 0x1503 (type=3, barrier=1, acquire=2, release=2), dep_signal=[0x0, 0x0, 0x0, 0x0, 0x0], completion_signal=0x7f07f57ff700
:4:rocvirtual.cpp           :622 : 4393331386552 us: [pid:4139548 tid: 0x7f07f5c3d200] Host wait on completion_signal=0x7f07f57ff700
:3:rocvirtual.hpp           :56  : 4393331386560 us: [pid:4139548 tid: 0x7f07f5c3d200] Host active wait for Signal = (0x7f07f57ff700) for -1 ns
:3:rocvirtual.cpp           :3449: 4393331398208 us: [pid:4139548 tid: 0x7f07f5c3d200] KernargSegmentByteSize = 280 KernargSegmentAlignment = 128
:4:rocvirtual.cpp           :965 : 4393331398246 us: [pid:4139548 tid: 0x7f07f5c3d200] SWq=0x7f07f5c2a000, HWq=0x7f07e2400000, id=1, Dispatch Header = 0xb02 (type=2, barrier=1, acquire=1, release=1), setup=3, grid=[16, 16, 1], workgroup=[16, 16, 1], private_seg_size=1024, group_seg_size=0, kernel_obj=0x7f07f5910a80, kernarg_address=0x7f07e2200000, completion_signal=0x0, correlation_id=0, rptr=4, wptr=4
:3:hip_module.cpp           :745 : 4393331398270 us: [pid:4139548 tid: 0x7f07f5c3d200] hipLaunchKernel: Returned hipSuccess : : duration: 3457961 us
:3:hip_device_runtime.cpp   :641 : 4393331398281 us: [pid:4139548 tid: 0x7f07f5c3d200] [32m hipDeviceSynchronize (  ) [0m
:4:commandqueue.cpp         :161 : 4393331398288 us: [pid:4139548 tid: 0x7f07f5c3d200] Marker queued to ensure finish
:4:command.cpp              :359 : 4393331398294 us: [pid:4139548 tid: 0x7f07f5c3d200] Command (InternalMarker) enqueued: 0xd3a1ad0
:3:rocvirtual.cpp           :533 : 4393331398317 us: [pid:4139548 tid: 0x7f07f5c3d200] Set Handler: handle(0x7f07f57fd680), timestamp(0xd74ed80)
:4:rocvirtual.cpp           :1147: 4393331398328 us: [pid:4139548 tid: 0x7f07f5c3d200] SWq=0x7f07f5c2a000, HWq=0x7f07e2400000, id=1, BarrierAND Header = 0x1503 (type=3, barrier=1, acquire=2, release=2), dep_signal=[0x0, 0x0, 0x0, 0x0, 0x0], completion_signal=0x7f07f57fd680
:3:rocvirtual.hpp           :56  : 4393331398341 us: [pid:4139548 tid: 0x7f07f5c3d200] Host active wait for Signal = (0x7f07f57fd680) for -1 ns
:4:commandqueue.cpp         :184 : 4393331398914 us: [pid:4139548 tid: 0x7f07f5c3d200] All commands finished
:3:rocvirtual.cpp           :226 : 4393331398933 us: [pid:4139548 tid: 0x7f06c4dff6c0] Handler: value(0), timestamp(0xd06c1f0), handle(0x7f07f57fd680)
:3:hip_device_runtime.cpp   :645 : 4393331398936 us: [pid:4139548 tid: 0x7f07f5c3d200] hipDeviceSynchronize: Returned hipSuccess : 
:4:command.cpp              :169 : 4393331398955 us: [pid:4139548 tid: 0x7f06c4dff6c0] Command 0xd654ca0 complete
:4:command.cpp              :163 : 4393331398977 us: [pid:4139548 tid: 0x7f06c4dff6c0] Command 0xd3a1ad0 complete (Wall: 4393331398975, CPU: 0, GPU: 673 us)
:3:hip_memory.cpp           :795 : 4393331398988 us: [pid:4139548 tid: 0x7f07f5c3d200] [32m hipMemcpy ( 0xcf1ec40, 0x7f07e2600000, 192, hipMemcpyDeviceToHost ) [0m
:4:command.cpp              :359 : 4393331399008 us: [pid:4139548 tid: 0x7f07f5c3d200] Command (CopyDeviceToHost) enqueued: 0xd5e2eb0
:4:rocblit.cpp              :1673: 4393331399020 us: [pid:4139548 tid: 0x7f07f5c3d200] Unpinned read path, Async = 0
:4:rocblit.cpp              :1702: 4393331399027 us: [pid:4139548 tid: 0x7f07f5c3d200] Blit staging D2H copy stg buf=0x7f07e3000000, src=0x7f07e2600000, dstOrigin=0x0, size=192
:3:rocvirtual.cpp           :762 : 4393331399541 us: [pid:4139548 tid: 0x7f07f5c3d200] Arg0: uchar* src = ptr:0x7f07e2600000
:3:rocvirtual.cpp           :762 : 4393331399547 us: [pid:4139548 tid: 0x7f07f5c3d200] Arg1: uchar* dst = ptr:0x7f07e3000000
:3:rocvirtual.cpp           :853 : 4393331399552 us: [pid:4139548 tid: 0x7f07f5c3d200] Arg2: ulong size = val:192
:3:rocvirtual.cpp           :853 : 4393331399558 us: [pid:4139548 tid: 0x7f07f5c3d200] Arg3: uint remainder = val:0
:3:rocvirtual.cpp           :853 : 4393331399563 us: [pid:4139548 tid: 0x7f07f5c3d200] Arg4: uint aligned_size = val:16
:3:rocvirtual.cpp           :853 : 4393331399567 us: [pid:4139548 tid: 0x7f07f5c3d200] Arg5: ulong end_ptr = val:139671849926848
:3:rocvirtual.cpp           :853 : 4393331399575 us: [pid:4139548 tid: 0x7f07f5c3d200] Arg6: uint next_chunk = val:512
:3:rocvirtual.cpp           :3236: 4393331399581 us: [pid:4139548 tid: 0x7f07f5c3d200] ShaderName : __amd_rocclr_copyBuffer
:3:rocvirtual.cpp           :3449: 4393331399587 us: [pid:4139548 tid: 0x7f07f5c3d200] KernargSegmentByteSize = 304 KernargSegmentAlignment = 128
:4:rocvirtual.cpp           :965 : 4393331399597 us: [pid:4139548 tid: 0x7f07f5c3d200] SWq=0x7f07f5c2a000, HWq=0x7f07e2400000, id=1, Dispatch Header = 0x1502 (type=2, barrier=1, acquire=2, release=2), setup=1, grid=[512, 1, 1], workgroup=[512, 1, 1], private_seg_size=0, group_seg_size=0, kernel_obj=0x7f07f5c15dc0, kernarg_address=0x7f07e2200180, completion_signal=0x7f07f57ff600, correlation_id=0, rptr=6, wptr=6
:4:rocvirtual.cpp           :622 : 4393331399614 us: [pid:4139548 tid: 0x7f07f5c3d200] Host wait on completion_signal=0x7f07f57ff600
:4:rocblit.cpp              :1716: 4393331399628 us: [pid:4139548 tid: 0x7f07f5c3d200] memcpy host dst=0xcf1ec40, stg buf=0x7f07e3000000, size=192
:4:commandqueue.cpp         :161 : 4393331399643 us: [pid:4139548 tid: 0x7f07f5c3d200] Marker queued to ensure finish
:4:command.cpp              :359 : 4393331399655 us: [pid:4139548 tid: 0x7f07f5c3d200] Command (InternalMarker) enqueued: 0xd3a1ad0
:3:rocvirtual.cpp           :533 : 4393331399669 us: [pid:4139548 tid: 0x7f07f5c3d200] Set Handler: handle(0x7f07f57fd700), timestamp(0xd74ec70)
:4:rocvirtual.cpp           :1147: 4393331399685 us: [pid:4139548 tid: 0x7f07f5c3d200] SWq=0x7f07f5c2a000, HWq=0x7f07e2400000, id=1, BarrierAND Header = 0x1503 (type=3, barrier=1, acquire=2, release=2), dep_signal=[0x0, 0x0, 0x0, 0x0, 0x0], completion_signal=0x7f07f57fd700
:4:commandqueue.cpp         :184 : 4393331399697 us: [pid:4139548 tid: 0x7f07f5c3d200] All commands finished
:3:hip_memory.cpp           :796 : 4393331399710 us: [pid:4139548 tid: 0x7f07f5c3d200] hipMemcpy: Returned hipSuccess : : duration: 722 us
:3:rocvirtual.cpp           :226 : 4393331399722 us: [pid:4139548 tid: 0x7f06c4dff6c0] Handler: value(0), timestamp(0xd06c180), handle(0x7f07f57fd700)
:3:hip_memory.cpp           :772 : 4393331399781 us: [pid:4139548 tid: 0x7f07f5c3d200] [32m hipFree ( 0x7f07e2600000 ) [0m
:4:command.cpp              :169 : 4393331400222 us: [pid:4139548 tid: 0x7f06c4dff6c0] Command 0xd5e2eb0 complete
:4:commandqueue.cpp         :167 : 4393331400245 us: [pid:4139548 tid: 0x7f07f5c3d200] HW Event not ready, awaiting completion instead
:4:command.cpp              :244 : 4393331400265 us: [pid:4139548 tid: 0x7f07f5c3d200] Waiting for event 0xd3a1ad0 to complete, current status 2
:4:command.cpp              :259 : 4393331400281 us: [pid:4139548 tid: 0x7f07f5c3d200] Event 0xd3a1ad0 wait completed
:4:commandqueue.cpp         :184 : 4393331400289 us: [pid:4139548 tid: 0x7f07f5c3d200] All commands finished
:4:command.cpp              :163 : 4393331400283 us: [pid:4139548 tid: 0x7f06c4dff6c0] Command 0xd3a1ad0 complete (Wall: 4393331400280, CPU: 0, GPU: 617 us)
:4:rocdevice.cpp            :2388: 4393331400314 us: [pid:4139548 tid: 0x7f07f5c3d200] Free hsa memory 0x7f07e2600000
:3:rocdevice.cpp            :2411: 4393331400320 us: [pid:4139548 tid: 0x7f07f5c3d200] Device=0xd01b2c0, freeMem_ = 0xfff000000
:3:hip_memory.cpp           :774 : 4393331400327 us: [pid:4139548 tid: 0x7f07f5c3d200] hipFree: Returned hipSuccess : 
:4:rocdevice.cpp            :2388: 4393331412062 us: [pid:4139548 tid: 0x7f07f5c3d200] Free hsa memory (nil)
:3:rocdevice.cpp            :3254: 4393331412081 us: [pid:4139548 tid: 0x7f07f5c3d200] releaseQueue refCount:0x7f07e2400000 (0)
:4:rocdevice.cpp            :2388: 4393331413143 us: [pid:4139548 tid: 0x7f07f5c3d200] Free hsa memory 0x7f07e2200000
:4:rocdevice.cpp            :2388: 4393331413653 us: [pid:4139548 tid: 0x7f07f5c3d200] Free hsa memory 0x7f07e1c00000
:4:rocdevice.cpp            :2388: 4393331414592 us: [pid:4139548 tid: 0x7f07f5c3d200] Free hsa memory 0x7f07e2a00000
:4:rocdevice.cpp            :2388: 4393331414644 us: [pid:4139548 tid: 0x7f07f5c3d200] Free hsa memory 0x7f07ffdae000
:3:rocdevice.cpp            :278 : 4393331414653 us: [pid:4139548 tid: 0x7f07f5c3d200] Deleting hostcall buffer 0x7f07e0e00000 for hardware queue 0x7f07e2400000
:3:devhostcall.cpp          :460 : 4393331414665 us: [pid:4139548 tid: 0x7f07f5c3d200] Terminated hostcall listener
:4:rocdevice.cpp            :2388: 4393331416495 us: [pid:4139548 tid: 0x7f07f5c3d200] Free hsa memory 0x7f07e0e00000
:3:rocdevice.cpp            :283 : 4393331416522 us: [pid:4139548 tid: 0x7f07f5c3d200] Deleting hardware queue 0x7f07e2400000 with refCount 0
:4:rocdevice.cpp            :2388: 4393331421585 us: [pid:4139548 tid: 0x7f07f5c3d200] Free hsa memory 0x7f07e3000000
:4:rocdevice.cpp            :2388: 4393331422061 us: [pid:4139548 tid: 0x7f07f5c3d200] Free hsa memory 0x7f07e2601000
:4:rocdevice.cpp            :2388: 4393331422293 us: [pid:4139548 tid: 0x7f07f5c3d200] Free hsa memory 0x7f07e0400000
