:3:rocdevice.cpp            :465 : 4393314403070 us: [pid:4138799 tid: 0x7f2aecac5200] Initializing HSA stack.
:3:rocdevice.cpp            :551 : 4393314520463 us: [pid:4138799 tid: 0x7f2aecac5200] Enumerated GPU agents = 1
:3:rocdevice.cpp            :230 : 4393314520550 us: [pid:4138799 tid: 0x7f2aecac5200] Numa selects cpu agent[0]=0x352b0bd0(fine=0x3532f270,coarse=0x35333ae0) for gpu agent=0x353db910 CPU<->GPU XGMI=0
:3:rocsettings.cpp          :284 : 4393314520567 us: [pid:4138799 tid: 0x7f2aecac5200] Using dev kernel arg wa = 0
:3:comgrctx.cpp             :33  : 4393314520573 us: [pid:4138799 tid: 0x7f2aecac5200] Loading COMGR library.
:3:comgrctx.cpp             :128 : 4393314520607 us: [pid:4138799 tid: 0x7f2aecac5200] Loaded COMGR library version 3.0.
:3:rocdevice.cpp            :1785: 4393314521262 us: [pid:4138799 tid: 0x7f2aecac5200] Gfx Major/Minor/Stepping: 9/0/10
:3:rocdevice.cpp            :1787: 4393314521274 us: [pid:4138799 tid: 0x7f2aecac5200] HMM support: 1, XNACK: 0, Direct host access: 0
:3:rocdevice.cpp            :1789: 4393314521283 us: [pid:4138799 tid: 0x7f2aecac5200] Max SDMA Read Mask: 0x1e, Max SDMA Write Mask: 0x1f
:4:rocdevice.cpp            :2210: 4393314521730 us: [pid:4138799 tid: 0x7f2aecac5200] Allocate hsa host memory 0x7f2ad9e00000, size 0x100000, numa_node = 0
:4:rocdevice.cpp            :2210: 4393315497258 us: [pid:4138799 tid: 0x7f2aecac5200] Allocate hsa host memory 0x7f2ad9800000, size 0x400000, numa_node = 0
:4:rocdevice.cpp            :2210: 4393315497677 us: [pid:4138799 tid: 0x7f2aecac5200] Allocate hsa host memory 0x7f2af6cfc000, size 0x38, numa_node = 0
:3:hip_context.cpp          :54  : 4393315497938 us: [pid:4138799 tid: 0x7f2aecac5200] Direct Dispatch: 1
:3:hip_fatbin.cpp           :427 : 4393315498120 us: [pid:4138799 tid: 0x7f2aecac5200] Searching for code objects, HIP_FORCE_SPIRV_CODEOBJECT: 0
:3:hip_fatbin.cpp           :435 : 4393315498464 us: [pid:4138799 tid: 0x7f2aecac5200] Using Native code object: gfx90a:sramecc+:xnack-
:3:hip_memory.cpp           :756 : 4393315498510 us: [pid:4138799 tid: 0x7f2aecac5200] [32m hipMalloc ( 0x7ffd95313828, 192 ) [0m
:4:rocdevice.cpp            :2371: 4393315498588 us: [pid:4138799 tid: 0x7f2aecac5200] Allocate hsa device memory 0x7f2ad9400000, size 0xc0, hsa_mem_flags 0x0h
:3:rocdevice.cpp            :2411: 4393315499022 us: [pid:4138799 tid: 0x7f2aecac5200] Device=0x354242c0, freeMem_ = 0xffeffff40
:3:hip_memory.cpp           :758 : 4393315499045 us: [pid:4138799 tid: 0x7f2aecac5200] hipMalloc: Returned hipSuccess : 0x7f2ad9400000: duration: 535 us
:3:hip_memory.cpp           :3476: 4393315499067 us: [pid:4138799 tid: 0x7f2aecac5200] [32m hipMemset ( 0x7f2ad9400000, 0, 192 ) [0m
:3:rocdevice.cpp            :3048: 4393315499088 us: [pid:4138799 tid: 0x7f2aecac5200] Number of allocated hardware queues with low priority: 0, with normal priority: 0, with high priority: 0, maximum per priority is: 4
:3:rocdevice.cpp            :3129: 4393315511140 us: [pid:4138799 tid: 0x7f2aecac5200] Created SWq=0x7f2aecab0000 to map on HWq=0x7f2ad9200000 with size 16384 with priority 1, cooperative: 0
:3:rocdevice.cpp            :3222: 4393315511191 us: [pid:4138799 tid: 0x7f2aecac5200] acquireQueue refCount: 0x7f2ad9200000 (1)
:4:rocdevice.cpp            :2210: 4393315511647 us: [pid:4138799 tid: 0x7f2aecac5200] Allocate hsa host memory 0x7f2ad9000000, size 0x100000, numa_node = 0
:3:devprogram.cpp           :2658: 4393315909112 us: [pid:4138799 tid: 0x7f2aecac5200] Using Code Object V5.
:4:rocdevice.cpp            :2210: 4393316342358 us: [pid:4138799 tid: 0x7f2aecac5200] Allocate hsa host memory 0x7f2ad8a00000, size 0x400000, numa_node = 0
:4:command.cpp              :359 : 4393316342565 us: [pid:4138799 tid: 0x7f2aecac5200] Command (FillBuffer) enqueued: 0x3552d130
:3:rocvirtual.cpp           :762 : 4393316342936 us: [pid:4138799 tid: 0x7f2aecac5200] Arg0: void* buf = ptr:0x7f2ad9400000
:3:rocvirtual.cpp           :778 : 4393316342944 us: [pid:4138799 tid: 0x7f2aecac5200] Arg0: void* buf = ptr:0x7f2ad9400000 obj:[0x7f2ad9400000-0x7f2ad94000c0]
:3:rocvirtual.cpp           :762 : 4393316342982 us: [pid:4138799 tid: 0x7f2aecac5200] Arg1: uchar* pattern = ptr:0x7f2ad9000000
:3:rocvirtual.cpp           :853 : 4393316342993 us: [pid:4138799 tid: 0x7f2aecac5200] Arg2: uint pattern_size = val:1
:3:rocvirtual.cpp           :853 : 4393316342998 us: [pid:4138799 tid: 0x7f2aecac5200] Arg3: uint alignment = val:16
:3:rocvirtual.cpp           :853 : 4393316343003 us: [pid:4138799 tid: 0x7f2aecac5200] Arg4: ulong end_ptr = val:139822010204352
:3:rocvirtual.cpp           :853 : 4393316343011 us: [pid:4138799 tid: 0x7f2aecac5200] Arg5: uint next_chunk = val:256
:3:rocvirtual.cpp           :3236: 4393316343031 us: [pid:4138799 tid: 0x7f2aecac5200] ShaderName : __amd_rocclr_fillBufferAligned
:3:rocvirtual.cpp           :3449: 4393316343043 us: [pid:4138799 tid: 0x7f2aecac5200] KernargSegmentByteSize = 296 KernargSegmentAlignment = 128
:4:rocvirtual.cpp           :965 : 4393316343061 us: [pid:4138799 tid: 0x7f2aecac5200] SWq=0x7f2aecab0000, HWq=0x7f2ad9200000, id=1, Dispatch Header = 0xb02 (type=2, barrier=1, acquire=1, release=1), setup=1, grid=[256, 1, 1], workgroup=[256, 1, 1], private_seg_size=0, group_seg_size=0, kernel_obj=0x7f2aeca9dd40, kernarg_address=0x7f2ad9000100, completion_signal=0x0, correlation_id=0, rptr=0, wptr=0
:3:hip_memory.cpp           :3477: 4393316343504 us: [pid:4138799 tid: 0x7f2aecac5200] hipMemset: Returned hipSuccess : 
:3:hip_device_runtime.cpp   :641 : 4393316343522 us: [pid:4138799 tid: 0x7f2aecac5200] [32m hipDeviceSynchronize (  ) [0m
:4:commandqueue.cpp         :161 : 4393316343529 us: [pid:4138799 tid: 0x7f2aecac5200] Marker queued to ensure finish
:4:command.cpp              :359 : 4393316343534 us: [pid:4138799 tid: 0x7f2aecac5200] Command (InternalMarker) enqueued: 0x35796770
:3:rocvirtual.cpp           :533 : 4393316343554 us: [pid:4138799 tid: 0x7f2aecac5200] Set Handler: handle(0x7f2aec5fd600), timestamp(0x35bb9e30)
:4:rocvirtual.cpp           :1147: 4393316343562 us: [pid:4138799 tid: 0x7f2aecac5200] SWq=0x7f2aecab0000, HWq=0x7f2ad9200000, id=1, BarrierAND Header = 0x1503 (type=3, barrier=1, acquire=2, release=2), dep_signal=[0x0, 0x0, 0x0, 0x0, 0x0], completion_signal=0x7f2aec5fd600
:4:commandqueue.cpp         :184 : 4393316343585 us: [pid:4138799 tid: 0x7f2aecac5200] All commands finished
:3:hip_device_runtime.cpp   :645 : 4393316343605 us: [pid:4138799 tid: 0x7f2aecac5200] hipDeviceSynchronize: Returned hipSuccess : 
:3:rocvirtual.cpp           :226 : 4393316343621 us: [pid:4138799 tid: 0x7f29bbbff6c0] Handler: value(0), timestamp(0x35a4c5d0), handle(0x7f2aec5fd600)
:3:hip_platform.cpp         :237 : 4393316343621 us: [pid:4138799 tid: 0x7f2aecac5200] [32m __hipPushCallConfiguration ( {1,1,1}, {16,16,1}, 0, stream:<null> ) [0m
:4:command.cpp              :169 : 4393316344035 us: [pid:4138799 tid: 0x7f29bbbff6c0] Command 0x3552d130 complete
:4:command.cpp              :163 : 4393316344071 us: [pid:4138799 tid: 0x7f29bbbff6c0] Command 0x35796770 complete (Wall: 4393316344069, CPU: 0, GPU: 527 us)
:3:hip_platform.cpp         :241 : 4393316344046 us: [pid:4138799 tid: 0x7f2aecac5200] __hipPushCallConfiguration: Returned hipSuccess : 
:3:hip_platform.cpp         :246 : 4393316344126 us: [pid:4138799 tid: 0x7f2aecac5200] [32m __hipPopCallConfiguration ( {2503031208,32765,0}, {4144101458,32554,16}, 0x7ffd95313720, 0x7ffd95313718 ) [0m
:3:hip_platform.cpp         :255 : 4393316344139 us: [pid:4138799 tid: 0x7f2aecac5200] __hipPopCallConfiguration: Returned hipSuccess : 
:3:hip_module.cpp           :744 : 4393316344188 us: [pid:4138799 tid: 0x7f2aecac5200] [32m hipLaunchKernel ( 0x200d38, {1,1,1}, {16,16,1}, 0x7ffd953136d0, 0, stream:<null> ) [0m
:3:devprogram.cpp           :2658: 4393316410623 us: [pid:4138799 tid: 0x7f2aecac5200] Using Code Object V5.
:4:command.cpp              :359 : 4393316411562 us: [pid:4138799 tid: 0x7f2aecac5200] Command (KernelExecution) enqueued: 0x35a5db60
:3:rocvirtual.cpp           :762 : 4393316411599 us: [pid:4138799 tid: 0x7f2aecac5200] Arg0:   = ptr:0x7f2ad9400000
:3:rocvirtual.cpp           :778 : 4393316411934 us: [pid:4138799 tid: 0x7f2aecac5200] Arg0:   = ptr:0x7f2ad9400000 obj:[0x7f2ad9400000-0x7f2ad94000c0]
:3:rocvirtual.cpp           :853 : 4393316411957 us: [pid:4138799 tid: 0x7f2aecac5200] Arg1:   = val:8
:3:rocvirtual.cpp           :853 : 4393316411963 us: [pid:4138799 tid: 0x7f2aecac5200] Arg2:   = val:4
:3:rocvirtual.cpp           :853 : 4393316411975 us: [pid:4138799 tid: 0x7f2aecac5200] Arg3:   = val:1176666112
:3:rocvirtual.cpp           :853 : 4393316411983 us: [pid:4138799 tid: 0x7f2aecac5200] Arg4:   = val:1176256512
:3:rocvirtual.cpp           :3236: 4393316411997 us: [pid:4138799 tid: 0x7f2aecac5200] ShaderName : color(unsigned char*, int, int, float, float)
:4:rocdevice.cpp            :2210: 4393319008805 us: [pid:4138799 tid: 0x7f2aecac5200] Allocate hsa host memory 0x7f2ad3200000, size 0xd13838, numa_node = 0
:3:rocdevice.cpp            :3322: 4393319009039 us: [pid:4138799 tid: 0x7f2aecac5200] Created hostcall buffer 0x7f2ad3200000 for hardware queue 0x7f2ad9200000
:4:rocsignal.cpp            :38  : 4393319010275 us: [pid:4138799 tid: 0x7f2aecac5200] Initialize Hostcall signal=0x7f2aec5fd380
:3:devhostcall.cpp          :428 : 4393319010491 us: [pid:4138799 tid: 0x7f2aecac5200] Launched hostcall listener at 0x35ab7710
:3:devhostcall.cpp          :441 : 4393319010503 us: [pid:4138799 tid: 0x7f2aecac5200] Registered hostcall buffer 0x7f2ad3200000 with listener 0x35ab7710
:4:rocdevice.cpp            :2371: 4393319010520 us: [pid:4138799 tid: 0x7f2aecac5200] Allocate hsa device memory 0x7f2ad9401000, size 0x20000, hsa_mem_flags 0x0h
:4:rocdevice.cpp            :2371: 4393319010611 us: [pid:4138799 tid: 0x7f2aecac5200] Allocate hsa device memory 0x7f2ad2800000, size 0x800000, hsa_mem_flags 0x0h
:3:rocvirtual.cpp           :853 : 4393319010979 us: [pid:4138799 tid: 0x7f2aecac5200] Arg0: ulong heap_to_initialize = val:139822010208256
:3:rocvirtual.cpp           :853 : 4393319010988 us: [pid:4138799 tid: 0x7f2aecac5200] Arg1: ulong initial_blocks = val:139821896957952
:3:rocvirtual.cpp           :853 : 4393319010995 us: [pid:4138799 tid: 0x7f2aecac5200] Arg2: uint heap_size = val:131072
:3:rocvirtual.cpp           :853 : 4393319011001 us: [pid:4138799 tid: 0x7f2aecac5200] Arg3: uint number_of_initial_blocks = val:4
:3:rocvirtual.cpp           :3236: 4393319011011 us: [pid:4138799 tid: 0x7f2aecac5200] ShaderName : __amd_rocclr_initHeap
:3:rocvirtual.cpp           :3449: 4393319011018 us: [pid:4138799 tid: 0x7f2aecac5200] KernargSegmentByteSize = 24 KernargSegmentAlignment = 128
:4:rocvirtual.cpp           :965 : 4393319011030 us: [pid:4138799 tid: 0x7f2aecac5200] SWq=0x7f2aecab0000, HWq=0x7f2ad9200000, id=1, Dispatch Header = 0xb02 (type=2, barrier=1, acquire=1, release=1), setup=1, grid=[256, 1, 1], workgroup=[256, 1, 1], private_seg_size=0, group_seg_size=0, kernel_obj=0x7f2aeca9e0c0, kernarg_address=0x7f2ad9000280, completion_signal=0x0, correlation_id=0, rptr=2, wptr=2
:4:rocvirtual.cpp           :1147: 4393319011047 us: [pid:4138799 tid: 0x7f2aecac5200] SWq=0x7f2aecab0000, HWq=0x7f2ad9200000, id=1, BarrierAND Header = 0x1503 (type=3, barrier=1, acquire=2, release=2), dep_signal=[0x0, 0x0, 0x0, 0x0, 0x0], completion_signal=0x7f2aec5ff700
:4:rocvirtual.cpp           :622 : 4393319011058 us: [pid:4138799 tid: 0x7f2aecac5200] Host wait on completion_signal=0x7f2aec5ff700
:3:rocvirtual.hpp           :56  : 4393319011065 us: [pid:4138799 tid: 0x7f2aecac5200] Host active wait for Signal = (0x7f2aec5ff700) for -1 ns
:3:rocvirtual.cpp           :3449: 4393319011078 us: [pid:4138799 tid: 0x7f2aecac5200] KernargSegmentByteSize = 280 KernargSegmentAlignment = 128
:4:rocvirtual.cpp           :965 : 4393319011087 us: [pid:4138799 tid: 0x7f2aecac5200] SWq=0x7f2aecab0000, HWq=0x7f2ad9200000, id=1, Dispatch Header = 0xb02 (type=2, barrier=1, acquire=1, release=1), setup=3, grid=[16, 16, 1], workgroup=[16, 16, 1], private_seg_size=1024, group_seg_size=0, kernel_obj=0x7f2aeca70a80, kernarg_address=0x7f2ad9000000, completion_signal=0x0, correlation_id=0, rptr=4, wptr=4
:3:hip_module.cpp           :745 : 4393319011112 us: [pid:4138799 tid: 0x7f2aecac5200] hipLaunchKernel: Returned hipSuccess : : duration: 2666924 us
:3:hip_device_runtime.cpp   :641 : 4393319011128 us: [pid:4138799 tid: 0x7f2aecac5200] [32m hipDeviceSynchronize (  ) [0m
:4:commandqueue.cpp         :161 : 4393319011609 us: [pid:4138799 tid: 0x7f2aecac5200] Marker queued to ensure finish
:4:command.cpp              :359 : 4393319011621 us: [pid:4138799 tid: 0x7f2aecac5200] Command (InternalMarker) enqueued: 0x35796770
:3:rocvirtual.cpp           :533 : 4393319011646 us: [pid:4138799 tid: 0x7f2aecac5200] Set Handler: handle(0x7f2aec5fd680), timestamp(0x35bb9d20)
:4:rocvirtual.cpp           :1147: 4393319011655 us: [pid:4138799 tid: 0x7f2aecac5200] SWq=0x7f2aecab0000, HWq=0x7f2ad9200000, id=1, BarrierAND Header = 0x1503 (type=3, barrier=1, acquire=2, release=2), dep_signal=[0x0, 0x0, 0x0, 0x0, 0x0], completion_signal=0x7f2aec5fd680
:3:rocvirtual.hpp           :56  : 4393319011666 us: [pid:4138799 tid: 0x7f2aecac5200] Host active wait for Signal = (0x7f2aec5fd680) for -1 ns
:4:commandqueue.cpp         :184 : 4393319011753 us: [pid:4138799 tid: 0x7f2aecac5200] All commands finished
:3:hip_device_runtime.cpp   :645 : 4393319011761 us: [pid:4138799 tid: 0x7f2aecac5200] hipDeviceSynchronize: Returned hipSuccess : 
:3:rocvirtual.cpp           :226 : 4393319011788 us: [pid:4138799 tid: 0x7f29bbbff6c0] Handler: value(0), timestamp(0x35b78fa0), handle(0x7f2aec5fd680)
:3:hip_memory.cpp           :795 : 4393319011792 us: [pid:4138799 tid: 0x7f2aecac5200] [32m hipMemcpy ( 0x35327c40, 0x7f2ad9400000, 192, hipMemcpyDeviceToHost ) [0m
:4:command.cpp              :169 : 4393319012326 us: [pid:4138799 tid: 0x7f29bbbff6c0] Command 0x35a5db60 complete
:4:command.cpp              :163 : 4393319012354 us: [pid:4138799 tid: 0x7f29bbbff6c0] Command 0x35796770 complete (Wall: 4393319012352, CPU: 0, GPU: 720 us)
:4:command.cpp              :359 : 4393319012362 us: [pid:4138799 tid: 0x7f2aecac5200] Command (CopyDeviceToHost) enqueued: 0x35a48d30
:4:rocblit.cpp              :1673: 4393319012374 us: [pid:4138799 tid: 0x7f2aecac5200] Unpinned read path, Async = 0
:4:rocblit.cpp              :1702: 4393319012381 us: [pid:4138799 tid: 0x7f2aecac5200] Blit staging D2H copy stg buf=0x7f2ad9e00000, src=0x7f2ad9400000, dstOrigin=0x0, size=192
:3:rocvirtual.cpp           :762 : 4393319012392 us: [pid:4138799 tid: 0x7f2aecac5200] Arg0: uchar* src = ptr:0x7f2ad9400000
:3:rocvirtual.cpp           :762 : 4393319012396 us: [pid:4138799 tid: 0x7f2aecac5200] Arg1: uchar* dst = ptr:0x7f2ad9e00000
:3:rocvirtual.cpp           :853 : 4393319012402 us: [pid:4138799 tid: 0x7f2aecac5200] Arg2: ulong size = val:192
:3:rocvirtual.cpp           :853 : 4393319012406 us: [pid:4138799 tid: 0x7f2aecac5200] Arg3: uint remainder = val:0
:3:rocvirtual.cpp           :853 : 4393319012413 us: [pid:4138799 tid: 0x7f2aecac5200] Arg4: uint aligned_size = val:16
:3:rocvirtual.cpp           :853 : 4393319012424 us: [pid:4138799 tid: 0x7f2aecac5200] Arg5: ulong end_ptr = val:139822020690112
:3:rocvirtual.cpp           :853 : 4393319012434 us: [pid:4138799 tid: 0x7f2aecac5200] Arg6: uint next_chunk = val:512
:3:rocvirtual.cpp           :3236: 4393319012453 us: [pid:4138799 tid: 0x7f2aecac5200] ShaderName : __amd_rocclr_copyBuffer
:3:rocvirtual.cpp           :3449: 4393319012868 us: [pid:4138799 tid: 0x7f2aecac5200] KernargSegmentByteSize = 304 KernargSegmentAlignment = 128
:4:rocvirtual.cpp           :965 : 4393319012878 us: [pid:4138799 tid: 0x7f2aecac5200] SWq=0x7f2aecab0000, HWq=0x7f2ad9200000, id=1, Dispatch Header = 0x1502 (type=2, barrier=1, acquire=2, release=2), setup=1, grid=[512, 1, 1], workgroup=[512, 1, 1], private_seg_size=0, group_seg_size=0, kernel_obj=0x7f2aeca9ddc0, kernarg_address=0x7f2ad9000180, completion_signal=0x7f2aec5ff600, correlation_id=0, rptr=6, wptr=6
:4:rocvirtual.cpp           :622 : 4393319012892 us: [pid:4138799 tid: 0x7f2aecac5200] Host wait on completion_signal=0x7f2aec5ff600
:3:rocvirtual.hpp           :56  : 4393319012899 us: [pid:4138799 tid: 0x7f2aecac5200] Host active wait for Signal = (0x7f2aec5ff600) for -1 ns
:4:rocblit.cpp              :1716: 4393319012911 us: [pid:4138799 tid: 0x7f2aecac5200] memcpy host dst=0x35327c40, stg buf=0x7f2ad9e00000, size=192
:4:commandqueue.cpp         :161 : 4393319012920 us: [pid:4138799 tid: 0x7f2aecac5200] Marker queued to ensure finish
:4:command.cpp              :359 : 4393319012925 us: [pid:4138799 tid: 0x7f2aecac5200] Command (InternalMarker) enqueued: 0x35796770
:3:rocvirtual.cpp           :533 : 4393319012951 us: [pid:4138799 tid: 0x7f2aecac5200] Set Handler: handle(0x7f2aec5fd700), timestamp(0x35bb9c10)
:4:rocvirtual.cpp           :1147: 4393319012961 us: [pid:4138799 tid: 0x7f2aecac5200] SWq=0x7f2aecab0000, HWq=0x7f2ad9200000, id=1, BarrierAND Header = 0x1503 (type=3, barrier=1, acquire=2, release=2), dep_signal=[0x0, 0x0, 0x0, 0x0, 0x0], completion_signal=0x7f2aec5fd700
:4:commandqueue.cpp         :184 : 4393319012972 us: [pid:4138799 tid: 0x7f2aecac5200] All commands finished
:3:hip_memory.cpp           :796 : 4393319012981 us: [pid:4138799 tid: 0x7f2aecac5200] hipMemcpy: Returned hipSuccess : : duration: 1189 us
:3:rocvirtual.cpp           :226 : 4393319012990 us: [pid:4138799 tid: 0x7f29bbbff6c0] Handler: value(0), timestamp(0x35b78f30), handle(0x7f2aec5fd700)
:4:command.cpp              :169 : 4393319013022 us: [pid:4138799 tid: 0x7f29bbbff6c0] Command 0x35a48d30 complete
:3:hip_memory.cpp           :772 : 4393319013073 us: [pid:4138799 tid: 0x7f2aecac5200] [32m hipFree ( 0x7f2ad9400000 ) [0m
:4:command.cpp              :163 : 4393319013477 us: [pid:4138799 tid: 0x7f29bbbff6c0] Command 0x35796770 complete (Wall: 4393319013474, CPU: 0, GPU: 539 us)
:4:commandqueue.cpp         :167 : 4393319013509 us: [pid:4138799 tid: 0x7f2aecac5200] HW Event not ready, awaiting completion instead
:4:commandqueue.cpp         :184 : 4393319013532 us: [pid:4138799 tid: 0x7f2aecac5200] All commands finished
:4:rocdevice.cpp            :2388: 4393319013565 us: [pid:4138799 tid: 0x7f2aecac5200] Free hsa memory 0x7f2ad9400000
:3:rocdevice.cpp            :2411: 4393319013572 us: [pid:4138799 tid: 0x7f2aecac5200] Device=0x354242c0, freeMem_ = 0xfff000000
:3:hip_memory.cpp           :774 : 4393319013593 us: [pid:4138799 tid: 0x7f2aecac5200] hipFree: Returned hipSuccess : 
:4:rocdevice.cpp            :2388: 4393319024063 us: [pid:4138799 tid: 0x7f2aecac5200] Free hsa memory (nil)
:3:rocdevice.cpp            :3254: 4393319024085 us: [pid:4138799 tid: 0x7f2aecac5200] releaseQueue refCount:0x7f2ad9200000 (0)
:4:rocdevice.cpp            :2388: 4393319024331 us: [pid:4138799 tid: 0x7f2aecac5200] Free hsa memory 0x7f2ad9000000
:4:rocdevice.cpp            :2388: 4393319025113 us: [pid:4138799 tid: 0x7f2aecac5200] Free hsa memory 0x7f2ad8a00000
:4:rocdevice.cpp            :2388: 4393319025669 us: [pid:4138799 tid: 0x7f2aecac5200] Free hsa memory 0x7f2ad9800000
:4:rocdevice.cpp            :2388: 4393319025790 us: [pid:4138799 tid: 0x7f2aecac5200] Free hsa memory 0x7f2af6cfc000
:3:rocdevice.cpp            :278 : 4393319025802 us: [pid:4138799 tid: 0x7f2aecac5200] Deleting hostcall buffer 0x7f2ad3200000 for hardware queue 0x7f2ad9200000
:3:devhostcall.cpp          :460 : 4393319025816 us: [pid:4138799 tid: 0x7f2aecac5200] Terminated hostcall listener
:4:rocdevice.cpp            :2388: 4393319027531 us: [pid:4138799 tid: 0x7f2aecac5200] Free hsa memory 0x7f2ad3200000
:3:rocdevice.cpp            :283 : 4393319027546 us: [pid:4138799 tid: 0x7f2aecac5200] Deleting hardware queue 0x7f2ad9200000 with refCount 0
:4:rocdevice.cpp            :2388: 4393319032471 us: [pid:4138799 tid: 0x7f2aecac5200] Free hsa memory 0x7f2ad9e00000
:4:rocdevice.cpp            :2388: 4393319032840 us: [pid:4138799 tid: 0x7f2aecac5200] Free hsa memory 0x7f2ad9401000
:4:rocdevice.cpp            :2388: 4393319033186 us: [pid:4138799 tid: 0x7f2aecac5200] Free hsa memory 0x7f2ad2800000
