/autofs/nccs-svm1_home2/mdunlavy/GPU_Fault_Injection/HeCBench/src/layout-hip/main.cu:116:3: warning: ignoring return value of function declared with 'nodiscard' attribute [-Wunused-result]
  116 |   hipMalloc((void**)&inputBuffer, inputSize);
      |   ^~~~~~~~~ ~~~~~~~~~~~~~~~~~~~~~~~~~~~~~~~
/autofs/nccs-svm1_home2/mdunlavy/GPU_Fault_Injection/HeCBench/src/layout-hip/main.cu:119:3: warning: ignoring return value of function declared with 'nodiscard' attribute [-Wunused-result]
  119 |   hipMalloc((void**)&outputBuffer, outputSize);
      |   ^~~~~~~~~ ~~~~~~~~~~~~~~~~~~~~~~~~~~~~~~~~~
/autofs/nccs-svm1_home2/mdunlavy/GPU_Fault_Injection/HeCBench/src/layout-hip/main.cu:126:3: warning: ignoring return value of function declared with 'nodiscard' attribute [-Wunused-result]
  126 |   hipMemcpy(inputBuffer, data, inputSize, hipMemcpyHostToDevice);
      |   ^~~~~~~~~ ~~~~~~~~~~~~~~~~~~~~~~~~~~~~~~~~~~~~~~~~~~~~~~~~~~~
/autofs/nccs-svm1_home2/mdunlavy/GPU_Fault_Injection/HeCBench/src/layout-hip/main.cu:128:3: warning: ignoring return value of function declared with 'nodiscard' attribute [-Wunused-result]
  128 |   hipDeviceSynchronize();
      |   ^~~~~~~~~~~~~~~~~~~~
/autofs/nccs-svm1_home2/mdunlavy/GPU_Fault_Injection/HeCBench/src/layout-hip/main.cu:134:3: warning: ignoring return value of function declared with 'nodiscard' attribute [-Wunused-result]
  134 |   hipDeviceSynchronize();
      |   ^~~~~~~~~~~~~~~~~~~~
/autofs/nccs-svm1_home2/mdunlavy/GPU_Fault_Injection/HeCBench/src/layout-hip/main.cu:140:3: warning: ignoring return value of function declared with 'nodiscard' attribute [-Wunused-result]
  140 |   hipMemcpy(deviceResult, outputBuffer, outputSize, hipMemcpyDeviceToHost);
      |   ^~~~~~~~~ ~~~~~~~~~~~~~~~~~~~~~~~~~~~~~~~~~~~~~~~~~~~~~~~~~~~~~~~~~~~~~
/autofs/nccs-svm1_home2/mdunlavy/GPU_Fault_Injection/HeCBench/src/layout-hip/main.cu:161:3: warning: ignoring return value of function declared with 'nodiscard' attribute [-Wunused-result]
  161 |   hipMemcpy(inputBuffer, data, inputSize, hipMemcpyHostToDevice);
      |   ^~~~~~~~~ ~~~~~~~~~~~~~~~~~~~~~~~~~~~~~~~~~~~~~~~~~~~~~~~~~~~
/autofs/nccs-svm1_home2/mdunlavy/GPU_Fault_Injection/HeCBench/src/layout-hip/main.cu:163:3: warning: ignoring return value of function declared with 'nodiscard' attribute [-Wunused-result]
  163 |   hipDeviceSynchronize();
      |   ^~~~~~~~~~~~~~~~~~~~
/autofs/nccs-svm1_home2/mdunlavy/GPU_Fault_Injection/HeCBench/src/layout-hip/main.cu:169:3: warning: ignoring return value of function declared with 'nodiscard' attribute [-Wunused-result]
  169 |   hipDeviceSynchronize();
      |   ^~~~~~~~~~~~~~~~~~~~
/autofs/nccs-svm1_home2/mdunlavy/GPU_Fault_Injection/HeCBench/src/layout-hip/main.cu:175:3: warning: ignoring return value of function declared with 'nodiscard' attribute [-Wunused-result]
  175 |   hipMemcpy(deviceResult, outputBuffer, outputSize, hipMemcpyDeviceToHost);
      |   ^~~~~~~~~ ~~~~~~~~~~~~~~~~~~~~~~~~~~~~~~~~~~~~~~~~~~~~~~~~~~~~~~~~~~~~~
/autofs/nccs-svm1_home2/mdunlavy/GPU_Fault_Injection/HeCBench/src/layout-hip/main.cu:191:3: warning: ignoring return value of function declared with 'nodiscard' attribute [-Wunused-result]
  191 |   hipFree(inputBuffer);
      |   ^~~~~~~ ~~~~~~~~~~~
/autofs/nccs-svm1_home2/mdunlavy/GPU_Fault_Injection/HeCBench/src/layout-hip/main.cu:192:3: warning: ignoring return value of function declared with 'nodiscard' attribute [-Wunused-result]
  192 |   hipFree(outputBuffer);
      |   ^~~~~~~ ~~~~~~~~~~~~
12 warnings generated when compiling for gfx90a.
/autofs/nccs-svm1_home2/mdunlavy/GPU_Fault_Injection/HeCBench/src/layout-hip/main.cu:116:3: warning: ignoring return value of function declared with 'nodiscard' attribute [-Wunused-result]
  116 |   hipMalloc((void**)&inputBuffer, inputSize);
      |   ^~~~~~~~~ ~~~~~~~~~~~~~~~~~~~~~~~~~~~~~~~
/autofs/nccs-svm1_home2/mdunlavy/GPU_Fault_Injection/HeCBench/src/layout-hip/main.cu:119:3: warning: ignoring return value of function declared with 'nodiscard' attribute [-Wunused-result]
  119 |   hipMalloc((void**)&outputBuffer, outputSize);
      |   ^~~~~~~~~ ~~~~~~~~~~~~~~~~~~~~~~~~~~~~~~~~~
/autofs/nccs-svm1_home2/mdunlavy/GPU_Fault_Injection/HeCBench/src/layout-hip/main.cu:126:3: warning: ignoring return value of function declared with 'nodiscard' attribute [-Wunused-result]
  126 |   hipMemcpy(inputBuffer, data, inputSize, hipMemcpyHostToDevice);
      |   ^~~~~~~~~ ~~~~~~~~~~~~~~~~~~~~~~~~~~~~~~~~~~~~~~~~~~~~~~~~~~~
/autofs/nccs-svm1_home2/mdunlavy/GPU_Fault_Injection/HeCBench/src/layout-hip/main.cu:128:3: warning: ignoring return value of function declared with 'nodiscard' attribute [-Wunused-result]
  128 |   hipDeviceSynchronize();
      |   ^~~~~~~~~~~~~~~~~~~~
/autofs/nccs-svm1_home2/mdunlavy/GPU_Fault_Injection/HeCBench/src/layout-hip/main.cu:134:3: warning: ignoring return value of function declared with 'nodiscard' attribute [-Wunused-result]
  134 |   hipDeviceSynchronize();
      |   ^~~~~~~~~~~~~~~~~~~~
/autofs/nccs-svm1_home2/mdunlavy/GPU_Fault_Injection/HeCBench/src/layout-hip/main.cu:140:3: warning: ignoring return value of function declared with 'nodiscard' attribute [-Wunused-result]
  140 |   hipMemcpy(deviceResult, outputBuffer, outputSize, hipMemcpyDeviceToHost);
      |   ^~~~~~~~~ ~~~~~~~~~~~~~~~~~~~~~~~~~~~~~~~~~~~~~~~~~~~~~~~~~~~~~~~~~~~~~
/autofs/nccs-svm1_home2/mdunlavy/GPU_Fault_Injection/HeCBench/src/layout-hip/main.cu:161:3: warning: ignoring return value of function declared with 'nodiscard' attribute [-Wunused-result]
  161 |   hipMemcpy(inputBuffer, data, inputSize, hipMemcpyHostToDevice);
      |   ^~~~~~~~~ ~~~~~~~~~~~~~~~~~~~~~~~~~~~~~~~~~~~~~~~~~~~~~~~~~~~
/autofs/nccs-svm1_home2/mdunlavy/GPU_Fault_Injection/HeCBench/src/layout-hip/main.cu:163:3: warning: ignoring return value of function declared with 'nodiscard' attribute [-Wunused-result]
  163 |   hipDeviceSynchronize();
      |   ^~~~~~~~~~~~~~~~~~~~
/autofs/nccs-svm1_home2/mdunlavy/GPU_Fault_Injection/HeCBench/src/layout-hip/main.cu:169:3: warning: ignoring return value of function declared with 'nodiscard' attribute [-Wunused-result]
  169 |   hipDeviceSynchronize();
      |   ^~~~~~~~~~~~~~~~~~~~
/autofs/nccs-svm1_home2/mdunlavy/GPU_Fault_Injection/HeCBench/src/layout-hip/main.cu:175:3: warning: ignoring return value of function declared with 'nodiscard' attribute [-Wunused-result]
  175 |   hipMemcpy(deviceResult, outputBuffer, outputSize, hipMemcpyDeviceToHost);
      |   ^~~~~~~~~ ~~~~~~~~~~~~~~~~~~~~~~~~~~~~~~~~~~~~~~~~~~~~~~~~~~~~~~~~~~~~~
/autofs/nccs-svm1_home2/mdunlavy/GPU_Fault_Injection/HeCBench/src/layout-hip/main.cu:191:3: warning: ignoring return value of function declared with 'nodiscard' attribute [-Wunused-result]
  191 |   hipFree(inputBuffer);
      |   ^~~~~~~ ~~~~~~~~~~~
/autofs/nccs-svm1_home2/mdunlavy/GPU_Fault_Injection/HeCBench/src/layout-hip/main.cu:192:3: warning: ignoring return value of function declared with 'nodiscard' attribute [-Wunused-result]
  192 |   hipFree(outputBuffer);
      |   ^~~~~~~ ~~~~~~~~~~~~
12 warnings generated when compiling for host.
