Number of rows in the embedding table: 10000
Batch size: 8

Embedding dimension: 768
block size: 128
Average execution time of dense embedding kernel (k1): 428.654022 (us)
Average execution time of dense embedding kernel (k2): 190.226013 (us)
Average execution time of dense embedding kernel (k3): 339.136017 (us)
FAIL
block size: 256
Average execution time of dense embedding kernel (k1): 107.081001 (us)
Average execution time of dense embedding kernel (k2): 93.726006 (us)
Average execution time of dense embedding kernel (k3): 166.712006 (us)
FAIL
block size: 512
Average execution time of dense embedding kernel (k1): 75.752007 (us)
Average execution time of dense embedding kernel (k2): 67.707001 (us)
Average execution time of dense embedding kernel (k3): 93.154007 (us)
FAIL
block size: 1024
Average execution time of dense embedding kernel (k1): 46.547001 (us)
Average execution time of dense embedding kernel (k2): 42.890003 (us)
Average execution time of dense embedding kernel (k3): 56.696003 (us)
FAIL

Embedding dimension: 2048
block size: 128
Average execution time of dense embedding kernel (k1): 497.173035 (us)
Average execution time of dense embedding kernel (k2): 429.917023 (us)
Average execution time of dense embedding kernel (k3): 823.124023 (us)
FAIL
block size: 256
Average execution time of dense embedding kernel (k1): 256.611023 (us)
Average execution time of dense embedding kernel (k2): 224.491013 (us)
Average execution time of dense embedding kernel (k3): 421.410034 (us)
FAIL
block size: 512
Average execution time of dense embedding kernel (k1): 137.408005 (us)
Average execution time of dense embedding kernel (k2): 121.568008 (us)
Average execution time of dense embedding kernel (k3): 221.145004 (us)
FAIL
block size: 1024
Average execution time of dense embedding kernel (k1): 79.209007 (us)
Average execution time of dense embedding kernel (k2): 71.825005 (us)
Average execution time of dense embedding kernel (k3): 122.449005 (us)
FAIL

Embedding dimension: 12288
block size: 128
Average execution time of dense embedding kernel (k1): 2862.168213 (us)
Average execution time of dense embedding kernel (k2): 2479.179199 (us)
Average execution time of dense embedding kernel (k3): 381569.718750 (us)
FAIL
block size: 256
Average execution time of dense embedding kernel (k1): 1.031000 (us)
Average execution time of dense embedding kernel (k2): 0.411000 (us)
Average execution time of dense embedding kernel (k3): 0.320000 (us)
FAIL
block size: 512
Average execution time of dense embedding kernel (k1): 0.310000 (us)
Average execution time of dense embedding kernel (k2): 0.340000 (us)
Average execution time of dense embedding kernel (k3): 0.331000 (us)
FAIL
block size: 1024
Average execution time of dense embedding kernel (k1): 0.321000 (us)
Average execution time of dense embedding kernel (k2): 0.321000 (us)
Average execution time of dense embedding kernel (k3): 0.320000 (us)
FAIL
dense-embedding snapshot written to /var/tmp/pbs.7268173.polaris-pbs-01.hsn.cm.polaris.alcf.anl.gov/nvidia_divergence_dense-embedding_114_16_7268173.polaris-pbs-01.hsn.cm.polaris.alcf.anl.gov/dense-embedding_site114_bit16.bin
size_mismatch: golden=7249920192 candidate=0
