Number of rows in the embedding table: 10000
Batch size: 8

Embedding dimension: 768
block size: 128
Average execution time of dense embedding kernel (k1): 2935.443115 (us)
Average execution time of dense embedding kernel (k2): 81.876007 (us)
Average execution time of dense embedding kernel (k3): 135.398010 (us)
PASS
block size: 256
Average execution time of dense embedding kernel (k1): 63.992004 (us)
Average execution time of dense embedding kernel (k2): 50.476002 (us)
Average execution time of dense embedding kernel (k3): 80.403008 (us)
PASS
block size: 512
Average execution time of dense embedding kernel (k1): 73.100006 (us)
Average execution time of dense embedding kernel (k2): 41.048000 (us)
Average execution time of dense embedding kernel (k3): 54.935001 (us)
PASS
block size: 1024
Average execution time of dense embedding kernel (k1): 55.626003 (us)
Average execution time of dense embedding kernel (k2): 36.720001 (us)
Average execution time of dense embedding kernel (k3): 45.126003 (us)
PASS

Embedding dimension: 2048
block size: 128
Average execution time of dense embedding kernel (k1): 212.535004 (us)
Average execution time of dense embedding kernel (k2): 176.566010 (us)
Average execution time of dense embedding kernel (k3): 333.486023 (us)
PASS
block size: 256
Average execution time of dense embedding kernel (k1): 142.812012 (us)
Average execution time of dense embedding kernel (k2): 108.877007 (us)
Average execution time of dense embedding kernel (k3): 196.905014 (us)
PASS
block size: 512
Average execution time of dense embedding kernel (k1): 92.296005 (us)
Average execution time of dense embedding kernel (k2): 70.905006 (us)
Average execution time of dense embedding kernel (k3): 127.022003 (us)
PASS
block size: 1024
Average execution time of dense embedding kernel (k1): 67.438004 (us)
Average execution time of dense embedding kernel (k2): 54.273003 (us)
Average execution time of dense embedding kernel (k3): 87.366005 (us)
PASS

Embedding dimension: 12288
block size: 128
Average execution time of dense embedding kernel (k1): 1185.078003 (us)
Average execution time of dense embedding kernel (k2): 940.442017 (us)
Average execution time of dense embedding kernel (k3): 1895.652100 (us)
PASS
block size: 256
Average execution time of dense embedding kernel (k1): 756.081055 (us)
Average execution time of dense embedding kernel (k2): 618.839050 (us)
Average execution time of dense embedding kernel (k3): 1027.287109 (us)
PASS
block size: 512
Average execution time of dense embedding kernel (k1): 422.045013 (us)
Average execution time of dense embedding kernel (k2): 354.455017 (us)
Average execution time of dense embedding kernel (k3): 662.632019 (us)
PASS
block size: 1024
Average execution time of dense embedding kernel (k1): 271.657013 (us)
Average execution time of dense embedding kernel (k2): 234.346008 (us)
Average execution time of dense embedding kernel (k3): 413.928009 (us)
PASS
dense-embedding snapshot written to /tmp/bitir_failure_audit_injected_ir_dense-embedding_site362_bit0_trial2/dense-embedding_site362_bit0_trial2.bin
compare_ok
