Number of rows in the embedding table: 10000
Batch size: 8

Embedding dimension: 768
block size: 128
Average execution time of dense embedding kernel (k1): 471704.000000 (us)
Average execution time of dense embedding kernel (k2): 117.531006 (us)
Average execution time of dense embedding kernel (k3): 203.835007 (us)
PASS
block size: 256
Average execution time of dense embedding kernel (k1): 86.874001 (us)
Average execution time of dense embedding kernel (k2): 65.564003 (us)
Average execution time of dense embedding kernel (k3): 124.064003 (us)
PASS
block size: 512
Average execution time of dense embedding kernel (k1): 74.651001 (us)
Average execution time of dense embedding kernel (k2): 53.040001 (us)
Average execution time of dense embedding kernel (k3): 86.273003 (us)
PASS
block size: 1024
Average execution time of dense embedding kernel (k1): 59.813004 (us)
Average execution time of dense embedding kernel (k2): 47.429001 (us)
Average execution time of dense embedding kernel (k3): 61.075005 (us)
PASS

Embedding dimension: 2048
block size: 128
Average execution time of dense embedding kernel (k1): 255.511017 (us)
Average execution time of dense embedding kernel (k2): 226.337006 (us)
Average execution time of dense embedding kernel (k3): 484.082031 (us)
PASS
block size: 256
Average execution time of dense embedding kernel (k1): 147.858002 (us)
Average execution time of dense embedding kernel (k2): 125.055008 (us)
Average execution time of dense embedding kernel (k3): 288.143005 (us)
PASS
block size: 512
Average execution time of dense embedding kernel (k1): 110.689003 (us)
Average execution time of dense embedding kernel (k2): 91.372002 (us)
Average execution time of dense embedding kernel (k3): 178.446014 (us)
PASS
block size: 1024
Average execution time of dense embedding kernel (k1): 90.550003 (us)
Average execution time of dense embedding kernel (k2): 67.016006 (us)
Average execution time of dense embedding kernel (k3): 124.384003 (us)
PASS

Embedding dimension: 12288
block size: 128
Average execution time of dense embedding kernel (k1): 1249.113037 (us)
Average execution time of dense embedding kernel (k2): 1185.143066 (us)
Average execution time of dense embedding kernel (k3): 2880.067139 (us)
PASS
block size: 256
Average execution time of dense embedding kernel (k1): 784.999023 (us)
Average execution time of dense embedding kernel (k2): 709.016052 (us)
Average execution time of dense embedding kernel (k3): 1660.959106 (us)
PASS
block size: 512
Average execution time of dense embedding kernel (k1): 482.619019 (us)
Average execution time of dense embedding kernel (k2): 418.238007 (us)
Average execution time of dense embedding kernel (k3): 913.371033 (us)
PASS
block size: 1024
Average execution time of dense embedding kernel (k1): 318.280029 (us)
Average execution time of dense embedding kernel (k2): 269.016998 (us)
Average execution time of dense embedding kernel (k3): 591.976013 (us)
PASS
dense-embedding snapshot written to /tmp/bitir_amd_dense-embedding_site385_bit31_trial2/dense-embedding_site385_bit31_trial2.bin
compare_ok
Result: MASKED (exit 0)
