Number of rows in the embedding table: 10000
Batch size: 8

Embedding dimension: 768
block size: 128
Average execution time of dense embedding kernel (k1): 30126.601562 (us)
Average execution time of dense embedding kernel (k2): 115.237007 (us)
Average execution time of dense embedding kernel (k3): 200.889008 (us)
PASS
block size: 256
Average execution time of dense embedding kernel (k1): 81.574005 (us)
Average execution time of dense embedding kernel (k2): 66.135002 (us)
Average execution time of dense embedding kernel (k3): 120.036003 (us)
PASS
block size: 512
Average execution time of dense embedding kernel (k1): 76.173004 (us)
Average execution time of dense embedding kernel (k2): 59.231003 (us)
Average execution time of dense embedding kernel (k3): 89.199005 (us)
PASS
block size: 1024
Average execution time of dense embedding kernel (k1): 60.514004 (us)
Average execution time of dense embedding kernel (k2): 45.065002 (us)
Average execution time of dense embedding kernel (k3): 62.758003 (us)
PASS

Embedding dimension: 2048
block size: 128
Average execution time of dense embedding kernel (k1): 237.868011 (us)
Average execution time of dense embedding kernel (k2): 228.000015 (us)
Average execution time of dense embedding kernel (k3): 486.276031 (us)
PASS
block size: 256
Average execution time of dense embedding kernel (k1): 175.591003 (us)
Average execution time of dense embedding kernel (k2): 127.972008 (us)
Average execution time of dense embedding kernel (k3): 292.110016 (us)
PASS
block size: 512
Average execution time of dense embedding kernel (k1): 109.988007 (us)
Average execution time of dense embedding kernel (k2): 89.529007 (us)
Average execution time of dense embedding kernel (k3): 181.522003 (us)
PASS
block size: 1024
Average execution time of dense embedding kernel (k1): 89.339005 (us)
Average execution time of dense embedding kernel (k2): 70.733002 (us)
Average execution time of dense embedding kernel (k3): 121.439003 (us)
PASS

Embedding dimension: 12288
block size: 128
Average execution time of dense embedding kernel (k1): 1218.857056 (us)
Average execution time of dense embedding kernel (k2): 1172.439087 (us)
Average execution time of dense embedding kernel (k3): 2846.975098 (us)
PASS
block size: 256
Average execution time of dense embedding kernel (k1): 732.109009 (us)
Average execution time of dense embedding kernel (k2): 617.885010 (us)
Average execution time of dense embedding kernel (k3): 1598.403076 (us)
PASS
block size: 512
Average execution time of dense embedding kernel (k1): 472.591034 (us)
Average execution time of dense embedding kernel (k2): 412.537018 (us)
Average execution time of dense embedding kernel (k3): 942.316040 (us)
PASS
block size: 1024
Average execution time of dense embedding kernel (k1): 322.648010 (us)
Average execution time of dense embedding kernel (k2): 279.507019 (us)
Average execution time of dense embedding kernel (k3): 600.431030 (us)
PASS
dense-embedding snapshot written to /tmp/bitir_amd_dense-embedding_site381_bit1_trial2/dense-embedding_site381_bit1_trial2.bin
compare_ok
Result: MASKED (exit 0)
