Number of rows in the embedding table: 10000
Batch size: 8

Embedding dimension: 768
block size: 128
Average execution time of dense embedding kernel (k1): 532086.250000 (us)
Average execution time of dense embedding kernel (k2): 117.291008 (us)
Average execution time of dense embedding kernel (k3): 209.314011 (us)
PASS
block size: 256
Average execution time of dense embedding kernel (k1): 83.888000 (us)
Average execution time of dense embedding kernel (k2): 65.173004 (us)
Average execution time of dense embedding kernel (k3): 119.936005 (us)
PASS
block size: 512
Average execution time of dense embedding kernel (k1): 74.100006 (us)
Average execution time of dense embedding kernel (k2): 55.284004 (us)
Average execution time of dense embedding kernel (k3): 84.319000 (us)
PASS
block size: 1024
Average execution time of dense embedding kernel (k1): 81.033005 (us)
Average execution time of dense embedding kernel (k2): 44.023003 (us)
Average execution time of dense embedding kernel (k3): 61.616001 (us)
PASS

Embedding dimension: 2048
block size: 128
Average execution time of dense embedding kernel (k1): 249.791016 (us)
Average execution time of dense embedding kernel (k2): 228.270004 (us)
Average execution time of dense embedding kernel (k3): 478.972015 (us)
PASS
block size: 256
Average execution time of dense embedding kernel (k1): 155.823013 (us)
Average execution time of dense embedding kernel (k2): 124.935005 (us)
Average execution time of dense embedding kernel (k3): 293.753021 (us)
PASS
block size: 512
Average execution time of dense embedding kernel (k1): 110.629005 (us)
Average execution time of dense embedding kernel (k2): 88.247002 (us)
Average execution time of dense embedding kernel (k3): 176.343002 (us)
PASS
block size: 1024
Average execution time of dense embedding kernel (k1): 89.258003 (us)
Average execution time of dense embedding kernel (k2): 69.170006 (us)
Average execution time of dense embedding kernel (k3): 127.581009 (us)
PASS

Embedding dimension: 12288
block size: 128
Average execution time of dense embedding kernel (k1): 1232.963013 (us)
Average execution time of dense embedding kernel (k2): 1170.906006 (us)
Average execution time of dense embedding kernel (k3): 2781.051025 (us)
PASS
block size: 256
Average execution time of dense embedding kernel (k1): 769.050049 (us)
Average execution time of dense embedding kernel (k2): 710.249023 (us)
Average execution time of dense embedding kernel (k3): 1657.153076 (us)
PASS
block size: 512
Average execution time of dense embedding kernel (k1): 494.421021 (us)
Average execution time of dense embedding kernel (k2): 424.330017 (us)
Average execution time of dense embedding kernel (k3): 955.822021 (us)
PASS
block size: 1024
Average execution time of dense embedding kernel (k1): 331.415009 (us)
Average execution time of dense embedding kernel (k2): 268.546021 (us)
Average execution time of dense embedding kernel (k3): 585.995056 (us)
PASS
dense-embedding snapshot written to /tmp/bitir_amd_dense-embedding_site385_bit1_trial1/dense-embedding_site385_bit1.bin
compare_ok
Result: MASKED (exit 0)
