Number of rows in the embedding table: 10000
Batch size: 8

Embedding dimension: 768
block size: 128
Average execution time of dense embedding kernel (k1): 300899.375000 (us)
Average execution time of dense embedding kernel (k2): 116.780006 (us)
Average execution time of dense embedding kernel (k3): 217.440018 (us)
PASS
block size: 256
Average execution time of dense embedding kernel (k1): 77.756004 (us)
Average execution time of dense embedding kernel (k2): 63.439003 (us)
Average execution time of dense embedding kernel (k3): 123.382004 (us)
PASS
block size: 512
Average execution time of dense embedding kernel (k1): 62.658005 (us)
Average execution time of dense embedding kernel (k2): 55.345001 (us)
Average execution time of dense embedding kernel (k3): 80.011002 (us)
PASS
block size: 1024
Average execution time of dense embedding kernel (k1): 55.174004 (us)
Average execution time of dense embedding kernel (k2): 43.752003 (us)
Average execution time of dense embedding kernel (k3): 63.480003 (us)
PASS

Embedding dimension: 2048
block size: 128
Average execution time of dense embedding kernel (k1): 239.341019 (us)
Average execution time of dense embedding kernel (k2): 219.814011 (us)
Average execution time of dense embedding kernel (k3): 481.498016 (us)
PASS
block size: 256
Average execution time of dense embedding kernel (k1): 154.201004 (us)
Average execution time of dense embedding kernel (k2): 137.309006 (us)
Average execution time of dense embedding kernel (k3): 295.748016 (us)
PASS
block size: 512
Average execution time of dense embedding kernel (k1): 133.451004 (us)
Average execution time of dense embedding kernel (k2): 88.997002 (us)
Average execution time of dense embedding kernel (k3): 182.675003 (us)
PASS
block size: 1024
Average execution time of dense embedding kernel (k1): 85.933006 (us)
Average execution time of dense embedding kernel (k2): 70.552002 (us)
Average execution time of dense embedding kernel (k3): 122.000008 (us)
PASS

Embedding dimension: 12288
block size: 128
Average execution time of dense embedding kernel (k1): 1300.000122 (us)
Average execution time of dense embedding kernel (k2): 1218.827026 (us)
Average execution time of dense embedding kernel (k3): 2808.142090 (us)
PASS
block size: 256
Average execution time of dense embedding kernel (k1): 744.643005 (us)
Average execution time of dense embedding kernel (k2): 628.705017 (us)
Average execution time of dense embedding kernel (k3): 1582.673096 (us)
PASS
block size: 512
Average execution time of dense embedding kernel (k1): 482.298035 (us)
Average execution time of dense embedding kernel (k2): 423.578033 (us)
Average execution time of dense embedding kernel (k3): 936.825073 (us)
PASS
block size: 1024
Average execution time of dense embedding kernel (k1): 321.206024 (us)
Average execution time of dense embedding kernel (k2): 273.745026 (us)
Average execution time of dense embedding kernel (k3): 597.957031 (us)
PASS
dense-embedding snapshot written to /tmp/bitir_amd_dense-embedding_site381_bit15_trial1/dense-embedding_site381_bit15.bin
compare_ok
Result: MASKED (exit 0)
