Number of rows in the embedding table: 10000
Batch size: 8

Embedding dimension: 768
block size: 128
Average execution time of dense embedding kernel (k1): 412.534027 (us)
Average execution time of dense embedding kernel (k2): 181.961014 (us)
Average execution time of dense embedding kernel (k3): 42.751003 (us)
FAIL
block size: 256
Average execution time of dense embedding kernel (k1): 102.362007 (us)
Average execution time of dense embedding kernel (k2): 89.658005 (us)
Average execution time of dense embedding kernel (k3): 23.324001 (us)
FAIL
block size: 512
Average execution time of dense embedding kernel (k1): 73.508003 (us)
Average execution time of dense embedding kernel (k2): 66.275002 (us)
Average execution time of dense embedding kernel (k3): 23.184002 (us)
FAIL
block size: 1024
Average execution time of dense embedding kernel (k1): 45.495003 (us)
Average execution time of dense embedding kernel (k2): 42.430000 (us)
Average execution time of dense embedding kernel (k3): 23.294001 (us)
FAIL

Embedding dimension: 2048
block size: 128
Average execution time of dense embedding kernel (k1): 480.041016 (us)
Average execution time of dense embedding kernel (k2): 416.842010 (us)
Average execution time of dense embedding kernel (k3): 24.245001 (us)
FAIL
block size: 256
Average execution time of dense embedding kernel (k1): 246.712006 (us)
Average execution time of dense embedding kernel (k2): 217.398010 (us)
Average execution time of dense embedding kernel (k3): 23.714001 (us)
FAIL
block size: 512
Average execution time of dense embedding kernel (k1): 132.238007 (us)
Average execution time of dense embedding kernel (k2): 118.091003 (us)
Average execution time of dense embedding kernel (k3): 23.474001 (us)
FAIL
block size: 1024
Average execution time of dense embedding kernel (k1): 76.483002 (us)
Average execution time of dense embedding kernel (k2): 69.760002 (us)
Average execution time of dense embedding kernel (k3): 24.426001 (us)
FAIL

Embedding dimension: 12288
block size: 128
Average execution time of dense embedding kernel (k1): 2758.513184 (us)
Average execution time of dense embedding kernel (k2): 2395.002197 (us)
Average execution time of dense embedding kernel (k3): 24.857000 (us)
FAIL
block size: 256
Average execution time of dense embedding kernel (k1): 1388.664062 (us)
Average execution time of dense embedding kernel (k2): 1206.864014 (us)
Average execution time of dense embedding kernel (k3): 23.173000 (us)
FAIL
block size: 512
Average execution time of dense embedding kernel (k1): 667.262024 (us)
Average execution time of dense embedding kernel (k2): 580.900024 (us)
Average execution time of dense embedding kernel (k3): 22.563002 (us)
FAIL
block size: 1024
Average execution time of dense embedding kernel (k1): 356.869019 (us)
Average execution time of dense embedding kernel (k2): 269.104004 (us)
Average execution time of dense embedding kernel (k3): 21.410002 (us)
FAIL
dense-embedding snapshot written to /var/tmp/pbs.7268173.polaris-pbs-01.hsn.cm.polaris.alcf.anl.gov/nvidia_divergence_dense-embedding_132_23_7268173.polaris-pbs-01.hsn.cm.polaris.alcf.anl.gov/dense-embedding_site132_bit23.bin
size_mismatch: golden=7249920192 candidate=0
