:3:rocdevice.cpp            :465 : 4394492636974 us: [pid:68015 tid: 0x7f9a0f8bd200] Initializing HSA stack.
:3:rocdevice.cpp            :551 : 4394492733021 us: [pid:68015 tid: 0x7f9a0f8bd200] Enumerated GPU agents = 1
:3:rocdevice.cpp            :230 : 4394492733088 us: [pid:68015 tid: 0x7f9a0f8bd200] Numa selects cpu agent[0]=0x35f4dbd0(fine=0x35fd3c70,coarse=0x35fd46f0) for gpu agent=0x35fffcc0 CPU<->GPU XGMI=0
:3:rocsettings.cpp          :284 : 4394492733115 us: [pid:68015 tid: 0x7f9a0f8bd200] Using dev kernel arg wa = 0
:3:comgrctx.cpp             :33  : 4394492733132 us: [pid:68015 tid: 0x7f9a0f8bd200] Loading COMGR library.
:3:comgrctx.cpp             :128 : 4394492733162 us: [pid:68015 tid: 0x7f9a0f8bd200] Loaded COMGR library version 3.0.
:3:rocdevice.cpp            :1785: 4394492733750 us: [pid:68015 tid: 0x7f9a0f8bd200] Gfx Major/Minor/Stepping: 9/0/10
:3:rocdevice.cpp            :1787: 4394492733761 us: [pid:68015 tid: 0x7f9a0f8bd200] HMM support: 1, XNACK: 0, Direct host access: 0
:3:rocdevice.cpp            :1789: 4394492733769 us: [pid:68015 tid: 0x7f9a0f8bd200] Max SDMA Read Mask: 0x1e, Max SDMA Write Mask: 0x1f
:4:rocdevice.cpp            :2210: 4394492734153 us: [pid:68015 tid: 0x7f9a0f8bd200] Allocate hsa host memory 0x7f99dcc00000, size 0x100000, numa_node = 0
:4:rocdevice.cpp            :2210: 4394492768299 us: [pid:68015 tid: 0x7f9a0f8bd200] Allocate hsa host memory 0x7f99dc600000, size 0x400000, numa_node = 0
:4:rocdevice.cpp            :2210: 4394492768427 us: [pid:68015 tid: 0x7f9a0f8bd200] Allocate hsa host memory 0x7f9a19af4000, size 0x38, numa_node = 0
:3:hip_context.cpp          :54  : 4394492768868 us: [pid:68015 tid: 0x7f9a0f8bd200] Direct Dispatch: 1
:3:hip_fatbin.cpp           :427 : 4394492768996 us: [pid:68015 tid: 0x7f9a0f8bd200] Searching for code objects, HIP_FORCE_SPIRV_CODEOBJECT: 0
:3:hip_fatbin.cpp           :435 : 4394492769503 us: [pid:68015 tid: 0x7f9a0f8bd200] Using Native code object: gfx90a:sramecc+:xnack-
:3:hip_memory.cpp           :756 : 4394492769905 us: [pid:68015 tid: 0x7f9a0f8bd200] [32m hipMalloc ( 0x7ffd95daaee0, 536870912 ) [0m
:4:rocdevice.cpp            :2371: 4394492770013 us: [pid:68015 tid: 0x7f9a0f8bd200] Allocate hsa device memory 0x7f98a5800000, size 0x20000000, hsa_mem_flags 0x0h
:3:rocdevice.cpp            :2411: 4394492770341 us: [pid:68015 tid: 0x7f9a0f8bd200] Device=0x360c0e90, freeMem_ = 0xfdf000000
:3:hip_memory.cpp           :758 : 4394492770357 us: [pid:68015 tid: 0x7f9a0f8bd200] hipMalloc: Returned hipSuccess : 0x7f98a5800000: duration: 452 us
:3:hip_platform.cpp         :237 : 4394492770381 us: [pid:68015 tid: 0x7f9a0f8bd200] [32m __hipPushCallConfiguration ( {262144,1,1}, {256,1,1}, 0, stream:<null> ) [0m
:3:hip_platform.cpp         :241 : 4394492770390 us: [pid:68015 tid: 0x7f9a0f8bd200] __hipPushCallConfiguration: Returned hipSuccess : 
:3:hip_platform.cpp         :246 : 4394492770401 us: [pid:68015 tid: 0x7f9a0f8bd200] [32m __hipPopCallConfiguration ( {0,0,2514137208}, {256,1,2514137176}, 0x7ffd95daadb8, 0x7ffd95daadb0 ) [0m
:3:hip_platform.cpp         :255 : 4394492770409 us: [pid:68015 tid: 0x7f9a0f8bd200] __hipPopCallConfiguration: Returned hipSuccess : 
:3:hip_module.cpp           :744 : 4394492770442 us: [pid:68015 tid: 0x7f9a0f8bd200] [32m hipLaunchKernel ( 0x200c70, {262144,1,1}, {256,1,1}, 0x7ffd95daad80, 0, stream:<null> ) [0m
:3:devprogram.cpp           :2658: 4394492771106 us: [pid:68015 tid: 0x7f9a0f8bd200] Using Code Object V5.
:3:rocdevice.cpp            :3048: 4394492777420 us: [pid:68015 tid: 0x7f9a0f8bd200] Number of allocated hardware queues with low priority: 0, with normal priority: 0, with high priority: 0, maximum per priority is: 4
:3:rocdevice.cpp            :3129: 4394492782857 us: [pid:68015 tid: 0x7f9a0f8bd200] Created SWq=0x7f9a0f894000 to map on HWq=0x7f99dc400000 with size 16384 with priority 1, cooperative: 0
:3:rocdevice.cpp            :3222: 4394492782884 us: [pid:68015 tid: 0x7f9a0f8bd200] acquireQueue refCount: 0x7f99dc400000 (1)
:4:rocdevice.cpp            :2210: 4394492783252 us: [pid:68015 tid: 0x7f9a0f8bd200] Allocate hsa host memory 0x7f99dc200000, size 0x100000, numa_node = 0
:3:devprogram.cpp           :2658: 4394493060486 us: [pid:68015 tid: 0x7f9a0f8bd200] Using Code Object V5.
:4:rocdevice.cpp            :2210: 4394493912769 us: [pid:68015 tid: 0x7f9a0f8bd200] Allocate hsa host memory 0x7f988f000000, size 0x400000, numa_node = 0
:4:command.cpp              :359 : 4394493912925 us: [pid:68015 tid: 0x7f9a0f8bd200] Command (KernelExecution) enqueued: 0x367c8d20
:3:rocvirtual.cpp           :762 : 4394493913345 us: [pid:68015 tid: 0x7f9a0f8bd200] Arg0:   = ptr:0x7f98a5800000
:3:rocvirtual.cpp           :778 : 4394493913351 us: [pid:68015 tid: 0x7f9a0f8bd200] Arg0:   = ptr:0x7f98a5800000 obj:[0x7f98a5800000-0x7f98c5800000]
:3:rocvirtual.cpp           :853 : 4394493913360 us: [pid:68015 tid: 0x7f9a0f8bd200] Arg1:   = val:67108864
:3:rocvirtual.cpp           :3236: 4394493913375 us: [pid:68015 tid: 0x7f9a0f8bd200] ShaderName : initTable(unsigned long long*, unsigned long long)
:4:rocdevice.cpp            :2210: 4394495569508 us: [pid:68015 tid: 0x7f9a0f8bd200] Allocate hsa host memory 0x7f988e200000, size 0xd13838, numa_node = 0
:3:rocdevice.cpp            :3322: 4394495569753 us: [pid:68015 tid: 0x7f9a0f8bd200] Created hostcall buffer 0x7f988e200000 for hardware queue 0x7f99dc400000
:4:rocsignal.cpp            :38  : 4394495570453 us: [pid:68015 tid: 0x7f9a0f8bd200] Initialize Hostcall signal=0x7f99ef3fd380
:3:devhostcall.cpp          :428 : 4394495570743 us: [pid:68015 tid: 0x7f9a0f8bd200] Launched hostcall listener at 0x361d7790
:3:devhostcall.cpp          :441 : 4394495570748 us: [pid:68015 tid: 0x7f9a0f8bd200] Registered hostcall buffer 0x7f988e200000 with listener 0x361d7790
:4:rocdevice.cpp            :2371: 4394495570820 us: [pid:68015 tid: 0x7f9a0f8bd200] Allocate hsa device memory 0x7f988de00000, size 0x20000, hsa_mem_flags 0x0h
:4:rocdevice.cpp            :2371: 4394495570883 us: [pid:68015 tid: 0x7f9a0f8bd200] Allocate hsa device memory 0x7f988d400000, size 0x800000, hsa_mem_flags 0x0h
:3:rocvirtual.cpp           :853 : 4394495571273 us: [pid:68015 tid: 0x7f9a0f8bd200] Arg0: ulong heap_to_initialize = val:140293192024064
:3:rocvirtual.cpp           :853 : 4394495571282 us: [pid:68015 tid: 0x7f9a0f8bd200] Arg1: ulong initial_blocks = val:140293181538304
:3:rocvirtual.cpp           :853 : 4394495571289 us: [pid:68015 tid: 0x7f9a0f8bd200] Arg2: uint heap_size = val:131072
:3:rocvirtual.cpp           :853 : 4394495571294 us: [pid:68015 tid: 0x7f9a0f8bd200] Arg3: uint number_of_initial_blocks = val:4
:3:rocvirtual.cpp           :3236: 4394495571307 us: [pid:68015 tid: 0x7f9a0f8bd200] ShaderName : __amd_rocclr_initHeap
:3:rocvirtual.cpp           :3449: 4394495571312 us: [pid:68015 tid: 0x7f9a0f8bd200] KernargSegmentByteSize = 24 KernargSegmentAlignment = 128
:4:rocvirtual.cpp           :965 : 4394495571330 us: [pid:68015 tid: 0x7f9a0f8bd200] SWq=0x7f9a0f894000, HWq=0x7f99dc400000, id=1, Dispatch Header = 0xb02 (type=2, barrier=1, acquire=1, release=1), setup=1, grid=[256, 1, 1], workgroup=[256, 1, 1], private_seg_size=0, group_seg_size=0, kernel_obj=0x7f9a0f8860c0, kernarg_address=0x7f99dc200000, completion_signal=0x0, correlation_id=0, rptr=0, wptr=0
:4:rocvirtual.cpp           :1147: 4394495571791 us: [pid:68015 tid: 0x7f9a0f8bd200] SWq=0x7f9a0f894000, HWq=0x7f99dc400000, id=1, BarrierAND Header = 0x1503 (type=3, barrier=1, acquire=2, release=2), dep_signal=[0x0, 0x0, 0x0, 0x0, 0x0], completion_signal=0x7f99ef3ff780
:4:rocvirtual.cpp           :622 : 4394495571802 us: [pid:68015 tid: 0x7f9a0f8bd200] Host wait on completion_signal=0x7f99ef3ff780
:3:rocvirtual.hpp           :56  : 4394495571810 us: [pid:68015 tid: 0x7f9a0f8bd200] Host active wait for Signal = (0x7f99ef3ff780) for -1 ns
:3:rocvirtual.cpp           :3449: 4394495576150 us: [pid:68015 tid: 0x7f9a0f8bd200] KernargSegmentByteSize = 272 KernargSegmentAlignment = 128
:4:rocvirtual.cpp           :965 : 4394495576162 us: [pid:68015 tid: 0x7f9a0f8bd200] SWq=0x7f9a0f894000, HWq=0x7f99dc400000, id=1, Dispatch Header = 0xb02 (type=2, barrier=1, acquire=1, release=1), setup=3, grid=[67108864, 1, 1], workgroup=[256, 1, 1], private_seg_size=64, group_seg_size=0, kernel_obj=0x7f9a0f8a9040, kernarg_address=0x7f99dc200000, completion_signal=0x0, correlation_id=0, rptr=2, wptr=2
:3:hip_module.cpp           :745 : 4394495576185 us: [pid:68015 tid: 0x7f9a0f8bd200] hipLaunchKernel: Returned hipSuccess : : duration: 2805743 us
:3:hip_platform.cpp         :237 : 4394495576198 us: [pid:68015 tid: 0x7f9a0f8bd200] [32m __hipPushCallConfiguration ( {1,1,1}, {128,1,1}, 0, stream:<null> ) [0m
:3:hip_platform.cpp         :241 : 4394495576206 us: [pid:68015 tid: 0x7f9a0f8bd200] __hipPushCallConfiguration: Returned hipSuccess : 
:3:hip_platform.cpp         :246 : 4394495576217 us: [pid:68015 tid: 0x7f9a0f8bd200] [32m __hipPopCallConfiguration ( {0,0,2514137208}, {128,1,2514137176}, 0x7ffd95daadb8, 0x7ffd95daadb0 ) [0m
:3:hip_platform.cpp         :255 : 4394495576224 us: [pid:68015 tid: 0x7f9a0f8bd200] __hipPopCallConfiguration: Returned hipSuccess : 
:3:hip_module.cpp           :744 : 4394495576237 us: [pid:68015 tid: 0x7f9a0f8bd200] [32m hipLaunchKernel ( 0x200c78, {1,1,1}, {128,1,1}, 0x7ffd95daad80, 0, stream:<null> ) [0m
:4:command.cpp              :359 : 4394495576252 us: [pid:68015 tid: 0x7f9a0f8bd200] Command (KernelExecution) enqueued: 0x36925ba0
:3:rocvirtual.cpp           :762 : 4394495576261 us: [pid:68015 tid: 0x7f9a0f8bd200] Arg0:   = ptr:0x7f98a5800000
:3:rocvirtual.cpp           :778 : 4394495576266 us: [pid:68015 tid: 0x7f9a0f8bd200] Arg0:   = ptr:0x7f98a5800000 obj:[0x7f98a5800000-0x7f98c5800000]
:3:rocvirtual.cpp           :853 : 4394495576274 us: [pid:68015 tid: 0x7f9a0f8bd200] Arg1:   = val:67108864
:3:rocvirtual.cpp           :3236: 4394495576691 us: [pid:68015 tid: 0x7f9a0f8bd200] ShaderName : update(unsigned long long*, unsigned long long)
:3:rocvirtual.cpp           :3449: 4394495576700 us: [pid:68015 tid: 0x7f9a0f8bd200] KernargSegmentByteSize = 272 KernargSegmentAlignment = 128
:4:rocvirtual.cpp           :965 : 4394495576710 us: [pid:68015 tid: 0x7f9a0f8bd200] SWq=0x7f9a0f894000, HWq=0x7f99dc400000, id=1, Dispatch Header = 0xb02 (type=2, barrier=1, acquire=1, release=1), setup=3, grid=[128, 1, 1], workgroup=[128, 1, 1], private_seg_size=1024, group_seg_size=0, kernel_obj=0x7f9a0f8a9080, kernarg_address=0x7f99dc200180, completion_signal=0x0, correlation_id=0, rptr=2, wptr=3
:3:hip_module.cpp           :745 : 4394495576724 us: [pid:68015 tid: 0x7f9a0f8bd200] hipLaunchKernel: Returned hipSuccess : : duration: 487 us
:3:hip_device_runtime.cpp   :641 : 4394495576735 us: [pid:68015 tid: 0x7f9a0f8bd200] [32m hipDeviceSynchronize (  ) [0m
:4:commandqueue.cpp         :161 : 4394495576741 us: [pid:68015 tid: 0x7f9a0f8bd200] Marker queued to ensure finish
:4:command.cpp              :359 : 4394495576746 us: [pid:68015 tid: 0x7f9a0f8bd200] Command (InternalMarker) enqueued: 0x36a333a0
:3:rocvirtual.cpp           :533 : 4394495576765 us: [pid:68015 tid: 0x7f9a0f8bd200] Set Handler: handle(0x7f99ef3fd600), timestamp(0x366ccfa0)
:4:rocvirtual.cpp           :1147: 4394495576776 us: [pid:68015 tid: 0x7f9a0f8bd200] SWq=0x7f9a0f894000, HWq=0x7f99dc400000, id=1, BarrierAND Header = 0x1503 (type=3, barrier=1, acquire=2, release=2), dep_signal=[0x0, 0x0, 0x0, 0x0, 0x0], completion_signal=0x7f99ef3fd600
:3:rocvirtual.hpp           :56  : 4394495577139 us: [pid:68015 tid: 0x7f9a0f8bd200] Host active wait for Signal = (0x7f99ef3fd600) for -1 ns
:4:commandqueue.cpp         :184 : 4394503891865 us: [pid:68015 tid: 0x7f9a0f8bd200] All commands finished
:3:rocvirtual.cpp           :226 : 4394503891891 us: [pid:68015 tid: 0x7f98a19ff6c0] Handler: value(0), timestamp(0x36811790), handle(0x7f99ef3fd600)
:3:hip_device_runtime.cpp   :645 : 4394503891895 us: [pid:68015 tid: 0x7f9a0f8bd200] hipDeviceSynchronize: Returned hipSuccess : 
:4:command.cpp              :169 : 4394503891921 us: [pid:68015 tid: 0x7f98a19ff6c0] Command 0x367c8d20 complete
:4:command.cpp              :169 : 4394503891956 us: [pid:68015 tid: 0x7f98a19ff6c0] Command 0x36925ba0 complete
:4:command.cpp              :163 : 4394503891964 us: [pid:68015 tid: 0x7f98a19ff6c0] Command 0x36a333a0 complete (Wall: 4394503891963, CPU: 0, GPU: 8315208 us)
:3:hip_memory.cpp           :795 : 4394503891967 us: [pid:68015 tid: 0x7f9a0f8bd200] [32m hipMemcpy ( 0x7f99ef5ff400, 0x7f98a5800000, 536870912, hipMemcpyDeviceToHost ) [0m
:4:command.cpp              :359 : 4394503892018 us: [pid:68015 tid: 0x7f9a0f8bd200] Command (CopyDeviceToHost) enqueued: 0x36110400
:4:rocblit.cpp              :1673: 4394503892033 us: [pid:68015 tid: 0x7f9a0f8bd200] Unpinned read path, Async = 0
:4:rocmemory.cpp            :1018: 4394503904680 us: [pid:68015 tid: 0x7f9a0f8bd200] Locking to pool 0x35fd46f0, size 0x2001000, HostPtr = 0x7f99ef5ff000, DevPtr = 0x7f99ef5ff000
:4:rocblit.cpp              :623 : 4394503904698 us: [pid:68015 tid: 0x7f9a0f8bd200] HSA Copy Using Pinned resource size 33554432
:4:rocblit.cpp              :687 : 4394503904706 us: [pid:68015 tid: 0x7f9a0f8bd200] HSA Async Copy staged D2H
:4:rocblit.cpp              :503 : 4394503904713 us: [pid:68015 tid: 0x7f9a0f8bd200] Last copy mask 0x0
:4:rocblit.cpp              :509 : 4394503904719 us: [pid:68015 tid: 0x7f9a0f8bd200] Query copy engine status 0, free_engine mask 0x1e
:4:rocblit.cpp              :520 : 4394503904727 us: [pid:68015 tid: 0x7f9a0f8bd200] HSA Async Copy on copy_engine=0x2, dst=0x7f99ef5ff400, src=0x7f98a5800000, size=33554432, forceSDMA=0, wait_event=0x0, completion_signal=0x7f99ef3ff680
:4:rocvirtual.cpp           :622 : 4394503915729 us: [pid:68015 tid: 0x7f9a0f8bd200] Host wait on completion_signal=0x7f99ef3ff680
:3:rocvirtual.hpp           :56  : 4394503915746 us: [pid:68015 tid: 0x7f9a0f8bd200] Host active wait for Signal = (0x7f99ef3ff680) for -1 ns
:4:rocmemory.cpp            :1018: 4394503928047 us: [pid:68015 tid: 0x7f9a0f8bd200] Locking to pool 0x35fd46f0, size 0x2001000, HostPtr = 0x7f99f15ff000, DevPtr = 0x7f99f15ff000
:4:rocblit.cpp              :623 : 4394503928062 us: [pid:68015 tid: 0x7f9a0f8bd200] HSA Copy Using Pinned resource size 33554432
:4:rocblit.cpp              :687 : 4394503928070 us: [pid:68015 tid: 0x7f9a0f8bd200] HSA Async Copy staged D2H
:4:rocblit.cpp              :503 : 4394503928076 us: [pid:68015 tid: 0x7f9a0f8bd200] Last copy mask 0x2
:4:rocblit.cpp              :520 : 4394503928081 us: [pid:68015 tid: 0x7f9a0f8bd200] HSA Async Copy on copy_engine=0x2, dst=0x7f99f15ff400, src=0x7f98a7800000, size=33554432, forceSDMA=0, wait_event=0x0, completion_signal=0x7f99ef3ff600
:4:rocvirtual.cpp           :622 : 4394503928090 us: [pid:68015 tid: 0x7f9a0f8bd200] Host wait on completion_signal=0x7f99ef3ff600
:3:rocvirtual.hpp           :56  : 4394503928098 us: [pid:68015 tid: 0x7f9a0f8bd200] Host active wait for Signal = (0x7f99ef3ff600) for -1 ns
:4:rocmemory.cpp            :1018: 4394503940711 us: [pid:68015 tid: 0x7f9a0f8bd200] Locking to pool 0x35fd46f0, size 0x2001000, HostPtr = 0x7f99f35ff000, DevPtr = 0x7f99f35ff000
:4:rocblit.cpp              :623 : 4394503940725 us: [pid:68015 tid: 0x7f9a0f8bd200] HSA Copy Using Pinned resource size 33554432
:4:rocblit.cpp              :687 : 4394503940733 us: [pid:68015 tid: 0x7f9a0f8bd200] HSA Async Copy staged D2H
:4:rocblit.cpp              :503 : 4394503940739 us: [pid:68015 tid: 0x7f9a0f8bd200] Last copy mask 0x2
:4:rocblit.cpp              :520 : 4394503940744 us: [pid:68015 tid: 0x7f9a0f8bd200] HSA Async Copy on copy_engine=0x2, dst=0x7f99f35ff400, src=0x7f98a9800000, size=33554432, forceSDMA=0, wait_event=0x0, completion_signal=0x7f99ef3ff580
:4:rocvirtual.cpp           :622 : 4394503940753 us: [pid:68015 tid: 0x7f9a0f8bd200] Host wait on completion_signal=0x7f99ef3ff580
:3:rocvirtual.hpp           :56  : 4394503940761 us: [pid:68015 tid: 0x7f9a0f8bd200] Host active wait for Signal = (0x7f99ef3ff580) for -1 ns
:4:rocmemory.cpp            :1018: 4394503953272 us: [pid:68015 tid: 0x7f9a0f8bd200] Locking to pool 0x35fd46f0, size 0x2001000, HostPtr = 0x7f99f55ff000, DevPtr = 0x7f99f55ff000
:4:rocblit.cpp              :623 : 4394503953287 us: [pid:68015 tid: 0x7f9a0f8bd200] HSA Copy Using Pinned resource size 33554432
:4:rocblit.cpp              :687 : 4394503953295 us: [pid:68015 tid: 0x7f9a0f8bd200] HSA Async Copy staged D2H
:4:rocblit.cpp              :503 : 4394503953305 us: [pid:68015 tid: 0x7f9a0f8bd200] Last copy mask 0x2
:4:rocblit.cpp              :520 : 4394503953309 us: [pid:68015 tid: 0x7f9a0f8bd200] HSA Async Copy on copy_engine=0x2, dst=0x7f99f55ff400, src=0x7f98ab800000, size=33554432, forceSDMA=0, wait_event=0x0, completion_signal=0x7f99ef3ff500
:4:rocvirtual.cpp           :622 : 4394503953319 us: [pid:68015 tid: 0x7f9a0f8bd200] Host wait on completion_signal=0x7f99ef3ff500
:3:rocvirtual.hpp           :56  : 4394503953327 us: [pid:68015 tid: 0x7f9a0f8bd200] Host active wait for Signal = (0x7f99ef3ff500) for -1 ns
:4:rocmemory.cpp            :1018: 4394503966028 us: [pid:68015 tid: 0x7f9a0f8bd200] Locking to pool 0x35fd46f0, size 0x2001000, HostPtr = 0x7f99f75ff000, DevPtr = 0x7f99f75ff000
:4:rocblit.cpp              :623 : 4394504101699 us: [pid:68015 tid: 0x7f9a0f8bd200] HSA Copy Using Pinned resource size 33554432
:4:rocblit.cpp              :687 : 4394504101708 us: [pid:68015 tid: 0x7f9a0f8bd200] HSA Async Copy staged D2H
:4:rocblit.cpp              :503 : 4394504101714 us: [pid:68015 tid: 0x7f9a0f8bd200] Last copy mask 0x2
:4:rocblit.cpp              :520 : 4394504101719 us: [pid:68015 tid: 0x7f9a0f8bd200] HSA Async Copy on copy_engine=0x2, dst=0x7f99f75ff400, src=0x7f98ad800000, size=33554432, forceSDMA=0, wait_event=0x0, completion_signal=0x7f99ef3ff480
:4:rocvirtual.cpp           :622 : 4394504101729 us: [pid:68015 tid: 0x7f9a0f8bd200] Host wait on completion_signal=0x7f99ef3ff480
:3:rocvirtual.hpp           :56  : 4394504101737 us: [pid:68015 tid: 0x7f9a0f8bd200] Host active wait for Signal = (0x7f99ef3ff480) for -1 ns
:4:rocmemory.cpp            :1018: 4394504114296 us: [pid:68015 tid: 0x7f9a0f8bd200] Locking to pool 0x35fd46f0, size 0x2001000, HostPtr = 0x7f99f95ff000, DevPtr = 0x7f99f95ff000
:4:rocblit.cpp              :623 : 4394504114312 us: [pid:68015 tid: 0x7f9a0f8bd200] HSA Copy Using Pinned resource size 33554432
:4:rocblit.cpp              :687 : 4394504114320 us: [pid:68015 tid: 0x7f9a0f8bd200] HSA Async Copy staged D2H
:4:rocblit.cpp              :503 : 4394504114325 us: [pid:68015 tid: 0x7f9a0f8bd200] Last copy mask 0x2
:4:rocblit.cpp              :520 : 4394504114330 us: [pid:68015 tid: 0x7f9a0f8bd200] HSA Async Copy on copy_engine=0x2, dst=0x7f99f95ff400, src=0x7f98af800000, size=33554432, forceSDMA=0, wait_event=0x0, completion_signal=0x7f99ef3ff400
:4:rocvirtual.cpp           :622 : 4394504114339 us: [pid:68015 tid: 0x7f9a0f8bd200] Host wait on completion_signal=0x7f99ef3ff400
:3:rocvirtual.hpp           :56  : 4394504114347 us: [pid:68015 tid: 0x7f9a0f8bd200] Host active wait for Signal = (0x7f99ef3ff400) for -1 ns
:4:rocmemory.cpp            :1018: 4394504126615 us: [pid:68015 tid: 0x7f9a0f8bd200] Locking to pool 0x35fd46f0, size 0x2001000, HostPtr = 0x7f99fb5ff000, DevPtr = 0x7f99fb5ff000
:4:rocblit.cpp              :623 : 4394504126628 us: [pid:68015 tid: 0x7f9a0f8bd200] HSA Copy Using Pinned resource size 33554432
:4:rocblit.cpp              :687 : 4394504126636 us: [pid:68015 tid: 0x7f9a0f8bd200] HSA Async Copy staged D2H
:4:rocblit.cpp              :503 : 4394504126641 us: [pid:68015 tid: 0x7f9a0f8bd200] Last copy mask 0x2
:4:rocblit.cpp              :520 : 4394504126646 us: [pid:68015 tid: 0x7f9a0f8bd200] HSA Async Copy on copy_engine=0x2, dst=0x7f99fb5ff400, src=0x7f98b1800000, size=33554432, forceSDMA=0, wait_event=0x0, completion_signal=0x7f99ef3ff380
:4:rocvirtual.cpp           :622 : 4394504126654 us: [pid:68015 tid: 0x7f9a0f8bd200] Host wait on completion_signal=0x7f99ef3ff380
:3:rocvirtual.hpp           :56  : 4394504126662 us: [pid:68015 tid: 0x7f9a0f8bd200] Host active wait for Signal = (0x7f99ef3ff380) for -1 ns
:4:rocmemory.cpp            :1018: 4394504139016 us: [pid:68015 tid: 0x7f9a0f8bd200] Locking to pool 0x35fd46f0, size 0x2001000, HostPtr = 0x7f99fd5ff000, DevPtr = 0x7f99fd5ff000
:4:rocblit.cpp              :623 : 4394504139030 us: [pid:68015 tid: 0x7f9a0f8bd200] HSA Copy Using Pinned resource size 33554432
:4:rocblit.cpp              :687 : 4394504139041 us: [pid:68015 tid: 0x7f9a0f8bd200] HSA Async Copy staged D2H
:4:rocblit.cpp              :503 : 4394504139046 us: [pid:68015 tid: 0x7f9a0f8bd200] Last copy mask 0x2
:4:rocblit.cpp              :520 : 4394504139051 us: [pid:68015 tid: 0x7f9a0f8bd200] HSA Async Copy on copy_engine=0x2, dst=0x7f99fd5ff400, src=0x7f98b3800000, size=33554432, forceSDMA=0, wait_event=0x0, completion_signal=0x7f99ef3ff300
:4:rocvirtual.cpp           :622 : 4394504139060 us: [pid:68015 tid: 0x7f9a0f8bd200] Host wait on completion_signal=0x7f99ef3ff300
:3:rocvirtual.hpp           :56  : 4394504139067 us: [pid:68015 tid: 0x7f9a0f8bd200] Host active wait for Signal = (0x7f99ef3ff300) for -1 ns
:4:rocmemory.cpp            :1018: 4394504152140 us: [pid:68015 tid: 0x7f9a0f8bd200] Locking to pool 0x35fd46f0, size 0x2001000, HostPtr = 0x7f99ff5ff000, DevPtr = 0x7f99ff5ff000
:4:rocblit.cpp              :623 : 4394504152154 us: [pid:68015 tid: 0x7f9a0f8bd200] HSA Copy Using Pinned resource size 33554432
:4:rocblit.cpp              :687 : 4394504152161 us: [pid:68015 tid: 0x7f9a0f8bd200] HSA Async Copy staged D2H
:4:rocblit.cpp              :503 : 4394504152166 us: [pid:68015 tid: 0x7f9a0f8bd200] Last copy mask 0x2
:4:rocblit.cpp              :520 : 4394504152171 us: [pid:68015 tid: 0x7f9a0f8bd200] HSA Async Copy on copy_engine=0x2, dst=0x7f99ff5ff400, src=0x7f98b5800000, size=33554432, forceSDMA=0, wait_event=0x0, completion_signal=0x7f99ef3ff280
:4:rocvirtual.cpp           :622 : 4394504152180 us: [pid:68015 tid: 0x7f9a0f8bd200] Host wait on completion_signal=0x7f99ef3ff280
:3:rocvirtual.hpp           :56  : 4394504152187 us: [pid:68015 tid: 0x7f9a0f8bd200] Host active wait for Signal = (0x7f99ef3ff280) for -1 ns
:4:rocmemory.cpp            :1018: 4394504164906 us: [pid:68015 tid: 0x7f9a0f8bd200] Locking to pool 0x35fd46f0, size 0x2001000, HostPtr = 0x7f9a015ff000, DevPtr = 0x7f9a015ff000
:4:rocblit.cpp              :623 : 4394504164919 us: [pid:68015 tid: 0x7f9a0f8bd200] HSA Copy Using Pinned resource size 33554432
:4:rocblit.cpp              :687 : 4394504164927 us: [pid:68015 tid: 0x7f9a0f8bd200] HSA Async Copy staged D2H
:4:rocblit.cpp              :503 : 4394504164932 us: [pid:68015 tid: 0x7f9a0f8bd200] Last copy mask 0x2
:4:rocblit.cpp              :520 : 4394504164938 us: [pid:68015 tid: 0x7f9a0f8bd200] HSA Async Copy on copy_engine=0x2, dst=0x7f9a015ff400, src=0x7f98b7800000, size=33554432, forceSDMA=0, wait_event=0x0, completion_signal=0x7f99ef3ff200
:4:rocvirtual.cpp           :622 : 4394504164946 us: [pid:68015 tid: 0x7f9a0f8bd200] Host wait on completion_signal=0x7f99ef3ff200
:3:rocvirtual.hpp           :56  : 4394504164954 us: [pid:68015 tid: 0x7f9a0f8bd200] Host active wait for Signal = (0x7f99ef3ff200) for -1 ns
:4:rocmemory.cpp            :1018: 4394504176773 us: [pid:68015 tid: 0x7f9a0f8bd200] Locking to pool 0x35fd46f0, size 0x2001000, HostPtr = 0x7f9a035ff000, DevPtr = 0x7f9a035ff000
:4:rocblit.cpp              :623 : 4394504176786 us: [pid:68015 tid: 0x7f9a0f8bd200] HSA Copy Using Pinned resource size 33554432
:4:rocblit.cpp              :687 : 4394504176794 us: [pid:68015 tid: 0x7f9a0f8bd200] HSA Async Copy staged D2H
:4:rocblit.cpp              :503 : 4394504176799 us: [pid:68015 tid: 0x7f9a0f8bd200] Last copy mask 0x2
:4:rocblit.cpp              :520 : 4394504176804 us: [pid:68015 tid: 0x7f9a0f8bd200] HSA Async Copy on copy_engine=0x2, dst=0x7f9a035ff400, src=0x7f98b9800000, size=33554432, forceSDMA=0, wait_event=0x0, completion_signal=0x7f99ef3ff180
:4:rocvirtual.cpp           :622 : 4394504176813 us: [pid:68015 tid: 0x7f9a0f8bd200] Host wait on completion_signal=0x7f99ef3ff180
:3:rocvirtual.hpp           :56  : 4394504176820 us: [pid:68015 tid: 0x7f9a0f8bd200] Host active wait for Signal = (0x7f99ef3ff180) for -1 ns
:4:rocmemory.cpp            :1018: 4394504188652 us: [pid:68015 tid: 0x7f9a0f8bd200] Locking to pool 0x35fd46f0, size 0x2001000, HostPtr = 0x7f9a055ff000, DevPtr = 0x7f9a055ff000
:4:rocblit.cpp              :623 : 4394504188667 us: [pid:68015 tid: 0x7f9a0f8bd200] HSA Copy Using Pinned resource size 33554432
:4:rocblit.cpp              :687 : 4394504188679 us: [pid:68015 tid: 0x7f9a0f8bd200] HSA Async Copy staged D2H
:4:rocblit.cpp              :503 : 4394504188685 us: [pid:68015 tid: 0x7f9a0f8bd200] Last copy mask 0x2
:4:rocblit.cpp              :520 : 4394504188690 us: [pid:68015 tid: 0x7f9a0f8bd200] HSA Async Copy on copy_engine=0x2, dst=0x7f9a055ff400, src=0x7f98bb800000, size=33554432, forceSDMA=0, wait_event=0x0, completion_signal=0x7f99ef3ff100
:4:rocvirtual.cpp           :622 : 4394504188699 us: [pid:68015 tid: 0x7f9a0f8bd200] Host wait on completion_signal=0x7f99ef3ff100
:3:rocvirtual.hpp           :56  : 4394504188706 us: [pid:68015 tid: 0x7f9a0f8bd200] Host active wait for Signal = (0x7f99ef3ff100) for -1 ns
:4:rocmemory.cpp            :1018: 4394504200298 us: [pid:68015 tid: 0x7f9a0f8bd200] Locking to pool 0x35fd46f0, size 0x2001000, HostPtr = 0x7f9a075ff000, DevPtr = 0x7f9a075ff000
:4:rocblit.cpp              :623 : 4394504200314 us: [pid:68015 tid: 0x7f9a0f8bd200] HSA Copy Using Pinned resource size 33554432
:4:rocblit.cpp              :687 : 4394504200323 us: [pid:68015 tid: 0x7f9a0f8bd200] HSA Async Copy staged D2H
:4:rocblit.cpp              :503 : 4394504200328 us: [pid:68015 tid: 0x7f9a0f8bd200] Last copy mask 0x2
:4:rocblit.cpp              :520 : 4394504200333 us: [pid:68015 tid: 0x7f9a0f8bd200] HSA Async Copy on copy_engine=0x2, dst=0x7f9a075ff400, src=0x7f98bd800000, size=33554432, forceSDMA=0, wait_event=0x0, completion_signal=0x7f99ef3ff080
:4:rocvirtual.cpp           :622 : 4394504200341 us: [pid:68015 tid: 0x7f9a0f8bd200] Host wait on completion_signal=0x7f99ef3ff080
:3:rocvirtual.hpp           :56  : 4394504200349 us: [pid:68015 tid: 0x7f9a0f8bd200] Host active wait for Signal = (0x7f99ef3ff080) for -1 ns
:4:rocmemory.cpp            :1018: 4394504211975 us: [pid:68015 tid: 0x7f9a0f8bd200] Locking to pool 0x35fd46f0, size 0x2001000, HostPtr = 0x7f9a095ff000, DevPtr = 0x7f9a095ff000
:4:rocblit.cpp              :623 : 4394504211991 us: [pid:68015 tid: 0x7f9a0f8bd200] HSA Copy Using Pinned resource size 33554432
:4:rocblit.cpp              :687 : 4394504211999 us: [pid:68015 tid: 0x7f9a0f8bd200] HSA Async Copy staged D2H
:4:rocblit.cpp              :503 : 4394504212023 us: [pid:68015 tid: 0x7f9a0f8bd200] Last copy mask 0x2
:4:rocblit.cpp              :520 : 4394504212029 us: [pid:68015 tid: 0x7f9a0f8bd200] HSA Async Copy on copy_engine=0x2, dst=0x7f9a095ff400, src=0x7f98bf800000, size=33554432, forceSDMA=0, wait_event=0x0, completion_signal=0x7f99ef3ff000
:4:rocvirtual.cpp           :622 : 4394504212038 us: [pid:68015 tid: 0x7f9a0f8bd200] Host wait on completion_signal=0x7f99ef3ff000
:3:rocvirtual.hpp           :56  : 4394504212045 us: [pid:68015 tid: 0x7f9a0f8bd200] Host active wait for Signal = (0x7f99ef3ff000) for -1 ns
:4:rocmemory.cpp            :1018: 4394504223699 us: [pid:68015 tid: 0x7f9a0f8bd200] Locking to pool 0x35fd46f0, size 0x2001000, HostPtr = 0x7f9a0b5ff000, DevPtr = 0x7f9a0b5ff000
:4:rocblit.cpp              :623 : 4394504223715 us: [pid:68015 tid: 0x7f9a0f8bd200] HSA Copy Using Pinned resource size 33554432
:4:rocblit.cpp              :687 : 4394504223723 us: [pid:68015 tid: 0x7f9a0f8bd200] HSA Async Copy staged D2H
:4:rocblit.cpp              :503 : 4394504223728 us: [pid:68015 tid: 0x7f9a0f8bd200] Last copy mask 0x2
:4:rocblit.cpp              :520 : 4394504223733 us: [pid:68015 tid: 0x7f9a0f8bd200] HSA Async Copy on copy_engine=0x2, dst=0x7f9a0b5ff400, src=0x7f98c1800000, size=33554432, forceSDMA=0, wait_event=0x0, completion_signal=0x7f99ef3fef80
:4:rocvirtual.cpp           :622 : 4394504223741 us: [pid:68015 tid: 0x7f9a0f8bd200] Host wait on completion_signal=0x7f99ef3fef80
:3:rocvirtual.hpp           :56  : 4394504223749 us: [pid:68015 tid: 0x7f9a0f8bd200] Host active wait for Signal = (0x7f99ef3fef80) for -1 ns
:4:rocmemory.cpp            :1018: 4394504235349 us: [pid:68015 tid: 0x7f9a0f8bd200] Locking to pool 0x35fd46f0, size 0x2001000, HostPtr = 0x7f9a0d5ff000, DevPtr = 0x7f9a0d5ff000
:4:rocblit.cpp              :623 : 4394504235363 us: [pid:68015 tid: 0x7f9a0f8bd200] HSA Copy Using Pinned resource size 33554432
:4:rocblit.cpp              :687 : 4394504235374 us: [pid:68015 tid: 0x7f9a0f8bd200] HSA Async Copy staged D2H
:4:rocblit.cpp              :503 : 4394504235379 us: [pid:68015 tid: 0x7f9a0f8bd200] Last copy mask 0x2
:4:rocblit.cpp              :520 : 4394504235384 us: [pid:68015 tid: 0x7f9a0f8bd200] HSA Async Copy on copy_engine=0x2, dst=0x7f9a0d5ff400, src=0x7f98c3800000, size=33554432, forceSDMA=0, wait_event=0x0, completion_signal=0x7f99ef3fef00
:4:rocvirtual.cpp           :622 : 4394504235392 us: [pid:68015 tid: 0x7f9a0f8bd200] Host wait on completion_signal=0x7f99ef3fef00
:3:rocvirtual.hpp           :56  : 4394504235400 us: [pid:68015 tid: 0x7f9a0f8bd200] Host active wait for Signal = (0x7f99ef3fef00) for -1 ns
:4:commandqueue.cpp         :161 : 4394504236728 us: [pid:68015 tid: 0x7f9a0f8bd200] Marker queued to ensure finish
:4:command.cpp              :359 : 4394504236736 us: [pid:68015 tid: 0x7f9a0f8bd200] Command (InternalMarker) enqueued: 0x36a333a0
:3:rocvirtual.cpp           :533 : 4394504236753 us: [pid:68015 tid: 0x7f9a0f8bd200] Set Handler: handle(0x7f99ef3fd680), timestamp(0x366cce90)
:4:rocvirtual.cpp           :1147: 4394504236762 us: [pid:68015 tid: 0x7f9a0f8bd200] SWq=0x7f9a0f894000, HWq=0x7f99dc400000, id=1, BarrierAND Header = 0x1503 (type=3, barrier=1, acquire=2, release=2), dep_signal=[0x0, 0x0, 0x0, 0x0, 0x0], completion_signal=0x7f99ef3fd680
:4:commandqueue.cpp         :184 : 4394504236773 us: [pid:68015 tid: 0x7f9a0f8bd200] All commands finished
:3:hip_memory.cpp           :796 : 4394504236780 us: [pid:68015 tid: 0x7f9a0f8bd200] hipMemcpy: Returned hipSuccess : : duration: 344813 us
:3:rocvirtual.cpp           :226 : 4394504236814 us: [pid:68015 tid: 0x7f98a19ff6c0] Handler: value(0), timestamp(0x36811480), handle(0x7f99ef3fd680)
:4:command.cpp              :169 : 4394504237248 us: [pid:68015 tid: 0x7f98a19ff6c0] Command 0x36110400 complete
:4:command.cpp              :163 : 4394504237258 us: [pid:68015 tid: 0x7f98a19ff6c0] Command 0x36a333a0 complete (Wall: 4394504237257, CPU: 0, GPU: 512 us)
:3:hip_memory.cpp           :772 : 4394510386915 us: [pid:68015 tid: 0x7f9a0f8bd200] [32m hipFree ( 0x7f98a5800000 ) [0m
:4:commandqueue.cpp         :167 : 4394510386947 us: [pid:68015 tid: 0x7f9a0f8bd200] HW Event not ready, awaiting completion instead
:4:commandqueue.cpp         :184 : 4394510386962 us: [pid:68015 tid: 0x7f9a0f8bd200] All commands finished
:4:rocdevice.cpp            :2388: 4394510387772 us: [pid:68015 tid: 0x7f9a0f8bd200] Free hsa memory 0x7f98a5800000
:3:rocdevice.cpp            :2411: 4394510387782 us: [pid:68015 tid: 0x7f9a0f8bd200] Device=0x360c0e90, freeMem_ = 0xfff000000
:3:hip_memory.cpp           :774 : 4394510387790 us: [pid:68015 tid: 0x7f9a0f8bd200] hipFree: Returned hipSuccess : 
:4:rocdevice.cpp            :2388: 4394510400043 us: [pid:68015 tid: 0x7f9a0f8bd200] Free hsa memory (nil)
:3:rocdevice.cpp            :3254: 4394510400063 us: [pid:68015 tid: 0x7f9a0f8bd200] releaseQueue refCount:0x7f99dc400000 (0)
:4:rocdevice.cpp            :2388: 4394510400247 us: [pid:68015 tid: 0x7f9a0f8bd200] Free hsa memory 0x7f99dc200000
:4:rocdevice.cpp            :2388: 4394510401182 us: [pid:68015 tid: 0x7f9a0f8bd200] Free hsa memory 0x7f988f000000
:4:rocdevice.cpp            :2388: 4394510401877 us: [pid:68015 tid: 0x7f9a0f8bd200] Free hsa memory 0x7f99dc600000
:4:rocdevice.cpp            :2388: 4394510402127 us: [pid:68015 tid: 0x7f9a0f8bd200] Free hsa memory 0x7f9a19af4000
:3:rocdevice.cpp            :278 : 4394510402137 us: [pid:68015 tid: 0x7f9a0f8bd200] Deleting hostcall buffer 0x7f988e200000 for hardware queue 0x7f99dc400000
:3:devhostcall.cpp          :460 : 4394510402149 us: [pid:68015 tid: 0x7f9a0f8bd200] Terminated hostcall listener
:4:rocdevice.cpp            :2388: 4394510403742 us: [pid:68015 tid: 0x7f9a0f8bd200] Free hsa memory 0x7f988e200000
:3:rocdevice.cpp            :283 : 4394510403757 us: [pid:68015 tid: 0x7f9a0f8bd200] Deleting hardware queue 0x7f99dc400000 with refCount 0
:4:rocdevice.cpp            :2388: 4394510408206 us: [pid:68015 tid: 0x7f9a0f8bd200] Free hsa memory 0x7f99dcc00000
:4:rocdevice.cpp            :2388: 4394510408493 us: [pid:68015 tid: 0x7f9a0f8bd200] Free hsa memory 0x7f988de00000
:4:rocdevice.cpp            :2388: 4394510408817 us: [pid:68015 tid: 0x7f9a0f8bd200] Free hsa memory 0x7f988d400000
