:3:rocdevice.cpp            :465 : 4393417492670 us: [pid:4148961 tid: 0x7fbbc7e91200] Initializing HSA stack.
:3:rocdevice.cpp            :551 : 4393419432710 us: [pid:4148961 tid: 0x7fbbc7e91200] Enumerated GPU agents = 1
:3:rocdevice.cpp            :230 : 4393419432792 us: [pid:4148961 tid: 0x7fbbc7e91200] Numa selects cpu agent[0]=0x257dbd0(fine=0x25fc270,coarse=0x2600ae0) for gpu agent=0x26a8910 CPU<->GPU XGMI=0
:3:rocsettings.cpp          :284 : 4393419432836 us: [pid:4148961 tid: 0x7fbbc7e91200] Using dev kernel arg wa = 0
:3:comgrctx.cpp             :33  : 4393419432867 us: [pid:4148961 tid: 0x7fbbc7e91200] Loading COMGR library.
:3:comgrctx.cpp             :128 : 4393419432921 us: [pid:4148961 tid: 0x7fbbc7e91200] Loaded COMGR library version 3.0.
:3:rocdevice.cpp            :1785: 4393419433900 us: [pid:4148961 tid: 0x7fbbc7e91200] Gfx Major/Minor/Stepping: 9/0/10
:3:rocdevice.cpp            :1787: 4393419433925 us: [pid:4148961 tid: 0x7fbbc7e91200] HMM support: 1, XNACK: 0, Direct host access: 0
:3:rocdevice.cpp            :1789: 4393419433936 us: [pid:4148961 tid: 0x7fbbc7e91200] Max SDMA Read Mask: 0x1e, Max SDMA Write Mask: 0x1f
:4:rocdevice.cpp            :2210: 4393419434486 us: [pid:4148961 tid: 0x7fbbc7e91200] Allocate hsa host memory 0x7fbbb5200000, size 0x100000, numa_node = 0
:4:rocdevice.cpp            :2210: 4393420312642 us: [pid:4148961 tid: 0x7fbbc7e91200] Allocate hsa host memory 0x7fbbb4c00000, size 0x400000, numa_node = 0
:4:rocdevice.cpp            :2210: 4393420313043 us: [pid:4148961 tid: 0x7fbbc7e91200] Allocate hsa host memory 0x7fbbd20d2000, size 0x38, numa_node = 0
:3:hip_context.cpp          :54  : 4393420313309 us: [pid:4148961 tid: 0x7fbbc7e91200] Direct Dispatch: 1
:3:hip_fatbin.cpp           :427 : 4393420313500 us: [pid:4148961 tid: 0x7fbbc7e91200] Searching for code objects, HIP_FORCE_SPIRV_CODEOBJECT: 0
:3:hip_fatbin.cpp           :435 : 4393420313749 us: [pid:4148961 tid: 0x7fbbc7e91200] Using Native code object: gfx90a:sramecc+:xnack-
:3:hip_memory.cpp           :756 : 4393420313794 us: [pid:4148961 tid: 0x7fbbc7e91200] [32m hipMalloc ( 0x7ffc1db5e8b8, 192 ) [0m
:4:rocdevice.cpp            :2371: 4393420313888 us: [pid:4148961 tid: 0x7fbbc7e91200] Allocate hsa device memory 0x7fbbb4800000, size 0xc0, hsa_mem_flags 0x0h
:3:rocdevice.cpp            :2411: 4393420314277 us: [pid:4148961 tid: 0x7fbbc7e91200] Device=0x26f12c0, freeMem_ = 0xffeffff40
:3:hip_memory.cpp           :758 : 4393420314294 us: [pid:4148961 tid: 0x7fbbc7e91200] hipMalloc: Returned hipSuccess : 0x7fbbb4800000: duration: 500 us
:3:hip_memory.cpp           :3476: 4393420314313 us: [pid:4148961 tid: 0x7fbbc7e91200] [32m hipMemset ( 0x7fbbb4800000, 0, 192 ) [0m
:3:rocdevice.cpp            :3048: 4393420314333 us: [pid:4148961 tid: 0x7fbbc7e91200] Number of allocated hardware queues with low priority: 0, with normal priority: 0, with high priority: 0, maximum per priority is: 4
:3:rocdevice.cpp            :3129: 4393420326587 us: [pid:4148961 tid: 0x7fbbc7e91200] Created SWq=0x7fbbc7e7c000 to map on HWq=0x7fbbb4600000 with size 16384 with priority 1, cooperative: 0
:3:rocdevice.cpp            :3222: 4393420326638 us: [pid:4148961 tid: 0x7fbbc7e91200] acquireQueue refCount: 0x7fbbb4600000 (1)
:4:rocdevice.cpp            :2210: 4393420327097 us: [pid:4148961 tid: 0x7fbbc7e91200] Allocate hsa host memory 0x7fbbb4400000, size 0x100000, numa_node = 0
:3:devprogram.cpp           :2658: 4393420695912 us: [pid:4148961 tid: 0x7fbbc7e91200] Using Code Object V5.
:4:rocdevice.cpp            :2210: 4393421907163 us: [pid:4148961 tid: 0x7fbbc7e91200] Allocate hsa host memory 0x7fba87200000, size 0x400000, numa_node = 0
:4:command.cpp              :359 : 4393421907315 us: [pid:4148961 tid: 0x7fbbc7e91200] Command (FillBuffer) enqueued: 0x306fe00
:3:rocvirtual.cpp           :762 : 4393421907332 us: [pid:4148961 tid: 0x7fbbc7e91200] Arg0: void* buf = ptr:0x7fbbb4800000
:3:rocvirtual.cpp           :778 : 4393421907347 us: [pid:4148961 tid: 0x7fbbc7e91200] Arg0: void* buf = ptr:0x7fbbb4800000 obj:[0x7fbbb4800000-0x7fbbb48000c0]
:3:rocvirtual.cpp           :762 : 4393421907369 us: [pid:4148961 tid: 0x7fbbc7e91200] Arg1: uchar* pattern = ptr:0x7fbbb4400000
:3:rocvirtual.cpp           :853 : 4393421907379 us: [pid:4148961 tid: 0x7fbbc7e91200] Arg2: uint pattern_size = val:1
:3:rocvirtual.cpp           :853 : 4393421907387 us: [pid:4148961 tid: 0x7fbbc7e91200] Arg3: uint alignment = val:16
:3:rocvirtual.cpp           :853 : 4393421907813 us: [pid:4148961 tid: 0x7fbbc7e91200] Arg4: ulong end_ptr = val:140444163899584
:3:rocvirtual.cpp           :853 : 4393421907824 us: [pid:4148961 tid: 0x7fbbc7e91200] Arg5: uint next_chunk = val:256
:3:rocvirtual.cpp           :3236: 4393421907840 us: [pid:4148961 tid: 0x7fbbc7e91200] ShaderName : __amd_rocclr_fillBufferAligned
:3:rocvirtual.cpp           :3449: 4393421907859 us: [pid:4148961 tid: 0x7fbbc7e91200] KernargSegmentByteSize = 296 KernargSegmentAlignment = 128
:4:rocvirtual.cpp           :965 : 4393421907882 us: [pid:4148961 tid: 0x7fbbc7e91200] SWq=0x7fbbc7e7c000, HWq=0x7fbbb4600000, id=1, Dispatch Header = 0xb02 (type=2, barrier=1, acquire=1, release=1), setup=1, grid=[256, 1, 1], workgroup=[256, 1, 1], private_seg_size=0, group_seg_size=0, kernel_obj=0x7fbbc7e6dd40, kernarg_address=0x7fbbb4400100, completion_signal=0x0, correlation_id=0, rptr=0, wptr=0
:3:hip_memory.cpp           :3477: 4393421907904 us: [pid:4148961 tid: 0x7fbbc7e91200] hipMemset: Returned hipSuccess : 
:3:hip_device_runtime.cpp   :641 : 4393421907915 us: [pid:4148961 tid: 0x7fbbc7e91200] [32m hipDeviceSynchronize (  ) [0m
:4:commandqueue.cpp         :161 : 4393421908283 us: [pid:4148961 tid: 0x7fbbc7e91200] Marker queued to ensure finish
:4:command.cpp              :359 : 4393421908290 us: [pid:4148961 tid: 0x7fbbc7e91200] Command (InternalMarker) enqueued: 0x2a60760
:3:rocvirtual.cpp           :533 : 4393421908315 us: [pid:4148961 tid: 0x7fbbc7e91200] Set Handler: handle(0x7fbbc79fd600), timestamp(0x2e86270)
:4:rocvirtual.cpp           :1147: 4393421908327 us: [pid:4148961 tid: 0x7fbbc7e91200] SWq=0x7fbbc7e7c000, HWq=0x7fbbb4600000, id=1, BarrierAND Header = 0x1503 (type=3, barrier=1, acquire=2, release=2), dep_signal=[0x0, 0x0, 0x0, 0x0, 0x0], completion_signal=0x7fbbc79fd600
:3:rocvirtual.hpp           :56  : 4393421908341 us: [pid:4148961 tid: 0x7fbbc7e91200] Host active wait for Signal = (0x7fbbc79fd600) for -1 ns
:4:commandqueue.cpp         :184 : 4393421924903 us: [pid:4148961 tid: 0x7fbbc7e91200] All commands finished
:3:hip_device_runtime.cpp   :645 : 4393421924930 us: [pid:4148961 tid: 0x7fbbc7e91200] hipDeviceSynchronize: Returned hipSuccess : 
:3:rocvirtual.cpp           :226 : 4393421924946 us: [pid:4148961 tid: 0x7fba99bff6c0] Handler: value(0), timestamp(0x2e15220), handle(0x7fbbc79fd600)
:3:hip_platform.cpp         :237 : 4393421924953 us: [pid:4148961 tid: 0x7fbbc7e91200] [32m __hipPushCallConfiguration ( {1,1,1}, {16,16,1}, 0, stream:<null> ) [0m
:3:hip_platform.cpp         :241 : 4393421924980 us: [pid:4148961 tid: 0x7fbbc7e91200] __hipPushCallConfiguration: Returned hipSuccess : 
:3:hip_platform.cpp         :246 : 4393421924996 us: [pid:4148961 tid: 0x7fbbc7e91200] [32m __hipPopCallConfiguration ( {498461240,32764,0}, {3527325778,32699,16}, 0x7ffc1db5e7b0, 0x7ffc1db5e7a8 ) [0m
:3:hip_platform.cpp         :255 : 4393421925008 us: [pid:4148961 tid: 0x7fbbc7e91200] __hipPopCallConfiguration: Returned hipSuccess : 
:4:command.cpp              :169 : 4393421924996 us: [pid:4148961 tid: 0x7fba99bff6c0] Command 0x306fe00 complete
:4:command.cpp              :163 : 4393421925039 us: [pid:4148961 tid: 0x7fba99bff6c0] Command 0x2a60760 complete (Wall: 4393421925037, CPU: 0, GPU: 16738 us)
:3:hip_module.cpp           :744 : 4393421925055 us: [pid:4148961 tid: 0x7fbbc7e91200] [32m hipLaunchKernel ( 0x200d38, {1,1,1}, {16,16,1}, 0x7ffc1db5e760, 0, stream:<null> ) [0m
:3:devprogram.cpp           :2658: 4393421925765 us: [pid:4148961 tid: 0x7fbbc7e91200] Using Code Object V5.
:4:command.cpp              :359 : 4393421936602 us: [pid:4148961 tid: 0x7fbbc7e91200] Command (KernelExecution) enqueued: 0x27c9d10
:3:rocvirtual.cpp           :762 : 4393421936635 us: [pid:4148961 tid: 0x7fbbc7e91200] Arg0:   = ptr:0x7fbbb4800000
:3:rocvirtual.cpp           :778 : 4393421936647 us: [pid:4148961 tid: 0x7fbbc7e91200] Arg0:   = ptr:0x7fbbb4800000 obj:[0x7fbbb4800000-0x7fbbb48000c0]
:3:rocvirtual.cpp           :853 : 4393421936658 us: [pid:4148961 tid: 0x7fbbc7e91200] Arg1:   = val:8
:3:rocvirtual.cpp           :853 : 4393421936664 us: [pid:4148961 tid: 0x7fbbc7e91200] Arg2:   = val:4
:3:rocvirtual.cpp           :853 : 4393421936670 us: [pid:4148961 tid: 0x7fbbc7e91200] Arg3:   = val:1176666112
:3:rocvirtual.cpp           :853 : 4393421936676 us: [pid:4148961 tid: 0x7fbbc7e91200] Arg4:   = val:1176256512
:3:rocvirtual.cpp           :3236: 4393421936693 us: [pid:4148961 tid: 0x7fbbc7e91200] ShaderName : color(unsigned char*, int, int, float, float)
:4:rocdevice.cpp            :2210: 4393425595718 us: [pid:4148961 tid: 0x7fbbc7e91200] Allocate hsa host memory 0x7fba86400000, size 0xd13838, numa_node = 0
:3:rocdevice.cpp            :3322: 4393425596538 us: [pid:4148961 tid: 0x7fbbc7e91200] Created hostcall buffer 0x7fba86400000 for hardware queue 0x7fbbb4600000
:4:rocsignal.cpp            :38  : 4393425597537 us: [pid:4148961 tid: 0x7fbbc7e91200] Initialize Hostcall signal=0x7fbbc79fd380
:3:devhostcall.cpp          :428 : 4393425597577 us: [pid:4148961 tid: 0x7fbbc7e91200] Launched hostcall listener at 0x2c6f7c0
:3:devhostcall.cpp          :441 : 4393425597591 us: [pid:4148961 tid: 0x7fbbc7e91200] Registered hostcall buffer 0x7fba86400000 with listener 0x2c6f7c0
:4:rocdevice.cpp            :2371: 4393425597611 us: [pid:4148961 tid: 0x7fbbc7e91200] Allocate hsa device memory 0x7fbbb4801000, size 0x20000, hsa_mem_flags 0x0h
:4:rocdevice.cpp            :2371: 4393425597680 us: [pid:4148961 tid: 0x7fbbc7e91200] Allocate hsa device memory 0x7fba85a00000, size 0x800000, hsa_mem_flags 0x0h
:3:rocvirtual.cpp           :853 : 4393425598194 us: [pid:4148961 tid: 0x7fbbc7e91200] Arg0: ulong heap_to_initialize = val:140444163903488
:3:rocvirtual.cpp           :853 : 4393425598203 us: [pid:4148961 tid: 0x7fbbc7e91200] Arg1: ulong initial_blocks = val:140439082500096
:3:rocvirtual.cpp           :853 : 4393425598210 us: [pid:4148961 tid: 0x7fbbc7e91200] Arg2: uint heap_size = val:131072
:3:rocvirtual.cpp           :853 : 4393425598217 us: [pid:4148961 tid: 0x7fbbc7e91200] Arg3: uint number_of_initial_blocks = val:4
:3:rocvirtual.cpp           :3236: 4393425598241 us: [pid:4148961 tid: 0x7fbbc7e91200] ShaderName : __amd_rocclr_initHeap
:3:rocvirtual.cpp           :3449: 4393425598246 us: [pid:4148961 tid: 0x7fbbc7e91200] KernargSegmentByteSize = 24 KernargSegmentAlignment = 128
:4:rocvirtual.cpp           :965 : 4393425598258 us: [pid:4148961 tid: 0x7fbbc7e91200] SWq=0x7fbbc7e7c000, HWq=0x7fbbb4600000, id=1, Dispatch Header = 0xb02 (type=2, barrier=1, acquire=1, release=1), setup=1, grid=[256, 1, 1], workgroup=[256, 1, 1], private_seg_size=0, group_seg_size=0, kernel_obj=0x7fbbc7e6e0c0, kernarg_address=0x7fbbb4400280, completion_signal=0x0, correlation_id=0, rptr=2, wptr=2
:4:rocvirtual.cpp           :1147: 4393425598275 us: [pid:4148961 tid: 0x7fbbc7e91200] SWq=0x7fbbc7e7c000, HWq=0x7fbbb4600000, id=1, BarrierAND Header = 0x1503 (type=3, barrier=1, acquire=2, release=2), dep_signal=[0x0, 0x0, 0x0, 0x0, 0x0], completion_signal=0x7fbbc79ff700
:4:rocvirtual.cpp           :622 : 4393425598642 us: [pid:4148961 tid: 0x7fbbc7e91200] Host wait on completion_signal=0x7fbbc79ff700
:3:rocvirtual.hpp           :56  : 4393425598650 us: [pid:4148961 tid: 0x7fbbc7e91200] Host active wait for Signal = (0x7fbbc79ff700) for -1 ns
:3:rocvirtual.cpp           :3449: 4393425608241 us: [pid:4148961 tid: 0x7fbbc7e91200] KernargSegmentByteSize = 280 KernargSegmentAlignment = 128
:4:rocvirtual.cpp           :965 : 4393425608257 us: [pid:4148961 tid: 0x7fbbc7e91200] SWq=0x7fbbc7e7c000, HWq=0x7fbbb4600000, id=1, Dispatch Header = 0xb02 (type=2, barrier=1, acquire=1, release=1), setup=3, grid=[16, 16, 1], workgroup=[16, 16, 1], private_seg_size=1024, group_seg_size=0, kernel_obj=0x7fbbc7e40a80, kernarg_address=0x7fbbb4400000, completion_signal=0x0, correlation_id=0, rptr=4, wptr=4
:3:hip_module.cpp           :745 : 4393425608288 us: [pid:4148961 tid: 0x7fbbc7e91200] hipLaunchKernel: Returned hipSuccess : : duration: 3683233 us
:3:hip_device_runtime.cpp   :641 : 4393425608302 us: [pid:4148961 tid: 0x7fbbc7e91200] [32m hipDeviceSynchronize (  ) [0m
:4:commandqueue.cpp         :161 : 4393425608317 us: [pid:4148961 tid: 0x7fbbc7e91200] Marker queued to ensure finish
:4:command.cpp              :359 : 4393425608323 us: [pid:4148961 tid: 0x7fbbc7e91200] Command (InternalMarker) enqueued: 0x2a60760
:3:rocvirtual.cpp           :533 : 4393425608337 us: [pid:4148961 tid: 0x7fbbc7e91200] Set Handler: handle(0x7fbbc79fd680), timestamp(0x2e86160)
:4:rocvirtual.cpp           :1147: 4393425608347 us: [pid:4148961 tid: 0x7fbbc7e91200] SWq=0x7fbbc7e7c000, HWq=0x7fbbb4600000, id=1, BarrierAND Header = 0x1503 (type=3, barrier=1, acquire=2, release=2), dep_signal=[0x0, 0x0, 0x0, 0x0, 0x0], completion_signal=0x7fbbc79fd680
:3:rocvirtual.hpp           :56  : 4393425608366 us: [pid:4148961 tid: 0x7fbbc7e91200] Host active wait for Signal = (0x7fbbc79fd680) for -1 ns
:4:commandqueue.cpp         :184 : 4393425608913 us: [pid:4148961 tid: 0x7fbbc7e91200] All commands finished
:3:hip_device_runtime.cpp   :645 : 4393425608932 us: [pid:4148961 tid: 0x7fbbc7e91200] hipDeviceSynchronize: Returned hipSuccess : 
:3:rocvirtual.cpp           :226 : 4393425608941 us: [pid:4148961 tid: 0x7fba99bff6c0] Handler: value(0), timestamp(0x2e8e710), handle(0x7fbbc79fd680)
:4:command.cpp              :169 : 4393425608958 us: [pid:4148961 tid: 0x7fba99bff6c0] Command 0x27c9d10 complete
:3:hip_memory.cpp           :795 : 4393425608967 us: [pid:4148961 tid: 0x7fbbc7e91200] [32m hipMemcpy ( 0x25f4c40, 0x7fbbb4800000, 192, hipMemcpyDeviceToHost ) [0m
:4:command.cpp              :163 : 4393425608967 us: [pid:4148961 tid: 0x7fba99bff6c0] Command 0x2a60760 complete (Wall: 4393425608965, CPU: 0, GPU: 634 us)
:4:command.cpp              :359 : 4393425608985 us: [pid:4148961 tid: 0x7fbbc7e91200] Command (CopyDeviceToHost) enqueued: 0x2e29140
:4:rocblit.cpp              :1673: 4393425609468 us: [pid:4148961 tid: 0x7fbbc7e91200] Unpinned read path, Async = 0
:4:rocblit.cpp              :1702: 4393425609475 us: [pid:4148961 tid: 0x7fbbc7e91200] Blit staging D2H copy stg buf=0x7fbbb5200000, src=0x7fbbb4800000, dstOrigin=0x0, size=192
:3:rocvirtual.cpp           :762 : 4393425609485 us: [pid:4148961 tid: 0x7fbbc7e91200] Arg0: uchar* src = ptr:0x7fbbb4800000
:3:rocvirtual.cpp           :762 : 4393425609492 us: [pid:4148961 tid: 0x7fbbc7e91200] Arg1: uchar* dst = ptr:0x7fbbb5200000
:3:rocvirtual.cpp           :853 : 4393425609505 us: [pid:4148961 tid: 0x7fbbc7e91200] Arg2: ulong size = val:192
:3:rocvirtual.cpp           :853 : 4393425609510 us: [pid:4148961 tid: 0x7fbbc7e91200] Arg3: uint remainder = val:0
:3:rocvirtual.cpp           :853 : 4393425609515 us: [pid:4148961 tid: 0x7fbbc7e91200] Arg4: uint aligned_size = val:16
:3:rocvirtual.cpp           :853 : 4393425609519 us: [pid:4148961 tid: 0x7fbbc7e91200] Arg5: ulong end_ptr = val:140444174385344
:3:rocvirtual.cpp           :853 : 4393425609527 us: [pid:4148961 tid: 0x7fbbc7e91200] Arg6: uint next_chunk = val:512
:3:rocvirtual.cpp           :3236: 4393425609899 us: [pid:4148961 tid: 0x7fbbc7e91200] ShaderName : __amd_rocclr_copyBuffer
:3:rocvirtual.cpp           :3449: 4393425610266 us: [pid:4148961 tid: 0x7fbbc7e91200] KernargSegmentByteSize = 304 KernargSegmentAlignment = 128
:4:rocvirtual.cpp           :965 : 4393425610291 us: [pid:4148961 tid: 0x7fbbc7e91200] SWq=0x7fbbc7e7c000, HWq=0x7fbbb4600000, id=1, Dispatch Header = 0x1502 (type=2, barrier=1, acquire=2, release=2), setup=1, grid=[512, 1, 1], workgroup=[512, 1, 1], private_seg_size=0, group_seg_size=0, kernel_obj=0x7fbbc7e6ddc0, kernarg_address=0x7fbbb4400180, completion_signal=0x7fbbc79ff600, correlation_id=0, rptr=6, wptr=6
:4:rocvirtual.cpp           :622 : 4393425610319 us: [pid:4148961 tid: 0x7fbbc7e91200] Host wait on completion_signal=0x7fbbc79ff600
:4:rocblit.cpp              :1716: 4393425610333 us: [pid:4148961 tid: 0x7fbbc7e91200] memcpy host dst=0x25f4c40, stg buf=0x7fbbb5200000, size=192
:4:commandqueue.cpp         :161 : 4393425610343 us: [pid:4148961 tid: 0x7fbbc7e91200] Marker queued to ensure finish
:4:command.cpp              :359 : 4393425610725 us: [pid:4148961 tid: 0x7fbbc7e91200] Command (InternalMarker) enqueued: 0x2a60760
:3:rocvirtual.cpp           :533 : 4393425610741 us: [pid:4148961 tid: 0x7fbbc7e91200] Set Handler: handle(0x7fbbc79fd700), timestamp(0x2e86050)
:4:rocvirtual.cpp           :1147: 4393425610750 us: [pid:4148961 tid: 0x7fbbc7e91200] SWq=0x7fbbc7e7c000, HWq=0x7fbbb4600000, id=1, BarrierAND Header = 0x1503 (type=3, barrier=1, acquire=2, release=2), dep_signal=[0x0, 0x0, 0x0, 0x0, 0x0], completion_signal=0x7fbbc79fd700
:4:commandqueue.cpp         :184 : 4393425610762 us: [pid:4148961 tid: 0x7fbbc7e91200] All commands finished
:3:hip_memory.cpp           :796 : 4393425610770 us: [pid:4148961 tid: 0x7fbbc7e91200] hipMemcpy: Returned hipSuccess : : duration: 1803 us
:3:rocvirtual.cpp           :226 : 4393425610780 us: [pid:4148961 tid: 0x7fba99bff6c0] Handler: value(0), timestamp(0x2e8e6a0), handle(0x7fbbc79fd700)
:4:command.cpp              :169 : 4393425610792 us: [pid:4148961 tid: 0x7fba99bff6c0] Command 0x2e29140 complete
:4:command.cpp              :163 : 4393425610798 us: [pid:4148961 tid: 0x7fba99bff6c0] Command 0x2a60760 complete (Wall: 4393425610797, CPU: 0, GPU: 62 us)
:3:hip_memory.cpp           :772 : 4393425610842 us: [pid:4148961 tid: 0x7fbbc7e91200] [32m hipFree ( 0x7fbbb4800000 ) [0m
:4:commandqueue.cpp         :167 : 4393425611263 us: [pid:4148961 tid: 0x7fbbc7e91200] HW Event not ready, awaiting completion instead
:4:commandqueue.cpp         :184 : 4393425611272 us: [pid:4148961 tid: 0x7fbbc7e91200] All commands finished
:4:rocdevice.cpp            :2388: 4393425611288 us: [pid:4148961 tid: 0x7fbbc7e91200] Free hsa memory 0x7fbbb4800000
:3:rocdevice.cpp            :2411: 4393425611293 us: [pid:4148961 tid: 0x7fbbc7e91200] Device=0x26f12c0, freeMem_ = 0xfff000000
:3:hip_memory.cpp           :774 : 4393425611299 us: [pid:4148961 tid: 0x7fbbc7e91200] hipFree: Returned hipSuccess : 
:4:rocdevice.cpp            :2388: 4393425612040 us: [pid:4148961 tid: 0x7fbbc7e91200] Free hsa memory (nil)
:3:rocdevice.cpp            :3254: 4393425612051 us: [pid:4148961 tid: 0x7fbbc7e91200] releaseQueue refCount:0x7fbbb4600000 (0)
:4:rocdevice.cpp            :2388: 4393425612212 us: [pid:4148961 tid: 0x7fbbc7e91200] Free hsa memory 0x7fbbb4400000
:4:rocdevice.cpp            :2388: 4393425612965 us: [pid:4148961 tid: 0x7fbbc7e91200] Free hsa memory 0x7fba87200000
:4:rocdevice.cpp            :2388: 4393425613704 us: [pid:4148961 tid: 0x7fbbc7e91200] Free hsa memory 0x7fbbb4c00000
:4:rocdevice.cpp            :2388: 4393425613792 us: [pid:4148961 tid: 0x7fbbc7e91200] Free hsa memory 0x7fbbd20d2000
:3:rocdevice.cpp            :278 : 4393425613806 us: [pid:4148961 tid: 0x7fbbc7e91200] Deleting hostcall buffer 0x7fba86400000 for hardware queue 0x7fbbb4600000
:3:devhostcall.cpp          :460 : 4393425613820 us: [pid:4148961 tid: 0x7fbbc7e91200] Terminated hostcall listener
:4:rocdevice.cpp            :2388: 4393425615423 us: [pid:4148961 tid: 0x7fbbc7e91200] Free hsa memory 0x7fba86400000
:3:rocdevice.cpp            :283 : 4393425615462 us: [pid:4148961 tid: 0x7fbbc7e91200] Deleting hardware queue 0x7fbbb4600000 with refCount 0
:4:rocdevice.cpp            :2388: 4393425620170 us: [pid:4148961 tid: 0x7fbbc7e91200] Free hsa memory 0x7fbbb5200000
:4:rocdevice.cpp            :2388: 4393425620463 us: [pid:4148961 tid: 0x7fbbc7e91200] Free hsa memory 0x7fbbb4801000
:4:rocdevice.cpp            :2388: 4393425620798 us: [pid:4148961 tid: 0x7fbbc7e91200] Free hsa memory 0x7fba85a00000
