:3:rocdevice.cpp            :465 : 4393781160869 us: [pid:4186129 tid: 0x7f402a822200] Initializing HSA stack.
:3:rocdevice.cpp            :551 : 4393782884442 us: [pid:4186129 tid: 0x7f402a822200] Enumerated GPU agents = 1
:3:rocdevice.cpp            :230 : 4393782884516 us: [pid:4186129 tid: 0x7f402a822200] Numa selects cpu agent[0]=0x1e0f4bd0(fine=0x1e172590,coarse=0x1e16cbe0) for gpu agent=0x1e17c0a0 CPU<->GPU XGMI=0
:3:rocsettings.cpp          :284 : 4393782884530 us: [pid:4186129 tid: 0x7f402a822200] Using dev kernel arg wa = 0
:3:comgrctx.cpp             :33  : 4393782884541 us: [pid:4186129 tid: 0x7f402a822200] Loading COMGR library.
:3:comgrctx.cpp             :128 : 4393782884572 us: [pid:4186129 tid: 0x7f402a822200] Loaded COMGR library version 3.0.
:3:rocdevice.cpp            :1785: 4393782885080 us: [pid:4186129 tid: 0x7f402a822200] Gfx Major/Minor/Stepping: 9/0/10
:3:rocdevice.cpp            :1787: 4393782885090 us: [pid:4186129 tid: 0x7f402a822200] HMM support: 1, XNACK: 0, Direct host access: 0
:3:rocdevice.cpp            :1789: 4393782885099 us: [pid:4186129 tid: 0x7f402a822200] Max SDMA Read Mask: 0x1e, Max SDMA Write Mask: 0x1f
:4:rocdevice.cpp            :2210: 4393782885457 us: [pid:4186129 tid: 0x7f402a822200] Allocate hsa host memory 0x7f4012400000, size 0x100000, numa_node = 0
:4:rocdevice.cpp            :2210: 4393783468502 us: [pid:4186129 tid: 0x7f402a822200] Allocate hsa host memory 0x7f4011e00000, size 0x400000, numa_node = 0
:4:rocdevice.cpp            :2210: 4393783469127 us: [pid:4186129 tid: 0x7f402a822200] Allocate hsa host memory 0x7f403499c000, size 0x38, numa_node = 0
:3:hip_context.cpp          :54  : 4393783469178 us: [pid:4186129 tid: 0x7f402a822200] Direct Dispatch: 1
:3:hip_fatbin.cpp           :427 : 4393783469356 us: [pid:4186129 tid: 0x7f402a822200] Searching for code objects, HIP_FORCE_SPIRV_CODEOBJECT: 0
:3:hip_fatbin.cpp           :435 : 4393783693584 us: [pid:4186129 tid: 0x7f402a822200] Using Native code object: gfx90a:sramecc+:xnack-
:3:hip_memory.cpp           :756 : 4393783693656 us: [pid:4186129 tid: 0x7f402a822200] [32m hipMalloc ( 0x7ffc26cc2eb0, 10240000 ) [0m
:4:rocdevice.cpp            :2371: 4393783693773 us: [pid:4186129 tid: 0x7f402a822200] Allocate hsa device memory 0x7f4011200000, size 0x9c4000, hsa_mem_flags 0x0h
:3:rocdevice.cpp            :2411: 4393783694184 us: [pid:4186129 tid: 0x7f402a822200] Device=0x1e2661b0, freeMem_ = 0xffe63c000
:3:hip_memory.cpp           :758 : 4393783694215 us: [pid:4186129 tid: 0x7f402a822200] hipMalloc: Returned hipSuccess : 0x7f4011200000: duration: 559 us
:3:hip_memory.cpp           :795 : 4393783694240 us: [pid:4186129 tid: 0x7f402a822200] [32m hipMemcpy ( 0x7f4011200000, 0x7f4029b74010, 10240000, hipMemcpyHostToDevice ) [0m
:3:rocdevice.cpp            :3048: 4393783694262 us: [pid:4186129 tid: 0x7f402a822200] Number of allocated hardware queues with low priority: 0, with normal priority: 0, with high priority: 0, maximum per priority is: 4
:3:rocdevice.cpp            :3129: 4393783705996 us: [pid:4186129 tid: 0x7f402a822200] Created SWq=0x7f4024d50000 to map on HWq=0x7f4011000000 with size 16384 with priority 1, cooperative: 0
:3:rocdevice.cpp            :3222: 4393783706045 us: [pid:4186129 tid: 0x7f402a822200] acquireQueue refCount: 0x7f4011000000 (1)
:4:rocdevice.cpp            :2210: 4393783706473 us: [pid:4186129 tid: 0x7f402a822200] Allocate hsa host memory 0x7f4010e00000, size 0x100000, numa_node = 0
:3:devprogram.cpp           :2658: 4393784054859 us: [pid:4186129 tid: 0x7f402a822200] Using Code Object V5.
:4:rocdevice.cpp            :2210: 4393785086282 us: [pid:4186129 tid: 0x7f402a822200] Allocate hsa host memory 0x7f4010800000, size 0x400000, numa_node = 0
:4:command.cpp              :359 : 4393785086489 us: [pid:4186129 tid: 0x7f402a822200] Command (CopyHostToDevice) enqueued: 0x1e9a81b0
:4:rocblit.cpp              :1803: 4393785086939 us: [pid:4186129 tid: 0x7f402a822200] Unpinned write path, Async = 0
:4:rocmemory.cpp            :1018: 4393785087649 us: [pid:4186129 tid: 0x7f402a822200] Locking to pool 0x1e16cbe0, size 0x9c5000, HostPtr = 0x7f4029b74000, DevPtr = 0x7f4029b74000
:4:rocblit.cpp              :623 : 4393785087679 us: [pid:4186129 tid: 0x7f402a822200] HSA Copy Using Pinned resource size 10240000
:4:rocblit.cpp              :680 : 4393785087686 us: [pid:4186129 tid: 0x7f402a822200] HSA Async Copy staged H2D
:4:rocblit.cpp              :503 : 4393785087698 us: [pid:4186129 tid: 0x7f402a822200] Last copy mask 0x0
:4:rocblit.cpp              :509 : 4393785087704 us: [pid:4186129 tid: 0x7f402a822200] Query copy engine status 0, free_engine mask 0x1f
:4:rocblit.cpp              :520 : 4393785087711 us: [pid:4186129 tid: 0x7f402a822200] HSA Async Copy on copy_engine=0x1, dst=0x7f4011200000, src=0x7f4029b74010, size=10240000, forceSDMA=0, wait_event=0x0, completion_signal=0x7f4024bff780
:4:rocvirtual.cpp           :622 : 4393785093682 us: [pid:4186129 tid: 0x7f402a822200] Host wait on completion_signal=0x7f4024bff780
:3:rocvirtual.hpp           :56  : 4393785093704 us: [pid:4186129 tid: 0x7f402a822200] Host active wait for Signal = (0x7f4024bff780) for -1 ns
:4:commandqueue.cpp         :161 : 4393785094234 us: [pid:4186129 tid: 0x7f402a822200] Marker queued to ensure finish
:4:command.cpp              :359 : 4393785094241 us: [pid:4186129 tid: 0x7f402a822200] Command (InternalMarker) enqueued: 0x1e7e7d40
:3:rocvirtual.cpp           :533 : 4393785094264 us: [pid:4186129 tid: 0x7f402a822200] Set Handler: handle(0x7f4024bfd600), timestamp(0x1e9c2160)
:4:rocvirtual.cpp           :1147: 4393785094275 us: [pid:4186129 tid: 0x7f402a822200] SWq=0x7f4024d50000, HWq=0x7f4011000000, id=1, BarrierAND Header = 0x1503 (type=3, barrier=1, acquire=2, release=2), dep_signal=[0x0, 0x0, 0x0, 0x0, 0x0], completion_signal=0x7f4024bfd600
:4:commandqueue.cpp         :184 : 4393785094292 us: [pid:4186129 tid: 0x7f402a822200] All commands finished
:3:hip_memory.cpp           :796 : 4393785094300 us: [pid:4186129 tid: 0x7f402a822200] hipMemcpy: Returned hipSuccess : : duration: 1400060 us
:3:hip_memory.cpp           :756 : 4393785094313 us: [pid:4186129 tid: 0x7f402a822200] [32m hipMalloc ( 0x7ffc26cc2ea8, 40960000 ) [0m
:3:rocvirtual.cpp           :226 : 4393785094331 us: [pid:4186129 tid: 0x7f3ef5bff6c0] Handler: value(0), timestamp(0x1e2b0d70), handle(0x7f4024bfd600)
:4:rocdevice.cpp            :2371: 4393785094392 us: [pid:4186129 tid: 0x7f402a822200] Allocate hsa device memory 0x7f3ee0e00000, size 0x2710000, hsa_mem_flags 0x0h
:3:rocdevice.cpp            :2411: 4393785094755 us: [pid:4186129 tid: 0x7f402a822200] Device=0x1e2661b0, freeMem_ = 0xffbf2c000
:4:command.cpp              :169 : 4393785094739 us: [pid:4186129 tid: 0x7f3ef5bff6c0] Command 0x1e9a81b0 complete
:3:hip_memory.cpp           :758 : 4393785094773 us: [pid:4186129 tid: 0x7f402a822200] hipMalloc: Returned hipSuccess : 0x7f3ee0e00000: duration: 460 us
:4:command.cpp              :163 : 4393785094796 us: [pid:4186129 tid: 0x7f3ef5bff6c0] Command 0x1e7e7d40 complete (Wall: 4393785094794, CPU: 0, GPU: 544 us)
:3:hip_device_runtime.cpp   :641 : 4393785094806 us: [pid:4186129 tid: 0x7f402a822200] [32m hipDeviceSynchronize (  ) [0m
:4:commandqueue.cpp         :184 : 4393785095263 us: [pid:4186129 tid: 0x7f402a822200] All commands finished
:3:hip_device_runtime.cpp   :645 : 4393785095286 us: [pid:4186129 tid: 0x7f402a822200] hipDeviceSynchronize: Returned hipSuccess : 
:3:hip_platform.cpp         :237 : 4393785095314 us: [pid:4186129 tid: 0x7f402a822200] [32m __hipPushCallConfiguration ( {625,64,1}, {16,16,1}, 0, stream:<null> ) [0m
:3:hip_platform.cpp         :241 : 4393785095325 us: [pid:4186129 tid: 0x7f402a822200] __hipPushCallConfiguration: Returned hipSuccess : 
:3:hip_platform.cpp         :246 : 4393785095343 us: [pid:4186129 tid: 0x7f402a822200] [32m __hipPopCallConfiguration ( {650915880,32764,0}, {885741650,32576,16}, 0x7ffc26cc2cc0, 0x7ffc26cc2cb8 ) [0m
:3:hip_platform.cpp         :255 : 4393785095787 us: [pid:4186129 tid: 0x7f402a822200] __hipPopCallConfiguration: Returned hipSuccess : 
:3:hip_module.cpp           :744 : 4393785095825 us: [pid:4186129 tid: 0x7f402a822200] [32m hipLaunchKernel ( 0x200cc0, {625,64,1}, {16,16,1}, 0x7ffc26cc2c70, 0, stream:<null> ) [0m
:3:devprogram.cpp           :2658: 4393785096069 us: [pid:4186129 tid: 0x7f402a822200] Using Code Object V5.
:4:command.cpp              :359 : 4393785096980 us: [pid:4186129 tid: 0x7f402a822200] Command (KernelExecution) enqueued: 0x1e917270
:3:rocvirtual.cpp           :762 : 4393785096997 us: [pid:4186129 tid: 0x7f402a822200] Arg0:   = ptr:0x7f3ee0e00000
:3:rocvirtual.cpp           :778 : 4393785097002 us: [pid:4186129 tid: 0x7f402a822200] Arg0:   = ptr:0x7f3ee0e00000 obj:[0x7f3ee0e00000-0x7f3ee3510000]
:3:rocvirtual.cpp           :762 : 4393785097014 us: [pid:4186129 tid: 0x7f402a822200] Arg1:   = ptr:0x7f4011200000
:3:rocvirtual.cpp           :778 : 4393785097020 us: [pid:4186129 tid: 0x7f402a822200] Arg1:   = ptr:0x7f4011200000 obj:[0x7f4011200000-0x7f4011bc4000]
:3:rocvirtual.cpp           :853 : 4393785097038 us: [pid:4186129 tid: 0x7f402a822200] Arg2:   = val:1024
:3:rocvirtual.cpp           :853 : 4393785097045 us: [pid:4186129 tid: 0x7f402a822200] Arg3:   = val:10000
:3:rocvirtual.cpp           :3236: 4393785097063 us: [pid:4186129 tid: 0x7f402a822200] ShaderName : entropy(float*, char const*, int, int)
:4:rocdevice.cpp            :2210: 4393785290654 us: [pid:4186129 tid: 0x7f402a822200] Allocate hsa host memory 0x7f3ed3600000, size 0xd13838, numa_node = 0
:3:rocdevice.cpp            :3322: 4393785291135 us: [pid:4186129 tid: 0x7f402a822200] Created hostcall buffer 0x7f3ed3600000 for hardware queue 0x7f4011000000
:4:rocsignal.cpp            :38  : 4393785291854 us: [pid:4186129 tid: 0x7f402a822200] Initialize Hostcall signal=0x7f4024bfd280
:3:devhostcall.cpp          :428 : 4393785292528 us: [pid:4186129 tid: 0x7f402a822200] Launched hostcall listener at 0x1e7ef8a0
:3:devhostcall.cpp          :441 : 4393785292537 us: [pid:4186129 tid: 0x7f402a822200] Registered hostcall buffer 0x7f3ed3600000 with listener 0x1e7ef8a0
:4:rocdevice.cpp            :2371: 4393785292642 us: [pid:4186129 tid: 0x7f402a822200] Allocate hsa device memory 0x7f4010200000, size 0x20000, hsa_mem_flags 0x0h
:4:rocdevice.cpp            :2371: 4393785293084 us: [pid:4186129 tid: 0x7f402a822200] Allocate hsa device memory 0x7f3ee0400000, size 0x800000, hsa_mem_flags 0x0h
:3:rocvirtual.cpp           :853 : 4393785293103 us: [pid:4186129 tid: 0x7f402a822200] Arg0: ulong heap_to_initialize = val:139913125167104
:3:rocvirtual.cpp           :853 : 4393785293118 us: [pid:4186129 tid: 0x7f402a822200] Arg1: ulong initial_blocks = val:139908026990592
:3:rocvirtual.cpp           :853 : 4393785293630 us: [pid:4186129 tid: 0x7f402a822200] Arg2: uint heap_size = val:131072
:3:rocvirtual.cpp           :853 : 4393785293636 us: [pid:4186129 tid: 0x7f402a822200] Arg3: uint number_of_initial_blocks = val:4
:3:rocvirtual.cpp           :3236: 4393785293651 us: [pid:4186129 tid: 0x7f402a822200] ShaderName : __amd_rocclr_initHeap
:3:rocvirtual.cpp           :3449: 4393785293658 us: [pid:4186129 tid: 0x7f402a822200] KernargSegmentByteSize = 24 KernargSegmentAlignment = 128
:4:rocvirtual.cpp           :965 : 4393785293672 us: [pid:4186129 tid: 0x7f402a822200] SWq=0x7f4024d50000, HWq=0x7f4011000000, id=1, Dispatch Header = 0x1502 (type=2, barrier=1, acquire=2, release=2), setup=1, grid=[256, 1, 1], workgroup=[256, 1, 1], private_seg_size=0, group_seg_size=0, kernel_obj=0x7f4024d3e0c0, kernarg_address=0x7f4010e00000, completion_signal=0x0, correlation_id=0, rptr=1, wptr=1
:4:rocvirtual.cpp           :1147: 4393785293705 us: [pid:4186129 tid: 0x7f402a822200] SWq=0x7f4024d50000, HWq=0x7f4011000000, id=1, BarrierAND Header = 0x1503 (type=3, barrier=1, acquire=2, release=2), dep_signal=[0x0, 0x0, 0x0, 0x0, 0x0], completion_signal=0x7f4024bff680
:3:rocvirtual.cpp           :3449: 4393785294176 us: [pid:4186129 tid: 0x7f402a822200] KernargSegmentByteSize = 280 KernargSegmentAlignment = 128
:4:rocvirtual.cpp           :965 : 4393785294195 us: [pid:4186129 tid: 0x7f402a822200] SWq=0x7f4024d50000, HWq=0x7f4011000000, id=1, Dispatch Header = 0xb02 (type=2, barrier=1, acquire=1, release=1), setup=3, grid=[10000, 1024, 1], workgroup=[16, 16, 1], private_seg_size=220, group_seg_size=0, kernel_obj=0x7f4024d111c0, kernarg_address=0x7f4010e00000, completion_signal=0x0, correlation_id=0, rptr=3, wptr=3
:3:hip_module.cpp           :745 : 4393785294221 us: [pid:4186129 tid: 0x7f402a822200] hipLaunchKernel: Returned hipSuccess : : duration: 198396 us
:3:hip_device_runtime.cpp   :641 : 4393785294243 us: [pid:4186129 tid: 0x7f402a822200] [32m hipDeviceSynchronize (  ) [0m
:4:commandqueue.cpp         :161 : 4393785294253 us: [pid:4186129 tid: 0x7f402a822200] Marker queued to ensure finish
:4:command.cpp              :359 : 4393785294867 us: [pid:4186129 tid: 0x7f402a822200] Command (InternalMarker) enqueued: 0x1e7e7d40
:3:rocvirtual.cpp           :533 : 4393785295380 us: [pid:4186129 tid: 0x7f402a822200] Set Handler: handle(0x7f4024bfd680), timestamp(0x1e9c2050)
:4:rocvirtual.cpp           :1147: 4393785295394 us: [pid:4186129 tid: 0x7f402a822200] SWq=0x7f4024d50000, HWq=0x7f4011000000, id=1, BarrierAND Header = 0x1503 (type=3, barrier=1, acquire=2, release=2), dep_signal=[0x0, 0x0, 0x0, 0x0, 0x0], completion_signal=0x7f4024bfd680
:3:rocvirtual.hpp           :56  : 4393785295406 us: [pid:4186129 tid: 0x7f402a822200] Host active wait for Signal = (0x7f4024bfd680) for -1 ns
:4:commandqueue.cpp         :184 : 4393785329103 us: [pid:4186129 tid: 0x7f402a822200] All commands finished
:3:hip_device_runtime.cpp   :645 : 4393785329126 us: [pid:4186129 tid: 0x7f402a822200] hipDeviceSynchronize: Returned hipSuccess : 
:3:rocvirtual.cpp           :226 : 4393785329140 us: [pid:4186129 tid: 0x7f3ef5bff6c0] Handler: value(0), timestamp(0x1e9cbe80), handle(0x7f4024bfd680)
:4:command.cpp              :169 : 4393785329169 us: [pid:4186129 tid: 0x7f3ef5bff6c0] Command 0x1e917270 complete
:4:command.cpp              :163 : 4393785329180 us: [pid:4186129 tid: 0x7f3ef5bff6c0] Command 0x1e7e7d40 complete (Wall: 4393785329178, CPU: 0, GPU: 33823 us)
:3:hip_memory.cpp           :756 : 4393785329569 us: [pid:4186129 tid: 0x7f402a822200] [32m hipMalloc ( 0x7ffc26cc2db0, 104 ) [0m
:4:rocdevice.cpp            :2371: 4393785329720 us: [pid:4186129 tid: 0x7f402a822200] Allocate hsa device memory 0x7f4010220000, size 0x68, hsa_mem_flags 0x0h
:3:rocdevice.cpp            :2411: 4393785329730 us: [pid:4186129 tid: 0x7f402a822200] Device=0x1e2661b0, freeMem_ = 0xffbf2bf98
:3:hip_memory.cpp           :758 : 4393785329743 us: [pid:4186129 tid: 0x7f402a822200] hipMalloc: Returned hipSuccess : 0x7f4010220000: duration: 174 us
:3:hip_memory.cpp           :795 : 4393785329759 us: [pid:4186129 tid: 0x7f402a822200] [32m hipMemcpy ( 0x7f4010220000, 0x7ffc26cc2dc0, 104, hipMemcpyHostToDevice ) [0m
:4:command.cpp              :359 : 4393785329775 us: [pid:4186129 tid: 0x7f402a822200] Command (CopyHostToDevice) enqueued: 0x1e9b7600
:4:rocblit.cpp              :1803: 4393785329787 us: [pid:4186129 tid: 0x7f402a822200] Unpinned write path, Async = 0
:4:rocblit.cpp              :1832: 4393785329792 us: [pid:4186129 tid: 0x7f402a822200] memcpy stg buf=0x7f4010800000, host src=0x7ffc26cc2dc0, size=104
:4:rocblit.cpp              :1835: 4393785329799 us: [pid:4186129 tid: 0x7f402a822200] Blit staging H2D copy dst=0x7f4010220000, stg buf=0x7f4010800000, dstOrigin=0x0, size=104
:3:rocvirtual.cpp           :762 : 4393785329810 us: [pid:4186129 tid: 0x7f402a822200] Arg0: uchar* src = ptr:0x7f4010800000
:3:rocvirtual.cpp           :762 : 4393785330220 us: [pid:4186129 tid: 0x7f402a822200] Arg1: uchar* dst = ptr:0x7f4010220000
:3:rocvirtual.cpp           :853 : 4393785330227 us: [pid:4186129 tid: 0x7f402a822200] Arg2: ulong size = val:104
:3:rocvirtual.cpp           :853 : 4393785330232 us: [pid:4186129 tid: 0x7f402a822200] Arg3: uint remainder = val:8
:3:rocvirtual.cpp           :853 : 4393785330236 us: [pid:4186129 tid: 0x7f402a822200] Arg4: uint aligned_size = val:16
:3:rocvirtual.cpp           :853 : 4393785330241 us: [pid:4186129 tid: 0x7f402a822200] Arg5: ulong end_ptr = val:139913125298272
:3:rocvirtual.cpp           :853 : 4393785330248 us: [pid:4186129 tid: 0x7f402a822200] Arg6: uint next_chunk = val:512
:3:rocvirtual.cpp           :3236: 4393785330264 us: [pid:4186129 tid: 0x7f402a822200] ShaderName : __amd_rocclr_copyBuffer
:3:rocvirtual.cpp           :3449: 4393785330269 us: [pid:4186129 tid: 0x7f402a822200] KernargSegmentByteSize = 304 KernargSegmentAlignment = 128
:4:rocvirtual.cpp           :965 : 4393785330280 us: [pid:4186129 tid: 0x7f402a822200] SWq=0x7f4024d50000, HWq=0x7f4011000000, id=1, Dispatch Header = 0xb02 (type=2, barrier=1, acquire=1, release=1), setup=1, grid=[512, 1, 1], workgroup=[512, 1, 1], private_seg_size=0, group_seg_size=0, kernel_obj=0x7f4024d3ddc0, kernarg_address=0x7f4010e00180, completion_signal=0x0, correlation_id=0, rptr=5, wptr=5
:4:commandqueue.cpp         :161 : 4393785330295 us: [pid:4186129 tid: 0x7f402a822200] Marker queued to ensure finish
:4:command.cpp              :359 : 4393785330299 us: [pid:4186129 tid: 0x7f402a822200] Command (InternalMarker) enqueued: 0x1e7e7d40
:3:rocvirtual.cpp           :533 : 4393785330316 us: [pid:4186129 tid: 0x7f402a822200] Set Handler: handle(0x7f4024bfd700), timestamp(0x1e9c1f40)
:4:rocvirtual.cpp           :1147: 4393785330880 us: [pid:4186129 tid: 0x7f402a822200] SWq=0x7f4024d50000, HWq=0x7f4011000000, id=1, BarrierAND Header = 0x1503 (type=3, barrier=1, acquire=2, release=2), dep_signal=[0x0, 0x0, 0x0, 0x0, 0x0], completion_signal=0x7f4024bfd700
:4:commandqueue.cpp         :184 : 4393785330892 us: [pid:4186129 tid: 0x7f402a822200] All commands finished
:3:hip_memory.cpp           :796 : 4393785330897 us: [pid:4186129 tid: 0x7f402a822200] hipMemcpy: Returned hipSuccess : : duration: 1138 us
:3:hip_device_runtime.cpp   :641 : 4393785330906 us: [pid:4186129 tid: 0x7f402a822200] [32m hipDeviceSynchronize (  ) [0m
:3:rocvirtual.cpp           :226 : 4393785330908 us: [pid:4186129 tid: 0x7f3ef5bff6c0] Handler: value(0), timestamp(0x1e72f190), handle(0x7f4024bfd700)
:4:command.cpp              :169 : 4393785330923 us: [pid:4186129 tid: 0x7f3ef5bff6c0] Command 0x1e9b7600 complete
:4:command.cpp              :163 : 4393785330931 us: [pid:4186129 tid: 0x7f3ef5bff6c0] Command 0x1e7e7d40 complete (Wall: 4393785330929, CPU: 0, GPU: 622 us)
:4:commandqueue.cpp         :184 : 4393785330948 us: [pid:4186129 tid: 0x7f402a822200] All commands finished
:3:hip_device_runtime.cpp   :645 : 4393785330955 us: [pid:4186129 tid: 0x7f402a822200] hipDeviceSynchronize: Returned hipSuccess : 
:3:hip_platform.cpp         :237 : 4393785330966 us: [pid:4186129 tid: 0x7f402a822200] [32m __hipPushCallConfiguration ( {625,64,1}, {16,16,1}, 0, stream:<null> ) [0m
:3:hip_platform.cpp         :241 : 4393785330974 us: [pid:4186129 tid: 0x7f402a822200] __hipPushCallConfiguration: Returned hipSuccess : 
:3:hip_platform.cpp         :246 : 4393785330985 us: [pid:4186129 tid: 0x7f402a822200] [32m __hipPopCallConfiguration ( {16,16,650915880}, {650915600,32764,885741650}, 0x7ffc26cc2cb8, 0x7ffc26cc2cb0 ) [0m
:3:hip_platform.cpp         :255 : 4393785331341 us: [pid:4186129 tid: 0x7f402a822200] __hipPopCallConfiguration: Returned hipSuccess : 
:3:hip_module.cpp           :744 : 4393785331353 us: [pid:4186129 tid: 0x7f402a822200] [32m hipLaunchKernel ( 0x200e20, {625,64,1}, {16,16,1}, 0x7ffc26cc2c60, 0, stream:<null> ) [0m
:4:command.cpp              :359 : 4393785331369 us: [pid:4186129 tid: 0x7f402a822200] Command (KernelExecution) enqueued: 0x1eac2da0
:3:rocvirtual.cpp           :762 : 4393785331378 us: [pid:4186129 tid: 0x7f402a822200] Arg0:   = ptr:0x7f3ee0e00000
:3:rocvirtual.cpp           :778 : 4393785331383 us: [pid:4186129 tid: 0x7f402a822200] Arg0:   = ptr:0x7f3ee0e00000 obj:[0x7f3ee0e00000-0x7f3ee3510000]
:3:rocvirtual.cpp           :762 : 4393785331390 us: [pid:4186129 tid: 0x7f402a822200] Arg1:   = ptr:0x7f4011200000
:3:rocvirtual.cpp           :778 : 4393785331395 us: [pid:4186129 tid: 0x7f402a822200] Arg1:   = ptr:0x7f4011200000 obj:[0x7f4011200000-0x7f4011bc4000]
:3:rocvirtual.cpp           :762 : 4393785331402 us: [pid:4186129 tid: 0x7f402a822200] Arg2:   = ptr:0x7f4010220000
:3:rocvirtual.cpp           :778 : 4393785331406 us: [pid:4186129 tid: 0x7f402a822200] Arg2:   = ptr:0x7f4010220000 obj:[0x7f4010220000-0x7f4010220068]
:3:rocvirtual.cpp           :853 : 4393785331417 us: [pid:4186129 tid: 0x7f402a822200] Arg3:   = val:1024
:3:rocvirtual.cpp           :853 : 4393785331421 us: [pid:4186129 tid: 0x7f402a822200] Arg4:   = val:10000
:3:rocvirtual.cpp           :3236: 4393785331436 us: [pid:4186129 tid: 0x7f402a822200] ShaderName : void entropy_opt<16, 16>(float*, char const*, float const*, int, int)
:3:rocvirtual.cpp           :3449: 4393785331445 us: [pid:4186129 tid: 0x7f402a822200] KernargSegmentByteSize = 288 KernargSegmentAlignment = 128
:4:rocvirtual.cpp           :965 : 4393785331929 us: [pid:4186129 tid: 0x7f402a822200] SWq=0x7f4024d50000, HWq=0x7f4011000000, id=1, Dispatch Header = 0xb02 (type=2, barrier=1, acquire=1, release=1), setup=3, grid=[10000, 1024, 1], workgroup=[16, 16, 1], private_seg_size=204, group_seg_size=16384, kernel_obj=0x7f4024d11200, kernarg_address=0x7f4010e00300, completion_signal=0x0, correlation_id=0, rptr=7, wptr=7
:3:hip_module.cpp           :745 : 4393785331943 us: [pid:4186129 tid: 0x7f402a822200] hipLaunchKernel: Returned hipSuccess : : duration: 590 us
:3:hip_device_runtime.cpp   :641 : 4393785331951 us: [pid:4186129 tid: 0x7f402a822200] [32m hipDeviceSynchronize (  ) [0m
:4:commandqueue.cpp         :161 : 4393785331957 us: [pid:4186129 tid: 0x7f402a822200] Marker queued to ensure finish
:4:command.cpp              :359 : 4393785331961 us: [pid:4186129 tid: 0x7f402a822200] Command (InternalMarker) enqueued: 0x1e7e7d40
:3:rocvirtual.cpp           :533 : 4393785331974 us: [pid:4186129 tid: 0x7f402a822200] Set Handler: handle(0x7f4024bfd780), timestamp(0x1e9c1e30)
:4:rocvirtual.cpp           :1147: 4393785331983 us: [pid:4186129 tid: 0x7f402a822200] SWq=0x7f4024d50000, HWq=0x7f4011000000, id=1, BarrierAND Header = 0x1503 (type=3, barrier=1, acquire=2, release=2), dep_signal=[0x0, 0x0, 0x0, 0x0, 0x0], completion_signal=0x7f4024bfd780
:3:rocvirtual.hpp           :56  : 4393785331994 us: [pid:4186129 tid: 0x7f402a822200] Host active wait for Signal = (0x7f4024bfd780) for -1 ns
:4:commandqueue.cpp         :184 : 4393785355951 us: [pid:4186129 tid: 0x7f402a822200] All commands finished
:3:hip_device_runtime.cpp   :645 : 4393785355967 us: [pid:4186129 tid: 0x7f402a822200] hipDeviceSynchronize: Returned hipSuccess : 
:3:hip_memory.cpp           :795 : 4393785355983 us: [pid:4186129 tid: 0x7f402a822200] [32m hipMemcpy ( 0x7f4027463010, 0x7f3ee0e00000, 40960000, hipMemcpyDeviceToHost ) [0m
:3:rocvirtual.cpp           :226 : 4393785355987 us: [pid:4186129 tid: 0x7f3ef5bff6c0] Handler: value(0), timestamp(0x1e2ad950), handle(0x7f4024bfd780)
:4:command.cpp              :359 : 4393785356013 us: [pid:4186129 tid: 0x7f402a822200] Command (CopyDeviceToHost) enqueued: 0x1e9cdb50
:4:command.cpp              :169 : 4393785356032 us: [pid:4186129 tid: 0x7f3ef5bff6c0] Command 0x1eac2da0 complete
:4:rocblit.cpp              :1673: 4393785356044 us: [pid:4186129 tid: 0x7f402a822200] Unpinned read path, Async = 0
:4:command.cpp              :163 : 4393785356056 us: [pid:4186129 tid: 0x7f3ef5bff6c0] Command 0x1e7e7d40 complete (Wall: 4393785356054, CPU: 0, GPU: 24086 us)
:4:rocmemory.cpp            :1018: 4393785367035 us: [pid:4186129 tid: 0x7f402a822200] Locking to pool 0x1e16cbe0, size 0x2001000, HostPtr = 0x7f4027463000, DevPtr = 0x7f4027463000
:4:rocblit.cpp              :623 : 4393785367051 us: [pid:4186129 tid: 0x7f402a822200] HSA Copy Using Pinned resource size 33554432
:4:rocblit.cpp              :687 : 4393785367058 us: [pid:4186129 tid: 0x7f402a822200] HSA Async Copy staged D2H
:4:rocblit.cpp              :503 : 4393785367065 us: [pid:4186129 tid: 0x7f402a822200] Last copy mask 0x0
:4:rocblit.cpp              :509 : 4393785367073 us: [pid:4186129 tid: 0x7f402a822200] Query copy engine status 0, free_engine mask 0x1e
:4:rocblit.cpp              :520 : 4393785367081 us: [pid:4186129 tid: 0x7f402a822200] HSA Async Copy on copy_engine=0x2, dst=0x7f4027463010, src=0x7f3ee0e00000, size=33554432, forceSDMA=0, wait_event=0x0, completion_signal=0x7f4024bff480
:4:rocvirtual.cpp           :622 : 4393785372914 us: [pid:4186129 tid: 0x7f402a822200] Host wait on completion_signal=0x7f4024bff480
:3:rocvirtual.hpp           :56  : 4393785372930 us: [pid:4186129 tid: 0x7f402a822200] Host active wait for Signal = (0x7f4024bff480) for -1 ns
:4:rocmemory.cpp            :1018: 4393785391356 us: [pid:4186129 tid: 0x7f402a822200] Locking to pool 0x1e16cbe0, size 0x711000, HostPtr = 0x7f4029463000, DevPtr = 0x7f4029463000
:4:rocblit.cpp              :623 : 4393785391373 us: [pid:4186129 tid: 0x7f402a822200] HSA Copy Using Pinned resource size 7405568
:4:rocblit.cpp              :687 : 4393785391381 us: [pid:4186129 tid: 0x7f402a822200] HSA Async Copy staged D2H
:4:rocblit.cpp              :503 : 4393785391386 us: [pid:4186129 tid: 0x7f402a822200] Last copy mask 0x2
:4:rocblit.cpp              :520 : 4393785391391 us: [pid:4186129 tid: 0x7f402a822200] HSA Async Copy on copy_engine=0x2, dst=0x7f4029463010, src=0x7f3ee2e00000, size=7405568, forceSDMA=0, wait_event=0x0, completion_signal=0x7f4024bff400
:4:rocvirtual.cpp           :622 : 4393785391401 us: [pid:4186129 tid: 0x7f402a822200] Host wait on completion_signal=0x7f4024bff400
:3:rocvirtual.hpp           :56  : 4393785391409 us: [pid:4186129 tid: 0x7f402a822200] Host active wait for Signal = (0x7f4024bff400) for -1 ns
:4:commandqueue.cpp         :161 : 4393785391677 us: [pid:4186129 tid: 0x7f402a822200] Marker queued to ensure finish
:4:command.cpp              :359 : 4393785392110 us: [pid:4186129 tid: 0x7f402a822200] Command (InternalMarker) enqueued: 0x1e887e50
:3:rocvirtual.cpp           :533 : 4393785392134 us: [pid:4186129 tid: 0x7f402a822200] Set Handler: handle(0x7f4024bfd800), timestamp(0x1e9c1d60)
:4:rocvirtual.cpp           :1147: 4393785392143 us: [pid:4186129 tid: 0x7f402a822200] SWq=0x7f4024d50000, HWq=0x7f4011000000, id=1, BarrierAND Header = 0x1503 (type=3, barrier=1, acquire=2, release=2), dep_signal=[0x0, 0x0, 0x0, 0x0, 0x0], completion_signal=0x7f4024bfd800
:4:commandqueue.cpp         :184 : 4393785392154 us: [pid:4186129 tid: 0x7f402a822200] All commands finished
:3:hip_memory.cpp           :796 : 4393785392160 us: [pid:4186129 tid: 0x7f402a822200] hipMemcpy: Returned hipSuccess : : duration: 36177 us
:3:rocvirtual.cpp           :226 : 4393785392169 us: [pid:4186129 tid: 0x7f3ef5bff6c0] Handler: value(0), timestamp(0x1e2ad950), handle(0x7f4024bfd800)
:3:hip_memory.cpp           :772 : 4393785392171 us: [pid:4186129 tid: 0x7f402a822200] [32m hipFree ( 0x7f4011200000 ) [0m
:4:commandqueue.cpp         :167 : 4393785392209 us: [pid:4186129 tid: 0x7f402a822200] HW Event not ready, awaiting completion instead
:4:command.cpp              :244 : 4393785392218 us: [pid:4186129 tid: 0x7f402a822200] Waiting for event 0x1e887e50 to complete, current status 2
:4:command.cpp              :169 : 4393785392199 us: [pid:4186129 tid: 0x7f3ef5bff6c0] Command 0x1e9cdb50 complete
:4:command.cpp              :259 : 4393785392240 us: [pid:4186129 tid: 0x7f402a822200] Event 0x1e887e50 wait completed
:4:commandqueue.cpp         :184 : 4393785392711 us: [pid:4186129 tid: 0x7f402a822200] All commands finished
:4:command.cpp              :163 : 4393785392241 us: [pid:4186129 tid: 0x7f3ef5bff6c0] Command 0x1e887e50 complete (Wall: 4393785392239, CPU: 0, GPU: 120 us)
:4:rocdevice.cpp            :2388: 4393785392798 us: [pid:4186129 tid: 0x7f402a822200] Free hsa memory 0x7f4011200000
:3:rocdevice.cpp            :2411: 4393785392817 us: [pid:4186129 tid: 0x7f402a822200] Device=0x1e2661b0, freeMem_ = 0xffc8eff98
:3:hip_memory.cpp           :774 : 4393785392828 us: [pid:4186129 tid: 0x7f402a822200] hipFree: Returned hipSuccess : 
:3:hip_memory.cpp           :772 : 4393785392842 us: [pid:4186129 tid: 0x7f402a822200] [32m hipFree ( 0x7f3ee0e00000 ) [0m
:4:rocdevice.cpp            :2388: 4393785392909 us: [pid:4186129 tid: 0x7f402a822200] Free hsa memory 0x7f3ee0e00000
:3:rocdevice.cpp            :2411: 4393785393332 us: [pid:4186129 tid: 0x7f402a822200] Device=0x1e2661b0, freeMem_ = 0xffeffff98
:3:hip_memory.cpp           :774 : 4393785393344 us: [pid:4186129 tid: 0x7f402a822200] hipFree: Returned hipSuccess : 
:3:hip_memory.cpp           :772 : 4393785393350 us: [pid:4186129 tid: 0x7f402a822200] [32m hipFree ( 0x7f4010220000 ) [0m
:4:rocdevice.cpp            :2388: 4393785393358 us: [pid:4186129 tid: 0x7f402a822200] Free hsa memory 0x7f4010220000
:3:rocdevice.cpp            :2411: 4393785393362 us: [pid:4186129 tid: 0x7f402a822200] Device=0x1e2661b0, freeMem_ = 0xfff000000
:3:hip_memory.cpp           :774 : 4393785393370 us: [pid:4186129 tid: 0x7f402a822200] hipFree: Returned hipSuccess : 
:4:rocdevice.cpp            :2388: 4393788992054 us: [pid:4186129 tid: 0x7f402a822200] Free hsa memory (nil)
:3:rocdevice.cpp            :3254: 4393788992076 us: [pid:4186129 tid: 0x7f402a822200] releaseQueue refCount:0x7f4011000000 (0)
:4:rocdevice.cpp            :2388: 4393788992215 us: [pid:4186129 tid: 0x7f402a822200] Free hsa memory 0x7f4010e00000
:4:rocdevice.cpp            :2388: 4393788992550 us: [pid:4186129 tid: 0x7f402a822200] Free hsa memory 0x7f4010800000
:4:rocdevice.cpp            :2388: 4393788993101 us: [pid:4186129 tid: 0x7f402a822200] Free hsa memory 0x7f4011e00000
:4:rocdevice.cpp            :2388: 4393788993270 us: [pid:4186129 tid: 0x7f402a822200] Free hsa memory 0x7f403499c000
:3:rocdevice.cpp            :278 : 4393788993278 us: [pid:4186129 tid: 0x7f402a822200] Deleting hostcall buffer 0x7f3ed3600000 for hardware queue 0x7f4011000000
:3:devhostcall.cpp          :460 : 4393788993289 us: [pid:4186129 tid: 0x7f402a822200] Terminated hostcall listener
:4:rocdevice.cpp            :2388: 4393788994593 us: [pid:4186129 tid: 0x7f402a822200] Free hsa memory 0x7f3ed3600000
:3:rocdevice.cpp            :283 : 4393788994607 us: [pid:4186129 tid: 0x7f402a822200] Deleting hardware queue 0x7f4011000000 with refCount 0
:4:rocdevice.cpp            :2388: 4393788999463 us: [pid:4186129 tid: 0x7f402a822200] Free hsa memory 0x7f4012400000
:4:rocdevice.cpp            :2388: 4393788999792 us: [pid:4186129 tid: 0x7f402a822200] Free hsa memory 0x7f4010200000
:4:rocdevice.cpp            :2388: 4393789000111 us: [pid:4186129 tid: 0x7f402a822200] Free hsa memory 0x7f3ee0400000
