Number of rows in the embedding table: 10000
Batch size: 8

Embedding dimension: 768
block size: 128
Average execution time of dense embedding kernel (k1): 419.286011 (us)
Average execution time of dense embedding kernel (k2): 179.036011 (us)
Average execution time of dense embedding kernel (k3): 319.018005 (us)
FAIL
block size: 256
Average execution time of dense embedding kernel (k1): 100.899002 (us)
Average execution time of dense embedding kernel (k2): 90.049004 (us)
Average execution time of dense embedding kernel (k3): 159.469009 (us)
FAIL
block size: 512
Average execution time of dense embedding kernel (k1): 77.205002 (us)
Average execution time of dense embedding kernel (k2): 65.453003 (us)
Average execution time of dense embedding kernel (k3): 88.887001 (us)
FAIL
block size: 1024
Average execution time of dense embedding kernel (k1): 45.315002 (us)
Average execution time of dense embedding kernel (k2): 42.259003 (us)
Average execution time of dense embedding kernel (k3): 54.091003 (us)
FAIL

Embedding dimension: 2048
block size: 128
Average execution time of dense embedding kernel (k1): 474.550018 (us)
Average execution time of dense embedding kernel (k2): 410.410034 (us)
Average execution time of dense embedding kernel (k3): 782.117065 (us)
FAIL
block size: 256
Average execution time of dense embedding kernel (k1): 245.200012 (us)
Average execution time of dense embedding kernel (k2): 214.692017 (us)
Average execution time of dense embedding kernel (k3): 400.751007 (us)
FAIL
block size: 512
Average execution time of dense embedding kernel (k1): 130.424011 (us)
Average execution time of dense embedding kernel (k2): 116.328003 (us)
Average execution time of dense embedding kernel (k3): 211.096008 (us)
FAIL
block size: 1024
Average execution time of dense embedding kernel (k1): 75.592003 (us)
Average execution time of dense embedding kernel (k2): 68.429001 (us)
Average execution time of dense embedding kernel (k3): 116.909004 (us)
FAIL

Embedding dimension: 12288
block size: 128
Average execution time of dense embedding kernel (k1): 2728.176025 (us)
Average execution time of dense embedding kernel (k2): 2366.407227 (us)
Average execution time of dense embedding kernel (k3): 4606.418457 (us)
FAIL
block size: 256
Average execution time of dense embedding kernel (k1): 1372.674072 (us)
Average execution time of dense embedding kernel (k2): 1196.273071 (us)
Average execution time of dense embedding kernel (k3): 2327.224121 (us)
FAIL
block size: 512
Average execution time of dense embedding kernel (k1): 699.161011 (us)
Average execution time of dense embedding kernel (k2): 611.346008 (us)
Average execution time of dense embedding kernel (k3): 1184.591064 (us)
FAIL
block size: 1024
Average execution time of dense embedding kernel (k1): 313.378021 (us)
Average execution time of dense embedding kernel (k2): 271.039001 (us)
Average execution time of dense embedding kernel (k3): 512.921021 (us)
FAIL
dense-embedding snapshot written to /var/tmp/pbs.7276359.polaris-pbs-01.hsn.cm.polaris.alcf.anl.gov/nvidia_divergence_dense-embedding_128_0_7276359.polaris-pbs-01.hsn.cm.polaris.alcf.anl.gov/dense-embedding_site128_bit0.bin
size_mismatch: golden=7249920192 candidate=0
Result: SDC (exit 0)
