{
  "candidate": {
    "bytes": 200,
    "exists": true,
    "path": "/ccs/home/mdunlavy/GPU_FI/divergence_cases/semantic_remap/results/frontier_amd_colorwheel_randomAccess_20260722_165333/raw/colorwheel/colorwheel_site69_bit4_trial2.bin",
    "sha256": "b99221138493bb6dca19b3dad686ecad40e9d3da6695974249cd49a6e986ead7"
  },
  "first_differing_byte_offset": 139,
  "golden": {
    "bytes": 200,
    "exists": true,
    "path": "/ccs/home/mdunlavy/GPU_FI/Frontier_HIP_Golden_Outputs/colorwheel.bin",
    "sha256": "06f36daec9cfd6acb5e46013220ab81722a91991b38616e0c06c2846cdd04026"
  },
  "mismatch_count": 6,
  "sample_differing_byte_offsets": [
    139,
    160,
    163,
    181,
    184,
    187
  ],
  "sha256_match": false
}
