{
  "candidate": {
    "bytes": 536870912,
    "exists": true,
    "path": "/ccs/home/mdunlavy/GPU_FI/divergence_cases/semantic_remap/results/frontier_amd_colorwheel_randomAccess_20260722_165333/raw/randomAccess/randomAccess_site64_bit0.bin",
    "sha256": "8324940834983e0ef6059baa446ccaa8e78ee9a6cf73bbe3899b495e964c4f85"
  },
  "first_differing_byte_offset": 3,
  "golden": {
    "bytes": 536870912,
    "exists": true,
    "path": "/ccs/home/mdunlavy/GPU_FI/Frontier_HIP_Golden_Outputs/randomAccess.bin",
    "sha256": "a58ee122c3a81943a98fc8cef7849fcba68cbd2a8d29ce3b894e5578205a864f"
  },
  "mismatch_count": 433991739,
  "sample_differing_byte_offsets": [
    3,
    4,
    5,
    6,
    7,
    8,
    11,
    12,
    13,
    14,
    15,
    19,
    20,
    21,
    22,
    23,
    27,
    28,
    29,
    30,
    31,
    32,
    35,
    36,
    37,
    38,
    39,
    40,
    43,
    44,
    45,
    46
  ],
  "sha256_match": false
}
