:3:rocdevice.cpp            :465 : 4394486235940 us: [pid:67384 tid: 0x7f6a95529200] Initializing HSA stack.
:3:rocdevice.cpp            :551 : 4394487097032 us: [pid:67384 tid: 0x7f6a95529200] Enumerated GPU agents = 1
:3:rocdevice.cpp            :230 : 4394487097118 us: [pid:67384 tid: 0x7f6a95529200] Numa selects cpu agent[0]=0x10e77bd0(fine=0x10ef1bd0,coarse=0x10efe790) for gpu agent=0x10fa2c20 CPU<->GPU XGMI=0
:3:rocsettings.cpp          :284 : 4394487097132 us: [pid:67384 tid: 0x7f6a95529200] Using dev kernel arg wa = 0
:3:comgrctx.cpp             :33  : 4394487097138 us: [pid:67384 tid: 0x7f6a95529200] Loading COMGR library.
:3:comgrctx.cpp             :128 : 4394487097169 us: [pid:67384 tid: 0x7f6a95529200] Loaded COMGR library version 3.0.
:3:rocdevice.cpp            :1785: 4394487097706 us: [pid:67384 tid: 0x7f6a95529200] Gfx Major/Minor/Stepping: 9/0/10
:3:rocdevice.cpp            :1787: 4394487097836 us: [pid:67384 tid: 0x7f6a95529200] HMM support: 1, XNACK: 0, Direct host access: 0
:3:rocdevice.cpp            :1789: 4394487097848 us: [pid:67384 tid: 0x7f6a95529200] Max SDMA Read Mask: 0x1e, Max SDMA Write Mask: 0x1f
:4:rocdevice.cpp            :2210: 4394487098248 us: [pid:67384 tid: 0x7f6a95529200] Allocate hsa host memory 0x7f6a82c00000, size 0x100000, numa_node = 0
:4:rocdevice.cpp            :2210: 4394487134663 us: [pid:67384 tid: 0x7f6a95529200] Allocate hsa host memory 0x7f6a82600000, size 0x400000, numa_node = 0
:4:rocdevice.cpp            :2210: 4394487134780 us: [pid:67384 tid: 0x7f6a95529200] Allocate hsa host memory 0x7f6a9f96c000, size 0x38, numa_node = 0
:3:hip_context.cpp          :54  : 4394487134807 us: [pid:67384 tid: 0x7f6a95529200] Direct Dispatch: 1
:3:hip_fatbin.cpp           :427 : 4394487135427 us: [pid:67384 tid: 0x7f6a95529200] Searching for code objects, HIP_FORCE_SPIRV_CODEOBJECT: 0
:3:hip_fatbin.cpp           :435 : 4394487135769 us: [pid:67384 tid: 0x7f6a95529200] Using Native code object: gfx90a:sramecc+:xnack-
:3:hip_memory.cpp           :756 : 4394487135809 us: [pid:67384 tid: 0x7f6a95529200] [32m hipMalloc ( 0x7fff4a9a02a8, 192 ) [0m
:4:rocdevice.cpp            :2371: 4394487135871 us: [pid:67384 tid: 0x7f6a95529200] Allocate hsa device memory 0x7f6a82200000, size 0xc0, hsa_mem_flags 0x0h
:3:rocdevice.cpp            :2411: 4394487136332 us: [pid:67384 tid: 0x7f6a95529200] Device=0x10feafb0, freeMem_ = 0xffeffff40
:3:hip_memory.cpp           :758 : 4394487136342 us: [pid:67384 tid: 0x7f6a95529200] hipMalloc: Returned hipSuccess : 0x7f6a82200000: duration: 533 us
:3:hip_memory.cpp           :3476: 4394487136361 us: [pid:67384 tid: 0x7f6a95529200] [32m hipMemset ( 0x7f6a82200000, 0, 192 ) [0m
:3:rocdevice.cpp            :3048: 4394487136380 us: [pid:67384 tid: 0x7f6a95529200] Number of allocated hardware queues with low priority: 0, with normal priority: 0, with high priority: 0, maximum per priority is: 4
:3:rocdevice.cpp            :3129: 4394487147498 us: [pid:67384 tid: 0x7f6a95529200] Created SWq=0x7f6a95514000 to map on HWq=0x7f6a82000000 with size 16384 with priority 1, cooperative: 0
:3:rocdevice.cpp            :3222: 4394487147527 us: [pid:67384 tid: 0x7f6a95529200] acquireQueue refCount: 0x7f6a82000000 (1)
:4:rocdevice.cpp            :2210: 4394487147965 us: [pid:67384 tid: 0x7f6a95529200] Allocate hsa host memory 0x7f6a81e00000, size 0x100000, numa_node = 0
:3:devprogram.cpp           :2658: 4394487425402 us: [pid:67384 tid: 0x7f6a95529200] Using Code Object V5.
:4:rocdevice.cpp            :2210: 4394489690960 us: [pid:67384 tid: 0x7f6a95529200] Allocate hsa host memory 0x7f6a81800000, size 0x400000, numa_node = 0
:4:command.cpp              :359 : 4394489691105 us: [pid:67384 tid: 0x7f6a95529200] Command (FillBuffer) enqueued: 0x115a6f10
:3:rocvirtual.cpp           :762 : 4394489691119 us: [pid:67384 tid: 0x7f6a95529200] Arg0: void* buf = ptr:0x7f6a82200000
:3:rocvirtual.cpp           :778 : 4394489691125 us: [pid:67384 tid: 0x7f6a95529200] Arg0: void* buf = ptr:0x7f6a82200000 obj:[0x7f6a82200000-0x7f6a822000c0]
:3:rocvirtual.cpp           :762 : 4394489691558 us: [pid:67384 tid: 0x7f6a95529200] Arg1: uchar* pattern = ptr:0x7f6a81e00000
:3:rocvirtual.cpp           :853 : 4394489691569 us: [pid:67384 tid: 0x7f6a95529200] Arg2: uint pattern_size = val:1
:3:rocvirtual.cpp           :853 : 4394489692039 us: [pid:67384 tid: 0x7f6a95529200] Arg3: uint alignment = val:16
:3:rocvirtual.cpp           :853 : 4394489692044 us: [pid:67384 tid: 0x7f6a95529200] Arg4: ulong end_ptr = val:140095426396352
:3:rocvirtual.cpp           :853 : 4394489692049 us: [pid:67384 tid: 0x7f6a95529200] Arg5: uint next_chunk = val:256
:3:rocvirtual.cpp           :3236: 4394489692061 us: [pid:67384 tid: 0x7f6a95529200] ShaderName : __amd_rocclr_fillBufferAligned
:3:rocvirtual.cpp           :3449: 4394489692070 us: [pid:67384 tid: 0x7f6a95529200] KernargSegmentByteSize = 296 KernargSegmentAlignment = 128
:4:rocvirtual.cpp           :965 : 4394489692100 us: [pid:67384 tid: 0x7f6a95529200] SWq=0x7f6a95514000, HWq=0x7f6a82000000, id=1, Dispatch Header = 0xb02 (type=2, barrier=1, acquire=1, release=1), setup=1, grid=[256, 1, 1], workgroup=[256, 1, 1], private_seg_size=0, group_seg_size=0, kernel_obj=0x7f6a95505d40, kernarg_address=0x7f6a81e00100, completion_signal=0x0, correlation_id=0, rptr=0, wptr=0
:3:hip_memory.cpp           :3477: 4394489692118 us: [pid:67384 tid: 0x7f6a95529200] hipMemset: Returned hipSuccess : 
:3:hip_device_runtime.cpp   :641 : 4394489692134 us: [pid:67384 tid: 0x7f6a95529200] [32m hipDeviceSynchronize (  ) [0m
:4:commandqueue.cpp         :161 : 4394489692141 us: [pid:67384 tid: 0x7f6a95529200] Marker queued to ensure finish
:4:command.cpp              :359 : 4394489692146 us: [pid:67384 tid: 0x7f6a95529200] Command (InternalMarker) enqueued: 0x1166e270
:3:rocvirtual.cpp           :533 : 4394489692672 us: [pid:67384 tid: 0x7f6a95529200] Set Handler: handle(0x7f6a953fd600), timestamp(0x114c2a00)
:4:rocvirtual.cpp           :1147: 4394489692681 us: [pid:67384 tid: 0x7f6a95529200] SWq=0x7f6a95514000, HWq=0x7f6a82000000, id=1, BarrierAND Header = 0x1503 (type=3, barrier=1, acquire=2, release=2), dep_signal=[0x0, 0x0, 0x0, 0x0, 0x0], completion_signal=0x7f6a953fd600
:4:commandqueue.cpp         :184 : 4394489692697 us: [pid:67384 tid: 0x7f6a95529200] All commands finished
:3:hip_device_runtime.cpp   :645 : 4394489692715 us: [pid:67384 tid: 0x7f6a95529200] hipDeviceSynchronize: Returned hipSuccess : 
:3:rocvirtual.cpp           :226 : 4394489692722 us: [pid:67384 tid: 0x7f6965bff6c0] Handler: value(0), timestamp(0x1164ebf0), handle(0x7f6a953fd600)
:3:hip_platform.cpp         :237 : 4394489692731 us: [pid:67384 tid: 0x7f6a95529200] [32m __hipPushCallConfiguration ( {1,1,1}, {16,16,1}, 0, stream:<null> ) [0m
:3:hip_platform.cpp         :241 : 4394489693237 us: [pid:67384 tid: 0x7f6a95529200] __hipPushCallConfiguration: Returned hipSuccess : 
:4:command.cpp              :169 : 4394489692753 us: [pid:67384 tid: 0x7f6965bff6c0] Command 0x115a6f10 complete
:3:hip_platform.cpp         :246 : 4394489693252 us: [pid:67384 tid: 0x7f6a95529200] [32m __hipPopCallConfiguration ( {1251607592,32767,0}, {2680748114,32618,16}, 0x7fff4a9a01a0, 0x7fff4a9a0198 ) [0m
:3:hip_platform.cpp         :255 : 4394489693306 us: [pid:67384 tid: 0x7f6a95529200] __hipPopCallConfiguration: Returned hipSuccess : 
:4:command.cpp              :163 : 4394489693307 us: [pid:67384 tid: 0x7f6965bff6c0] Command 0x1166e270 complete (Wall: 4394489693302, CPU: 0, GPU: 642 us)
:3:hip_module.cpp           :744 : 4394489693337 us: [pid:67384 tid: 0x7f6a95529200] [32m hipLaunchKernel ( 0x200d38, {1,1,1}, {16,16,1}, 0x7fff4a9a0150, 0, stream:<null> ) [0m
:3:devprogram.cpp           :2658: 4394489693933 us: [pid:67384 tid: 0x7f6a95529200] Using Code Object V5.
:4:command.cpp              :359 : 4394489694796 us: [pid:67384 tid: 0x7f6a95529200] Command (KernelExecution) enqueued: 0x1161c290
:3:rocvirtual.cpp           :762 : 4394489695112 us: [pid:67384 tid: 0x7f6a95529200] Arg0:   = ptr:0x7f6a82200000
:3:rocvirtual.cpp           :778 : 4394489695120 us: [pid:67384 tid: 0x7f6a95529200] Arg0:   = ptr:0x7f6a82200000 obj:[0x7f6a82200000-0x7f6a822000c0]
:3:rocvirtual.cpp           :853 : 4394489695150 us: [pid:67384 tid: 0x7f6a95529200] Arg1:   = val:8
:3:rocvirtual.cpp           :853 : 4394489695171 us: [pid:67384 tid: 0x7f6a95529200] Arg2:   = val:4
:3:rocvirtual.cpp           :853 : 4394489695598 us: [pid:67384 tid: 0x7f6a95529200] Arg3:   = val:1176666112
:3:rocvirtual.cpp           :853 : 4394489695603 us: [pid:67384 tid: 0x7f6a95529200] Arg4:   = val:1176256512
:3:rocvirtual.cpp           :3236: 4394489695615 us: [pid:67384 tid: 0x7f6a95529200] ShaderName : color(unsigned char*, int, int, float, float)
:4:rocdevice.cpp            :2210: 4394490205374 us: [pid:67384 tid: 0x7f6a95529200] Allocate hsa host memory 0x7f6a80a00000, size 0xd13838, numa_node = 0
:3:rocdevice.cpp            :3322: 4394490205621 us: [pid:67384 tid: 0x7f6a95529200] Created hostcall buffer 0x7f6a80a00000 for hardware queue 0x7f6a82000000
:4:rocsignal.cpp            :38  : 4394490206457 us: [pid:67384 tid: 0x7f6a95529200] Initialize Hostcall signal=0x7f6a953fd380
:3:devhostcall.cpp          :428 : 4394490206632 us: [pid:67384 tid: 0x7f6a95529200] Launched hostcall listener at 0x11104a30
:3:devhostcall.cpp          :441 : 4394490206638 us: [pid:67384 tid: 0x7f6a95529200] Registered hostcall buffer 0x7f6a80a00000 with listener 0x11104a30
:4:rocdevice.cpp            :2371: 4394490206654 us: [pid:67384 tid: 0x7f6a95529200] Allocate hsa device memory 0x7f6a82201000, size 0x20000, hsa_mem_flags 0x0h
:4:rocdevice.cpp            :2371: 4394490206719 us: [pid:67384 tid: 0x7f6a95529200] Allocate hsa device memory 0x7f6952e00000, size 0x800000, hsa_mem_flags 0x0h
:3:rocvirtual.cpp           :853 : 4394490207113 us: [pid:67384 tid: 0x7f6a95529200] Arg0: ulong heap_to_initialize = val:140095426400256
:3:rocvirtual.cpp           :853 : 4394490207121 us: [pid:67384 tid: 0x7f6a95529200] Arg1: ulong initial_blocks = val:140090338705408
:3:rocvirtual.cpp           :853 : 4394490207129 us: [pid:67384 tid: 0x7f6a95529200] Arg2: uint heap_size = val:131072
:3:rocvirtual.cpp           :853 : 4394490207134 us: [pid:67384 tid: 0x7f6a95529200] Arg3: uint number_of_initial_blocks = val:4
:3:rocvirtual.cpp           :3236: 4394490207143 us: [pid:67384 tid: 0x7f6a95529200] ShaderName : __amd_rocclr_initHeap
:3:rocvirtual.cpp           :3449: 4394490207148 us: [pid:67384 tid: 0x7f6a95529200] KernargSegmentByteSize = 24 KernargSegmentAlignment = 128
:4:rocvirtual.cpp           :965 : 4394490207159 us: [pid:67384 tid: 0x7f6a95529200] SWq=0x7f6a95514000, HWq=0x7f6a82000000, id=1, Dispatch Header = 0xb02 (type=2, barrier=1, acquire=1, release=1), setup=1, grid=[256, 1, 1], workgroup=[256, 1, 1], private_seg_size=0, group_seg_size=0, kernel_obj=0x7f6a955060c0, kernarg_address=0x7f6a81e00280, completion_signal=0x0, correlation_id=0, rptr=2, wptr=2
:4:rocvirtual.cpp           :1147: 4394490207175 us: [pid:67384 tid: 0x7f6a95529200] SWq=0x7f6a95514000, HWq=0x7f6a82000000, id=1, BarrierAND Header = 0x1503 (type=3, barrier=1, acquire=2, release=2), dep_signal=[0x0, 0x0, 0x0, 0x0, 0x0], completion_signal=0x7f6a953ff700
:4:rocvirtual.cpp           :622 : 4394490207186 us: [pid:67384 tid: 0x7f6a95529200] Host wait on completion_signal=0x7f6a953ff700
:3:rocvirtual.cpp           :3449: 4394490207584 us: [pid:67384 tid: 0x7f6a95529200] KernargSegmentByteSize = 280 KernargSegmentAlignment = 128
:4:rocvirtual.cpp           :965 : 4394490207593 us: [pid:67384 tid: 0x7f6a95529200] SWq=0x7f6a95514000, HWq=0x7f6a82000000, id=1, Dispatch Header = 0xb02 (type=2, barrier=1, acquire=1, release=1), setup=3, grid=[16, 16, 1], workgroup=[16, 16, 1], private_seg_size=1024, group_seg_size=0, kernel_obj=0x7f6a954e0a80, kernarg_address=0x7f6a81e00000, completion_signal=0x0, correlation_id=0, rptr=4, wptr=4
:3:hip_module.cpp           :745 : 4394490207610 us: [pid:67384 tid: 0x7f6a95529200] hipLaunchKernel: Returned hipSuccess : : duration: 514273 us
:3:hip_device_runtime.cpp   :641 : 4394490207620 us: [pid:67384 tid: 0x7f6a95529200] [32m hipDeviceSynchronize (  ) [0m
:4:commandqueue.cpp         :161 : 4394490207627 us: [pid:67384 tid: 0x7f6a95529200] Marker queued to ensure finish
:4:command.cpp              :359 : 4394490207636 us: [pid:67384 tid: 0x7f6a95529200] Command (InternalMarker) enqueued: 0x1166e270
:3:rocvirtual.cpp           :533 : 4394490207650 us: [pid:67384 tid: 0x7f6a95529200] Set Handler: handle(0x7f6a953fd680), timestamp(0x114c28f0)
:4:rocvirtual.cpp           :1147: 4394490207658 us: [pid:67384 tid: 0x7f6a95529200] SWq=0x7f6a95514000, HWq=0x7f6a82000000, id=1, BarrierAND Header = 0x1503 (type=3, barrier=1, acquire=2, release=2), dep_signal=[0x0, 0x0, 0x0, 0x0, 0x0], completion_signal=0x7f6a953fd680
:3:rocvirtual.hpp           :56  : 4394490207669 us: [pid:67384 tid: 0x7f6a95529200] Host active wait for Signal = (0x7f6a953fd680) for -1 ns
:4:commandqueue.cpp         :184 : 4394490208113 us: [pid:67384 tid: 0x7f6a95529200] All commands finished
:3:hip_device_runtime.cpp   :645 : 4394490208120 us: [pid:67384 tid: 0x7f6a95529200] hipDeviceSynchronize: Returned hipSuccess : 
:3:rocvirtual.cpp           :226 : 4394490208142 us: [pid:67384 tid: 0x7f6965bff6c0] Handler: value(0), timestamp(0x116b2e00), handle(0x7f6a953fd680)
:3:hip_memory.cpp           :795 : 4394490208150 us: [pid:67384 tid: 0x7f6a95529200] [32m hipMemcpy ( 0x10eeec40, 0x7f6a82200000, 192, hipMemcpyDeviceToHost ) [0m
:4:command.cpp              :169 : 4394490208501 us: [pid:67384 tid: 0x7f6965bff6c0] Command 0x1161c290 complete
:4:command.cpp              :359 : 4394490208522 us: [pid:67384 tid: 0x7f6a95529200] Command (CopyDeviceToHost) enqueued: 0x11837cd0
:4:rocblit.cpp              :1673: 4394490208534 us: [pid:67384 tid: 0x7f6a95529200] Unpinned read path, Async = 0
:4:rocblit.cpp              :1702: 4394490208543 us: [pid:67384 tid: 0x7f6a95529200] Blit staging D2H copy stg buf=0x7f6a82c00000, src=0x7f6a82200000, dstOrigin=0x0, size=192
:4:command.cpp              :163 : 4394490208551 us: [pid:67384 tid: 0x7f6965bff6c0] Command 0x1166e270 complete (Wall: 4394490208549, CPU: 0, GPU: 904 us)
:3:rocvirtual.cpp           :762 : 4394490208554 us: [pid:67384 tid: 0x7f6a95529200] Arg0: uchar* src = ptr:0x7f6a82200000
:3:rocvirtual.cpp           :762 : 4394490208975 us: [pid:67384 tid: 0x7f6a95529200] Arg1: uchar* dst = ptr:0x7f6a82c00000
:3:rocvirtual.cpp           :853 : 4394490208980 us: [pid:67384 tid: 0x7f6a95529200] Arg2: ulong size = val:192
:3:rocvirtual.cpp           :853 : 4394490208984 us: [pid:67384 tid: 0x7f6a95529200] Arg3: uint remainder = val:0
:3:rocvirtual.cpp           :853 : 4394490208989 us: [pid:67384 tid: 0x7f6a95529200] Arg4: uint aligned_size = val:16
:3:rocvirtual.cpp           :853 : 4394490208993 us: [pid:67384 tid: 0x7f6a95529200] Arg5: ulong end_ptr = val:140095436882112
:3:rocvirtual.cpp           :853 : 4394490208998 us: [pid:67384 tid: 0x7f6a95529200] Arg6: uint next_chunk = val:512
:3:rocvirtual.cpp           :3236: 4394490209004 us: [pid:67384 tid: 0x7f6a95529200] ShaderName : __amd_rocclr_copyBuffer
:3:rocvirtual.cpp           :3449: 4394490209009 us: [pid:67384 tid: 0x7f6a95529200] KernargSegmentByteSize = 304 KernargSegmentAlignment = 128
:4:rocvirtual.cpp           :965 : 4394490209019 us: [pid:67384 tid: 0x7f6a95529200] SWq=0x7f6a95514000, HWq=0x7f6a82000000, id=1, Dispatch Header = 0x1502 (type=2, barrier=1, acquire=2, release=2), setup=1, grid=[512, 1, 1], workgroup=[512, 1, 1], private_seg_size=0, group_seg_size=0, kernel_obj=0x7f6a95505dc0, kernarg_address=0x7f6a81e00180, completion_signal=0x7f6a953ff600, correlation_id=0, rptr=6, wptr=6
:4:rocvirtual.cpp           :622 : 4394490209033 us: [pid:67384 tid: 0x7f6a95529200] Host wait on completion_signal=0x7f6a953ff600
:3:rocvirtual.hpp           :56  : 4394490209040 us: [pid:67384 tid: 0x7f6a95529200] Host active wait for Signal = (0x7f6a953ff600) for -1 ns
:4:rocblit.cpp              :1716: 4394490209048 us: [pid:67384 tid: 0x7f6a95529200] memcpy host dst=0x10eeec40, stg buf=0x7f6a82c00000, size=192
:4:commandqueue.cpp         :161 : 4394490209057 us: [pid:67384 tid: 0x7f6a95529200] Marker queued to ensure finish
:4:command.cpp              :359 : 4394490209062 us: [pid:67384 tid: 0x7f6a95529200] Command (InternalMarker) enqueued: 0x11714450
:3:rocvirtual.cpp           :533 : 4394490209484 us: [pid:67384 tid: 0x7f6a95529200] Set Handler: handle(0x7f6a953fd700), timestamp(0x114c27e0)
:4:rocvirtual.cpp           :1147: 4394490209493 us: [pid:67384 tid: 0x7f6a95529200] SWq=0x7f6a95514000, HWq=0x7f6a82000000, id=1, BarrierAND Header = 0x1503 (type=3, barrier=1, acquire=2, release=2), dep_signal=[0x0, 0x0, 0x0, 0x0, 0x0], completion_signal=0x7f6a953fd700
:4:commandqueue.cpp         :184 : 4394490209504 us: [pid:67384 tid: 0x7f6a95529200] All commands finished
:3:hip_memory.cpp           :796 : 4394490209509 us: [pid:67384 tid: 0x7f6a95529200] hipMemcpy: Returned hipSuccess : : duration: 1359 us
:3:rocvirtual.cpp           :226 : 4394490209522 us: [pid:67384 tid: 0x7f6965bff6c0] Handler: value(0), timestamp(0x116b2d90), handle(0x7f6a953fd700)
:4:command.cpp              :169 : 4394490209532 us: [pid:67384 tid: 0x7f6965bff6c0] Command 0x11837cd0 complete
:4:command.cpp              :163 : 4394490209538 us: [pid:67384 tid: 0x7f6965bff6c0] Command 0x11714450 complete (Wall: 4394490209537, CPU: 0, GPU: 58 us)
:3:hip_memory.cpp           :772 : 4394490209557 us: [pid:67384 tid: 0x7f6a95529200] [32m hipFree ( 0x7f6a82200000 ) [0m
:4:commandqueue.cpp         :167 : 4394490209998 us: [pid:67384 tid: 0x7f6a95529200] HW Event not ready, awaiting completion instead
:4:commandqueue.cpp         :184 : 4394490210007 us: [pid:67384 tid: 0x7f6a95529200] All commands finished
:4:rocdevice.cpp            :2388: 4394490210020 us: [pid:67384 tid: 0x7f6a95529200] Free hsa memory 0x7f6a82200000
:3:rocdevice.cpp            :2411: 4394490210025 us: [pid:67384 tid: 0x7f6a95529200] Device=0x10feafb0, freeMem_ = 0xfff000000
:3:hip_memory.cpp           :774 : 4394490210031 us: [pid:67384 tid: 0x7f6a95529200] hipFree: Returned hipSuccess : 
:4:rocdevice.cpp            :2388: 4394490216040 us: [pid:67384 tid: 0x7f6a95529200] Free hsa memory (nil)
:3:rocdevice.cpp            :3254: 4394490216054 us: [pid:67384 tid: 0x7f6a95529200] releaseQueue refCount:0x7f6a82000000 (0)
:4:rocdevice.cpp            :2388: 4394490216572 us: [pid:67384 tid: 0x7f6a95529200] Free hsa memory 0x7f6a81e00000
:4:rocdevice.cpp            :2388: 4394490217348 us: [pid:67384 tid: 0x7f6a95529200] Free hsa memory 0x7f6a81800000
:4:rocdevice.cpp            :2388: 4394490217930 us: [pid:67384 tid: 0x7f6a95529200] Free hsa memory 0x7f6a82600000
:4:rocdevice.cpp            :2388: 4394490218048 us: [pid:67384 tid: 0x7f6a95529200] Free hsa memory 0x7f6a9f96c000
:3:rocdevice.cpp            :278 : 4394490218056 us: [pid:67384 tid: 0x7f6a95529200] Deleting hostcall buffer 0x7f6a80a00000 for hardware queue 0x7f6a82000000
:3:devhostcall.cpp          :460 : 4394490218068 us: [pid:67384 tid: 0x7f6a95529200] Terminated hostcall listener
:4:rocdevice.cpp            :2388: 4394490219308 us: [pid:67384 tid: 0x7f6a95529200] Free hsa memory 0x7f6a80a00000
:3:rocdevice.cpp            :283 : 4394490219321 us: [pid:67384 tid: 0x7f6a95529200] Deleting hardware queue 0x7f6a82000000 with refCount 0
:4:rocdevice.cpp            :2388: 4394490223629 us: [pid:67384 tid: 0x7f6a95529200] Free hsa memory 0x7f6a82c00000
:4:rocdevice.cpp            :2388: 4394490223870 us: [pid:67384 tid: 0x7f6a95529200] Free hsa memory 0x7f6a82201000
:4:rocdevice.cpp            :2388: 4394490224354 us: [pid:67384 tid: 0x7f6a95529200] Free hsa memory 0x7f6952e00000
