Number of rows in the embedding table: 10000
Batch size: 8

Embedding dimension: 768
block size: 128
Average execution time of dense embedding kernel (k1): 419.517029 (us)
Average execution time of dense embedding kernel (k2): 188.554016 (us)
Average execution time of dense embedding kernel (k3): 335.700012 (us)
PASS
block size: 256
Average execution time of dense embedding kernel (k1): 109.325005 (us)
Average execution time of dense embedding kernel (k2): 94.517006 (us)
Average execution time of dense embedding kernel (k3): 166.813004 (us)
PASS
block size: 512
Average execution time of dense embedding kernel (k1): 77.265007 (us)
Average execution time of dense embedding kernel (k2): 68.639000 (us)
Average execution time of dense embedding kernel (k3): 93.686005 (us)
PASS
block size: 1024
Average execution time of dense embedding kernel (k1): 47.709003 (us)
Average execution time of dense embedding kernel (k2): 44.133003 (us)
Average execution time of dense embedding kernel (k3): 57.578003 (us)
PASS

Embedding dimension: 2048
block size: 128
Average execution time of dense embedding kernel (k1): 496.942017 (us)
Average execution time of dense embedding kernel (k2): 430.177032 (us)
Average execution time of dense embedding kernel (k3): 821.481018 (us)
PASS
block size: 256
Average execution time of dense embedding kernel (k1): 258.735016 (us)
Average execution time of dense embedding kernel (k2): 224.781006 (us)
Average execution time of dense embedding kernel (k3): 420.739014 (us)
PASS
block size: 512
Average execution time of dense embedding kernel (k1): 139.682007 (us)
Average execution time of dense embedding kernel (k2): 122.670006 (us)
Average execution time of dense embedding kernel (k3): 221.536011 (us)
PASS
block size: 1024
Average execution time of dense embedding kernel (k1): 81.362007 (us)
Average execution time of dense embedding kernel (k2): 71.895004 (us)
Average execution time of dense embedding kernel (k3): 122.860008 (us)
PASS

Embedding dimension: 12288
block size: 128
Average execution time of dense embedding kernel (k1): 2863.773193 (us)
Average execution time of dense embedding kernel (k2): 2478.163086 (us)
Average execution time of dense embedding kernel (k3): 4844.367188 (us)
PASS
block size: 256
Average execution time of dense embedding kernel (k1): 1445.071045 (us)
Average execution time of dense embedding kernel (k2): 1252.441040 (us)
Average execution time of dense embedding kernel (k3): 2445.041016 (us)
PASS
block size: 512
Average execution time of dense embedding kernel (k1): 739.442017 (us)
Average execution time of dense embedding kernel (k2): 640.547058 (us)
Average execution time of dense embedding kernel (k3): 1244.216064 (us)
PASS
block size: 1024
Average execution time of dense embedding kernel (k1): 397.393005 (us)
Average execution time of dense embedding kernel (k2): 341.238007 (us)
Average execution time of dense embedding kernel (k3): 648.773010 (us)
PASS
dense-embedding snapshot written to /var/tmp/pbs.7268173.polaris-pbs-01.hsn.cm.polaris.alcf.anl.gov/nvidia_divergence_dense-embedding_baseline_7268173.polaris-pbs-01.hsn.cm.polaris.alcf.anl.gov/dense-embedding_baseline.bin
compare_ok
