Number of rows in the embedding table: 10000
Batch size: 8

Embedding dimension: 768
block size: 128
Average execution time of dense embedding kernel (k1): 417.804016 (us)
Average execution time of dense embedding kernel (k2): 186.400009 (us)
Average execution time of dense embedding kernel (k3): 334.577026 (us)
FAIL
block size: 256
Average execution time of dense embedding kernel (k1): 105.779007 (us)
Average execution time of dense embedding kernel (k2): 94.227005 (us)
Average execution time of dense embedding kernel (k3): 167.825012 (us)
FAIL
block size: 512
Average execution time of dense embedding kernel (k1): 75.832001 (us)
Average execution time of dense embedding kernel (k2): 67.597000 (us)
Average execution time of dense embedding kernel (k3): 93.535004 (us)
FAIL
block size: 1024
Average execution time of dense embedding kernel (k1): 46.657001 (us)
Average execution time of dense embedding kernel (k2): 43.612003 (us)
Average execution time of dense embedding kernel (k3): 56.666004 (us)
FAIL

Embedding dimension: 2048
block size: 128
Average execution time of dense embedding kernel (k1): 496.652039 (us)
Average execution time of dense embedding kernel (k2): 430.217010 (us)
Average execution time of dense embedding kernel (k3): 824.276062 (us)
FAIL
block size: 256
Average execution time of dense embedding kernel (k1): 256.390015 (us)
Average execution time of dense embedding kernel (k2): 223.900009 (us)
Average execution time of dense embedding kernel (k3): 421.872009 (us)
FAIL
block size: 512
Average execution time of dense embedding kernel (k1): 137.027008 (us)
Average execution time of dense embedding kernel (k2): 121.738007 (us)
Average execution time of dense embedding kernel (k3): 220.083008 (us)
FAIL
block size: 1024
Average execution time of dense embedding kernel (k1): 80.140007 (us)
Average execution time of dense embedding kernel (k2): 77.826004 (us)
Average execution time of dense embedding kernel (k3): 121.999008 (us)
FAIL

Embedding dimension: 12288
block size: 128
Average execution time of dense embedding kernel (k1): 2863.240234 (us)
Average execution time of dense embedding kernel (k2): 2480.963135 (us)
Average execution time of dense embedding kernel (k3): 4846.499023 (us)
FAIL
block size: 256
Average execution time of dense embedding kernel (k1): 1440.742065 (us)
Average execution time of dense embedding kernel (k2): 1251.908081 (us)
Average execution time of dense embedding kernel (k3): 2446.128174 (us)
FAIL
block size: 512
Average execution time of dense embedding kernel (k1): 734.127014 (us)
Average execution time of dense embedding kernel (k2): 640.491028 (us)
Average execution time of dense embedding kernel (k3): 1165.857056 (us)
FAIL
block size: 1024
Average execution time of dense embedding kernel (k1): 311.815002 (us)
Average execution time of dense embedding kernel (k2): 271.500000 (us)
Average execution time of dense embedding kernel (k3): 511.429016 (us)
FAIL
dense-embedding snapshot written to /var/tmp/pbs.7277572.polaris-pbs-01.hsn.cm.polaris.alcf.anl.gov/nvidia_divergence_dense-embedding_117_9_7277572.polaris-pbs-01.hsn.cm.polaris.alcf.anl.gov/dense-embedding_site117_bit9.bin
size_mismatch: golden=7249920192 candidate=0
