:3:rocdevice.cpp            :465 : 4394672341052 us: [pid:86853 tid: 0x7fe80261e200] Initializing HSA stack.
:3:rocdevice.cpp            :551 : 4394673649412 us: [pid:86853 tid: 0x7fe80261e200] Enumerated GPU agents = 1
:3:rocdevice.cpp            :230 : 4394673649469 us: [pid:86853 tid: 0x7fe80261e200] Numa selects cpu agent[0]=0x1a457bd0(fine=0x1a4d1bd0,coarse=0x1a4de790) for gpu agent=0x1a582c20 CPU<->GPU XGMI=0
:3:rocsettings.cpp          :284 : 4394673649483 us: [pid:86853 tid: 0x7fe80261e200] Using dev kernel arg wa = 0
:3:comgrctx.cpp             :33  : 4394673649497 us: [pid:86853 tid: 0x7fe80261e200] Loading COMGR library.
:3:comgrctx.cpp             :128 : 4394673649533 us: [pid:86853 tid: 0x7fe80261e200] Loaded COMGR library version 3.0.
:3:rocdevice.cpp            :1785: 4394673650069 us: [pid:86853 tid: 0x7fe80261e200] Gfx Major/Minor/Stepping: 9/0/10
:3:rocdevice.cpp            :1787: 4394673650084 us: [pid:86853 tid: 0x7fe80261e200] HMM support: 1, XNACK: 0, Direct host access: 0
:3:rocdevice.cpp            :1789: 4394673650095 us: [pid:86853 tid: 0x7fe80261e200] Max SDMA Read Mask: 0x1e, Max SDMA Write Mask: 0x1f
:4:rocdevice.cpp            :2210: 4394673650530 us: [pid:86853 tid: 0x7fe80261e200] Allocate hsa host memory 0x7fe7efa00000, size 0x100000, numa_node = 0
:4:rocdevice.cpp            :2210: 4394674774829 us: [pid:86853 tid: 0x7fe80261e200] Allocate hsa host memory 0x7fe7ef400000, size 0x400000, numa_node = 0
:4:rocdevice.cpp            :2210: 4394674775038 us: [pid:86853 tid: 0x7fe80261e200] Allocate hsa host memory 0x7fe80c78e000, size 0x38, numa_node = 0
:3:hip_context.cpp          :54  : 4394674775391 us: [pid:86853 tid: 0x7fe80261e200] Direct Dispatch: 1
:3:hip_fatbin.cpp           :427 : 4394674775539 us: [pid:86853 tid: 0x7fe80261e200] Searching for code objects, HIP_FORCE_SPIRV_CODEOBJECT: 0
:3:hip_fatbin.cpp           :435 : 4394674776066 us: [pid:86853 tid: 0x7fe80261e200] Using Native code object: gfx90a:sramecc+:xnack-
:3:hip_memory.cpp           :756 : 4394674776107 us: [pid:86853 tid: 0x7fe80261e200] [32m hipMalloc ( 0x7fffcf8fdaf8, 192 ) [0m
:4:rocdevice.cpp            :2371: 4394674776172 us: [pid:86853 tid: 0x7fe80261e200] Allocate hsa device memory 0x7fe7ef000000, size 0xc0, hsa_mem_flags 0x0h
:3:rocdevice.cpp            :2411: 4394674776550 us: [pid:86853 tid: 0x7fe80261e200] Device=0x1a5cafb0, freeMem_ = 0xffeffff40
:3:hip_memory.cpp           :758 : 4394674776560 us: [pid:86853 tid: 0x7fe80261e200] hipMalloc: Returned hipSuccess : 0x7fe7ef000000: duration: 453 us
:3:hip_memory.cpp           :3476: 4394674776578 us: [pid:86853 tid: 0x7fe80261e200] [32m hipMemset ( 0x7fe7ef000000, 0, 192 ) [0m
:3:rocdevice.cpp            :3048: 4394674776603 us: [pid:86853 tid: 0x7fe80261e200] Number of allocated hardware queues with low priority: 0, with normal priority: 0, with high priority: 0, maximum per priority is: 4
:3:rocdevice.cpp            :3129: 4394674787295 us: [pid:86853 tid: 0x7fe80261e200] Created SWq=0x7fe802334000 to map on HWq=0x7fe7eee00000 with size 16384 with priority 1, cooperative: 0
:3:rocdevice.cpp            :3222: 4394674787324 us: [pid:86853 tid: 0x7fe80261e200] acquireQueue refCount: 0x7fe7eee00000 (1)
:4:rocdevice.cpp            :2210: 4394674787697 us: [pid:86853 tid: 0x7fe80261e200] Allocate hsa host memory 0x7fe7eec00000, size 0x100000, numa_node = 0
:3:devprogram.cpp           :2658: 4394675060771 us: [pid:86853 tid: 0x7fe80261e200] Using Code Object V5.
:4:rocdevice.cpp            :2210: 4394675819070 us: [pid:86853 tid: 0x7fe80261e200] Allocate hsa host memory 0x7fe7ee600000, size 0x400000, numa_node = 0
:4:command.cpp              :359 : 4394675819759 us: [pid:86853 tid: 0x7fe80261e200] Command (FillBuffer) enqueued: 0x1af3e660
:3:rocvirtual.cpp           :762 : 4394675819776 us: [pid:86853 tid: 0x7fe80261e200] Arg0: void* buf = ptr:0x7fe7ef000000
:3:rocvirtual.cpp           :778 : 4394675819782 us: [pid:86853 tid: 0x7fe80261e200] Arg0: void* buf = ptr:0x7fe7ef000000 obj:[0x7fe7ef000000-0x7fe7ef0000c0]
:3:rocvirtual.cpp           :762 : 4394675819789 us: [pid:86853 tid: 0x7fe80261e200] Arg1: uchar* pattern = ptr:0x7fe7eec00000
:3:rocvirtual.cpp           :853 : 4394675819799 us: [pid:86853 tid: 0x7fe80261e200] Arg2: uint pattern_size = val:1
:3:rocvirtual.cpp           :853 : 4394675819803 us: [pid:86853 tid: 0x7fe80261e200] Arg3: uint alignment = val:16
:3:rocvirtual.cpp           :853 : 4394675819808 us: [pid:86853 tid: 0x7fe80261e200] Arg4: ulong end_ptr = val:140634123927744
:3:rocvirtual.cpp           :853 : 4394675819812 us: [pid:86853 tid: 0x7fe80261e200] Arg5: uint next_chunk = val:256
:3:rocvirtual.cpp           :3236: 4394675819824 us: [pid:86853 tid: 0x7fe80261e200] ShaderName : __amd_rocclr_fillBufferAligned
:3:rocvirtual.cpp           :3449: 4394675819832 us: [pid:86853 tid: 0x7fe80261e200] KernargSegmentByteSize = 296 KernargSegmentAlignment = 128
:4:rocvirtual.cpp           :965 : 4394675819850 us: [pid:86853 tid: 0x7fe80261e200] SWq=0x7fe802334000, HWq=0x7fe7eee00000, id=1, Dispatch Header = 0xb02 (type=2, barrier=1, acquire=1, release=1), setup=1, grid=[256, 1, 1], workgroup=[256, 1, 1], private_seg_size=0, group_seg_size=0, kernel_obj=0x7fe802325d40, kernarg_address=0x7fe7eec00100, completion_signal=0x0, correlation_id=0, rptr=0, wptr=0
:3:hip_memory.cpp           :3477: 4394675819872 us: [pid:86853 tid: 0x7fe80261e200] hipMemset: Returned hipSuccess : 
:3:hip_device_runtime.cpp   :641 : 4394675819887 us: [pid:86853 tid: 0x7fe80261e200] [32m hipDeviceSynchronize (  ) [0m
:4:commandqueue.cpp         :161 : 4394675821405 us: [pid:86853 tid: 0x7fe80261e200] Marker queued to ensure finish
:4:command.cpp              :359 : 4394675821412 us: [pid:86853 tid: 0x7fe80261e200] Command (InternalMarker) enqueued: 0x1ac33410
:3:rocvirtual.cpp           :533 : 4394675821431 us: [pid:86853 tid: 0x7fe80261e200] Set Handler: handle(0x7fe8021fd600), timestamp(0x1a9a25c0)
:4:rocvirtual.cpp           :1147: 4394675821441 us: [pid:86853 tid: 0x7fe80261e200] SWq=0x7fe802334000, HWq=0x7fe7eee00000, id=1, BarrierAND Header = 0x1503 (type=3, barrier=1, acquire=2, release=2), dep_signal=[0x0, 0x0, 0x0, 0x0, 0x0], completion_signal=0x7fe8021fd600
:3:rocvirtual.hpp           :56  : 4394675821492 us: [pid:86853 tid: 0x7fe80261e200] Host active wait for Signal = (0x7fe8021fd600) for -1 ns
:4:commandqueue.cpp         :184 : 4394675828163 us: [pid:86853 tid: 0x7fe80261e200] All commands finished
:3:hip_device_runtime.cpp   :645 : 4394675828200 us: [pid:86853 tid: 0x7fe80261e200] hipDeviceSynchronize: Returned hipSuccess : 
:3:rocvirtual.cpp           :226 : 4394675828217 us: [pid:86853 tid: 0x7fe6d1bff6c0] Handler: value(0), timestamp(0x1a622010), handle(0x7fe8021fd600)
:3:hip_platform.cpp         :237 : 4394675828218 us: [pid:86853 tid: 0x7fe80261e200] [32m __hipPushCallConfiguration ( {1,1,1}, {16,16,1}, 0, stream:<null> ) [0m
:3:hip_platform.cpp         :241 : 4394675828260 us: [pid:86853 tid: 0x7fe80261e200] __hipPushCallConfiguration: Returned hipSuccess : 
:4:command.cpp              :169 : 4394675828248 us: [pid:86853 tid: 0x7fe6d1bff6c0] Command 0x1af3e660 complete
:3:hip_platform.cpp         :246 : 4394675828272 us: [pid:86853 tid: 0x7fe80261e200] [32m __hipPopCallConfiguration ( {3482311800,32767,0}, {212539474,32744,16}, 0x7fffcf8fd9f0, 0x7fffcf8fd9e8 ) [0m
:3:hip_platform.cpp         :255 : 4394675828294 us: [pid:86853 tid: 0x7fe80261e200] __hipPopCallConfiguration: Returned hipSuccess : 
:4:command.cpp              :163 : 4394675828283 us: [pid:86853 tid: 0x7fe6d1bff6c0] Command 0x1ac33410 complete (Wall: 4394675828281, CPU: 0, GPU: 6862 us)
:3:hip_module.cpp           :744 : 4394675828742 us: [pid:86853 tid: 0x7fe80261e200] [32m hipLaunchKernel ( 0x200d38, {1,1,1}, {16,16,1}, 0x7fffcf8fd9a0, 0, stream:<null> ) [0m
:3:devprogram.cpp           :2658: 4394675828957 us: [pid:86853 tid: 0x7fe80261e200] Using Code Object V5.
:4:command.cpp              :359 : 4394675829711 us: [pid:86853 tid: 0x7fe80261e200] Command (KernelExecution) enqueued: 0x1a6b2a50
:3:rocvirtual.cpp           :762 : 4394675829833 us: [pid:86853 tid: 0x7fe80261e200] Arg0:   = ptr:0x7fe7ef000000
:3:rocvirtual.cpp           :778 : 4394675829842 us: [pid:86853 tid: 0x7fe80261e200] Arg0:   = ptr:0x7fe7ef000000 obj:[0x7fe7ef000000-0x7fe7ef0000c0]
:3:rocvirtual.cpp           :853 : 4394675829849 us: [pid:86853 tid: 0x7fe80261e200] Arg1:   = val:8
:3:rocvirtual.cpp           :853 : 4394675829854 us: [pid:86853 tid: 0x7fe80261e200] Arg2:   = val:4
:3:rocvirtual.cpp           :853 : 4394675829858 us: [pid:86853 tid: 0x7fe80261e200] Arg3:   = val:1176666112
:3:rocvirtual.cpp           :853 : 4394675829862 us: [pid:86853 tid: 0x7fe80261e200] Arg4:   = val:1176256512
:3:rocvirtual.cpp           :3236: 4394675829875 us: [pid:86853 tid: 0x7fe80261e200] ShaderName : color(unsigned char*, int, int, float, float)
:4:rocdevice.cpp            :2210: 4394676589404 us: [pid:86853 tid: 0x7fe80261e200] Allocate hsa host memory 0x7fe7ed800000, size 0xd13838, numa_node = 0
:3:rocdevice.cpp            :3322: 4394676589707 us: [pid:86853 tid: 0x7fe80261e200] Created hostcall buffer 0x7fe7ed800000 for hardware queue 0x7fe7eee00000
:4:rocsignal.cpp            :38  : 4394676590445 us: [pid:86853 tid: 0x7fe80261e200] Initialize Hostcall signal=0x7fe8021fd380
:3:devhostcall.cpp          :428 : 4394676590948 us: [pid:86853 tid: 0x7fe80261e200] Launched hostcall listener at 0x1ac5fc10
:3:devhostcall.cpp          :441 : 4394676590954 us: [pid:86853 tid: 0x7fe80261e200] Registered hostcall buffer 0x7fe7ed800000 with listener 0x1ac5fc10
:4:rocdevice.cpp            :2371: 4394676590970 us: [pid:86853 tid: 0x7fe80261e200] Allocate hsa device memory 0x7fe7ef001000, size 0x20000, hsa_mem_flags 0x0h
:4:rocdevice.cpp            :2371: 4394676591033 us: [pid:86853 tid: 0x7fe80261e200] Allocate hsa device memory 0x7fe7ece00000, size 0x800000, hsa_mem_flags 0x0h
:3:rocvirtual.cpp           :853 : 4394676591047 us: [pid:86853 tid: 0x7fe80261e200] Arg0: ulong heap_to_initialize = val:140634123931648
:3:rocvirtual.cpp           :853 : 4394676591055 us: [pid:86853 tid: 0x7fe80261e200] Arg1: ulong initial_blocks = val:140634088275968
:3:rocvirtual.cpp           :853 : 4394676591496 us: [pid:86853 tid: 0x7fe80261e200] Arg2: uint heap_size = val:131072
:3:rocvirtual.cpp           :853 : 4394676591501 us: [pid:86853 tid: 0x7fe80261e200] Arg3: uint number_of_initial_blocks = val:4
:3:rocvirtual.cpp           :3236: 4394676591510 us: [pid:86853 tid: 0x7fe80261e200] ShaderName : __amd_rocclr_initHeap
:3:rocvirtual.cpp           :3449: 4394676591515 us: [pid:86853 tid: 0x7fe80261e200] KernargSegmentByteSize = 24 KernargSegmentAlignment = 128
:4:rocvirtual.cpp           :965 : 4394676591527 us: [pid:86853 tid: 0x7fe80261e200] SWq=0x7fe802334000, HWq=0x7fe7eee00000, id=1, Dispatch Header = 0xb02 (type=2, barrier=1, acquire=1, release=1), setup=1, grid=[256, 1, 1], workgroup=[256, 1, 1], private_seg_size=0, group_seg_size=0, kernel_obj=0x7fe8023260c0, kernarg_address=0x7fe7eec00280, completion_signal=0x0, correlation_id=0, rptr=2, wptr=2
:4:rocvirtual.cpp           :1147: 4394676591547 us: [pid:86853 tid: 0x7fe80261e200] SWq=0x7fe802334000, HWq=0x7fe7eee00000, id=1, BarrierAND Header = 0x1503 (type=3, barrier=1, acquire=2, release=2), dep_signal=[0x0, 0x0, 0x0, 0x0, 0x0], completion_signal=0x7fe8021ff700
:4:rocvirtual.cpp           :622 : 4394676591558 us: [pid:86853 tid: 0x7fe80261e200] Host wait on completion_signal=0x7fe8021ff700
:3:rocvirtual.cpp           :3449: 4394676591568 us: [pid:86853 tid: 0x7fe80261e200] KernargSegmentByteSize = 280 KernargSegmentAlignment = 128
:4:rocvirtual.cpp           :965 : 4394676591577 us: [pid:86853 tid: 0x7fe80261e200] SWq=0x7fe802334000, HWq=0x7fe7eee00000, id=1, Dispatch Header = 0xb02 (type=2, barrier=1, acquire=1, release=1), setup=3, grid=[16, 16, 1], workgroup=[16, 16, 1], private_seg_size=1024, group_seg_size=0, kernel_obj=0x7fe802300a80, kernarg_address=0x7fe7eec00000, completion_signal=0x0, correlation_id=0, rptr=4, wptr=4
:3:hip_module.cpp           :745 : 4394676591593 us: [pid:86853 tid: 0x7fe80261e200] hipLaunchKernel: Returned hipSuccess : : duration: 762851 us
:3:hip_device_runtime.cpp   :641 : 4394676591603 us: [pid:86853 tid: 0x7fe80261e200] [32m hipDeviceSynchronize (  ) [0m
:4:commandqueue.cpp         :161 : 4394676591614 us: [pid:86853 tid: 0x7fe80261e200] Marker queued to ensure finish
:4:command.cpp              :359 : 4394676591619 us: [pid:86853 tid: 0x7fe80261e200] Command (InternalMarker) enqueued: 0x1ac33410
:3:rocvirtual.cpp           :533 : 4394676592132 us: [pid:86853 tid: 0x7fe80261e200] Set Handler: handle(0x7fe8021fd680), timestamp(0x1ac604a0)
:4:rocvirtual.cpp           :1147: 4394676592141 us: [pid:86853 tid: 0x7fe80261e200] SWq=0x7fe802334000, HWq=0x7fe7eee00000, id=1, BarrierAND Header = 0x1503 (type=3, barrier=1, acquire=2, release=2), dep_signal=[0x0, 0x0, 0x0, 0x0, 0x0], completion_signal=0x7fe8021fd680
:3:rocvirtual.hpp           :56  : 4394676592152 us: [pid:86853 tid: 0x7fe80261e200] Host active wait for Signal = (0x7fe8021fd680) for -1 ns
:4:commandqueue.cpp         :184 : 4394676592160 us: [pid:86853 tid: 0x7fe80261e200] All commands finished
:3:hip_device_runtime.cpp   :645 : 4394676592167 us: [pid:86853 tid: 0x7fe80261e200] hipDeviceSynchronize: Returned hipSuccess : 
:3:rocvirtual.cpp           :226 : 4394676592170 us: [pid:86853 tid: 0x7fe6d1bff6c0] Handler: value(0), timestamp(0x1ae02020), handle(0x7fe8021fd680)
:4:command.cpp              :169 : 4394676592194 us: [pid:86853 tid: 0x7fe6d1bff6c0] Command 0x1a6b2a50 complete
:3:hip_memory.cpp           :795 : 4394676592194 us: [pid:86853 tid: 0x7fe80261e200] [32m hipMemcpy ( 0x1a4cec40, 0x7fe7ef000000, 192, hipMemcpyDeviceToHost ) [0m
:4:command.cpp              :163 : 4394676592205 us: [pid:86853 tid: 0x7fe6d1bff6c0] Command 0x1ac33410 complete (Wall: 4394676592203, CPU: 0, GPU: 76 us)
:4:command.cpp              :359 : 4394676592219 us: [pid:86853 tid: 0x7fe80261e200] Command (CopyDeviceToHost) enqueued: 0x1adef0c0
:4:rocblit.cpp              :1673: 4394676592236 us: [pid:86853 tid: 0x7fe80261e200] Unpinned read path, Async = 0
:4:rocblit.cpp              :1702: 4394676592692 us: [pid:86853 tid: 0x7fe80261e200] Blit staging D2H copy stg buf=0x7fe7efa00000, src=0x7fe7ef000000, dstOrigin=0x0, size=192
:3:rocvirtual.cpp           :762 : 4394676592702 us: [pid:86853 tid: 0x7fe80261e200] Arg0: uchar* src = ptr:0x7fe7ef000000
:3:rocvirtual.cpp           :762 : 4394676592707 us: [pid:86853 tid: 0x7fe80261e200] Arg1: uchar* dst = ptr:0x7fe7efa00000
:3:rocvirtual.cpp           :853 : 4394676592711 us: [pid:86853 tid: 0x7fe80261e200] Arg2: ulong size = val:192
:3:rocvirtual.cpp           :853 : 4394676592716 us: [pid:86853 tid: 0x7fe80261e200] Arg3: uint remainder = val:0
:3:rocvirtual.cpp           :853 : 4394676592720 us: [pid:86853 tid: 0x7fe80261e200] Arg4: uint aligned_size = val:16
:3:rocvirtual.cpp           :853 : 4394676592725 us: [pid:86853 tid: 0x7fe80261e200] Arg5: ulong end_ptr = val:140634134413504
:3:rocvirtual.cpp           :853 : 4394676592729 us: [pid:86853 tid: 0x7fe80261e200] Arg6: uint next_chunk = val:512
:3:rocvirtual.cpp           :3236: 4394676592734 us: [pid:86853 tid: 0x7fe80261e200] ShaderName : __amd_rocclr_copyBuffer
:3:rocvirtual.cpp           :3449: 4394676592739 us: [pid:86853 tid: 0x7fe80261e200] KernargSegmentByteSize = 304 KernargSegmentAlignment = 128
:4:rocvirtual.cpp           :965 : 4394676592748 us: [pid:86853 tid: 0x7fe80261e200] SWq=0x7fe802334000, HWq=0x7fe7eee00000, id=1, Dispatch Header = 0x1502 (type=2, barrier=1, acquire=2, release=2), setup=1, grid=[512, 1, 1], workgroup=[512, 1, 1], private_seg_size=0, group_seg_size=0, kernel_obj=0x7fe802325dc0, kernarg_address=0x7fe7eec00180, completion_signal=0x7fe8021ff600, correlation_id=0, rptr=6, wptr=6
:4:rocvirtual.cpp           :622 : 4394676592761 us: [pid:86853 tid: 0x7fe80261e200] Host wait on completion_signal=0x7fe8021ff600
:3:rocvirtual.hpp           :56  : 4394676592769 us: [pid:86853 tid: 0x7fe80261e200] Host active wait for Signal = (0x7fe8021ff600) for -1 ns
:4:rocblit.cpp              :1716: 4394676592779 us: [pid:86853 tid: 0x7fe80261e200] memcpy host dst=0x1a4cec40, stg buf=0x7fe7efa00000, size=192
:4:commandqueue.cpp         :161 : 4394676592787 us: [pid:86853 tid: 0x7fe80261e200] Marker queued to ensure finish
:4:command.cpp              :359 : 4394676592794 us: [pid:86853 tid: 0x7fe80261e200] Command (InternalMarker) enqueued: 0x1ac33410
:3:rocvirtual.cpp           :533 : 4394676593154 us: [pid:86853 tid: 0x7fe80261e200] Set Handler: handle(0x7fe8021fd700), timestamp(0x1ac60390)
:4:rocvirtual.cpp           :1147: 4394676593162 us: [pid:86853 tid: 0x7fe80261e200] SWq=0x7fe802334000, HWq=0x7fe7eee00000, id=1, BarrierAND Header = 0x1503 (type=3, barrier=1, acquire=2, release=2), dep_signal=[0x0, 0x0, 0x0, 0x0, 0x0], completion_signal=0x7fe8021fd700
:3:rocvirtual.hpp           :56  : 4394676593172 us: [pid:86853 tid: 0x7fe80261e200] Host active wait for Signal = (0x7fe8021fd700) for -1 ns
:4:commandqueue.cpp         :184 : 4394676593180 us: [pid:86853 tid: 0x7fe80261e200] All commands finished
:3:hip_memory.cpp           :796 : 4394676593185 us: [pid:86853 tid: 0x7fe80261e200] hipMemcpy: Returned hipSuccess : : duration: 991 us
:3:rocvirtual.cpp           :226 : 4394676593190 us: [pid:86853 tid: 0x7fe6d1bff6c0] Handler: value(0), timestamp(0x1ae01fb0), handle(0x7fe8021fd700)
:4:command.cpp              :169 : 4394676593207 us: [pid:86853 tid: 0x7fe6d1bff6c0] Command 0x1adef0c0 complete
:4:command.cpp              :163 : 4394676593213 us: [pid:86853 tid: 0x7fe6d1bff6c0] Command 0x1ac33410 complete (Wall: 4394676593212, CPU: 0, GPU: 61 us)
:3:hip_memory.cpp           :772 : 4394676593236 us: [pid:86853 tid: 0x7fe80261e200] [32m hipFree ( 0x7fe7ef000000 ) [0m
:4:commandqueue.cpp         :167 : 4394676593242 us: [pid:86853 tid: 0x7fe80261e200] HW Event not ready, awaiting completion instead
:4:commandqueue.cpp         :184 : 4394676593251 us: [pid:86853 tid: 0x7fe80261e200] All commands finished
:4:rocdevice.cpp            :2388: 4394676593262 us: [pid:86853 tid: 0x7fe80261e200] Free hsa memory 0x7fe7ef000000
:3:rocdevice.cpp            :2411: 4394676593752 us: [pid:86853 tid: 0x7fe80261e200] Device=0x1a5cafb0, freeMem_ = 0xfff000000
:3:hip_memory.cpp           :774 : 4394676593758 us: [pid:86853 tid: 0x7fe80261e200] hipFree: Returned hipSuccess : 
:4:rocdevice.cpp            :2388: 4394676600037 us: [pid:86853 tid: 0x7fe80261e200] Free hsa memory (nil)
:3:rocdevice.cpp            :3254: 4394676600049 us: [pid:86853 tid: 0x7fe80261e200] releaseQueue refCount:0x7fe7eee00000 (0)
:4:rocdevice.cpp            :2388: 4394676600215 us: [pid:86853 tid: 0x7fe80261e200] Free hsa memory 0x7fe7eec00000
:4:rocdevice.cpp            :2388: 4394676601171 us: [pid:86853 tid: 0x7fe80261e200] Free hsa memory 0x7fe7ee600000
:4:rocdevice.cpp            :2388: 4394676601843 us: [pid:86853 tid: 0x7fe80261e200] Free hsa memory 0x7fe7ef400000
:4:rocdevice.cpp            :2388: 4394676602348 us: [pid:86853 tid: 0x7fe80261e200] Free hsa memory 0x7fe80c78e000
:3:rocdevice.cpp            :278 : 4394676602355 us: [pid:86853 tid: 0x7fe80261e200] Deleting hostcall buffer 0x7fe7ed800000 for hardware queue 0x7fe7eee00000
:3:devhostcall.cpp          :460 : 4394676602365 us: [pid:86853 tid: 0x7fe80261e200] Terminated hostcall listener
:4:rocdevice.cpp            :2388: 4394676603536 us: [pid:86853 tid: 0x7fe80261e200] Free hsa memory 0x7fe7ed800000
:3:rocdevice.cpp            :283 : 4394676603547 us: [pid:86853 tid: 0x7fe80261e200] Deleting hardware queue 0x7fe7eee00000 with refCount 0
:4:rocdevice.cpp            :2388: 4394676607754 us: [pid:86853 tid: 0x7fe80261e200] Free hsa memory 0x7fe7efa00000
:4:rocdevice.cpp            :2388: 4394676607997 us: [pid:86853 tid: 0x7fe80261e200] Free hsa memory 0x7fe7ef001000
:4:rocdevice.cpp            :2388: 4394676608358 us: [pid:86853 tid: 0x7fe80261e200] Free hsa memory 0x7fe7ece00000
