:3:rocdevice.cpp            :465 : 2907865684060 us:  Initializing HSA stack.
:3:rocdevice.cpp            :551 : 2907865771555 us:  Enumerated GPU agents = 1
:3:rocdevice.cpp            :230 : 2907865771773 us:  Numa selects cpu agent[3]=0x2c28a0(fine=0x2c2ab0,coarse=0x2c35f0) for gpu agent=0x2c43c0 CPU<->GPU XGMI=1
:3:rocsettings.cpp          :284 : 2907865772092 us:  Using dev kernel arg wa = 0
:3:comgrctx.cpp             :33  : 2907865772220 us:  Loading COMGR library.
:3:comgrctx.cpp             :128 : 2907865772380 us:  Loaded COMGR library version 3.0.
:3:rocdevice.cpp            :1785: 2907865772904 us:  Gfx Major/Minor/Stepping: 9/0/10
:3:rocdevice.cpp            :1787: 2907865773006 us:  HMM support: 1, XNACK: 0, Direct host access: 1
:3:rocdevice.cpp            :1789: 2907865773129 us:  Max SDMA Read Mask: 0x1e, Max SDMA Write Mask: 0x1f
:3:hip_context.cpp          :54  : 2907865774301 us:  Direct Dispatch: 1
:3:hip_fatbin.cpp           :427 : 2907865774494 us:  Searching for code objects, HIP_FORCE_SPIRV_CODEOBJECT: 0
:3:hip_fatbin.cpp           :435 : 2907865774603 us:  Using Native code object: gfx90a:sramecc+:xnack-
:3:hip_memory.cpp           :756 : 2907865774752 us:  [32m hipMalloc ( 0x7fffffff5e18, 192 ) [0m
:3:rocdevice.cpp            :2411: 2907865774903 us:  Device=0x6db5b0, freeMem_ = 0xffeffff40
:3:hip_memory.cpp           :758 : 2907865775029 us:  hipMalloc: Returned hipSuccess : 0x7ffece800000: duration: 277 us
:3:hip_memory.cpp           :3476: 2907865775118 us:  [32m hipMemset ( 0x7ffece800000, 0, 192 ) [0m
:3:rocdevice.cpp            :3048: 2907865775262 us:  Number of allocated hardware queues with low priority: 0, with normal priority: 0, with high priority: 0, maximum per priority is: 4
:3:rocdevice.cpp            :3129: 2907865780035 us:  Created SWq=0x7fffe204a000 to map on HWq=0x7ffece600000 with size 16384 with priority 1, cooperative: 0
:3:rocdevice.cpp            :3222: 2907865780362 us:  acquireQueue refCount: 0x7ffece600000 (1)
:3:devprogram.cpp           :2658: 2907866018995 us:  Using Code Object V5.
:3:rocvirtual.cpp           :762 : 2907866020901 us:  Arg0: void* buf = ptr:0x7ffece800000
:3:rocvirtual.cpp           :778 : 2907866021146 us:  Arg0: void* buf = ptr:0x7ffece800000 obj:[0x7ffece800000-0x7ffece8000c0]
:3:rocvirtual.cpp           :762 : 2907866021266 us:  Arg1: uchar* pattern = ptr:0x7ffece400000
:3:rocvirtual.cpp           :853 : 2907866021376 us:  Arg2: uint pattern_size = val:1
:3:rocvirtual.cpp           :853 : 2907866021519 us:  Arg3: uint alignment = val:16
:3:rocvirtual.cpp           :853 : 2907866021643 us:  Arg4: ulong end_ptr = val:140732362916032
:3:rocvirtual.cpp           :853 : 2907866021796 us:  Arg5: uint next_chunk = val:256
:3:rocvirtual.cpp           :3236: 2907866021921 us:  ShaderName : __amd_rocclr_fillBufferAligned
:3:rocvirtual.cpp           :3449: 2907866022000 us:  KernargSegmentByteSize = 296 KernargSegmentAlignment = 128
:3:hip_memory.cpp           :3477: 2907866022131 us:  hipMemset: Returned hipSuccess : 
:3:hip_device_runtime.cpp   :641 : 2907866022245 us:  [32m hipDeviceSynchronize (  ) [0m
:3:rocvirtual.cpp           :533 : 2907866022340 us:  Set Handler: handle(0x7fffe1bfd600), timestamp(0x71af90)
:3:rocvirtual.hpp           :56  : 2907866022454 us:  Host active wait for Signal = (0x7fffe1bfd600) for -1 ns
:3:rocvirtual.cpp           :226 : 2907866022529 us:  Handler: value(0), timestamp(0xe4b790), handle(0x7fffe1bfd600)
:3:hip_device_runtime.cpp   :645 : 2907866022550 us:  hipDeviceSynchronize: Returned hipSuccess : 
:3:hip_platform.cpp         :237 : 2907866022798 us:  [32m __hipPushCallConfiguration ( {1,1,1}, {16,16,1}, 0, stream:<null> ) [0m
:3:hip_platform.cpp         :241 : 2907866022998 us:  __hipPushCallConfiguration: Returned hipSuccess : 
:3:hip_platform.cpp         :246 : 2907866023114 us:  [32m __hipPopCallConfiguration ( {4294926232,32767,0}, {3964667986,32767,16}, 0x7fffffff5d10, 0x7fffffff5d08 ) [0m
:3:hip_platform.cpp         :255 : 2907866023280 us:  __hipPopCallConfiguration: Returned hipSuccess : 
:3:hip_module.cpp           :744 : 2907866023369 us:  [32m hipLaunchKernel ( 0x200d38, {1,1,1}, {16,16,1}, 0x7fffffff5cc0, 0, stream:<null> ) [0m
:3:devprogram.cpp           :2658: 2907866023622 us:  Using Code Object V5.
:3:rocvirtual.cpp           :762 : 2907866024010 us:  Arg0:   = ptr:0x7ffece800000
:3:rocvirtual.cpp           :778 : 2907866024108 us:  Arg0:   = ptr:0x7ffece800000 obj:[0x7ffece800000-0x7ffece8000c0]
:3:rocvirtual.cpp           :853 : 2907866024191 us:  Arg1:   = val:8
:3:rocvirtual.cpp           :853 : 2907866024305 us:  Arg2:   = val:4
:3:rocvirtual.cpp           :853 : 2907866024382 us:  Arg3:   = val:1176666112
:3:rocvirtual.cpp           :853 : 2907866024471 us:  Arg4:   = val:1176256512
:3:rocvirtual.cpp           :3236: 2907866024555 us:  ShaderName : color(unsigned char*, int, int, float, float)
:3:rocdevice.cpp            :3322: 2907866027173 us:  Created hostcall buffer 0x7ffecd000000 for hardware queue 0x7ffece600000
:3:devhostcall.cpp          :428 : 2907866027541 us:  Launched hostcall listener at 0x7e39c0
:3:devhostcall.cpp          :441 : 2907866027668 us:  Registered hostcall buffer 0x7ffecd000000 with listener 0x7e39c0
:3:rocvirtual.cpp           :853 : 2907866027815 us:  Arg0: ulong heap_to_initialize = val:140732362919936
:3:rocvirtual.cpp           :853 : 2907866027895 us:  Arg1: ulong initial_blocks = val:140732327264256
:3:rocvirtual.cpp           :853 : 2907866027967 us:  Arg2: uint heap_size = val:131072
:3:rocvirtual.cpp           :853 : 2907866028056 us:  Arg3: uint number_of_initial_blocks = val:4
:3:rocvirtual.cpp           :3236: 2907866028140 us:  ShaderName : __amd_rocclr_initHeap
:3:rocvirtual.cpp           :3449: 2907866028252 us:  KernargSegmentByteSize = 24 KernargSegmentAlignment = 128
:3:rocvirtual.hpp           :56  : 2907866028335 us:  Host active wait for Signal = (0x7fffe1bff700) for -1 ns
:3:rocvirtual.cpp           :3449: 2907866028445 us:  KernargSegmentByteSize = 280 KernargSegmentAlignment = 128
:3:hip_module.cpp           :745 : 2907866028527 us:  hipLaunchKernel: Returned hipSuccess : : duration: 5158 us
:3:hip_device_runtime.cpp   :641 : 2907866028620 us:  [32m hipDeviceSynchronize (  ) [0m
:3:rocvirtual.cpp           :533 : 2907866028717 us:  Set Handler: handle(0x7fffe1bfd680), timestamp(0xe760d0)
:3:rocvirtual.hpp           :56  : 2907866028796 us:  Host active wait for Signal = (0x7fffe1bfd680) for -1 ns
:3:hip_device_runtime.cpp   :645 : 2907866029059 us:  hipDeviceSynchronize: Returned hipSuccess : 
:3:rocvirtual.cpp           :226 : 2907866029087 us:  Handler: value(0), timestamp(0xd9ac00), handle(0x7fffe1bfd680)
:3:hip_memory.cpp           :795 : 2907866029156 us:  [32m hipMemcpy ( 0x28dc40, 0x7ffece800000, 192, hipMemcpyDeviceToHost ) [0m
:3:rocvirtual.cpp           :762 : 2907866029409 us:  Arg0: uchar* src = ptr:0x7ffece800000
:3:rocvirtual.cpp           :762 : 2907866029520 us:  Arg1: uchar* dst = ptr:0x7ffecf200000
:3:rocvirtual.cpp           :853 : 2907866029631 us:  Arg2: ulong size = val:192
:3:rocvirtual.cpp           :853 : 2907866029709 us:  Arg3: uint remainder = val:0
:3:rocvirtual.cpp           :853 : 2907866029797 us:  Arg4: uint aligned_size = val:16
:3:rocvirtual.cpp           :853 : 2907866029906 us:  Arg5: ulong end_ptr = val:140732373401792
:3:rocvirtual.cpp           :853 : 2907866030012 us:  Arg6: uint next_chunk = val:512
:3:rocvirtual.cpp           :3236: 2907866030091 us:  ShaderName : __amd_rocclr_copyBuffer
:3:rocvirtual.cpp           :3449: 2907866030204 us:  KernargSegmentByteSize = 304 KernargSegmentAlignment = 128
:3:rocvirtual.hpp           :56  : 2907866030316 us:  Host active wait for Signal = (0x7fffe1bff600) for -1 ns
:3:rocvirtual.cpp           :533 : 2907866030398 us:  Set Handler: handle(0x7fffe1bfd700), timestamp(0xe75fc0)
:3:rocvirtual.hpp           :56  : 2907866030475 us:  Host active wait for Signal = (0x7fffe1bfd700) for -1 ns
:3:hip_memory.cpp           :796 : 2907866030555 us:  hipMemcpy: Returned hipSuccess : : duration: 1399 us
:3:rocvirtual.cpp           :226 : 2907866030500 us:  Handler: value(0), timestamp(0xf26090), handle(0x7fffe1bfd700)
:3:hip_memory.cpp           :772 : 2907866030670 us:  [32m hipFree ( 0x7ffece800000 ) [0m
:3:rocdevice.cpp            :2411: 2907866030822 us:  Device=0x6db5b0, freeMem_ = 0xfff000000
:3:hip_memory.cpp           :774 : 2907866030900 us:  hipFree: Returned hipSuccess : 
:3:rocdevice.cpp            :3254: 2907866036051 us:  releaseQueue refCount:0x7ffece600000 (0)
:3:rocdevice.cpp            :278 : 2907866036733 us:  Deleting hostcall buffer 0x7ffecd000000 for hardware queue 0x7ffece600000
:3:devhostcall.cpp          :460 : 2907866036867 us:  Terminated hostcall listener
:3:rocdevice.cpp            :283 : 2907866037853 us:  Deleting hardware queue 0x7ffece600000 with refCount 0
