:3:rocdevice.cpp            :465 : 4393792844347 us: [pid:4187013 tid: 0x7fa706dec200] Initializing HSA stack.
:3:rocdevice.cpp            :551 : 4393793285943 us: [pid:4187013 tid: 0x7fa706dec200] Enumerated GPU agents = 1
:3:rocdevice.cpp            :230 : 4393793286001 us: [pid:4187013 tid: 0x7fa706dec200] Numa selects cpu agent[0]=0x3a912bd0(fine=0x3a990590,coarse=0x3a98abe0) for gpu agent=0x3a99a0a0 CPU<->GPU XGMI=0
:3:rocsettings.cpp          :284 : 4393793286013 us: [pid:4187013 tid: 0x7fa706dec200] Using dev kernel arg wa = 0
:3:comgrctx.cpp             :33  : 4393793286025 us: [pid:4187013 tid: 0x7fa706dec200] Loading COMGR library.
:3:comgrctx.cpp             :128 : 4393793286087 us: [pid:4187013 tid: 0x7fa706dec200] Loaded COMGR library version 3.0.
:3:rocdevice.cpp            :1785: 4393793286599 us: [pid:4187013 tid: 0x7fa706dec200] Gfx Major/Minor/Stepping: 9/0/10
:3:rocdevice.cpp            :1787: 4393793286610 us: [pid:4187013 tid: 0x7fa706dec200] HMM support: 1, XNACK: 0, Direct host access: 0
:3:rocdevice.cpp            :1789: 4393793286618 us: [pid:4187013 tid: 0x7fa706dec200] Max SDMA Read Mask: 0x1e, Max SDMA Write Mask: 0x1f
:4:rocdevice.cpp            :2210: 4393793287008 us: [pid:4187013 tid: 0x7fa706dec200] Allocate hsa host memory 0x7fa6eec00000, size 0x100000, numa_node = 0
:4:rocdevice.cpp            :2210: 4393793608457 us: [pid:4187013 tid: 0x7fa706dec200] Allocate hsa host memory 0x7fa6ee600000, size 0x400000, numa_node = 0
:4:rocdevice.cpp            :2210: 4393793609176 us: [pid:4187013 tid: 0x7fa706dec200] Allocate hsa host memory 0x7fa71123a000, size 0x38, numa_node = 0
:3:hip_context.cpp          :54  : 4393793609238 us: [pid:4187013 tid: 0x7fa706dec200] Direct Dispatch: 1
:3:hip_fatbin.cpp           :427 : 4393793609415 us: [pid:4187013 tid: 0x7fa706dec200] Searching for code objects, HIP_FORCE_SPIRV_CODEOBJECT: 0
:3:hip_fatbin.cpp           :435 : 4393793609828 us: [pid:4187013 tid: 0x7fa706dec200] Using Native code object: gfx90a:sramecc+:xnack-
:3:hip_memory.cpp           :756 : 4393793609884 us: [pid:4187013 tid: 0x7fa706dec200] [32m hipMalloc ( 0x7ffe79c10ba0, 10240000 ) [0m
:4:rocdevice.cpp            :2371: 4393793609997 us: [pid:4187013 tid: 0x7fa706dec200] Allocate hsa device memory 0x7fa6eda00000, size 0x9c4000, hsa_mem_flags 0x0h
:3:rocdevice.cpp            :2411: 4393793610793 us: [pid:4187013 tid: 0x7fa706dec200] Device=0x3aa841b0, freeMem_ = 0xffe63c000
:3:hip_memory.cpp           :758 : 4393793610829 us: [pid:4187013 tid: 0x7fa706dec200] hipMalloc: Returned hipSuccess : 0x7fa6eda00000: duration: 945 us
:3:hip_memory.cpp           :795 : 4393793610854 us: [pid:4187013 tid: 0x7fa706dec200] [32m hipMemcpy ( 0x7fa6eda00000, 0x7fa70641d010, 10240000, hipMemcpyHostToDevice ) [0m
:3:rocdevice.cpp            :3048: 4393793610872 us: [pid:4187013 tid: 0x7fa706dec200] Number of allocated hardware queues with low priority: 0, with normal priority: 0, with high priority: 0, maximum per priority is: 4
:3:rocdevice.cpp            :3129: 4393793622616 us: [pid:4187013 tid: 0x7fa706dec200] Created SWq=0x7fa7015f0000 to map on HWq=0x7fa6ed800000 with size 16384 with priority 1, cooperative: 0
:3:rocdevice.cpp            :3222: 4393793622649 us: [pid:4187013 tid: 0x7fa706dec200] acquireQueue refCount: 0x7fa6ed800000 (1)
:4:rocdevice.cpp            :2210: 4393793623024 us: [pid:4187013 tid: 0x7fa706dec200] Allocate hsa host memory 0x7fa6ed600000, size 0x100000, numa_node = 0
:3:devprogram.cpp           :2658: 4393793953428 us: [pid:4187013 tid: 0x7fa706dec200] Using Code Object V5.
:4:rocdevice.cpp            :2210: 4393795309916 us: [pid:4187013 tid: 0x7fa706dec200] Allocate hsa host memory 0x7fa6ed000000, size 0x400000, numa_node = 0
:4:command.cpp              :359 : 4393795310151 us: [pid:4187013 tid: 0x7fa706dec200] Command (CopyHostToDevice) enqueued: 0x3b220ad0
:4:rocblit.cpp              :1803: 4393795310701 us: [pid:4187013 tid: 0x7fa706dec200] Unpinned write path, Async = 0
:4:rocmemory.cpp            :1018: 4393795311191 us: [pid:4187013 tid: 0x7fa706dec200] Locking to pool 0x3a98abe0, size 0x9c5000, HostPtr = 0x7fa70641d000, DevPtr = 0x7fa70641d000
:4:rocblit.cpp              :623 : 4393795311400 us: [pid:4187013 tid: 0x7fa706dec200] HSA Copy Using Pinned resource size 10240000
:4:rocblit.cpp              :680 : 4393795311409 us: [pid:4187013 tid: 0x7fa706dec200] HSA Async Copy staged H2D
:4:rocblit.cpp              :503 : 4393795311423 us: [pid:4187013 tid: 0x7fa706dec200] Last copy mask 0x0
:4:rocblit.cpp              :509 : 4393795311431 us: [pid:4187013 tid: 0x7fa706dec200] Query copy engine status 0, free_engine mask 0x1f
:4:rocblit.cpp              :520 : 4393795311442 us: [pid:4187013 tid: 0x7fa706dec200] HSA Async Copy on copy_engine=0x1, dst=0x7fa6eda00000, src=0x7fa70641d010, size=10240000, forceSDMA=0, wait_event=0x0, completion_signal=0x7fa7013ff780
:4:rocvirtual.cpp           :622 : 4393795318976 us: [pid:4187013 tid: 0x7fa706dec200] Host wait on completion_signal=0x7fa7013ff780
:3:rocvirtual.hpp           :56  : 4393795318998 us: [pid:4187013 tid: 0x7fa706dec200] Host active wait for Signal = (0x7fa7013ff780) for -1 ns
:4:commandqueue.cpp         :161 : 4393795319369 us: [pid:4187013 tid: 0x7fa706dec200] Marker queued to ensure finish
:4:command.cpp              :359 : 4393795319480 us: [pid:4187013 tid: 0x7fa706dec200] Command (InternalMarker) enqueued: 0x3ae46a90
:3:rocvirtual.cpp           :533 : 4393795319503 us: [pid:4187013 tid: 0x7fa706dec200] Set Handler: handle(0x7fa7013fd600), timestamp(0x3b1ad2c0)
:4:rocvirtual.cpp           :1147: 4393795319527 us: [pid:4187013 tid: 0x7fa706dec200] SWq=0x7fa7015f0000, HWq=0x7fa6ed800000, id=1, BarrierAND Header = 0x1503 (type=3, barrier=1, acquire=2, release=2), dep_signal=[0x0, 0x0, 0x0, 0x0, 0x0], completion_signal=0x7fa7013fd600
:4:commandqueue.cpp         :184 : 4393795319549 us: [pid:4187013 tid: 0x7fa706dec200] All commands finished
:3:hip_memory.cpp           :796 : 4393795319557 us: [pid:4187013 tid: 0x7fa706dec200] hipMemcpy: Returned hipSuccess : : duration: 1708703 us
:3:rocvirtual.cpp           :226 : 4393795319568 us: [pid:4187013 tid: 0x7fa5d1bff6c0] Handler: value(0), timestamp(0x3b086270), handle(0x7fa7013fd600)
:3:hip_memory.cpp           :756 : 4393795319573 us: [pid:4187013 tid: 0x7fa706dec200] [32m hipMalloc ( 0x7ffe79c10b98, 40960000 ) [0m
:4:command.cpp              :169 : 4393795319595 us: [pid:4187013 tid: 0x7fa5d1bff6c0] Command 0x3b220ad0 complete
:4:rocdevice.cpp            :2371: 4393795319679 us: [pid:4187013 tid: 0x7fa706dec200] Allocate hsa device memory 0x7fa5bce00000, size 0x2710000, hsa_mem_flags 0x0h
:3:rocdevice.cpp            :2411: 4393795320068 us: [pid:4187013 tid: 0x7fa706dec200] Device=0x3aa841b0, freeMem_ = 0xffbf2c000
:4:command.cpp              :163 : 4393795320053 us: [pid:4187013 tid: 0x7fa5d1bff6c0] Command 0x3ae46a90 complete (Wall: 4393795320050, CPU: 0, GPU: 560 us)
:3:hip_memory.cpp           :758 : 4393795320453 us: [pid:4187013 tid: 0x7fa706dec200] hipMalloc: Returned hipSuccess : 0x7fa5bce00000: duration: 880 us
:3:hip_device_runtime.cpp   :641 : 4393795320490 us: [pid:4187013 tid: 0x7fa706dec200] [32m hipDeviceSynchronize (  ) [0m
:4:commandqueue.cpp         :184 : 4393795320499 us: [pid:4187013 tid: 0x7fa706dec200] All commands finished
:3:hip_device_runtime.cpp   :645 : 4393795320523 us: [pid:4187013 tid: 0x7fa706dec200] hipDeviceSynchronize: Returned hipSuccess : 
:3:hip_platform.cpp         :237 : 4393795320549 us: [pid:4187013 tid: 0x7fa706dec200] [32m __hipPushCallConfiguration ( {625,64,1}, {16,16,1}, 0, stream:<null> ) [0m
:3:hip_platform.cpp         :241 : 4393795320560 us: [pid:4187013 tid: 0x7fa706dec200] __hipPushCallConfiguration: Returned hipSuccess : 
:3:hip_platform.cpp         :246 : 4393795320604 us: [pid:4187013 tid: 0x7fa706dec200] [32m __hipPopCallConfiguration ( {2042694936,32766,0}, {290797650,32679,16}, 0x7ffe79c109b0, 0x7ffe79c109a8 ) [0m
:3:hip_platform.cpp         :255 : 4393795321148 us: [pid:4187013 tid: 0x7fa706dec200] __hipPopCallConfiguration: Returned hipSuccess : 
:3:hip_module.cpp           :744 : 4393795321187 us: [pid:4187013 tid: 0x7fa706dec200] [32m hipLaunchKernel ( 0x200cc0, {625,64,1}, {16,16,1}, 0x7ffe79c10960, 0, stream:<null> ) [0m
:3:devprogram.cpp           :2658: 4393795321425 us: [pid:4187013 tid: 0x7fa706dec200] Using Code Object V5.
:4:command.cpp              :359 : 4393795322237 us: [pid:4187013 tid: 0x7fa706dec200] Command (KernelExecution) enqueued: 0x3b0aa8f0
:3:rocvirtual.cpp           :762 : 4393795322255 us: [pid:4187013 tid: 0x7fa706dec200] Arg0:   = ptr:0x7fa5bce00000
:3:rocvirtual.cpp           :778 : 4393795322260 us: [pid:4187013 tid: 0x7fa706dec200] Arg0:   = ptr:0x7fa5bce00000 obj:[0x7fa5bce00000-0x7fa5bf510000]
:3:rocvirtual.cpp           :762 : 4393795322269 us: [pid:4187013 tid: 0x7fa706dec200] Arg1:   = ptr:0x7fa6eda00000
:3:rocvirtual.cpp           :778 : 4393795322273 us: [pid:4187013 tid: 0x7fa706dec200] Arg1:   = ptr:0x7fa6eda00000 obj:[0x7fa6eda00000-0x7fa6ee3c4000]
:3:rocvirtual.cpp           :853 : 4393795322281 us: [pid:4187013 tid: 0x7fa706dec200] Arg2:   = val:1024
:3:rocvirtual.cpp           :853 : 4393795322286 us: [pid:4187013 tid: 0x7fa706dec200] Arg3:   = val:10000
:3:rocvirtual.cpp           :3236: 4393795322300 us: [pid:4187013 tid: 0x7fa706dec200] ShaderName : entropy(float*, char const*, int, int)
:4:rocdevice.cpp            :2210: 4393795463261 us: [pid:4187013 tid: 0x7fa706dec200] Allocate hsa host memory 0x7fa5af600000, size 0xd13838, numa_node = 0
:3:rocdevice.cpp            :3322: 4393795463508 us: [pid:4187013 tid: 0x7fa706dec200] Created hostcall buffer 0x7fa5af600000 for hardware queue 0x7fa6ed800000
:4:rocsignal.cpp            :38  : 4393795464219 us: [pid:4187013 tid: 0x7fa706dec200] Initialize Hostcall signal=0x7fa7013fd280
:3:devhostcall.cpp          :428 : 4393795464263 us: [pid:4187013 tid: 0x7fa706dec200] Launched hostcall listener at 0x3b115000
:3:devhostcall.cpp          :441 : 4393795464269 us: [pid:4187013 tid: 0x7fa706dec200] Registered hostcall buffer 0x7fa5af600000 with listener 0x3b115000
:4:rocdevice.cpp            :2371: 4393795464336 us: [pid:4187013 tid: 0x7fa706dec200] Allocate hsa device memory 0x7fa6eca00000, size 0x20000, hsa_mem_flags 0x0h
:4:rocdevice.cpp            :2371: 4393795464378 us: [pid:4187013 tid: 0x7fa706dec200] Allocate hsa device memory 0x7fa5bc400000, size 0x800000, hsa_mem_flags 0x0h
:3:rocvirtual.cpp           :853 : 4393795465310 us: [pid:4187013 tid: 0x7fa706dec200] Arg0: ulong heap_to_initialize = val:140354911207424
:3:rocvirtual.cpp           :853 : 4393795465319 us: [pid:4187013 tid: 0x7fa706dec200] Arg1: ulong initial_blocks = val:140349804642304
:3:rocvirtual.cpp           :853 : 4393795465326 us: [pid:4187013 tid: 0x7fa706dec200] Arg2: uint heap_size = val:131072
:3:rocvirtual.cpp           :853 : 4393795465331 us: [pid:4187013 tid: 0x7fa706dec200] Arg3: uint number_of_initial_blocks = val:4
:3:rocvirtual.cpp           :3236: 4393795465345 us: [pid:4187013 tid: 0x7fa706dec200] ShaderName : __amd_rocclr_initHeap
:3:rocvirtual.cpp           :3449: 4393795465350 us: [pid:4187013 tid: 0x7fa706dec200] KernargSegmentByteSize = 24 KernargSegmentAlignment = 128
:4:rocvirtual.cpp           :965 : 4393795465361 us: [pid:4187013 tid: 0x7fa706dec200] SWq=0x7fa7015f0000, HWq=0x7fa6ed800000, id=1, Dispatch Header = 0x1502 (type=2, barrier=1, acquire=2, release=2), setup=1, grid=[256, 1, 1], workgroup=[256, 1, 1], private_seg_size=0, group_seg_size=0, kernel_obj=0x7fa7015de0c0, kernarg_address=0x7fa6ed600000, completion_signal=0x0, correlation_id=0, rptr=1, wptr=1
:4:rocvirtual.cpp           :1147: 4393795465378 us: [pid:4187013 tid: 0x7fa706dec200] SWq=0x7fa7015f0000, HWq=0x7fa6ed800000, id=1, BarrierAND Header = 0x1503 (type=3, barrier=1, acquire=2, release=2), dep_signal=[0x0, 0x0, 0x0, 0x0, 0x0], completion_signal=0x7fa7013ff680
:4:rocvirtual.cpp           :622 : 4393795465388 us: [pid:4187013 tid: 0x7fa706dec200] Host wait on completion_signal=0x7fa7013ff680
:3:rocvirtual.hpp           :56  : 4393795465396 us: [pid:4187013 tid: 0x7fa706dec200] Host active wait for Signal = (0x7fa7013ff680) for -1 ns
:3:rocvirtual.cpp           :3449: 4393795465409 us: [pid:4187013 tid: 0x7fa706dec200] KernargSegmentByteSize = 280 KernargSegmentAlignment = 128
:4:rocvirtual.cpp           :965 : 4393795465422 us: [pid:4187013 tid: 0x7fa706dec200] SWq=0x7fa7015f0000, HWq=0x7fa6ed800000, id=1, Dispatch Header = 0xb02 (type=2, barrier=1, acquire=1, release=1), setup=3, grid=[10000, 1024, 1], workgroup=[16, 16, 1], private_seg_size=220, group_seg_size=0, kernel_obj=0x7fa7015b11c0, kernarg_address=0x7fa6ed600000, completion_signal=0x0, correlation_id=0, rptr=3, wptr=3
:3:hip_module.cpp           :745 : 4393795465917 us: [pid:4187013 tid: 0x7fa706dec200] hipLaunchKernel: Returned hipSuccess : : duration: 144730 us
:3:hip_device_runtime.cpp   :641 : 4393795465933 us: [pid:4187013 tid: 0x7fa706dec200] [32m hipDeviceSynchronize (  ) [0m
:4:commandqueue.cpp         :161 : 4393795465942 us: [pid:4187013 tid: 0x7fa706dec200] Marker queued to ensure finish
:4:command.cpp              :359 : 4393795465947 us: [pid:4187013 tid: 0x7fa706dec200] Command (InternalMarker) enqueued: 0x3ae46a90
:3:rocvirtual.cpp           :533 : 4393795465963 us: [pid:4187013 tid: 0x7fa706dec200] Set Handler: handle(0x7fa7013fd680), timestamp(0x3b1ad1b0)
:4:rocvirtual.cpp           :1147: 4393795465972 us: [pid:4187013 tid: 0x7fa706dec200] SWq=0x7fa7015f0000, HWq=0x7fa6ed800000, id=1, BarrierAND Header = 0x1503 (type=3, barrier=1, acquire=2, release=2), dep_signal=[0x0, 0x0, 0x0, 0x0, 0x0], completion_signal=0x7fa7013fd680
:3:rocvirtual.hpp           :56  : 4393795465983 us: [pid:4187013 tid: 0x7fa706dec200] Host active wait for Signal = (0x7fa7013fd680) for -1 ns
:4:commandqueue.cpp         :184 : 4393795500886 us: [pid:4187013 tid: 0x7fa706dec200] All commands finished
:3:hip_device_runtime.cpp   :645 : 4393795500905 us: [pid:4187013 tid: 0x7fa706dec200] hipDeviceSynchronize: Returned hipSuccess : 
:3:rocvirtual.cpp           :226 : 4393795500934 us: [pid:4187013 tid: 0x7fa5d1bff6c0] Handler: value(0), timestamp(0x3b12c6f0), handle(0x7fa7013fd680)
:3:hip_memory.cpp           :756 : 4393795500950 us: [pid:4187013 tid: 0x7fa706dec200] [32m hipMalloc ( 0x7ffe79c10aa0, 104 ) [0m
:4:command.cpp              :169 : 4393795500966 us: [pid:4187013 tid: 0x7fa5d1bff6c0] Command 0x3b0aa8f0 complete
:4:rocdevice.cpp            :2371: 4393795501000 us: [pid:4187013 tid: 0x7fa706dec200] Allocate hsa device memory 0x7fa6eca20000, size 0x68, hsa_mem_flags 0x0h
:3:rocdevice.cpp            :2411: 4393795501023 us: [pid:4187013 tid: 0x7fa706dec200] Device=0x3aa841b0, freeMem_ = 0xffbf2bf98
:4:command.cpp              :163 : 4393795501003 us: [pid:4187013 tid: 0x7fa5d1bff6c0] Command 0x3ae46a90 complete (Wall: 4393795501001, CPU: 0, GPU: 35046 us)
:3:hip_memory.cpp           :758 : 4393795501039 us: [pid:4187013 tid: 0x7fa706dec200] hipMalloc: Returned hipSuccess : 0x7fa6eca20000: duration: 89 us
:3:hip_memory.cpp           :795 : 4393795501070 us: [pid:4187013 tid: 0x7fa706dec200] [32m hipMemcpy ( 0x7fa6eca20000, 0x7ffe79c10ab0, 104, hipMemcpyHostToDevice ) [0m
:4:command.cpp              :359 : 4393795501874 us: [pid:4187013 tid: 0x7fa706dec200] Command (CopyHostToDevice) enqueued: 0x3b1c0df0
:4:rocblit.cpp              :1803: 4393795501885 us: [pid:4187013 tid: 0x7fa706dec200] Unpinned write path, Async = 0
:4:rocblit.cpp              :1832: 4393795501890 us: [pid:4187013 tid: 0x7fa706dec200] memcpy stg buf=0x7fa6ed000000, host src=0x7ffe79c10ab0, size=104
:4:rocblit.cpp              :1835: 4393795501900 us: [pid:4187013 tid: 0x7fa706dec200] Blit staging H2D copy dst=0x7fa6eca20000, stg buf=0x7fa6ed000000, dstOrigin=0x0, size=104
:3:rocvirtual.cpp           :762 : 4393795501912 us: [pid:4187013 tid: 0x7fa706dec200] Arg0: uchar* src = ptr:0x7fa6ed000000
:3:rocvirtual.cpp           :762 : 4393795501924 us: [pid:4187013 tid: 0x7fa706dec200] Arg1: uchar* dst = ptr:0x7fa6eca20000
:3:rocvirtual.cpp           :853 : 4393795501930 us: [pid:4187013 tid: 0x7fa706dec200] Arg2: ulong size = val:104
:3:rocvirtual.cpp           :853 : 4393795501937 us: [pid:4187013 tid: 0x7fa706dec200] Arg3: uint remainder = val:8
:3:rocvirtual.cpp           :853 : 4393795501943 us: [pid:4187013 tid: 0x7fa706dec200] Arg4: uint aligned_size = val:16
:3:rocvirtual.cpp           :853 : 4393795501959 us: [pid:4187013 tid: 0x7fa706dec200] Arg5: ulong end_ptr = val:140354911338592
:3:rocvirtual.cpp           :853 : 4393795501967 us: [pid:4187013 tid: 0x7fa706dec200] Arg6: uint next_chunk = val:512
:3:rocvirtual.cpp           :3236: 4393795501973 us: [pid:4187013 tid: 0x7fa706dec200] ShaderName : __amd_rocclr_copyBuffer
:3:rocvirtual.cpp           :3449: 4393795501978 us: [pid:4187013 tid: 0x7fa706dec200] KernargSegmentByteSize = 304 KernargSegmentAlignment = 128
:4:rocvirtual.cpp           :965 : 4393795501988 us: [pid:4187013 tid: 0x7fa706dec200] SWq=0x7fa7015f0000, HWq=0x7fa6ed800000, id=1, Dispatch Header = 0xb02 (type=2, barrier=1, acquire=1, release=1), setup=1, grid=[512, 1, 1], workgroup=[512, 1, 1], private_seg_size=0, group_seg_size=0, kernel_obj=0x7fa7015dddc0, kernarg_address=0x7fa6ed600180, completion_signal=0x0, correlation_id=0, rptr=5, wptr=5
:4:commandqueue.cpp         :161 : 4393795502423 us: [pid:4187013 tid: 0x7fa706dec200] Marker queued to ensure finish
:4:command.cpp              :359 : 4393795502428 us: [pid:4187013 tid: 0x7fa706dec200] Command (InternalMarker) enqueued: 0x3ae46a90
:3:rocvirtual.cpp           :533 : 4393795502451 us: [pid:4187013 tid: 0x7fa706dec200] Set Handler: handle(0x7fa7013fd700), timestamp(0x3b1ad0a0)
:4:rocvirtual.cpp           :1147: 4393795502462 us: [pid:4187013 tid: 0x7fa706dec200] SWq=0x7fa7015f0000, HWq=0x7fa6ed800000, id=1, BarrierAND Header = 0x1503 (type=3, barrier=1, acquire=2, release=2), dep_signal=[0x0, 0x0, 0x0, 0x0, 0x0], completion_signal=0x7fa7013fd700
:4:commandqueue.cpp         :184 : 4393795502473 us: [pid:4187013 tid: 0x7fa706dec200] All commands finished
:3:hip_memory.cpp           :796 : 4393795502478 us: [pid:4187013 tid: 0x7fa706dec200] hipMemcpy: Returned hipSuccess : : duration: 1408 us
:3:hip_device_runtime.cpp   :641 : 4393795502486 us: [pid:4187013 tid: 0x7fa706dec200] [32m hipDeviceSynchronize (  ) [0m
:4:commandqueue.cpp         :184 : 4393795502493 us: [pid:4187013 tid: 0x7fa706dec200] All commands finished
:3:hip_device_runtime.cpp   :645 : 4393795502500 us: [pid:4187013 tid: 0x7fa706dec200] hipDeviceSynchronize: Returned hipSuccess : 
:3:hip_platform.cpp         :237 : 4393795502513 us: [pid:4187013 tid: 0x7fa706dec200] [32m __hipPushCallConfiguration ( {625,64,1}, {16,16,1}, 0, stream:<null> ) [0m
:3:hip_platform.cpp         :241 : 4393795502523 us: [pid:4187013 tid: 0x7fa706dec200] __hipPushCallConfiguration: Returned hipSuccess : 
:3:rocvirtual.cpp           :226 : 4393795502487 us: [pid:4187013 tid: 0x7fa5d1bff6c0] Handler: value(0), timestamp(0x3b042be0), handle(0x7fa7013fd700)
:3:hip_platform.cpp         :246 : 4393795502535 us: [pid:4187013 tid: 0x7fa706dec200] [32m __hipPopCallConfiguration ( {16,16,2042694936}, {2042694656,32766,290797650}, 0x7ffe79c109a8, 0x7ffe79c109a0 ) [0m
:4:command.cpp              :169 : 4393795503176 us: [pid:4187013 tid: 0x7fa5d1bff6c0] Command 0x3b1c0df0 complete
:3:hip_platform.cpp         :255 : 4393795503200 us: [pid:4187013 tid: 0x7fa706dec200] __hipPopCallConfiguration: Returned hipSuccess : 
:4:command.cpp              :163 : 4393795503205 us: [pid:4187013 tid: 0x7fa5d1bff6c0] Command 0x3ae46a90 complete (Wall: 4393795503203, CPU: 0, GPU: 760 us)
:3:hip_module.cpp           :744 : 4393795503218 us: [pid:4187013 tid: 0x7fa706dec200] [32m hipLaunchKernel ( 0x200e20, {625,64,1}, {16,16,1}, 0x7ffe79c10950, 0, stream:<null> ) [0m
:4:command.cpp              :359 : 4393795503261 us: [pid:4187013 tid: 0x7fa706dec200] Command (KernelExecution) enqueued: 0x3b130260
:3:rocvirtual.cpp           :762 : 4393795503271 us: [pid:4187013 tid: 0x7fa706dec200] Arg0:   = ptr:0x7fa5bce00000
:3:rocvirtual.cpp           :778 : 4393795503276 us: [pid:4187013 tid: 0x7fa706dec200] Arg0:   = ptr:0x7fa5bce00000 obj:[0x7fa5bce00000-0x7fa5bf510000]
:3:rocvirtual.cpp           :762 : 4393795503285 us: [pid:4187013 tid: 0x7fa706dec200] Arg1:   = ptr:0x7fa6eda00000
:3:rocvirtual.cpp           :778 : 4393795503290 us: [pid:4187013 tid: 0x7fa706dec200] Arg1:   = ptr:0x7fa6eda00000 obj:[0x7fa6eda00000-0x7fa6ee3c4000]
:3:rocvirtual.cpp           :762 : 4393795503708 us: [pid:4187013 tid: 0x7fa706dec200] Arg2:   = ptr:0x7fa6eca20000
:3:rocvirtual.cpp           :778 : 4393795503715 us: [pid:4187013 tid: 0x7fa706dec200] Arg2:   = ptr:0x7fa6eca20000 obj:[0x7fa6eca20000-0x7fa6eca20068]
:3:rocvirtual.cpp           :853 : 4393795503725 us: [pid:4187013 tid: 0x7fa706dec200] Arg3:   = val:1024
:3:rocvirtual.cpp           :853 : 4393795503729 us: [pid:4187013 tid: 0x7fa706dec200] Arg4:   = val:10000
:3:rocvirtual.cpp           :3236: 4393795503745 us: [pid:4187013 tid: 0x7fa706dec200] ShaderName : void entropy_opt<16, 16>(float*, char const*, float const*, int, int)
:3:rocvirtual.cpp           :3449: 4393795503756 us: [pid:4187013 tid: 0x7fa706dec200] KernargSegmentByteSize = 288 KernargSegmentAlignment = 128
:4:rocvirtual.cpp           :965 : 4393795503767 us: [pid:4187013 tid: 0x7fa706dec200] SWq=0x7fa7015f0000, HWq=0x7fa6ed800000, id=1, Dispatch Header = 0xb02 (type=2, barrier=1, acquire=1, release=1), setup=3, grid=[10000, 1024, 1], workgroup=[16, 16, 1], private_seg_size=204, group_seg_size=16384, kernel_obj=0x7fa7015b1200, kernarg_address=0x7fa6ed600300, completion_signal=0x0, correlation_id=0, rptr=7, wptr=7
:3:hip_module.cpp           :745 : 4393795503783 us: [pid:4187013 tid: 0x7fa706dec200] hipLaunchKernel: Returned hipSuccess : : duration: 565 us
:3:hip_device_runtime.cpp   :641 : 4393795503792 us: [pid:4187013 tid: 0x7fa706dec200] [32m hipDeviceSynchronize (  ) [0m
:4:commandqueue.cpp         :161 : 4393795503798 us: [pid:4187013 tid: 0x7fa706dec200] Marker queued to ensure finish
:4:command.cpp              :359 : 4393795503803 us: [pid:4187013 tid: 0x7fa706dec200] Command (InternalMarker) enqueued: 0x3ae46a90
:3:rocvirtual.cpp           :533 : 4393795503817 us: [pid:4187013 tid: 0x7fa706dec200] Set Handler: handle(0x7fa7013fd780), timestamp(0x3b1acf90)
:4:rocvirtual.cpp           :1147: 4393795503826 us: [pid:4187013 tid: 0x7fa706dec200] SWq=0x7fa7015f0000, HWq=0x7fa6ed800000, id=1, BarrierAND Header = 0x1503 (type=3, barrier=1, acquire=2, release=2), dep_signal=[0x0, 0x0, 0x0, 0x0, 0x0], completion_signal=0x7fa7013fd780
:3:rocvirtual.hpp           :56  : 4393795504284 us: [pid:4187013 tid: 0x7fa706dec200] Host active wait for Signal = (0x7fa7013fd780) for -1 ns
:4:commandqueue.cpp         :184 : 4393795527757 us: [pid:4187013 tid: 0x7fa706dec200] All commands finished
:3:hip_device_runtime.cpp   :645 : 4393795527781 us: [pid:4187013 tid: 0x7fa706dec200] hipDeviceSynchronize: Returned hipSuccess : 
:3:rocvirtual.cpp           :226 : 4393795527788 us: [pid:4187013 tid: 0x7fa5d1bff6c0] Handler: value(0), timestamp(0x3b1403f0), handle(0x7fa7013fd780)
:3:hip_memory.cpp           :795 : 4393795527824 us: [pid:4187013 tid: 0x7fa706dec200] [32m hipMemcpy ( 0x7fa703d0c010, 0x7fa5bce00000, 40960000, hipMemcpyDeviceToHost ) [0m
:4:command.cpp              :169 : 4393795528205 us: [pid:4187013 tid: 0x7fa5d1bff6c0] Command 0x3b130260 complete
:4:command.cpp              :359 : 4393795528226 us: [pid:4187013 tid: 0x7fa706dec200] Command (CopyDeviceToHost) enqueued: 0x3b2d7720
:4:rocblit.cpp              :1673: 4393795528238 us: [pid:4187013 tid: 0x7fa706dec200] Unpinned read path, Async = 0
:4:command.cpp              :163 : 4393795528251 us: [pid:4187013 tid: 0x7fa5d1bff6c0] Command 0x3ae46a90 complete (Wall: 4393795528250, CPU: 0, GPU: 24438 us)
:4:rocmemory.cpp            :1018: 4393795539678 us: [pid:4187013 tid: 0x7fa706dec200] Locking to pool 0x3a98abe0, size 0x2001000, HostPtr = 0x7fa703d0c000, DevPtr = 0x7fa703d0c000
:4:rocblit.cpp              :623 : 4393795539701 us: [pid:4187013 tid: 0x7fa706dec200] HSA Copy Using Pinned resource size 33554432
:4:rocblit.cpp              :687 : 4393795539709 us: [pid:4187013 tid: 0x7fa706dec200] HSA Async Copy staged D2H
:4:rocblit.cpp              :503 : 4393795539717 us: [pid:4187013 tid: 0x7fa706dec200] Last copy mask 0x0
:4:rocblit.cpp              :509 : 4393795539725 us: [pid:4187013 tid: 0x7fa706dec200] Query copy engine status 0, free_engine mask 0x1e
:4:rocblit.cpp              :520 : 4393795539737 us: [pid:4187013 tid: 0x7fa706dec200] HSA Async Copy on copy_engine=0x2, dst=0x7fa703d0c010, src=0x7fa5bce00000, size=33554432, forceSDMA=0, wait_event=0x0, completion_signal=0x7fa7013ff480
:4:rocvirtual.cpp           :622 : 4393795545827 us: [pid:4187013 tid: 0x7fa706dec200] Host wait on completion_signal=0x7fa7013ff480
:3:rocvirtual.hpp           :56  : 4393795545857 us: [pid:4187013 tid: 0x7fa706dec200] Host active wait for Signal = (0x7fa7013ff480) for -1 ns
:4:rocmemory.cpp            :1018: 4393795549521 us: [pid:4187013 tid: 0x7fa706dec200] Locking to pool 0x3a98abe0, size 0x711000, HostPtr = 0x7fa705d0c000, DevPtr = 0x7fa705d0c000
:4:rocblit.cpp              :623 : 4393795549544 us: [pid:4187013 tid: 0x7fa706dec200] HSA Copy Using Pinned resource size 7405568
:4:rocblit.cpp              :687 : 4393795549553 us: [pid:4187013 tid: 0x7fa706dec200] HSA Async Copy staged D2H
:4:rocblit.cpp              :503 : 4393795549559 us: [pid:4187013 tid: 0x7fa706dec200] Last copy mask 0x2
:4:rocblit.cpp              :520 : 4393795549564 us: [pid:4187013 tid: 0x7fa706dec200] HSA Async Copy on copy_engine=0x2, dst=0x7fa705d0c010, src=0x7fa5bee00000, size=7405568, forceSDMA=0, wait_event=0x0, completion_signal=0x7fa7013ff400
:4:rocvirtual.cpp           :622 : 4393795549575 us: [pid:4187013 tid: 0x7fa706dec200] Host wait on completion_signal=0x7fa7013ff400
:3:rocvirtual.hpp           :56  : 4393795549582 us: [pid:4187013 tid: 0x7fa706dec200] Host active wait for Signal = (0x7fa7013ff400) for -1 ns
:4:commandqueue.cpp         :161 : 4393795549851 us: [pid:4187013 tid: 0x7fa706dec200] Marker queued to ensure finish
:4:command.cpp              :359 : 4393795550102 us: [pid:4187013 tid: 0x7fa706dec200] Command (InternalMarker) enqueued: 0x3b1c7d00
:3:rocvirtual.cpp           :533 : 4393795550120 us: [pid:4187013 tid: 0x7fa706dec200] Set Handler: handle(0x7fa7013fd800), timestamp(0x3b1acec0)
:4:rocvirtual.cpp           :1147: 4393795550130 us: [pid:4187013 tid: 0x7fa706dec200] SWq=0x7fa7015f0000, HWq=0x7fa6ed800000, id=1, BarrierAND Header = 0x1503 (type=3, barrier=1, acquire=2, release=2), dep_signal=[0x0, 0x0, 0x0, 0x0, 0x0], completion_signal=0x7fa7013fd800
:4:commandqueue.cpp         :184 : 4393795550141 us: [pid:4187013 tid: 0x7fa706dec200] All commands finished
:3:rocvirtual.cpp           :226 : 4393795550145 us: [pid:4187013 tid: 0x7fa5d1bff6c0] Handler: value(0), timestamp(0x3b085ad0), handle(0x7fa7013fd800)
:4:command.cpp              :169 : 4393795550162 us: [pid:4187013 tid: 0x7fa5d1bff6c0] Command 0x3b2d7720 complete
:3:hip_memory.cpp           :796 : 4393795550147 us: [pid:4187013 tid: 0x7fa706dec200] hipMemcpy: Returned hipSuccess : : duration: 22323 us
:3:hip_memory.cpp           :772 : 4393795550184 us: [pid:4187013 tid: 0x7fa706dec200] [32m hipFree ( 0x7fa6eda00000 ) [0m
:4:command.cpp              :163 : 4393795550169 us: [pid:4187013 tid: 0x7fa5d1bff6c0] Command 0x3b1c7d00 complete (Wall: 4393795550168, CPU: 0, GPU: 57 us)
:4:commandqueue.cpp         :167 : 4393795550190 us: [pid:4187013 tid: 0x7fa706dec200] HW Event not ready, awaiting completion instead
:4:commandqueue.cpp         :184 : 4393795550217 us: [pid:4187013 tid: 0x7fa706dec200] All commands finished
:4:rocdevice.cpp            :2388: 4393795550304 us: [pid:4187013 tid: 0x7fa706dec200] Free hsa memory 0x7fa6eda00000
:3:rocdevice.cpp            :2411: 4393795550596 us: [pid:4187013 tid: 0x7fa706dec200] Device=0x3aa841b0, freeMem_ = 0xffc8eff98
:3:hip_memory.cpp           :774 : 4393795550606 us: [pid:4187013 tid: 0x7fa706dec200] hipFree: Returned hipSuccess : 
:3:hip_memory.cpp           :772 : 4393795550612 us: [pid:4187013 tid: 0x7fa706dec200] [32m hipFree ( 0x7fa5bce00000 ) [0m
:4:rocdevice.cpp            :2388: 4393795550662 us: [pid:4187013 tid: 0x7fa706dec200] Free hsa memory 0x7fa5bce00000
:3:rocdevice.cpp            :2411: 4393795550668 us: [pid:4187013 tid: 0x7fa706dec200] Device=0x3aa841b0, freeMem_ = 0xffeffff98
:3:hip_memory.cpp           :774 : 4393795550681 us: [pid:4187013 tid: 0x7fa706dec200] hipFree: Returned hipSuccess : 
:3:hip_memory.cpp           :772 : 4393795550686 us: [pid:4187013 tid: 0x7fa706dec200] [32m hipFree ( 0x7fa6eca20000 ) [0m
:4:rocdevice.cpp            :2388: 4393795550694 us: [pid:4187013 tid: 0x7fa706dec200] Free hsa memory 0x7fa6eca20000
:3:rocdevice.cpp            :2411: 4393795550698 us: [pid:4187013 tid: 0x7fa706dec200] Device=0x3aa841b0, freeMem_ = 0xfff000000
:3:hip_memory.cpp           :774 : 4393795550707 us: [pid:4187013 tid: 0x7fa706dec200] hipFree: Returned hipSuccess : 
:4:rocdevice.cpp            :2388: 4393799060049 us: [pid:4187013 tid: 0x7fa706dec200] Free hsa memory (nil)
:3:rocdevice.cpp            :3254: 4393799060075 us: [pid:4187013 tid: 0x7fa706dec200] releaseQueue refCount:0x7fa6ed800000 (0)
:4:rocdevice.cpp            :2388: 4393799060264 us: [pid:4187013 tid: 0x7fa706dec200] Free hsa memory 0x7fa6ed600000
:4:rocdevice.cpp            :2388: 4393799061110 us: [pid:4187013 tid: 0x7fa706dec200] Free hsa memory 0x7fa6ed000000
:4:rocdevice.cpp            :2388: 4393799061800 us: [pid:4187013 tid: 0x7fa706dec200] Free hsa memory 0x7fa6ee600000
:4:rocdevice.cpp            :2388: 4393799061861 us: [pid:4187013 tid: 0x7fa706dec200] Free hsa memory 0x7fa71123a000
:3:rocdevice.cpp            :278 : 4393799061868 us: [pid:4187013 tid: 0x7fa706dec200] Deleting hostcall buffer 0x7fa5af600000 for hardware queue 0x7fa6ed800000
:3:devhostcall.cpp          :460 : 4393799061881 us: [pid:4187013 tid: 0x7fa706dec200] Terminated hostcall listener
:4:rocdevice.cpp            :2388: 4393799063622 us: [pid:4187013 tid: 0x7fa706dec200] Free hsa memory 0x7fa5af600000
:3:rocdevice.cpp            :283 : 4393799063638 us: [pid:4187013 tid: 0x7fa706dec200] Deleting hardware queue 0x7fa6ed800000 with refCount 0
:4:rocdevice.cpp            :2388: 4393799068467 us: [pid:4187013 tid: 0x7fa706dec200] Free hsa memory 0x7fa6eec00000
:4:rocdevice.cpp            :2388: 4393799068830 us: [pid:4187013 tid: 0x7fa706dec200] Free hsa memory 0x7fa6eca00000
:4:rocdevice.cpp            :2388: 4393799069082 us: [pid:4187013 tid: 0x7fa706dec200] Free hsa memory 0x7fa5bc400000
