:3:rocdevice.cpp            :465 : 4394570389431 us: [pid:75900 tid: 0x7fde6c0d3200] Initializing HSA stack.
:3:rocdevice.cpp            :551 : 4394571879158 us: [pid:75900 tid: 0x7fde6c0d3200] Enumerated GPU agents = 1
:3:rocdevice.cpp            :230 : 4394571879213 us: [pid:75900 tid: 0x7fde6c0d3200] Numa selects cpu agent[0]=0x273eebd0(fine=0x27474c70,coarse=0x274756f0) for gpu agent=0x274a0cc0 CPU<->GPU XGMI=0
:3:rocsettings.cpp          :284 : 4394571879225 us: [pid:75900 tid: 0x7fde6c0d3200] Using dev kernel arg wa = 0
:3:comgrctx.cpp             :33  : 4394571879231 us: [pid:75900 tid: 0x7fde6c0d3200] Loading COMGR library.
:3:comgrctx.cpp             :128 : 4394571879267 us: [pid:75900 tid: 0x7fde6c0d3200] Loaded COMGR library version 3.0.
:3:rocdevice.cpp            :1785: 4394571879760 us: [pid:75900 tid: 0x7fde6c0d3200] Gfx Major/Minor/Stepping: 9/0/10
:3:rocdevice.cpp            :1787: 4394571879771 us: [pid:75900 tid: 0x7fde6c0d3200] HMM support: 1, XNACK: 0, Direct host access: 0
:3:rocdevice.cpp            :1789: 4394571879779 us: [pid:75900 tid: 0x7fde6c0d3200] Max SDMA Read Mask: 0x1e, Max SDMA Write Mask: 0x1f
:4:rocdevice.cpp            :2210: 4394571880493 us: [pid:75900 tid: 0x7fde6c0d3200] Allocate hsa host memory 0x7fde39400000, size 0x100000, numa_node = 0
:4:rocdevice.cpp            :2210: 4394572607974 us: [pid:75900 tid: 0x7fde6c0d3200] Allocate hsa host memory 0x7fde38e00000, size 0x400000, numa_node = 0
:4:rocdevice.cpp            :2210: 4394572608152 us: [pid:75900 tid: 0x7fde6c0d3200] Allocate hsa host memory 0x7fde76314000, size 0x38, numa_node = 0
:3:hip_context.cpp          :54  : 4394572608586 us: [pid:75900 tid: 0x7fde6c0d3200] Direct Dispatch: 1
:3:hip_fatbin.cpp           :427 : 4394572608745 us: [pid:75900 tid: 0x7fde6c0d3200] Searching for code objects, HIP_FORCE_SPIRV_CODEOBJECT: 0
:3:hip_fatbin.cpp           :435 : 4394572609182 us: [pid:75900 tid: 0x7fde6c0d3200] Using Native code object: gfx90a:sramecc+:xnack-
:3:hip_memory.cpp           :756 : 4394572609221 us: [pid:75900 tid: 0x7fde6c0d3200] [32m hipMalloc ( 0x7ffe30ee91b0, 536870912 ) [0m
:4:rocdevice.cpp            :2371: 4394572609311 us: [pid:75900 tid: 0x7fde6c0d3200] Allocate hsa device memory 0x7fdd01800000, size 0x20000000, hsa_mem_flags 0x0h
:3:rocdevice.cpp            :2411: 4394572609657 us: [pid:75900 tid: 0x7fde6c0d3200] Device=0x27561e90, freeMem_ = 0xfdf000000
:3:hip_memory.cpp           :758 : 4394572609684 us: [pid:75900 tid: 0x7fde6c0d3200] hipMalloc: Returned hipSuccess : 0x7fdd01800000: duration: 463 us
:3:hip_platform.cpp         :237 : 4394572609708 us: [pid:75900 tid: 0x7fde6c0d3200] [32m __hipPushCallConfiguration ( {262144,1,1}, {256,1,1}, 0, stream:<null> ) [0m
:3:hip_platform.cpp         :241 : 4394572609719 us: [pid:75900 tid: 0x7fde6c0d3200] __hipPushCallConfiguration: Returned hipSuccess : 
:3:hip_platform.cpp         :246 : 4394572609731 us: [pid:75900 tid: 0x7fde6c0d3200] [32m __hipPopCallConfiguration ( {0,0,820941640}, {256,1,820941608}, 0x7ffe30ee9088, 0x7ffe30ee9080 ) [0m
:3:hip_platform.cpp         :255 : 4394572609739 us: [pid:75900 tid: 0x7fde6c0d3200] __hipPopCallConfiguration: Returned hipSuccess : 
:3:hip_module.cpp           :744 : 4394572609776 us: [pid:75900 tid: 0x7fde6c0d3200] [32m hipLaunchKernel ( 0x200c70, {262144,1,1}, {256,1,1}, 0x7ffe30ee9050, 0, stream:<null> ) [0m
:3:devprogram.cpp           :2658: 4394572610501 us: [pid:75900 tid: 0x7fde6c0d3200] Using Code Object V5.
:3:rocdevice.cpp            :3048: 4394572616552 us: [pid:75900 tid: 0x7fde6c0d3200] Number of allocated hardware queues with low priority: 0, with normal priority: 0, with high priority: 0, maximum per priority is: 4
:3:rocdevice.cpp            :3129: 4394572621875 us: [pid:75900 tid: 0x7fde6c0d3200] Created SWq=0x7fde6c0aa000 to map on HWq=0x7fde38c00000 with size 16384 with priority 1, cooperative: 0
:3:rocdevice.cpp            :3222: 4394572621901 us: [pid:75900 tid: 0x7fde6c0d3200] acquireQueue refCount: 0x7fde38c00000 (1)
:4:rocdevice.cpp            :2210: 4394572622285 us: [pid:75900 tid: 0x7fde6c0d3200] Allocate hsa host memory 0x7fde38a00000, size 0x100000, numa_node = 0
:3:devprogram.cpp           :2658: 4394572896444 us: [pid:75900 tid: 0x7fde6c0d3200] Using Code Object V5.
:4:rocdevice.cpp            :2210: 4394574929908 us: [pid:75900 tid: 0x7fde6c0d3200] Allocate hsa host memory 0x7fde38400000, size 0x400000, numa_node = 0
:4:command.cpp              :359 : 4394574930390 us: [pid:75900 tid: 0x7fde6c0d3200] Command (KernelExecution) enqueued: 0x27ba6e30
:3:rocvirtual.cpp           :762 : 4394574930518 us: [pid:75900 tid: 0x7fde6c0d3200] Arg0:   = ptr:0x7fdd01800000
:3:rocvirtual.cpp           :778 : 4394574930886 us: [pid:75900 tid: 0x7fde6c0d3200] Arg0:   = ptr:0x7fdd01800000 obj:[0x7fdd01800000-0x7fdd21800000]
:3:rocvirtual.cpp           :853 : 4394574930896 us: [pid:75900 tid: 0x7fde6c0d3200] Arg1:   = val:67108864
:3:rocvirtual.cpp           :3236: 4394574930912 us: [pid:75900 tid: 0x7fde6c0d3200] ShaderName : initTable(unsigned long long*, unsigned long long)
:4:rocdevice.cpp            :2210: 4394575050969 us: [pid:75900 tid: 0x7fde6c0d3200] Allocate hsa host memory 0x7fdcea600000, size 0xd13838, numa_node = 0
:3:rocdevice.cpp            :3322: 4394575051224 us: [pid:75900 tid: 0x7fde6c0d3200] Created hostcall buffer 0x7fdcea600000 for hardware queue 0x7fde38c00000
:4:rocsignal.cpp            :38  : 4394575051839 us: [pid:75900 tid: 0x7fde6c0d3200] Initialize Hostcall signal=0x7fde4bbfd380
:3:devhostcall.cpp          :428 : 4394575052814 us: [pid:75900 tid: 0x7fde6c0d3200] Launched hostcall listener at 0x27b12320
:3:devhostcall.cpp          :441 : 4394575052820 us: [pid:75900 tid: 0x7fde6c0d3200] Registered hostcall buffer 0x7fdcea600000 with listener 0x27b12320
:4:rocdevice.cpp            :2371: 4394575052891 us: [pid:75900 tid: 0x7fde6c0d3200] Allocate hsa device memory 0x7fdcea200000, size 0x20000, hsa_mem_flags 0x0h
:4:rocdevice.cpp            :2371: 4394575052934 us: [pid:75900 tid: 0x7fde6c0d3200] Allocate hsa device memory 0x7fdce9800000, size 0x800000, hsa_mem_flags 0x0h
:3:rocvirtual.cpp           :853 : 4394575052947 us: [pid:75900 tid: 0x7fde6c0d3200] Arg0: ulong heap_to_initialize = val:140586797498368
:3:rocvirtual.cpp           :853 : 4394575053321 us: [pid:75900 tid: 0x7fde6c0d3200] Arg1: ulong initial_blocks = val:140586787012608
:3:rocvirtual.cpp           :853 : 4394575053329 us: [pid:75900 tid: 0x7fde6c0d3200] Arg2: uint heap_size = val:131072
:3:rocvirtual.cpp           :853 : 4394575053334 us: [pid:75900 tid: 0x7fde6c0d3200] Arg3: uint number_of_initial_blocks = val:4
:3:rocvirtual.cpp           :3236: 4394575053346 us: [pid:75900 tid: 0x7fde6c0d3200] ShaderName : __amd_rocclr_initHeap
:3:rocvirtual.cpp           :3449: 4394575053351 us: [pid:75900 tid: 0x7fde6c0d3200] KernargSegmentByteSize = 24 KernargSegmentAlignment = 128
:4:rocvirtual.cpp           :965 : 4394575053369 us: [pid:75900 tid: 0x7fde6c0d3200] SWq=0x7fde6c0aa000, HWq=0x7fde38c00000, id=1, Dispatch Header = 0xb02 (type=2, barrier=1, acquire=1, release=1), setup=1, grid=[256, 1, 1], workgroup=[256, 1, 1], private_seg_size=0, group_seg_size=0, kernel_obj=0x7fde6c0960c0, kernarg_address=0x7fde38a00000, completion_signal=0x0, correlation_id=0, rptr=0, wptr=0
:4:rocvirtual.cpp           :1147: 4394575053387 us: [pid:75900 tid: 0x7fde6c0d3200] SWq=0x7fde6c0aa000, HWq=0x7fde38c00000, id=1, BarrierAND Header = 0x1503 (type=3, barrier=1, acquire=2, release=2), dep_signal=[0x0, 0x0, 0x0, 0x0, 0x0], completion_signal=0x7fde4bbff780
:4:rocvirtual.cpp           :622 : 4394575053397 us: [pid:75900 tid: 0x7fde6c0d3200] Host wait on completion_signal=0x7fde4bbff780
:3:rocvirtual.hpp           :56  : 4394575053405 us: [pid:75900 tid: 0x7fde6c0d3200] Host active wait for Signal = (0x7fde4bbff780) for -1 ns
:3:rocvirtual.cpp           :3449: 4394575057042 us: [pid:75900 tid: 0x7fde6c0d3200] KernargSegmentByteSize = 272 KernargSegmentAlignment = 128
:4:rocvirtual.cpp           :965 : 4394575057057 us: [pid:75900 tid: 0x7fde6c0d3200] SWq=0x7fde6c0aa000, HWq=0x7fde38c00000, id=1, Dispatch Header = 0xb02 (type=2, barrier=1, acquire=1, release=1), setup=3, grid=[67108864, 1, 1], workgroup=[256, 1, 1], private_seg_size=64, group_seg_size=0, kernel_obj=0x7fde6c0c1040, kernarg_address=0x7fde38a00000, completion_signal=0x0, correlation_id=0, rptr=2, wptr=2
:3:hip_module.cpp           :745 : 4394575057077 us: [pid:75900 tid: 0x7fde6c0d3200] hipLaunchKernel: Returned hipSuccess : : duration: 2447301 us
:3:hip_platform.cpp         :237 : 4394575057090 us: [pid:75900 tid: 0x7fde6c0d3200] [32m __hipPushCallConfiguration ( {1,1,1}, {128,1,1}, 0, stream:<null> ) [0m
:3:hip_platform.cpp         :241 : 4394575057099 us: [pid:75900 tid: 0x7fde6c0d3200] __hipPushCallConfiguration: Returned hipSuccess : 
:3:hip_platform.cpp         :246 : 4394575057110 us: [pid:75900 tid: 0x7fde6c0d3200] [32m __hipPopCallConfiguration ( {0,0,820941640}, {128,1,820941608}, 0x7ffe30ee9088, 0x7ffe30ee9080 ) [0m
:3:hip_platform.cpp         :255 : 4394575057117 us: [pid:75900 tid: 0x7fde6c0d3200] __hipPopCallConfiguration: Returned hipSuccess : 
:3:hip_module.cpp           :744 : 4394575057129 us: [pid:75900 tid: 0x7fde6c0d3200] [32m hipLaunchKernel ( 0x200c78, {1,1,1}, {128,1,1}, 0x7ffe30ee9050, 0, stream:<null> ) [0m
:4:command.cpp              :359 : 4394575057146 us: [pid:75900 tid: 0x7fde6c0d3200] Command (KernelExecution) enqueued: 0x27dc71e0
:3:rocvirtual.cpp           :762 : 4394575057154 us: [pid:75900 tid: 0x7fde6c0d3200] Arg0:   = ptr:0x7fdd01800000
:3:rocvirtual.cpp           :778 : 4394575057160 us: [pid:75900 tid: 0x7fde6c0d3200] Arg0:   = ptr:0x7fdd01800000 obj:[0x7fdd01800000-0x7fdd21800000]
:3:rocvirtual.cpp           :853 : 4394575057167 us: [pid:75900 tid: 0x7fde6c0d3200] Arg1:   = val:67108864
:3:rocvirtual.cpp           :3236: 4394575057176 us: [pid:75900 tid: 0x7fde6c0d3200] ShaderName : update(unsigned long long*, unsigned long long)
:3:rocvirtual.cpp           :3449: 4394575057544 us: [pid:75900 tid: 0x7fde6c0d3200] KernargSegmentByteSize = 272 KernargSegmentAlignment = 128
:4:rocvirtual.cpp           :965 : 4394575057553 us: [pid:75900 tid: 0x7fde6c0d3200] SWq=0x7fde6c0aa000, HWq=0x7fde38c00000, id=1, Dispatch Header = 0xb02 (type=2, barrier=1, acquire=1, release=1), setup=3, grid=[128, 1, 1], workgroup=[128, 1, 1], private_seg_size=1024, group_seg_size=0, kernel_obj=0x7fde6c0c1080, kernarg_address=0x7fde38a00180, completion_signal=0x0, correlation_id=0, rptr=2, wptr=3
:3:hip_module.cpp           :745 : 4394575057567 us: [pid:75900 tid: 0x7fde6c0d3200] hipLaunchKernel: Returned hipSuccess : : duration: 438 us
:3:hip_device_runtime.cpp   :641 : 4394575057578 us: [pid:75900 tid: 0x7fde6c0d3200] [32m hipDeviceSynchronize (  ) [0m
:4:commandqueue.cpp         :161 : 4394575057584 us: [pid:75900 tid: 0x7fde6c0d3200] Marker queued to ensure finish
:4:command.cpp              :359 : 4394575057589 us: [pid:75900 tid: 0x7fde6c0d3200] Command (InternalMarker) enqueued: 0x27b34e40
:3:rocvirtual.cpp           :533 : 4394575057606 us: [pid:75900 tid: 0x7fde6c0d3200] Set Handler: handle(0x7fde4bbfd600), timestamp(0x27b1ee30)
:4:rocvirtual.cpp           :1147: 4394575057614 us: [pid:75900 tid: 0x7fde6c0d3200] SWq=0x7fde6c0aa000, HWq=0x7fde38c00000, id=1, BarrierAND Header = 0x1503 (type=3, barrier=1, acquire=2, release=2), dep_signal=[0x0, 0x0, 0x0, 0x0, 0x0], completion_signal=0x7fde4bbfd600
:3:rocvirtual.hpp           :56  : 4394575057625 us: [pid:75900 tid: 0x7fde6c0d3200] Host active wait for Signal = (0x7fde4bbfd600) for -1 ns
:4:commandqueue.cpp         :184 : 4394584013701 us: [pid:75900 tid: 0x7fde6c0d3200] All commands finished
:3:rocvirtual.cpp           :226 : 4394584013728 us: [pid:75900 tid: 0x7fdcfd9ff6c0] Handler: value(0), timestamp(0x27cbc9c0), handle(0x7fde4bbfd600)
:4:command.cpp              :169 : 4394584013752 us: [pid:75900 tid: 0x7fdcfd9ff6c0] Command 0x27ba6e30 complete
:3:hip_device_runtime.cpp   :645 : 4394584013731 us: [pid:75900 tid: 0x7fde6c0d3200] hipDeviceSynchronize: Returned hipSuccess : 
:4:command.cpp              :169 : 4394584013766 us: [pid:75900 tid: 0x7fdcfd9ff6c0] Command 0x27dc71e0 complete
:4:command.cpp              :163 : 4394584013792 us: [pid:75900 tid: 0x7fdcfd9ff6c0] Command 0x27b34e40 complete (Wall: 4394584013791, CPU: 0, GPU: 8956193 us)
:3:hip_memory.cpp           :795 : 4394584013804 us: [pid:75900 tid: 0x7fde6c0d3200] [32m hipMemcpy ( 0x7fde4bdff400, 0x7fdd01800000, 536870912, hipMemcpyDeviceToHost ) [0m
:4:command.cpp              :359 : 4394584013828 us: [pid:75900 tid: 0x7fde6c0d3200] Command (CopyDeviceToHost) enqueued: 0x27c14b40
:4:rocblit.cpp              :1673: 4394584013841 us: [pid:75900 tid: 0x7fde6c0d3200] Unpinned read path, Async = 0
:4:rocmemory.cpp            :1018: 4394584024696 us: [pid:75900 tid: 0x7fde6c0d3200] Locking to pool 0x274756f0, size 0x2001000, HostPtr = 0x7fde4bdff000, DevPtr = 0x7fde4bdff000
:4:rocblit.cpp              :623 : 4394584024718 us: [pid:75900 tid: 0x7fde6c0d3200] HSA Copy Using Pinned resource size 33554432
:4:rocblit.cpp              :687 : 4394584024727 us: [pid:75900 tid: 0x7fde6c0d3200] HSA Async Copy staged D2H
:4:rocblit.cpp              :503 : 4394584024733 us: [pid:75900 tid: 0x7fde6c0d3200] Last copy mask 0x0
:4:rocblit.cpp              :509 : 4394584024740 us: [pid:75900 tid: 0x7fde6c0d3200] Query copy engine status 0, free_engine mask 0x1e
:4:rocblit.cpp              :520 : 4394584024749 us: [pid:75900 tid: 0x7fde6c0d3200] HSA Async Copy on copy_engine=0x2, dst=0x7fde4bdff400, src=0x7fdd01800000, size=33554432, forceSDMA=0, wait_event=0x0, completion_signal=0x7fde4bbff680
:4:rocvirtual.cpp           :622 : 4394584035844 us: [pid:75900 tid: 0x7fde6c0d3200] Host wait on completion_signal=0x7fde4bbff680
:3:rocvirtual.hpp           :56  : 4394584035863 us: [pid:75900 tid: 0x7fde6c0d3200] Host active wait for Signal = (0x7fde4bbff680) for -1 ns
:4:rocmemory.cpp            :1018: 4394584047064 us: [pid:75900 tid: 0x7fde6c0d3200] Locking to pool 0x274756f0, size 0x2001000, HostPtr = 0x7fde4ddff000, DevPtr = 0x7fde4ddff000
:4:rocblit.cpp              :623 : 4394584047079 us: [pid:75900 tid: 0x7fde6c0d3200] HSA Copy Using Pinned resource size 33554432
:4:rocblit.cpp              :687 : 4394584047088 us: [pid:75900 tid: 0x7fde6c0d3200] HSA Async Copy staged D2H
:4:rocblit.cpp              :503 : 4394584047093 us: [pid:75900 tid: 0x7fde6c0d3200] Last copy mask 0x2
:4:rocblit.cpp              :520 : 4394584047098 us: [pid:75900 tid: 0x7fde6c0d3200] HSA Async Copy on copy_engine=0x2, dst=0x7fde4ddff400, src=0x7fdd03800000, size=33554432, forceSDMA=0, wait_event=0x0, completion_signal=0x7fde4bbff600
:4:rocvirtual.cpp           :622 : 4394584047107 us: [pid:75900 tid: 0x7fde6c0d3200] Host wait on completion_signal=0x7fde4bbff600
:3:rocvirtual.hpp           :56  : 4394584047115 us: [pid:75900 tid: 0x7fde6c0d3200] Host active wait for Signal = (0x7fde4bbff600) for -1 ns
:4:rocmemory.cpp            :1018: 4394584058612 us: [pid:75900 tid: 0x7fde6c0d3200] Locking to pool 0x274756f0, size 0x2001000, HostPtr = 0x7fde4fdff000, DevPtr = 0x7fde4fdff000
:4:rocblit.cpp              :623 : 4394584058626 us: [pid:75900 tid: 0x7fde6c0d3200] HSA Copy Using Pinned resource size 33554432
:4:rocblit.cpp              :687 : 4394584058634 us: [pid:75900 tid: 0x7fde6c0d3200] HSA Async Copy staged D2H
:4:rocblit.cpp              :503 : 4394584058640 us: [pid:75900 tid: 0x7fde6c0d3200] Last copy mask 0x2
:4:rocblit.cpp              :520 : 4394584058645 us: [pid:75900 tid: 0x7fde6c0d3200] HSA Async Copy on copy_engine=0x2, dst=0x7fde4fdff400, src=0x7fdd05800000, size=33554432, forceSDMA=0, wait_event=0x0, completion_signal=0x7fde4bbff580
:4:rocvirtual.cpp           :622 : 4394584058654 us: [pid:75900 tid: 0x7fde6c0d3200] Host wait on completion_signal=0x7fde4bbff580
:3:rocvirtual.hpp           :56  : 4394584058661 us: [pid:75900 tid: 0x7fde6c0d3200] Host active wait for Signal = (0x7fde4bbff580) for -1 ns
:4:rocmemory.cpp            :1018: 4394584069753 us: [pid:75900 tid: 0x7fde6c0d3200] Locking to pool 0x274756f0, size 0x2001000, HostPtr = 0x7fde51dff000, DevPtr = 0x7fde51dff000
:4:rocblit.cpp              :623 : 4394584069767 us: [pid:75900 tid: 0x7fde6c0d3200] HSA Copy Using Pinned resource size 33554432
:4:rocblit.cpp              :687 : 4394584069776 us: [pid:75900 tid: 0x7fde6c0d3200] HSA Async Copy staged D2H
:4:rocblit.cpp              :503 : 4394584069784 us: [pid:75900 tid: 0x7fde6c0d3200] Last copy mask 0x2
:4:rocblit.cpp              :520 : 4394584069789 us: [pid:75900 tid: 0x7fde6c0d3200] HSA Async Copy on copy_engine=0x2, dst=0x7fde51dff400, src=0x7fdd07800000, size=33554432, forceSDMA=0, wait_event=0x0, completion_signal=0x7fde4bbff500
:4:rocvirtual.cpp           :622 : 4394584069798 us: [pid:75900 tid: 0x7fde6c0d3200] Host wait on completion_signal=0x7fde4bbff500
:3:rocvirtual.hpp           :56  : 4394584069806 us: [pid:75900 tid: 0x7fde6c0d3200] Host active wait for Signal = (0x7fde4bbff500) for -1 ns
:4:rocmemory.cpp            :1018: 4394584080901 us: [pid:75900 tid: 0x7fde6c0d3200] Locking to pool 0x274756f0, size 0x2001000, HostPtr = 0x7fde53dff000, DevPtr = 0x7fde53dff000
:4:rocblit.cpp              :623 : 4394584080917 us: [pid:75900 tid: 0x7fde6c0d3200] HSA Copy Using Pinned resource size 33554432
:4:rocblit.cpp              :687 : 4394584080925 us: [pid:75900 tid: 0x7fde6c0d3200] HSA Async Copy staged D2H
:4:rocblit.cpp              :503 : 4394584080930 us: [pid:75900 tid: 0x7fde6c0d3200] Last copy mask 0x2
:4:rocblit.cpp              :520 : 4394584080934 us: [pid:75900 tid: 0x7fde6c0d3200] HSA Async Copy on copy_engine=0x2, dst=0x7fde53dff400, src=0x7fdd09800000, size=33554432, forceSDMA=0, wait_event=0x0, completion_signal=0x7fde4bbff480
:4:rocvirtual.cpp           :622 : 4394584080943 us: [pid:75900 tid: 0x7fde6c0d3200] Host wait on completion_signal=0x7fde4bbff480
:3:rocvirtual.hpp           :56  : 4394584080951 us: [pid:75900 tid: 0x7fde6c0d3200] Host active wait for Signal = (0x7fde4bbff480) for -1 ns
:4:rocmemory.cpp            :1018: 4394584091914 us: [pid:75900 tid: 0x7fde6c0d3200] Locking to pool 0x274756f0, size 0x2001000, HostPtr = 0x7fde55dff000, DevPtr = 0x7fde55dff000
:4:rocblit.cpp              :623 : 4394584091928 us: [pid:75900 tid: 0x7fde6c0d3200] HSA Copy Using Pinned resource size 33554432
:4:rocblit.cpp              :687 : 4394584091936 us: [pid:75900 tid: 0x7fde6c0d3200] HSA Async Copy staged D2H
:4:rocblit.cpp              :503 : 4394584091941 us: [pid:75900 tid: 0x7fde6c0d3200] Last copy mask 0x2
:4:rocblit.cpp              :520 : 4394584091945 us: [pid:75900 tid: 0x7fde6c0d3200] HSA Async Copy on copy_engine=0x2, dst=0x7fde55dff400, src=0x7fdd0b800000, size=33554432, forceSDMA=0, wait_event=0x0, completion_signal=0x7fde4bbff400
:4:rocvirtual.cpp           :622 : 4394584091954 us: [pid:75900 tid: 0x7fde6c0d3200] Host wait on completion_signal=0x7fde4bbff400
:3:rocvirtual.hpp           :56  : 4394584091962 us: [pid:75900 tid: 0x7fde6c0d3200] Host active wait for Signal = (0x7fde4bbff400) for -1 ns
:4:rocmemory.cpp            :1018: 4394584102807 us: [pid:75900 tid: 0x7fde6c0d3200] Locking to pool 0x274756f0, size 0x2001000, HostPtr = 0x7fde57dff000, DevPtr = 0x7fde57dff000
:4:rocblit.cpp              :623 : 4394584102822 us: [pid:75900 tid: 0x7fde6c0d3200] HSA Copy Using Pinned resource size 33554432
:4:rocblit.cpp              :687 : 4394584102829 us: [pid:75900 tid: 0x7fde6c0d3200] HSA Async Copy staged D2H
:4:rocblit.cpp              :503 : 4394584102834 us: [pid:75900 tid: 0x7fde6c0d3200] Last copy mask 0x2
:4:rocblit.cpp              :520 : 4394584102839 us: [pid:75900 tid: 0x7fde6c0d3200] HSA Async Copy on copy_engine=0x2, dst=0x7fde57dff400, src=0x7fdd0d800000, size=33554432, forceSDMA=0, wait_event=0x0, completion_signal=0x7fde4bbff380
:4:rocvirtual.cpp           :622 : 4394584102847 us: [pid:75900 tid: 0x7fde6c0d3200] Host wait on completion_signal=0x7fde4bbff380
:3:rocvirtual.hpp           :56  : 4394584102855 us: [pid:75900 tid: 0x7fde6c0d3200] Host active wait for Signal = (0x7fde4bbff380) for -1 ns
:4:rocmemory.cpp            :1018: 4394584115222 us: [pid:75900 tid: 0x7fde6c0d3200] Locking to pool 0x274756f0, size 0x2001000, HostPtr = 0x7fde59dff000, DevPtr = 0x7fde59dff000
:4:rocblit.cpp              :623 : 4394584115236 us: [pid:75900 tid: 0x7fde6c0d3200] HSA Copy Using Pinned resource size 33554432
:4:rocblit.cpp              :687 : 4394584115247 us: [pid:75900 tid: 0x7fde6c0d3200] HSA Async Copy staged D2H
:4:rocblit.cpp              :503 : 4394584115252 us: [pid:75900 tid: 0x7fde6c0d3200] Last copy mask 0x2
:4:rocblit.cpp              :520 : 4394584115257 us: [pid:75900 tid: 0x7fde6c0d3200] HSA Async Copy on copy_engine=0x2, dst=0x7fde59dff400, src=0x7fdd0f800000, size=33554432, forceSDMA=0, wait_event=0x0, completion_signal=0x7fde4bbff300
:4:rocvirtual.cpp           :622 : 4394584115266 us: [pid:75900 tid: 0x7fde6c0d3200] Host wait on completion_signal=0x7fde4bbff300
:3:rocvirtual.hpp           :56  : 4394584115273 us: [pid:75900 tid: 0x7fde6c0d3200] Host active wait for Signal = (0x7fde4bbff300) for -1 ns
:4:rocmemory.cpp            :1018: 4394584127070 us: [pid:75900 tid: 0x7fde6c0d3200] Locking to pool 0x274756f0, size 0x2001000, HostPtr = 0x7fde5bdff000, DevPtr = 0x7fde5bdff000
:4:rocblit.cpp              :623 : 4394584127096 us: [pid:75900 tid: 0x7fde6c0d3200] HSA Copy Using Pinned resource size 33554432
:4:rocblit.cpp              :687 : 4394584127107 us: [pid:75900 tid: 0x7fde6c0d3200] HSA Async Copy staged D2H
:4:rocblit.cpp              :503 : 4394584127117 us: [pid:75900 tid: 0x7fde6c0d3200] Last copy mask 0x2
:4:rocblit.cpp              :520 : 4394584127123 us: [pid:75900 tid: 0x7fde6c0d3200] HSA Async Copy on copy_engine=0x2, dst=0x7fde5bdff400, src=0x7fdd11800000, size=33554432, forceSDMA=0, wait_event=0x0, completion_signal=0x7fde4bbff280
:4:rocvirtual.cpp           :622 : 4394584127140 us: [pid:75900 tid: 0x7fde6c0d3200] Host wait on completion_signal=0x7fde4bbff280
:3:rocvirtual.hpp           :56  : 4394584127160 us: [pid:75900 tid: 0x7fde6c0d3200] Host active wait for Signal = (0x7fde4bbff280) for -1 ns
:4:rocmemory.cpp            :1018: 4394584137985 us: [pid:75900 tid: 0x7fde6c0d3200] Locking to pool 0x274756f0, size 0x2001000, HostPtr = 0x7fde5ddff000, DevPtr = 0x7fde5ddff000
:4:rocblit.cpp              :623 : 4394584138000 us: [pid:75900 tid: 0x7fde6c0d3200] HSA Copy Using Pinned resource size 33554432
:4:rocblit.cpp              :687 : 4394584138008 us: [pid:75900 tid: 0x7fde6c0d3200] HSA Async Copy staged D2H
:4:rocblit.cpp              :503 : 4394584138013 us: [pid:75900 tid: 0x7fde6c0d3200] Last copy mask 0x2
:4:rocblit.cpp              :520 : 4394584138018 us: [pid:75900 tid: 0x7fde6c0d3200] HSA Async Copy on copy_engine=0x2, dst=0x7fde5ddff400, src=0x7fdd13800000, size=33554432, forceSDMA=0, wait_event=0x0, completion_signal=0x7fde4bbff200
:4:rocvirtual.cpp           :622 : 4394584138026 us: [pid:75900 tid: 0x7fde6c0d3200] Host wait on completion_signal=0x7fde4bbff200
:3:rocvirtual.hpp           :56  : 4394584138034 us: [pid:75900 tid: 0x7fde6c0d3200] Host active wait for Signal = (0x7fde4bbff200) for -1 ns
:4:rocmemory.cpp            :1018: 4394584149439 us: [pid:75900 tid: 0x7fde6c0d3200] Locking to pool 0x274756f0, size 0x2001000, HostPtr = 0x7fde5fdff000, DevPtr = 0x7fde5fdff000
:4:rocblit.cpp              :623 : 4394584149470 us: [pid:75900 tid: 0x7fde6c0d3200] HSA Copy Using Pinned resource size 33554432
:4:rocblit.cpp              :687 : 4394584149493 us: [pid:75900 tid: 0x7fde6c0d3200] HSA Async Copy staged D2H
:4:rocblit.cpp              :503 : 4394584149502 us: [pid:75900 tid: 0x7fde6c0d3200] Last copy mask 0x2
:4:rocblit.cpp              :520 : 4394584149519 us: [pid:75900 tid: 0x7fde6c0d3200] HSA Async Copy on copy_engine=0x2, dst=0x7fde5fdff400, src=0x7fdd15800000, size=33554432, forceSDMA=0, wait_event=0x0, completion_signal=0x7fde4bbff180
:4:rocvirtual.cpp           :622 : 4394584149534 us: [pid:75900 tid: 0x7fde6c0d3200] Host wait on completion_signal=0x7fde4bbff180
:3:rocvirtual.hpp           :56  : 4394584149545 us: [pid:75900 tid: 0x7fde6c0d3200] Host active wait for Signal = (0x7fde4bbff180) for -1 ns
:4:rocmemory.cpp            :1018: 4394584160574 us: [pid:75900 tid: 0x7fde6c0d3200] Locking to pool 0x274756f0, size 0x2001000, HostPtr = 0x7fde61dff000, DevPtr = 0x7fde61dff000
:4:rocblit.cpp              :623 : 4394584160590 us: [pid:75900 tid: 0x7fde6c0d3200] HSA Copy Using Pinned resource size 33554432
:4:rocblit.cpp              :687 : 4394584160601 us: [pid:75900 tid: 0x7fde6c0d3200] HSA Async Copy staged D2H
:4:rocblit.cpp              :503 : 4394584160606 us: [pid:75900 tid: 0x7fde6c0d3200] Last copy mask 0x2
:4:rocblit.cpp              :520 : 4394584160611 us: [pid:75900 tid: 0x7fde6c0d3200] HSA Async Copy on copy_engine=0x2, dst=0x7fde61dff400, src=0x7fdd17800000, size=33554432, forceSDMA=0, wait_event=0x0, completion_signal=0x7fde4bbff100
:4:rocvirtual.cpp           :622 : 4394584160620 us: [pid:75900 tid: 0x7fde6c0d3200] Host wait on completion_signal=0x7fde4bbff100
:3:rocvirtual.hpp           :56  : 4394584160627 us: [pid:75900 tid: 0x7fde6c0d3200] Host active wait for Signal = (0x7fde4bbff100) for -1 ns
:4:rocmemory.cpp            :1018: 4394584172030 us: [pid:75900 tid: 0x7fde6c0d3200] Locking to pool 0x274756f0, size 0x2001000, HostPtr = 0x7fde63dff000, DevPtr = 0x7fde63dff000
:4:rocblit.cpp              :623 : 4394584172049 us: [pid:75900 tid: 0x7fde6c0d3200] HSA Copy Using Pinned resource size 33554432
:4:rocblit.cpp              :687 : 4394584172057 us: [pid:75900 tid: 0x7fde6c0d3200] HSA Async Copy staged D2H
:4:rocblit.cpp              :503 : 4394584172062 us: [pid:75900 tid: 0x7fde6c0d3200] Last copy mask 0x2
:4:rocblit.cpp              :520 : 4394584172067 us: [pid:75900 tid: 0x7fde6c0d3200] HSA Async Copy on copy_engine=0x2, dst=0x7fde63dff400, src=0x7fdd19800000, size=33554432, forceSDMA=0, wait_event=0x0, completion_signal=0x7fde4bbff080
:4:rocvirtual.cpp           :622 : 4394584172076 us: [pid:75900 tid: 0x7fde6c0d3200] Host wait on completion_signal=0x7fde4bbff080
:3:rocvirtual.hpp           :56  : 4394584172083 us: [pid:75900 tid: 0x7fde6c0d3200] Host active wait for Signal = (0x7fde4bbff080) for -1 ns
:4:rocmemory.cpp            :1018: 4394584182767 us: [pid:75900 tid: 0x7fde6c0d3200] Locking to pool 0x274756f0, size 0x2001000, HostPtr = 0x7fde65dff000, DevPtr = 0x7fde65dff000
:4:rocblit.cpp              :623 : 4394584182783 us: [pid:75900 tid: 0x7fde6c0d3200] HSA Copy Using Pinned resource size 33554432
:4:rocblit.cpp              :687 : 4394584182793 us: [pid:75900 tid: 0x7fde6c0d3200] HSA Async Copy staged D2H
:4:rocblit.cpp              :503 : 4394584182798 us: [pid:75900 tid: 0x7fde6c0d3200] Last copy mask 0x2
:4:rocblit.cpp              :520 : 4394584182802 us: [pid:75900 tid: 0x7fde6c0d3200] HSA Async Copy on copy_engine=0x2, dst=0x7fde65dff400, src=0x7fdd1b800000, size=33554432, forceSDMA=0, wait_event=0x0, completion_signal=0x7fde4bbff000
:4:rocvirtual.cpp           :622 : 4394584182811 us: [pid:75900 tid: 0x7fde6c0d3200] Host wait on completion_signal=0x7fde4bbff000
:3:rocvirtual.hpp           :56  : 4394584182818 us: [pid:75900 tid: 0x7fde6c0d3200] Host active wait for Signal = (0x7fde4bbff000) for -1 ns
:4:rocmemory.cpp            :1018: 4394584194459 us: [pid:75900 tid: 0x7fde6c0d3200] Locking to pool 0x274756f0, size 0x2001000, HostPtr = 0x7fde67dff000, DevPtr = 0x7fde67dff000
:4:rocblit.cpp              :623 : 4394584194475 us: [pid:75900 tid: 0x7fde6c0d3200] HSA Copy Using Pinned resource size 33554432
:4:rocblit.cpp              :687 : 4394584194484 us: [pid:75900 tid: 0x7fde6c0d3200] HSA Async Copy staged D2H
:4:rocblit.cpp              :503 : 4394584194489 us: [pid:75900 tid: 0x7fde6c0d3200] Last copy mask 0x2
:4:rocblit.cpp              :520 : 4394584194494 us: [pid:75900 tid: 0x7fde6c0d3200] HSA Async Copy on copy_engine=0x2, dst=0x7fde67dff400, src=0x7fdd1d800000, size=33554432, forceSDMA=0, wait_event=0x0, completion_signal=0x7fde4bbfef80
:4:rocvirtual.cpp           :622 : 4394584194502 us: [pid:75900 tid: 0x7fde6c0d3200] Host wait on completion_signal=0x7fde4bbfef80
:3:rocvirtual.hpp           :56  : 4394584194510 us: [pid:75900 tid: 0x7fde6c0d3200] Host active wait for Signal = (0x7fde4bbfef80) for -1 ns
:4:rocmemory.cpp            :1018: 4394584205847 us: [pid:75900 tid: 0x7fde6c0d3200] Locking to pool 0x274756f0, size 0x2001000, HostPtr = 0x7fde69dff000, DevPtr = 0x7fde69dff000
:4:rocblit.cpp              :623 : 4394584205863 us: [pid:75900 tid: 0x7fde6c0d3200] HSA Copy Using Pinned resource size 33554432
:4:rocblit.cpp              :687 : 4394584205874 us: [pid:75900 tid: 0x7fde6c0d3200] HSA Async Copy staged D2H
:4:rocblit.cpp              :503 : 4394584205880 us: [pid:75900 tid: 0x7fde6c0d3200] Last copy mask 0x2
:4:rocblit.cpp              :520 : 4394584205884 us: [pid:75900 tid: 0x7fde6c0d3200] HSA Async Copy on copy_engine=0x2, dst=0x7fde69dff400, src=0x7fdd1f800000, size=33554432, forceSDMA=0, wait_event=0x0, completion_signal=0x7fde4bbfef00
:4:rocvirtual.cpp           :622 : 4394584205893 us: [pid:75900 tid: 0x7fde6c0d3200] Host wait on completion_signal=0x7fde4bbfef00
:3:rocvirtual.hpp           :56  : 4394584205900 us: [pid:75900 tid: 0x7fde6c0d3200] Host active wait for Signal = (0x7fde4bbfef00) for -1 ns
:4:commandqueue.cpp         :161 : 4394584207101 us: [pid:75900 tid: 0x7fde6c0d3200] Marker queued to ensure finish
:4:command.cpp              :359 : 4394584207109 us: [pid:75900 tid: 0x7fde6c0d3200] Command (InternalMarker) enqueued: 0x27b34e40
:3:rocvirtual.cpp           :533 : 4394584207125 us: [pid:75900 tid: 0x7fde6c0d3200] Set Handler: handle(0x7fde4bbfd680), timestamp(0x27b1ed20)
:4:rocvirtual.cpp           :1147: 4394584207135 us: [pid:75900 tid: 0x7fde6c0d3200] SWq=0x7fde6c0aa000, HWq=0x7fde38c00000, id=1, BarrierAND Header = 0x1503 (type=3, barrier=1, acquire=2, release=2), dep_signal=[0x0, 0x0, 0x0, 0x0, 0x0], completion_signal=0x7fde4bbfd680
:3:rocvirtual.hpp           :56  : 4394584207146 us: [pid:75900 tid: 0x7fde6c0d3200] Host active wait for Signal = (0x7fde4bbfd680) for -1 ns
:4:commandqueue.cpp         :184 : 4394584207154 us: [pid:75900 tid: 0x7fde6c0d3200] All commands finished
:3:hip_memory.cpp           :796 : 4394584207160 us: [pid:75900 tid: 0x7fde6c0d3200] hipMemcpy: Returned hipSuccess : : duration: 193356 us
:3:rocvirtual.cpp           :226 : 4394584207165 us: [pid:75900 tid: 0x7fdcfd9ff6c0] Handler: value(0), timestamp(0x2760a830), handle(0x7fde4bbfd680)
:4:command.cpp              :169 : 4394584207189 us: [pid:75900 tid: 0x7fdcfd9ff6c0] Command 0x27c14b40 complete
:4:command.cpp              :163 : 4394584207571 us: [pid:75900 tid: 0x7fdcfd9ff6c0] Command 0x27b34e40 complete (Wall: 4394584207564, CPU: 0, GPU: 446 us)
:3:hip_memory.cpp           :772 : 4394589436104 us: [pid:75900 tid: 0x7fde6c0d3200] [32m hipFree ( 0x7fdd01800000 ) [0m
:4:commandqueue.cpp         :167 : 4394589436130 us: [pid:75900 tid: 0x7fde6c0d3200] HW Event not ready, awaiting completion instead
:4:commandqueue.cpp         :184 : 4394589436144 us: [pid:75900 tid: 0x7fde6c0d3200] All commands finished
:4:rocdevice.cpp            :2388: 4394589436269 us: [pid:75900 tid: 0x7fde6c0d3200] Free hsa memory 0x7fdd01800000
:3:rocdevice.cpp            :2411: 4394589436661 us: [pid:75900 tid: 0x7fde6c0d3200] Device=0x27561e90, freeMem_ = 0xfff000000
:3:hip_memory.cpp           :774 : 4394589436670 us: [pid:75900 tid: 0x7fde6c0d3200] hipFree: Returned hipSuccess : 
:4:rocdevice.cpp            :2388: 4394589460040 us: [pid:75900 tid: 0x7fde6c0d3200] Free hsa memory (nil)
:3:rocdevice.cpp            :3254: 4394589460055 us: [pid:75900 tid: 0x7fde6c0d3200] releaseQueue refCount:0x7fde38c00000 (0)
:4:rocdevice.cpp            :2388: 4394589460200 us: [pid:75900 tid: 0x7fde6c0d3200] Free hsa memory 0x7fde38a00000
:4:rocdevice.cpp            :2388: 4394589460907 us: [pid:75900 tid: 0x7fde6c0d3200] Free hsa memory 0x7fde38400000
:4:rocdevice.cpp            :2388: 4394589461414 us: [pid:75900 tid: 0x7fde6c0d3200] Free hsa memory 0x7fde38e00000
:4:rocdevice.cpp            :2388: 4394589461599 us: [pid:75900 tid: 0x7fde6c0d3200] Free hsa memory 0x7fde76314000
:3:rocdevice.cpp            :278 : 4394589461607 us: [pid:75900 tid: 0x7fde6c0d3200] Deleting hostcall buffer 0x7fdcea600000 for hardware queue 0x7fde38c00000
:3:devhostcall.cpp          :460 : 4394589461618 us: [pid:75900 tid: 0x7fde6c0d3200] Terminated hostcall listener
:4:rocdevice.cpp            :2388: 4394589462885 us: [pid:75900 tid: 0x7fde6c0d3200] Free hsa memory 0x7fdcea600000
:3:rocdevice.cpp            :283 : 4394589462899 us: [pid:75900 tid: 0x7fde6c0d3200] Deleting hardware queue 0x7fde38c00000 with refCount 0
:4:rocdevice.cpp            :2388: 4394589467139 us: [pid:75900 tid: 0x7fde6c0d3200] Free hsa memory 0x7fde39400000
:4:rocdevice.cpp            :2388: 4394589467371 us: [pid:75900 tid: 0x7fde6c0d3200] Free hsa memory 0x7fdcea200000
:4:rocdevice.cpp            :2388: 4394589467638 us: [pid:75900 tid: 0x7fde6c0d3200] Free hsa memory 0x7fdce9800000
