Number of rows in the embedding table: 10000
Batch size: 8

Embedding dimension: 768
block size: 128
Average execution time of dense embedding kernel (k1): 550525.000000 (us)
Average execution time of dense embedding kernel (k2): 120.707008 (us)
Average execution time of dense embedding kernel (k3): 203.133011 (us)
PASS
block size: 256
Average execution time of dense embedding kernel (k1): 93.807007 (us)
Average execution time of dense embedding kernel (k2): 69.972000 (us)
Average execution time of dense embedding kernel (k3): 126.568008 (us)
PASS
block size: 512
Average execution time of dense embedding kernel (k1): 85.551003 (us)
Average execution time of dense embedding kernel (k2): 57.578003 (us)
Average execution time of dense embedding kernel (k3): 88.968002 (us)
PASS
block size: 1024
Average execution time of dense embedding kernel (k1): 73.087006 (us)
Average execution time of dense embedding kernel (k2): 48.191002 (us)
Average execution time of dense embedding kernel (k3): 67.638000 (us)
PASS

Embedding dimension: 2048
block size: 128
Average execution time of dense embedding kernel (k1): 245.422012 (us)
Average execution time of dense embedding kernel (k2): 230.124008 (us)
Average execution time of dense embedding kernel (k3): 492.749023 (us)
PASS
block size: 256
Average execution time of dense embedding kernel (k1): 158.238007 (us)
Average execution time of dense embedding kernel (k2): 127.671005 (us)
Average execution time of dense embedding kernel (k3): 300.025024 (us)
PASS
block size: 512
Average execution time of dense embedding kernel (k1): 112.071007 (us)
Average execution time of dense embedding kernel (k2): 94.989006 (us)
Average execution time of dense embedding kernel (k3): 183.245010 (us)
PASS
block size: 1024
Average execution time of dense embedding kernel (k1): 88.217003 (us)
Average execution time of dense embedding kernel (k2): 68.219002 (us)
Average execution time of dense embedding kernel (k3): 123.123009 (us)
PASS

Embedding dimension: 12288
block size: 128
Average execution time of dense embedding kernel (k1): 1273.720093 (us)
Average execution time of dense embedding kernel (k2): 1209.700073 (us)
Average execution time of dense embedding kernel (k3): 2871.041016 (us)
PASS
block size: 256
Average execution time of dense embedding kernel (k1): 744.423035 (us)
Average execution time of dense embedding kernel (k2): 676.455017 (us)
Average execution time of dense embedding kernel (k3): 1590.348022 (us)
PASS
block size: 512
Average execution time of dense embedding kernel (k1): 470.396027 (us)
Average execution time of dense embedding kernel (k2): 413.068024 (us)
Average execution time of dense embedding kernel (k3): 932.829041 (us)
PASS
block size: 1024
Average execution time of dense embedding kernel (k1): 320.263000 (us)
Average execution time of dense embedding kernel (k2): 284.186005 (us)
Average execution time of dense embedding kernel (k3): 606.373047 (us)
PASS
dense-embedding snapshot written to /tmp/bitir_amd_dense-embedding_site385_bit15_trial2/dense-embedding_site385_bit15_trial2.bin
compare_ok
