Number of rows in the embedding table: 10000
Batch size: 8

Embedding dimension: 768
block size: 128
Average execution time of dense embedding kernel (k1): 416.702026 (us)
Average execution time of dense embedding kernel (k2): 184.185013 (us)
Average execution time of dense embedding kernel (k3): 325.230011 (us)
FAIL
block size: 256
Average execution time of dense embedding kernel (k1): 102.703003 (us)
Average execution time of dense embedding kernel (k2): 91.541008 (us)
Average execution time of dense embedding kernel (k3): 163.577011 (us)
FAIL
block size: 512
Average execution time of dense embedding kernel (k1): 74.390007 (us)
Average execution time of dense embedding kernel (k2): 66.153999 (us)
Average execution time of dense embedding kernel (k3): 90.800003 (us)
FAIL
block size: 1024
Average execution time of dense embedding kernel (k1): 45.956001 (us)
Average execution time of dense embedding kernel (k2): 42.740002 (us)
Average execution time of dense embedding kernel (k3): 55.765003 (us)
FAIL

Embedding dimension: 2048
block size: 128
Average execution time of dense embedding kernel (k1): 484.419037 (us)
Average execution time of dense embedding kernel (k2): 419.206024 (us)
Average execution time of dense embedding kernel (k3): 802.605042 (us)
FAIL
block size: 256
Average execution time of dense embedding kernel (k1): 250.400009 (us)
Average execution time of dense embedding kernel (k2): 218.930008 (us)
Average execution time of dense embedding kernel (k3): 409.899017 (us)
FAIL
block size: 512
Average execution time of dense embedding kernel (k1): 134.072006 (us)
Average execution time of dense embedding kernel (k2): 118.492004 (us)
Average execution time of dense embedding kernel (k3): 215.083008 (us)
FAIL
block size: 1024
Average execution time of dense embedding kernel (k1): 76.674004 (us)
Average execution time of dense embedding kernel (k2): 69.750000 (us)
Average execution time of dense embedding kernel (k3): 119.143005 (us)
FAIL

Embedding dimension: 12288
block size: 128
Average execution time of dense embedding kernel (k1): 2788.441162 (us)
Average execution time of dense embedding kernel (k2): 2416.883057 (us)
Average execution time of dense embedding kernel (k3): 4723.700195 (us)
FAIL
block size: 256
Average execution time of dense embedding kernel (k1): 1407.179077 (us)
Average execution time of dense embedding kernel (k2): 1220.729004 (us)
Average execution time of dense embedding kernel (k3): 2137.339111 (us)
FAIL
block size: 512
Average execution time of dense embedding kernel (k1): 643.366028 (us)
Average execution time of dense embedding kernel (k2): 562.806030 (us)
Average execution time of dense embedding kernel (k3): 1088.642090 (us)
FAIL
block size: 1024
Average execution time of dense embedding kernel (k1): 346.230011 (us)
Average execution time of dense embedding kernel (k2): 270.638000 (us)
Average execution time of dense embedding kernel (k3): 511.228027 (us)
FAIL
dense-embedding snapshot written to /var/tmp/pbs.7268173.polaris-pbs-01.hsn.cm.polaris.alcf.anl.gov/nvidia_divergence_dense-embedding_117_9_7268173.polaris-pbs-01.hsn.cm.polaris.alcf.anl.gov/dense-embedding_site117_bit9.bin
size_mismatch: golden=7249920192 candidate=0
Result: SDC (exit 0)
