Number of rows in the embedding table: 10000
Batch size: 8

Embedding dimension: 768
block size: 128
Average execution time of dense embedding kernel (k1): 412.884033 (us)
Average execution time of dense embedding kernel (k2): 182.231003 (us)
Average execution time of dense embedding kernel (k3): 322.285004 (us)
FAIL
block size: 256
Average execution time of dense embedding kernel (k1): 101.441002 (us)
Average execution time of dense embedding kernel (k2): 89.979004 (us)
Average execution time of dense embedding kernel (k3): 160.321014 (us)
FAIL
block size: 512
Average execution time of dense embedding kernel (k1): 72.586006 (us)
Average execution time of dense embedding kernel (k2): 65.623001 (us)
Average execution time of dense embedding kernel (k3): 89.798004 (us)
FAIL
block size: 1024
Average execution time of dense embedding kernel (k1): 45.255001 (us)
Average execution time of dense embedding kernel (k2): 41.959003 (us)
Average execution time of dense embedding kernel (k3): 54.412003 (us)
FAIL

Embedding dimension: 2048
block size: 128
Average execution time of dense embedding kernel (k1): 474.100037 (us)
Average execution time of dense embedding kernel (k2): 408.917023 (us)
Average execution time of dense embedding kernel (k3): 438431.687500 (us)
FAIL
block size: 256
Average execution time of dense embedding kernel (k1): 0.722000 (us)
Average execution time of dense embedding kernel (k2): 0.511000 (us)
Average execution time of dense embedding kernel (k3): 0.340000 (us)
FAIL
block size: 512
Average execution time of dense embedding kernel (k1): 0.331000 (us)
Average execution time of dense embedding kernel (k2): 0.340000 (us)
Average execution time of dense embedding kernel (k3): 0.321000 (us)
FAIL
block size: 1024
Average execution time of dense embedding kernel (k1): 0.311000 (us)
Average execution time of dense embedding kernel (k2): 0.310000 (us)
Average execution time of dense embedding kernel (k3): 0.320000 (us)
FAIL

Embedding dimension: 12288
block size: 128
Average execution time of dense embedding kernel (k1): 2.004000 (us)
Average execution time of dense embedding kernel (k2): 0.642000 (us)
Average execution time of dense embedding kernel (k3): 0.651000 (us)
FAIL
block size: 256
Average execution time of dense embedding kernel (k1): 0.321000 (us)
Average execution time of dense embedding kernel (k2): 0.320000 (us)
Average execution time of dense embedding kernel (k3): 0.331000 (us)
FAIL
block size: 512
Average execution time of dense embedding kernel (k1): 0.311000 (us)
Average execution time of dense embedding kernel (k2): 0.321000 (us)
Average execution time of dense embedding kernel (k3): 0.330000 (us)
FAIL
block size: 1024
Average execution time of dense embedding kernel (k1): 0.320000 (us)
Average execution time of dense embedding kernel (k2): 0.311000 (us)
Average execution time of dense embedding kernel (k3): 0.320000 (us)
FAIL
dense-embedding snapshot written to /var/tmp/pbs.7268173.polaris-pbs-01.hsn.cm.polaris.alcf.anl.gov/nvidia_divergence_dense-embedding_114_9_7268173.polaris-pbs-01.hsn.cm.polaris.alcf.anl.gov/dense-embedding_site114_bit9.bin
size_mismatch: golden=7249920192 candidate=0
Result: SDC (exit 0)
