Number of rows in the embedding table: 10000
Batch size: 8

Embedding dimension: 768
block size: 128
Average execution time of dense embedding kernel (k1): 426.731018 (us)
Average execution time of dense embedding kernel (k2): 181.431015 (us)
Average execution time of dense embedding kernel (k3): 39.724003 (us)
FAIL
block size: 256
Average execution time of dense embedding kernel (k1): 101.731003 (us)
Average execution time of dense embedding kernel (k2): 91.051003 (us)
Average execution time of dense embedding kernel (k3): 22.913002 (us)
FAIL
block size: 512
Average execution time of dense embedding kernel (k1): 73.428001 (us)
Average execution time of dense embedding kernel (k2): 66.825005 (us)
Average execution time of dense embedding kernel (k3): 23.083000 (us)
FAIL
block size: 1024
Average execution time of dense embedding kernel (k1): 45.495003 (us)
Average execution time of dense embedding kernel (k2): 41.949001 (us)
Average execution time of dense embedding kernel (k3): 23.594002 (us)
FAIL

Embedding dimension: 2048
block size: 128
Average execution time of dense embedding kernel (k1): 479.539032 (us)
Average execution time of dense embedding kernel (k2): 416.932007 (us)
Average execution time of dense embedding kernel (k3): 24.586000 (us)
FAIL
block size: 256
Average execution time of dense embedding kernel (k1): 247.113007 (us)
Average execution time of dense embedding kernel (k2): 217.067017 (us)
Average execution time of dense embedding kernel (k3): 24.075001 (us)
FAIL
block size: 512
Average execution time of dense embedding kernel (k1): 132.398010 (us)
Average execution time of dense embedding kernel (k2): 117.110008 (us)
Average execution time of dense embedding kernel (k3): 23.254002 (us)
FAIL
block size: 1024
Average execution time of dense embedding kernel (k1): 77.355003 (us)
Average execution time of dense embedding kernel (k2): 69.119003 (us)
Average execution time of dense embedding kernel (k3): 23.824001 (us)
FAIL

Embedding dimension: 12288
block size: 128
Average execution time of dense embedding kernel (k1): 2759.064209 (us)
Average execution time of dense embedding kernel (k2): 2393.909180 (us)
Average execution time of dense embedding kernel (k3): 24.596001 (us)
FAIL
block size: 256
Average execution time of dense embedding kernel (k1): 1388.755127 (us)
Average execution time of dense embedding kernel (k2): 1206.793091 (us)
Average execution time of dense embedding kernel (k3): 23.714001 (us)
FAIL
block size: 512
Average execution time of dense embedding kernel (k1): 708.949036 (us)
Average execution time of dense embedding kernel (k2): 616.807007 (us)
Average execution time of dense embedding kernel (k3): 23.575001 (us)
FAIL
block size: 1024
Average execution time of dense embedding kernel (k1): 383.920013 (us)
Average execution time of dense embedding kernel (k2): 270.658020 (us)
Average execution time of dense embedding kernel (k3): 21.059002 (us)
FAIL
dense-embedding snapshot written to /var/tmp/pbs.7268173.polaris-pbs-01.hsn.cm.polaris.alcf.anl.gov/nvidia_divergence_dense-embedding_132_18_7268173.polaris-pbs-01.hsn.cm.polaris.alcf.anl.gov/dense-embedding_site132_bit18.bin
size_mismatch: golden=7249920192 candidate=0
Result: SDC (exit 0)
