Number of rows in the embedding table: 10000
Batch size: 8

Embedding dimension: 768
block size: 128
Average execution time of dense embedding kernel (k1): 418.846008 (us)
Average execution time of dense embedding kernel (k2): 186.219009 (us)
Average execution time of dense embedding kernel (k3): 325.421021 (us)
FAIL
block size: 256
Average execution time of dense embedding kernel (k1): 103.574005 (us)
Average execution time of dense embedding kernel (k2): 90.389008 (us)
Average execution time of dense embedding kernel (k3): 160.361008 (us)
FAIL
block size: 512
Average execution time of dense embedding kernel (k1): 73.428001 (us)
Average execution time of dense embedding kernel (k2): 66.495003 (us)
Average execution time of dense embedding kernel (k3): 90.309006 (us)
FAIL
block size: 1024
Average execution time of dense embedding kernel (k1): 46.047001 (us)
Average execution time of dense embedding kernel (k2): 42.340000 (us)
Average execution time of dense embedding kernel (k3): 55.223003 (us)
FAIL

Embedding dimension: 2048
block size: 128
Average execution time of dense embedding kernel (k1): 480.170013 (us)
Average execution time of dense embedding kernel (k2): 417.803009 (us)
Average execution time of dense embedding kernel (k3): 793.027039 (us)
FAIL
block size: 256
Average execution time of dense embedding kernel (k1): 247.754013 (us)
Average execution time of dense embedding kernel (k2): 217.658005 (us)
Average execution time of dense embedding kernel (k3): 406.192017 (us)
FAIL
block size: 512
Average execution time of dense embedding kernel (k1): 133.350006 (us)
Average execution time of dense embedding kernel (k2): 117.961006 (us)
Average execution time of dense embedding kernel (k3): 213.159012 (us)
FAIL
block size: 1024
Average execution time of dense embedding kernel (k1): 77.385002 (us)
Average execution time of dense embedding kernel (k2): 68.949005 (us)
Average execution time of dense embedding kernel (k3): 117.982002 (us)
FAIL

Embedding dimension: 12288
block size: 128
Average execution time of dense embedding kernel (k1): 2759.696045 (us)
Average execution time of dense embedding kernel (k2): 2395.473145 (us)
Average execution time of dense embedding kernel (k3): 4667.164062 (us)
FAIL
block size: 256
Average execution time of dense embedding kernel (k1): 1389.626099 (us)
Average execution time of dense embedding kernel (k2): 1208.306030 (us)
Average execution time of dense embedding kernel (k3): 2357.231201 (us)
FAIL
block size: 512
Average execution time of dense embedding kernel (k1): 735.459045 (us)
Average execution time of dense embedding kernel (k2): 639.940002 (us)
Average execution time of dense embedding kernel (k3): 1247.890015 (us)
FAIL
block size: 1024
Average execution time of dense embedding kernel (k1): 394.170013 (us)
Average execution time of dense embedding kernel (k2): 283.061005 (us)
Average execution time of dense embedding kernel (k3): 538.611023 (us)
FAIL
dense-embedding snapshot written to /var/tmp/pbs.7277572.polaris-pbs-01.hsn.cm.polaris.alcf.anl.gov/nvidia_divergence_dense-embedding_122_23_7277572.polaris-pbs-01.hsn.cm.polaris.alcf.anl.gov/dense-embedding_site122_bit23.bin
size_mismatch: golden=7249920192 candidate=0
Result: SDC (exit 0)
