Number of rows in the embedding table: 10000
Batch size: 8

Embedding dimension: 768
block size: 128
Average execution time of dense embedding kernel (k1): 424.496033 (us)
Average execution time of dense embedding kernel (k2): 194.976013 (us)
Average execution time of dense embedding kernel (k3): 42.530003 (us)
FAIL
block size: 256
Average execution time of dense embedding kernel (k1): 106.219002 (us)
Average execution time of dense embedding kernel (k2): 94.427002 (us)
Average execution time of dense embedding kernel (k3): 23.595001 (us)
FAIL
block size: 512
Average execution time of dense embedding kernel (k1): 76.623001 (us)
Average execution time of dense embedding kernel (k2): 68.188004 (us)
Average execution time of dense embedding kernel (k3): 24.025002 (us)
FAIL
block size: 1024
Average execution time of dense embedding kernel (k1): 47.249001 (us)
Average execution time of dense embedding kernel (k2): 43.822002 (us)
Average execution time of dense embedding kernel (k3): 24.095001 (us)
FAIL

Embedding dimension: 2048
block size: 128
Average execution time of dense embedding kernel (k1): 497.072021 (us)
Average execution time of dense embedding kernel (k2): 429.897034 (us)
Average execution time of dense embedding kernel (k3): 25.077002 (us)
FAIL
block size: 256
Average execution time of dense embedding kernel (k1): 255.820007 (us)
Average execution time of dense embedding kernel (k2): 224.912018 (us)
Average execution time of dense embedding kernel (k3): 25.448002 (us)
FAIL
block size: 512
Average execution time of dense embedding kernel (k1): 137.128006 (us)
Average execution time of dense embedding kernel (k2): 120.707008 (us)
Average execution time of dense embedding kernel (k3): 23.995001 (us)
FAIL
block size: 1024
Average execution time of dense embedding kernel (k1): 79.219002 (us)
Average execution time of dense embedding kernel (k2): 70.792000 (us)
Average execution time of dense embedding kernel (k3): 24.846001 (us)
FAIL

Embedding dimension: 12288
block size: 128
Average execution time of dense embedding kernel (k1): 2865.374023 (us)
Average execution time of dense embedding kernel (k2): 2480.702148 (us)
Average execution time of dense embedding kernel (k3): 24.907001 (us)
FAIL
block size: 256
Average execution time of dense embedding kernel (k1): 1441.573120 (us)
Average execution time of dense embedding kernel (k2): 1252.048096 (us)
Average execution time of dense embedding kernel (k3): 24.566002 (us)
FAIL
block size: 512
Average execution time of dense embedding kernel (k1): 734.338013 (us)
Average execution time of dense embedding kernel (k2): 639.499023 (us)
Average execution time of dense embedding kernel (k3): 20.489000 (us)
FAIL
block size: 1024
Average execution time of dense embedding kernel (k1): 311.414001 (us)
Average execution time of dense embedding kernel (k2): 270.598022 (us)
Average execution time of dense embedding kernel (k3): 20.860001 (us)
FAIL
dense-embedding snapshot written to /var/tmp/pbs.7277572.polaris-pbs-01.hsn.cm.polaris.alcf.anl.gov/nvidia_divergence_dense-embedding_132_23_7277572.polaris-pbs-01.hsn.cm.polaris.alcf.anl.gov/dense-embedding_site132_bit23.bin
size_mismatch: golden=7249920192 candidate=0
Result: SDC (exit 0)
