Number of rows in the embedding table: 10000
Batch size: 8

Embedding dimension: 768
block size: 128
Average execution time of dense embedding kernel (k1): 398.798004 (us)
Average execution time of dense embedding kernel (k2): 171.311005 (us)
Average execution time of dense embedding kernel (k3): 305.413025 (us)
FAIL
block size: 256
Average execution time of dense embedding kernel (k1): 96.741005 (us)
Average execution time of dense embedding kernel (k2): 85.651001 (us)
Average execution time of dense embedding kernel (k3): 152.116013 (us)
FAIL
block size: 512
Average execution time of dense embedding kernel (k1): 68.779007 (us)
Average execution time of dense embedding kernel (k2): 61.936005 (us)
Average execution time of dense embedding kernel (k3): 84.619003 (us)
FAIL
block size: 1024
Average execution time of dense embedding kernel (k1): 43.091003 (us)
Average execution time of dense embedding kernel (k2): 39.754002 (us)
Average execution time of dense embedding kernel (k3): 51.367001 (us)
FAIL

Embedding dimension: 2048
block size: 128
Average execution time of dense embedding kernel (k1): 452.659027 (us)
Average execution time of dense embedding kernel (k2): 390.512024 (us)
Average execution time of dense embedding kernel (k3): 352328.656250 (us)
FAIL
block size: 256
Average execution time of dense embedding kernel (k1): 0.962000 (us)
Average execution time of dense embedding kernel (k2): 0.481000 (us)
Average execution time of dense embedding kernel (k3): 0.511000 (us)
FAIL
block size: 512
Average execution time of dense embedding kernel (k1): 0.411000 (us)
Average execution time of dense embedding kernel (k2): 0.411000 (us)
Average execution time of dense embedding kernel (k3): 0.431000 (us)
FAIL
block size: 1024
Average execution time of dense embedding kernel (k1): 0.370000 (us)
Average execution time of dense embedding kernel (k2): 0.390000 (us)
Average execution time of dense embedding kernel (k3): 0.431000 (us)
FAIL

Embedding dimension: 12288
block size: 128
Average execution time of dense embedding kernel (k1): 2.405000 (us)
Average execution time of dense embedding kernel (k2): 0.451000 (us)
Average execution time of dense embedding kernel (k3): 0.430000 (us)
FAIL
block size: 256
Average execution time of dense embedding kernel (k1): 0.310000 (us)
Average execution time of dense embedding kernel (k2): 0.331000 (us)
Average execution time of dense embedding kernel (k3): 0.331000 (us)
FAIL
block size: 512
Average execution time of dense embedding kernel (k1): 0.321000 (us)
Average execution time of dense embedding kernel (k2): 0.320000 (us)
Average execution time of dense embedding kernel (k3): 0.331000 (us)
FAIL
block size: 1024
Average execution time of dense embedding kernel (k1): 0.311000 (us)
Average execution time of dense embedding kernel (k2): 0.321000 (us)
Average execution time of dense embedding kernel (k3): 0.330000 (us)
FAIL
dense-embedding snapshot written to /var/tmp/pbs.7277572.polaris-pbs-01.hsn.cm.polaris.alcf.anl.gov/nvidia_divergence_dense-embedding_114_9_7277572.polaris-pbs-01.hsn.cm.polaris.alcf.anl.gov/dense-embedding_site114_bit9.bin
size_mismatch: golden=7249920192 candidate=0
Result: SDC (exit 0)
